Initializing integration test package with parallel infrastructure
2025/05/31 10:45:48 Starting integration tests with parallel infrastructure
=== RUN   TestCreateApp
    timeout.go:117: Test TestCreateApp: calculated timeout 30s
2025/05/31 10:45:48 RepoRoot: /Users/jf/src/jfolkins/lemc/letemcook-private
    timeout.go:125: Test TestCreateApp: created instance dekklgoi on port 15362
2025/05/31 10:45:48 RepoRoot: /Users/jf/src/jfolkins/lemc/letemcook-private
time=2025-05-31T10:45:48.498-07:00 level=INFO msg="folder created successfully: /Users/jf/src/jfolkins/lemc/letemcook-private/tests/data/test-dekklgoi/test/sessions"
time=2025-05-31T10:45:48.552-07:00 level=INFO msg="Successfully dumped all assets to: /Users/jf/src/jfolkins/lemc/letemcook-private/tests/data/test-dekklgoi/test/assets"
time=2025-05-31T10:45:48.554-07:00 level=INFO msg="🚀 Connected Successfully to the Database"
time=2025-05-31T10:45:48.562-07:00 level=INFO msg="OK   00001_accounts.sql (2.82ms)"
time=2025-05-31T10:45:48.565-07:00 level=INFO msg="OK   00002_users.sql (2.95ms)"
time=2025-05-31T10:45:48.568-07:00 level=INFO msg="OK   00003_cookbooks.sql (2.21ms)"
time=2025-05-31T10:45:48.570-07:00 level=INFO msg="OK   00004_apps.sql (2.37ms)"
time=2025-05-31T10:45:48.573-07:00 level=INFO msg="OK   00005_configurations.sql (3.21ms)"
time=2025-05-31T10:45:48.578-07:00 level=INFO msg="OK   00006_permissions_joins.sql (4.67ms)"
time=2025-05-31T10:45:48.581-07:00 level=INFO msg="OK   00007_account_settings.sql (2.68ms)"
time=2025-05-31T10:45:48.583-07:00 level=INFO msg="OK   00008_update_cookbook_timestamp.sql (1.93ms)"
time=2025-05-31T10:45:48.587-07:00 level=INFO msg="OK   00009_update_timestamps_triggers.sql (3.4ms)"
time=2025-05-31T10:45:48.592-07:00 level=INFO msg="OK   00011_optimize_indexes.sql (4.92ms)"
time=2025-05-31T10:45:48.596-07:00 level=INFO msg="OK   00012_add_heckle_to_users.sql (3.95ms)"
time=2025-05-31T10:45:48.599-07:00 level=INFO msg="OK   00013_drop_user_settings.sql (3.29ms)"
time=2025-05-31T10:45:48.602-07:00 level=INFO msg="OK   00014_add_on_register_to_app.sql (3.25ms)"
time=2025-05-31T10:45:48.605-07:00 level=INFO msg="OK   00015_cookbook_history.sql (2.28ms)"
time=2025-05-31T10:45:48.607-07:00 level=INFO msg="OK   00016_app_history.sql (2.33ms)"
time=2025-05-31T10:45:48.611-07:00 level=INFO msg="OK   00017_permissions_app_api_key.sql (3.32ms)"
time=2025-05-31T10:45:48.614-07:00 level=INFO msg="OK   00018_add_is_mcp_enabled_to_apps.sql (2.93ms)"
time=2025-05-31T10:45:48.614-07:00 level=INFO msg="goose: successfully migrated database to version: 18"
time=2025-05-31T10:45:48.623-07:00 level=INFO msg="OK   00001_seed_data.sql (9.04ms)"
time=2025-05-31T10:45:48.623-07:00 level=INFO msg="goose: up to current file version: 1"
time=2025-05-31T10:45:48.623-07:00 level=INFO msg="user 501 group 20"

   ____    __
  / __/___/ /  ___
 / _// __/ _ \/ _ \
/___/\__/_//_/\___/ v4.12.0
High performance, minimalist Go web framework
https://echo.labstack.com
____________________________________O/_______
                                    O\
⇨ http server started on [::]:15362
time=2025-05-31T10:45:48.692-07:00 level=INFO msg="lemon squid alphabet abcdefghijklmnopqrstuvwxyz0123456789"
time=2025-05-31T10:45:48.714-07:00 level=INFO msg="lemon squid sid 52up"
::1 -  [] "GET / HTTP/1.1" 307 0 "" "Go-http-client/1.1"
time=2025-05-31T10:45:50.738-07:00 level=INFO msg="No settings found for account 1, defaulting to disabled"
time=2025-05-31T10:45:50.739-07:00 level=INFO msg="Warning: Error getting account settings for account 1 in themeMiddleware: sql: no rows in result set. Using default theme."
time=2025-05-31T10:45:50.739-07:00 level=INFO msg=redirIfAuthd
time=2025-05-31T10:45:50.742-07:00 level=INFO msg="lemon squid alphabet abcdefghijklmnopqrstuvwxyz0123456789"
time=2025-05-31T10:45:50.745-07:00 level=INFO msg="lemon squid sid 52up"
time=2025-05-31T10:45:50.750-07:00 level=INFO msg="No account settings found for account_id 1, defaulting registration to disabled."
time=2025-05-31T10:45:50.750-07:00 level=INFO msg="Invalid 'partial' query param value received: \"\". Defaulting to 'false'."
::1 -  [] "GET /lemc/login?account=Account+Alpha&squid=52up HTTP/1.1" 200 34909 "" "Mozilla/5.0 (Macintosh; Intel Mac OS X 10_15_7) AppleWebKit/537.36 (KHTML, like Gecko) HeadlessChrome/136.0.0.0 Safari/537.36"
::1 -  [] "GET /themes/default/public/css/compiled.css?v=ts HTTP/1.1" 200 121051 "http://localhost:15362/lemc/login?account=Account+Alpha&squid=52up" "Mozilla/5.0 (Macintosh; Intel Mac OS X 10_15_7) AppleWebKit/537.36 (KHTML, like Gecko) HeadlessChrome/136.0.0.0 Safari/537.36"
::1 -  [] "GET /themes/default/public/imgs/bg-nav.svg HTTP/1.1" 200 114734 "http://localhost:15362/themes/default/public/css/compiled.css?v=ts" "Mozilla/5.0 (Macintosh; Intel Mac OS X 10_15_7) AppleWebKit/537.36 (KHTML, like Gecko) HeadlessChrome/136.0.0.0 Safari/537.36"
::1 -  [] "GET /themes/default/public/imgs/logo-normal.png HTTP/1.1" 200 250557 "http://localhost:15362/themes/default/public/css/compiled.css?v=ts" "Mozilla/5.0 (Macintosh; Intel Mac OS X 10_15_7) AppleWebKit/537.36 (KHTML, like Gecko) HeadlessChrome/136.0.0.0 Safari/537.36"
::1 -  [] "GET /themes/default/public/imgs/bg.png HTTP/1.1" 200 1608387 "http://localhost:15362/themes/default/public/css/compiled.css?v=ts" "Mozilla/5.0 (Macintosh; Intel Mac OS X 10_15_7) AppleWebKit/537.36 (KHTML, like Gecko) HeadlessChrome/136.0.0.0 Safari/537.36"
::1 -  [] "GET /themes/default/public/imgs/32x32.ico?v=ts HTTP/1.1" 200 4286 "http://localhost:15362/lemc/login?account=Account+Alpha&squid=52up" "Mozilla/5.0 (Macintosh; Intel Mac OS X 10_15_7) AppleWebKit/537.36 (KHTML, like Gecko) HeadlessChrome/136.0.0.0 Safari/537.36"
time=2025-05-31T10:45:52.815-07:00 level=INFO msg="No settings found for account 1, defaulting to disabled"
time=2025-05-31T10:45:52.815-07:00 level=INFO msg="Warning: Error getting account settings for account 1 in themeMiddleware: sql: no rows in result set. Using default theme."
time=2025-05-31T10:45:53.160-07:00 level=INFO msg="lemon squid alphabet abcdefghijklmnopqrstuvwxyz0123456789"
time=2025-05-31T10:45:53.163-07:00 level=INFO msg="lemon squid sid 52up"
time=2025-05-31T10:45:53.167-07:00 level=INFO msg="No account settings found for account_id 1, defaulting registration to disabled."
time=2025-05-31T10:45:53.168-07:00 level=INFO msg="lemon squid alphabet abcdefghijklmnopqrstuvwxyz0123456789"
time=2025-05-31T10:45:53.171-07:00 level=INFO msg="lemon squid sid 52up"
::1 -  [] "POST /lemc/login?squid=52up&account=Account%20Alpha HTTP/1.1" 200 17018 "http://localhost:15362/lemc/login?account=Account+Alpha&squid=52up" "Mozilla/5.0 (Macintosh; Intel Mac OS X 10_15_7) AppleWebKit/537.36 (KHTML, like Gecko) HeadlessChrome/136.0.0.0 Safari/537.36"
time=2025-05-31T10:45:53.190-07:00 level=INFO msg="No settings found for account 1, defaulting to disabled"
time=2025-05-31T10:45:53.190-07:00 level=INFO msg="Warning: Error getting account settings for account 1 in themeMiddleware: sql: no rows in result set. Using default theme."
time=2025-05-31T10:45:53.193-07:00 level=INFO msg="No settings found for account 1, defaulting to disabled"
time=2025-05-31T10:45:53.193-07:00 level=INFO msg="Warning: Error getting account settings for account 1 in themeMiddleware: sql: no rows in result set. Using default theme."
time=2025-05-31T10:45:53.195-07:00 level=INFO msg="No settings found for account 1, defaulting to disabled"
time=2025-05-31T10:45:53.195-07:00 level=INFO msg="Warning: Error getting account settings for account 1 in themeMiddleware: sql: no rows in result set. Using default theme."
time=2025-05-31T10:45:53.195-07:00 level=INFO msg="User 1 (Account 1) attempting action requiring ONE OF permissions: [view_app] on path /lemc/app/thumbnail/download/:uuid"
time=2025-05-31T10:45:53.195-07:00 level=INFO msg="Permission GRANTED for user 1 (Account 1) via permission 'view_app' (required one of: [view_app]) on path /lemc/app/thumbnail/download/:uuid"
time=2025-05-31T10:45:53.195-07:00 level=INFO msg="Attempting to fetch thumbnail for app UUID: 111a2746438b6de0f0642c082b69fd82, Account ID: 1"
time=2025-05-31T10:45:53.195-07:00 level=INFO msg="Thumbnail data is empty in app YAML (AppID: 14). Serving default thumbnail."
::1 -  [] "GET /lemc/app/thumbnail/download/111a2746438b6de0f0642c082b69fd82 HTTP/1.1" 200 178135 "http://localhost:15362/lemc/apps" "Mozilla/5.0 (Macintosh; Intel Mac OS X 10_15_7) AppleWebKit/537.36 (KHTML, like Gecko) HeadlessChrome/136.0.0.0 Safari/537.36"
time=2025-05-31T10:45:53.196-07:00 level=INFO msg="No settings found for account 1, defaulting to disabled"
time=2025-05-31T10:45:53.196-07:00 level=INFO msg="Warning: Error getting account settings for account 1 in themeMiddleware: sql: no rows in result set. Using default theme."
time=2025-05-31T10:45:53.196-07:00 level=INFO msg="GetNavtop: Handler called"
time=2025-05-31T10:45:53.199-07:00 level=INFO msg="No settings found for account 1, defaulting to disabled"
time=2025-05-31T10:45:53.199-07:00 level=INFO msg="Warning: Error getting account settings for account 1 in themeMiddleware: sql: no rows in result set. Using default theme."
time=2025-05-31T10:45:53.200-07:00 level=INFO msg="User 1 (Account 1) attempting action requiring ONE OF permissions: [view_app] on path /lemc/app/thumbnail/download/:uuid"
time=2025-05-31T10:45:53.200-07:00 level=INFO msg="Permission GRANTED for user 1 (Account 1) via permission 'view_app' (required one of: [view_app]) on path /lemc/app/thumbnail/download/:uuid"
time=2025-05-31T10:45:53.200-07:00 level=INFO msg="Attempting to fetch thumbnail for app UUID: bae57b7f442f8c7cb0530669f3c90ba6, Account ID: 1"
time=2025-05-31T10:45:53.201-07:00 level=INFO msg="User 1 (Account 1) attempting action requiring ONE OF permissions: [view_app] on path /lemc/app/thumbnail/download/:uuid"
time=2025-05-31T10:45:53.201-07:00 level=INFO msg="Thumbnail data is empty in app YAML (AppID: 13). Serving default thumbnail."
time=2025-05-31T10:45:53.201-07:00 level=INFO msg="Permission GRANTED for user 1 (Account 1) via permission 'view_app' (required one of: [view_app]) on path /lemc/app/thumbnail/download/:uuid"
time=2025-05-31T10:45:53.201-07:00 level=INFO msg="Attempting to fetch thumbnail for app UUID: 368c00995a20c96810cef9c9a2635b21, Account ID: 1"
::1 -  [] "GET /lemc/app/thumbnail/download/bae57b7f442f8c7cb0530669f3c90ba6 HTTP/1.1" 200 178135 "http://localhost:15362/lemc/apps" "Mozilla/5.0 (Macintosh; Intel Mac OS X 10_15_7) AppleWebKit/537.36 (KHTML, like Gecko) HeadlessChrome/136.0.0.0 Safari/537.36"
time=2025-05-31T10:45:53.202-07:00 level=INFO msg="Thumbnail data is empty in app YAML (AppID: 1). Serving default thumbnail."
::1 -  [] "GET /lemc/app/thumbnail/download/368c00995a20c96810cef9c9a2635b21 HTTP/1.1" 200 178135 "http://localhost:15362/lemc/apps" "Mozilla/5.0 (Macintosh; Intel Mac OS X 10_15_7) AppleWebKit/537.36 (KHTML, like Gecko) HeadlessChrome/136.0.0.0 Safari/537.36"
time=2025-05-31T10:45:53.202-07:00 level=INFO msg="No settings found for account 1, defaulting to disabled"
time=2025-05-31T10:45:53.202-07:00 level=INFO msg="Warning: Error getting account settings for account 1 in themeMiddleware: sql: no rows in result set. Using default theme."
time=2025-05-31T10:45:53.202-07:00 level=INFO msg="User 1 (Account 1) attempting action requiring ONE OF permissions: [view_app] on path /lemc/app/thumbnail/download/:uuid"
time=2025-05-31T10:45:53.203-07:00 level=INFO msg="Permission GRANTED for user 1 (Account 1) via permission 'view_app' (required one of: [view_app]) on path /lemc/app/thumbnail/download/:uuid"
time=2025-05-31T10:45:53.203-07:00 level=INFO msg="Attempting to fetch thumbnail for app UUID: 079068ba323cbca5b06bec9041f11d5b, Account ID: 1"
time=2025-05-31T10:45:53.203-07:00 level=INFO msg="No settings found for account 1, defaulting to disabled"
time=2025-05-31T10:45:53.203-07:00 level=INFO msg="Warning: Error getting account settings for account 1 in themeMiddleware: sql: no rows in result set. Using default theme."
time=2025-05-31T10:45:53.203-07:00 level=INFO msg="Thumbnail data is empty in app YAML (AppID: 3). Serving default thumbnail."
time=2025-05-31T10:45:53.203-07:00 level=INFO msg="No settings found for account 1, defaulting to disabled"
time=2025-05-31T10:45:53.203-07:00 level=INFO msg="Warning: Error getting account settings for account 1 in themeMiddleware: sql: no rows in result set. Using default theme."
::1 -  [] "GET /lemc/app/thumbnail/download/079068ba323cbca5b06bec9041f11d5b HTTP/1.1" 200 178135 "http://localhost:15362/lemc/apps" "Mozilla/5.0 (Macintosh; Intel Mac OS X 10_15_7) AppleWebKit/537.36 (KHTML, like Gecko) HeadlessChrome/136.0.0.0 Safari/537.36"
time=2025-05-31T10:45:53.204-07:00 level=INFO msg="lemon squid alphabet abcdefghijklmnopqrstuvwxyz0123456789"
time=2025-05-31T10:45:53.204-07:00 level=INFO msg="User 1 (Account 1) attempting action requiring ONE OF permissions: [view_app] on path /lemc/app/thumbnail/download/:uuid"
time=2025-05-31T10:45:53.204-07:00 level=INFO msg="User 1 (Account 1) attempting action requiring ONE OF permissions: [view_app] on path /lemc/app/thumbnail/download/:uuid"
time=2025-05-31T10:45:53.204-07:00 level=INFO msg="Permission GRANTED for user 1 (Account 1) via permission 'view_app' (required one of: [view_app]) on path /lemc/app/thumbnail/download/:uuid"
time=2025-05-31T10:45:53.204-07:00 level=INFO msg="Attempting to fetch thumbnail for app UUID: e65a44a4a6ada5404af43da802942445, Account ID: 1"
time=2025-05-31T10:45:53.204-07:00 level=INFO msg="Permission GRANTED for user 1 (Account 1) via permission 'view_app' (required one of: [view_app]) on path /lemc/app/thumbnail/download/:uuid"
time=2025-05-31T10:45:53.204-07:00 level=INFO msg="Attempting to fetch thumbnail for app UUID: d717cd5c1fe02c7dbe38577ea7d12166, Account ID: 1"
time=2025-05-31T10:45:53.205-07:00 level=INFO msg="Thumbnail data is empty in app YAML (AppID: 15). Serving default thumbnail."
time=2025-05-31T10:45:53.205-07:00 level=INFO msg="Thumbnail data is empty in app YAML (AppID: 16). Serving default thumbnail."
::1 -  [] "GET /lemc/app/thumbnail/download/d717cd5c1fe02c7dbe38577ea7d12166 HTTP/1.1" 200 178135 "http://localhost:15362/lemc/apps" "Mozilla/5.0 (Macintosh; Intel Mac OS X 10_15_7) AppleWebKit/537.36 (KHTML, like Gecko) HeadlessChrome/136.0.0.0 Safari/537.36"
::1 -  [] "GET /lemc/app/thumbnail/download/e65a44a4a6ada5404af43da802942445 HTTP/1.1" 200 178135 "http://localhost:15362/lemc/apps" "Mozilla/5.0 (Macintosh; Intel Mac OS X 10_15_7) AppleWebKit/537.36 (KHTML, like Gecko) HeadlessChrome/136.0.0.0 Safari/537.36"
time=2025-05-31T10:45:53.209-07:00 level=INFO msg="No settings found for account 1, defaulting to disabled"
time=2025-05-31T10:45:53.209-07:00 level=INFO msg="Warning: Error getting account settings for account 1 in themeMiddleware: sql: no rows in result set. Using default theme."
time=2025-05-31T10:45:53.210-07:00 level=INFO msg="User 1 (Account 1) attempting action requiring ONE OF permissions: [view_app] on path /lemc/app/thumbnail/download/:uuid"
time=2025-05-31T10:45:53.210-07:00 level=INFO msg="Permission GRANTED for user 1 (Account 1) via permission 'view_app' (required one of: [view_app]) on path /lemc/app/thumbnail/download/:uuid"
time=2025-05-31T10:45:53.210-07:00 level=INFO msg="Attempting to fetch thumbnail for app UUID: 2dec3d93fae5fc0165061e521053c134, Account ID: 1"
time=2025-05-31T10:45:53.210-07:00 level=INFO msg="No settings found for account 1, defaulting to disabled"
time=2025-05-31T10:45:53.210-07:00 level=INFO msg="Warning: Error getting account settings for account 1 in themeMiddleware: sql: no rows in result set. Using default theme."
time=2025-05-31T10:45:53.210-07:00 level=INFO msg="Thumbnail data is empty in app YAML (AppID: 6). Serving default thumbnail."
time=2025-05-31T10:45:53.210-07:00 level=INFO msg="lemon squid sid 52up"
time=2025-05-31T10:45:53.211-07:00 level=INFO msg="GetNavtop: section='apps', subnav=''"
time=2025-05-31T10:45:53.211-07:00 level=INFO msg="GetNavtop: Final section='apps', subnav=''"
::1 -  [] "GET /lemc/app/thumbnail/download/2dec3d93fae5fc0165061e521053c134 HTTP/1.1" 200 178135 "http://localhost:15362/lemc/apps" "Mozilla/5.0 (Macintosh; Intel Mac OS X 10_15_7) AppleWebKit/537.36 (KHTML, like Gecko) HeadlessChrome/136.0.0.0 Safari/537.36"
time=2025-05-31T10:45:53.211-07:00 level=INFO msg="User 1 (Account 1) attempting action requiring ONE OF permissions: [view_app] on path /lemc/app/thumbnail/download/:uuid"
time=2025-05-31T10:45:53.212-07:00 level=INFO msg="Permission GRANTED for user 1 (Account 1) via permission 'view_app' (required one of: [view_app]) on path /lemc/app/thumbnail/download/:uuid"
time=2025-05-31T10:45:53.212-07:00 level=INFO msg="Attempting to fetch thumbnail for app UUID: b696fa4f14014f90f98869bef5026895, Account ID: 1"
time=2025-05-31T10:45:53.212-07:00 level=INFO msg="No settings found for account 1, defaulting to disabled"
time=2025-05-31T10:45:53.212-07:00 level=INFO msg="Warning: Error getting account settings for account 1 in themeMiddleware: sql: no rows in result set. Using default theme."
time=2025-05-31T10:45:53.212-07:00 level=INFO msg="Thumbnail data is empty in app YAML (AppID: 7). Serving default thumbnail."
time=2025-05-31T10:45:53.212-07:00 level=INFO msg="No settings found for account 1, defaulting to disabled"
time=2025-05-31T10:45:53.212-07:00 level=INFO msg="Warning: Error getting account settings for account 1 in themeMiddleware: sql: no rows in result set. Using default theme."
::1 -  [] "GET /lemc/app/thumbnail/download/b696fa4f14014f90f98869bef5026895 HTTP/1.1" 200 178135 "http://localhost:15362/lemc/apps" "Mozilla/5.0 (Macintosh; Intel Mac OS X 10_15_7) AppleWebKit/537.36 (KHTML, like Gecko) HeadlessChrome/136.0.0.0 Safari/537.36"
time=2025-05-31T10:45:53.213-07:00 level=INFO msg="User 1 (Account 1) attempting action requiring ONE OF permissions: [view_app] on path /lemc/app/thumbnail/download/:uuid"
time=2025-05-31T10:45:53.213-07:00 level=INFO msg="Permission GRANTED for user 1 (Account 1) via permission 'view_app' (required one of: [view_app]) on path /lemc/app/thumbnail/download/:uuid"
time=2025-05-31T10:45:53.213-07:00 level=INFO msg="Attempting to fetch thumbnail for app UUID: d38e4930cd19510a811ee68759f0bd96, Account ID: 1"
time=2025-05-31T10:45:53.213-07:00 level=INFO msg="Thumbnail data is empty in app YAML (AppID: 9). Serving default thumbnail."
::1 -  [] "GET /lemc/app/thumbnail/download/d38e4930cd19510a811ee68759f0bd96 HTTP/1.1" 200 178135 "http://localhost:15362/lemc/apps" "Mozilla/5.0 (Macintosh; Intel Mac OS X 10_15_7) AppleWebKit/537.36 (KHTML, like Gecko) HeadlessChrome/136.0.0.0 Safari/537.36"
time=2025-05-31T10:45:53.214-07:00 level=INFO msg="User 1 (Account 1) attempting action requiring ONE OF permissions: [view_app] on path /lemc/app/thumbnail/download/:uuid"
time=2025-05-31T10:45:53.214-07:00 level=INFO msg="Permission GRANTED for user 1 (Account 1) via permission 'view_app' (required one of: [view_app]) on path /lemc/app/thumbnail/download/:uuid"
time=2025-05-31T10:45:53.214-07:00 level=INFO msg="Attempting to fetch thumbnail for app UUID: 9958f4bad0aca366f7d687b24859761d, Account ID: 1"
time=2025-05-31T10:45:53.214-07:00 level=INFO msg="Thumbnail data is empty in app YAML (AppID: 8). Serving default thumbnail."
::1 -  [] "GET /lemc/app/thumbnail/download/9958f4bad0aca366f7d687b24859761d HTTP/1.1" 200 178135 "http://localhost:15362/lemc/apps" "Mozilla/5.0 (Macintosh; Intel Mac OS X 10_15_7) AppleWebKit/537.36 (KHTML, like Gecko) HeadlessChrome/136.0.0.0 Safari/537.36"
time=2025-05-31T10:45:53.218-07:00 level=INFO msg="No account settings found for account_id 1, defaulting registration to disabled."
::1 -  [] "GET /navtop?squid=52up&account=Account%20Alpha&section=apps&subnav= HTTP/1.1" 200 9542 "http://localhost:15362/lemc/apps" "Mozilla/5.0 (Macintosh; Intel Mac OS X 10_15_7) AppleWebKit/537.36 (KHTML, like Gecko) HeadlessChrome/136.0.0.0 Safari/537.36"
time=2025-05-31T10:45:55.927-07:00 level=INFO msg="No settings found for account 1, defaulting to disabled"
time=2025-05-31T10:45:55.927-07:00 level=INFO msg="Warning: Error getting account settings for account 1 in themeMiddleware: sql: no rows in result set. Using default theme."
time=2025-05-31T10:45:55.927-07:00 level=INFO msg="User 1 (Account 1) attempting action requiring ONE OF permissions: [view_app, admin_account, admin_system] on path /lemc/apps"
time=2025-05-31T10:45:55.927-07:00 level=INFO msg="Permission GRANTED for user 1 (Account 1) via permission 'view_app' (required one of: [view_app, admin_account, admin_system]) on path /lemc/apps"
time=2025-05-31T10:45:55.928-07:00 level=INFO msg="lemon squid alphabet abcdefghijklmnopqrstuvwxyz0123456789"
time=2025-05-31T10:45:55.930-07:00 level=INFO msg="lemon squid sid 52up"
time=2025-05-31T10:45:55.934-07:00 level=INFO msg="No account settings found for account_id 1, defaulting registration to disabled."
::1 -  [] "GET /lemc/apps HTTP/1.1" 200 60387 "" "Mozilla/5.0 (Macintosh; Intel Mac OS X 10_15_7) AppleWebKit/537.36 (KHTML, like Gecko) HeadlessChrome/136.0.0.0 Safari/537.36"
time=2025-05-31T10:45:55.944-07:00 level=INFO msg="No settings found for account 1, defaulting to disabled"
time=2025-05-31T10:45:55.944-07:00 level=INFO msg="Warning: Error getting account settings for account 1 in themeMiddleware: sql: no rows in result set. Using default theme."
time=2025-05-31T10:45:55.944-07:00 level=INFO msg="No settings found for account 1, defaulting to disabled"
time=2025-05-31T10:45:55.944-07:00 level=INFO msg="No settings found for account 1, defaulting to disabled"
time=2025-05-31T10:45:55.944-07:00 level=INFO msg="Warning: Error getting account settings for account 1 in themeMiddleware: sql: no rows in result set. Using default theme."
time=2025-05-31T10:45:55.944-07:00 level=INFO msg="Warning: Error getting account settings for account 1 in themeMiddleware: sql: no rows in result set. Using default theme."
time=2025-05-31T10:45:55.944-07:00 level=INFO msg="User 1 (Account 1) attempting action requiring ONE OF permissions: [view_app] on path /lemc/app/thumbnail/download/:uuid"
time=2025-05-31T10:45:55.944-07:00 level=INFO msg="Permission GRANTED for user 1 (Account 1) via permission 'view_app' (required one of: [view_app]) on path /lemc/app/thumbnail/download/:uuid"
time=2025-05-31T10:45:55.945-07:00 level=INFO msg="Attempting to fetch thumbnail for app UUID: 368c00995a20c96810cef9c9a2635b21, Account ID: 1"
::1 -  [] "GET /themes/default/public/css/compiled.css?v=ts HTTP/1.1" 304 0 "http://localhost:15362/lemc/apps" "Mozilla/5.0 (Macintosh; Intel Mac OS X 10_15_7) AppleWebKit/537.36 (KHTML, like Gecko) HeadlessChrome/136.0.0.0 Safari/537.36"
time=2025-05-31T10:45:55.945-07:00 level=INFO msg="Thumbnail data is empty in app YAML (AppID: 1). Serving default thumbnail."
::1 -  [] "GET /lemc/app/thumbnail/download/368c00995a20c96810cef9c9a2635b21 HTTP/1.1" 200 178135 "http://localhost:15362/lemc/apps" "Mozilla/5.0 (Macintosh; Intel Mac OS X 10_15_7) AppleWebKit/537.36 (KHTML, like Gecko) HeadlessChrome/136.0.0.0 Safari/537.36"
time=2025-05-31T10:45:55.945-07:00 level=INFO msg="User 1 (Account 1) attempting action requiring ONE OF permissions: [view_app] on path /lemc/app/thumbnail/download/:uuid"
time=2025-05-31T10:45:55.945-07:00 level=INFO msg="Permission GRANTED for user 1 (Account 1) via permission 'view_app' (required one of: [view_app]) on path /lemc/app/thumbnail/download/:uuid"
time=2025-05-31T10:45:55.945-07:00 level=INFO msg="Attempting to fetch thumbnail for app UUID: bae57b7f442f8c7cb0530669f3c90ba6, Account ID: 1"
time=2025-05-31T10:45:55.946-07:00 level=INFO msg="Thumbnail data is empty in app YAML (AppID: 13). Serving default thumbnail."
::1 -  [] "GET /lemc/app/thumbnail/download/bae57b7f442f8c7cb0530669f3c90ba6 HTTP/1.1" 200 178135 "http://localhost:15362/lemc/apps" "Mozilla/5.0 (Macintosh; Intel Mac OS X 10_15_7) AppleWebKit/537.36 (KHTML, like Gecko) HeadlessChrome/136.0.0.0 Safari/537.36"
time=2025-05-31T10:45:55.952-07:00 level=INFO msg="No settings found for account 1, defaulting to disabled"
time=2025-05-31T10:45:55.952-07:00 level=INFO msg="Warning: Error getting account settings for account 1 in themeMiddleware: sql: no rows in result set. Using default theme."
time=2025-05-31T10:45:55.952-07:00 level=INFO msg="User 1 (Account 1) attempting action requiring ONE OF permissions: [view_app] on path /lemc/app/thumbnail/download/:uuid"
time=2025-05-31T10:45:55.952-07:00 level=INFO msg="Permission GRANTED for user 1 (Account 1) via permission 'view_app' (required one of: [view_app]) on path /lemc/app/thumbnail/download/:uuid"
time=2025-05-31T10:45:55.952-07:00 level=INFO msg="Attempting to fetch thumbnail for app UUID: 111a2746438b6de0f0642c082b69fd82, Account ID: 1"
time=2025-05-31T10:45:55.953-07:00 level=INFO msg="Thumbnail data is empty in app YAML (AppID: 14). Serving default thumbnail."
::1 -  [] "GET /lemc/app/thumbnail/download/111a2746438b6de0f0642c082b69fd82 HTTP/1.1" 200 178135 "http://localhost:15362/lemc/apps" "Mozilla/5.0 (Macintosh; Intel Mac OS X 10_15_7) AppleWebKit/537.36 (KHTML, like Gecko) HeadlessChrome/136.0.0.0 Safari/537.36"
time=2025-05-31T10:45:55.955-07:00 level=INFO msg="No settings found for account 1, defaulting to disabled"
time=2025-05-31T10:45:55.955-07:00 level=INFO msg="Warning: Error getting account settings for account 1 in themeMiddleware: sql: no rows in result set. Using default theme."
time=2025-05-31T10:45:55.956-07:00 level=INFO msg="User 1 (Account 1) attempting action requiring ONE OF permissions: [view_app] on path /lemc/app/thumbnail/download/:uuid"
time=2025-05-31T10:45:55.956-07:00 level=INFO msg="Permission GRANTED for user 1 (Account 1) via permission 'view_app' (required one of: [view_app]) on path /lemc/app/thumbnail/download/:uuid"
time=2025-05-31T10:45:55.956-07:00 level=INFO msg="Attempting to fetch thumbnail for app UUID: e65a44a4a6ada5404af43da802942445, Account ID: 1"
time=2025-05-31T10:45:55.956-07:00 level=INFO msg="Thumbnail data is empty in app YAML (AppID: 15). Serving default thumbnail."
::1 -  [] "GET /lemc/app/thumbnail/download/e65a44a4a6ada5404af43da802942445 HTTP/1.1" 200 178135 "http://localhost:15362/lemc/apps" "Mozilla/5.0 (Macintosh; Intel Mac OS X 10_15_7) AppleWebKit/537.36 (KHTML, like Gecko) HeadlessChrome/136.0.0.0 Safari/537.36"
time=2025-05-31T10:45:55.956-07:00 level=INFO msg="No settings found for account 1, defaulting to disabled"
time=2025-05-31T10:45:55.956-07:00 level=INFO msg="Warning: Error getting account settings for account 1 in themeMiddleware: sql: no rows in result set. Using default theme."
time=2025-05-31T10:45:55.957-07:00 level=INFO msg="No settings found for account 1, defaulting to disabled"
time=2025-05-31T10:45:55.957-07:00 level=INFO msg="Warning: Error getting account settings for account 1 in themeMiddleware: sql: no rows in result set. Using default theme."
time=2025-05-31T10:45:55.957-07:00 level=INFO msg="No settings found for account 1, defaulting to disabled"
time=2025-05-31T10:45:55.957-07:00 level=INFO msg="Warning: Error getting account settings for account 1 in themeMiddleware: sql: no rows in result set. Using default theme."
time=2025-05-31T10:45:55.957-07:00 level=INFO msg="User 1 (Account 1) attempting action requiring ONE OF permissions: [view_app] on path /lemc/app/thumbnail/download/:uuid"
time=2025-05-31T10:45:55.957-07:00 level=INFO msg="Permission GRANTED for user 1 (Account 1) via permission 'view_app' (required one of: [view_app]) on path /lemc/app/thumbnail/download/:uuid"
time=2025-05-31T10:45:55.957-07:00 level=INFO msg="Attempting to fetch thumbnail for app UUID: d717cd5c1fe02c7dbe38577ea7d12166, Account ID: 1"
time=2025-05-31T10:45:55.957-07:00 level=INFO msg="User 1 (Account 1) attempting action requiring ONE OF permissions: [view_app] on path /lemc/app/thumbnail/download/:uuid"
time=2025-05-31T10:45:55.957-07:00 level=INFO msg="No settings found for account 1, defaulting to disabled"
time=2025-05-31T10:45:55.958-07:00 level=INFO msg="Warning: Error getting account settings for account 1 in themeMiddleware: sql: no rows in result set. Using default theme."
time=2025-05-31T10:45:55.958-07:00 level=INFO msg="Permission GRANTED for user 1 (Account 1) via permission 'view_app' (required one of: [view_app]) on path /lemc/app/thumbnail/download/:uuid"
time=2025-05-31T10:45:55.958-07:00 level=INFO msg="Attempting to fetch thumbnail for app UUID: 2dec3d93fae5fc0165061e521053c134, Account ID: 1"
time=2025-05-31T10:45:55.958-07:00 level=INFO msg="Thumbnail data is empty in app YAML (AppID: 16). Serving default thumbnail."
time=2025-05-31T10:45:55.958-07:00 level=INFO msg="User 1 (Account 1) attempting action requiring ONE OF permissions: [view_app] on path /lemc/app/thumbnail/download/:uuid"
::1 -  [] "GET /lemc/app/thumbnail/download/d717cd5c1fe02c7dbe38577ea7d12166 HTTP/1.1" 200 178135 "http://localhost:15362/lemc/apps" "Mozilla/5.0 (Macintosh; Intel Mac OS X 10_15_7) AppleWebKit/537.36 (KHTML, like Gecko) HeadlessChrome/136.0.0.0 Safari/537.36"
time=2025-05-31T10:45:55.959-07:00 level=INFO msg="User 1 (Account 1) attempting action requiring ONE OF permissions: [view_app] on path /lemc/app/thumbnail/download/:uuid"
time=2025-05-31T10:45:55.959-07:00 level=INFO msg="Permission GRANTED for user 1 (Account 1) via permission 'view_app' (required one of: [view_app]) on path /lemc/app/thumbnail/download/:uuid"
time=2025-05-31T10:45:55.959-07:00 level=INFO msg="Attempting to fetch thumbnail for app UUID: 079068ba323cbca5b06bec9041f11d5b, Account ID: 1"
time=2025-05-31T10:45:55.959-07:00 level=INFO msg="Thumbnail data is empty in app YAML (AppID: 6). Serving default thumbnail."
time=2025-05-31T10:45:55.960-07:00 level=INFO msg="Permission GRANTED for user 1 (Account 1) via permission 'view_app' (required one of: [view_app]) on path /lemc/app/thumbnail/download/:uuid"
time=2025-05-31T10:45:55.960-07:00 level=INFO msg="Attempting to fetch thumbnail for app UUID: b696fa4f14014f90f98869bef5026895, Account ID: 1"
time=2025-05-31T10:45:55.960-07:00 level=INFO msg="Thumbnail data is empty in app YAML (AppID: 3). Serving default thumbnail."
::1 -  [] "GET /lemc/app/thumbnail/download/2dec3d93fae5fc0165061e521053c134 HTTP/1.1" 200 178135 "http://localhost:15362/lemc/apps" "Mozilla/5.0 (Macintosh; Intel Mac OS X 10_15_7) AppleWebKit/537.36 (KHTML, like Gecko) HeadlessChrome/136.0.0.0 Safari/537.36"
time=2025-05-31T10:45:55.960-07:00 level=INFO msg="Thumbnail data is empty in app YAML (AppID: 7). Serving default thumbnail."
time=2025-05-31T10:45:55.960-07:00 level=INFO msg="No settings found for account 1, defaulting to disabled"
time=2025-05-31T10:45:55.960-07:00 level=INFO msg="Warning: Error getting account settings for account 1 in themeMiddleware: sql: no rows in result set. Using default theme."
::1 -  [] "GET /lemc/app/thumbnail/download/b696fa4f14014f90f98869bef5026895 HTTP/1.1" 200 178135 "http://localhost:15362/lemc/apps" "Mozilla/5.0 (Macintosh; Intel Mac OS X 10_15_7) AppleWebKit/537.36 (KHTML, like Gecko) HeadlessChrome/136.0.0.0 Safari/537.36"
::1 -  [] "GET /lemc/app/thumbnail/download/079068ba323cbca5b06bec9041f11d5b HTTP/1.1" 200 178135 "http://localhost:15362/lemc/apps" "Mozilla/5.0 (Macintosh; Intel Mac OS X 10_15_7) AppleWebKit/537.36 (KHTML, like Gecko) HeadlessChrome/136.0.0.0 Safari/537.36"
time=2025-05-31T10:45:55.961-07:00 level=INFO msg="No settings found for account 1, defaulting to disabled"
time=2025-05-31T10:45:55.961-07:00 level=INFO msg="Warning: Error getting account settings for account 1 in themeMiddleware: sql: no rows in result set. Using default theme."
time=2025-05-31T10:45:55.962-07:00 level=INFO msg="User 1 (Account 1) attempting action requiring ONE OF permissions: [view_app] on path /lemc/app/thumbnail/download/:uuid"
time=2025-05-31T10:45:55.963-07:00 level=INFO msg="Permission GRANTED for user 1 (Account 1) via permission 'view_app' (required one of: [view_app]) on path /lemc/app/thumbnail/download/:uuid"
time=2025-05-31T10:45:55.963-07:00 level=INFO msg="Attempting to fetch thumbnail for app UUID: 9958f4bad0aca366f7d687b24859761d, Account ID: 1"
time=2025-05-31T10:45:55.963-07:00 level=INFO msg="Thumbnail data is empty in app YAML (AppID: 8). Serving default thumbnail."
::1 -  [] "GET /lemc/app/thumbnail/download/9958f4bad0aca366f7d687b24859761d HTTP/1.1" 200 178135 "http://localhost:15362/lemc/apps" "Mozilla/5.0 (Macintosh; Intel Mac OS X 10_15_7) AppleWebKit/537.36 (KHTML, like Gecko) HeadlessChrome/136.0.0.0 Safari/537.36"
time=2025-05-31T10:45:55.963-07:00 level=INFO msg="Creating websocket client for user 1"
::1 -  [] "GET /ws HTTP/1.1" 200 0 "" "Mozilla/5.0 (Macintosh; Intel Mac OS X 10_15_7) AppleWebKit/537.36 (KHTML, like Gecko) HeadlessChrome/136.0.0.0 Safari/537.36"
time=2025-05-31T10:45:55.965-07:00 level=INFO msg="No settings found for account 1, defaulting to disabled"
time=2025-05-31T10:45:55.965-07:00 level=INFO msg="Warning: Error getting account settings for account 1 in themeMiddleware: sql: no rows in result set. Using default theme."
time=2025-05-31T10:45:55.966-07:00 level=INFO msg="User 1 (Account 1) attempting action requiring ONE OF permissions: [view_app] on path /lemc/app/thumbnail/download/:uuid"
time=2025-05-31T10:45:55.966-07:00 level=INFO msg="Permission GRANTED for user 1 (Account 1) via permission 'view_app' (required one of: [view_app]) on path /lemc/app/thumbnail/download/:uuid"
time=2025-05-31T10:45:55.966-07:00 level=INFO msg="Attempting to fetch thumbnail for app UUID: d38e4930cd19510a811ee68759f0bd96, Account ID: 1"
time=2025-05-31T10:45:55.967-07:00 level=INFO msg="Thumbnail data is empty in app YAML (AppID: 9). Serving default thumbnail."
::1 -  [] "GET /lemc/app/thumbnail/download/d38e4930cd19510a811ee68759f0bd96 HTTP/1.1" 200 178135 "http://localhost:15362/lemc/apps" "Mozilla/5.0 (Macintosh; Intel Mac OS X 10_15_7) AppleWebKit/537.36 (KHTML, like Gecko) HeadlessChrome/136.0.0.0 Safari/537.36"
time=2025-05-31T10:45:55.971-07:00 level=INFO msg="No settings found for account 1, defaulting to disabled"
time=2025-05-31T10:45:55.971-07:00 level=INFO msg="Warning: Error getting account settings for account 1 in themeMiddleware: sql: no rows in result set. Using default theme."
time=2025-05-31T10:45:55.971-07:00 level=INFO msg="No settings found for account 1, defaulting to disabled"
time=2025-05-31T10:45:55.971-07:00 level=INFO msg="Warning: Error getting account settings for account 1 in themeMiddleware: sql: no rows in result set. Using default theme."
::1 -  [] "GET /themes/default/public/imgs/bg-nav.svg HTTP/1.1" 304 0 "http://localhost:15362/themes/default/public/css/compiled.css?v=ts" "Mozilla/5.0 (Macintosh; Intel Mac OS X 10_15_7) AppleWebKit/537.36 (KHTML, like Gecko) HeadlessChrome/136.0.0.0 Safari/537.36"
::1 -  [] "GET /themes/default/public/imgs/logo-normal.png HTTP/1.1" 304 0 "http://localhost:15362/themes/default/public/css/compiled.css?v=ts" "Mozilla/5.0 (Macintosh; Intel Mac OS X 10_15_7) AppleWebKit/537.36 (KHTML, like Gecko) HeadlessChrome/136.0.0.0 Safari/537.36"
time=2025-05-31T10:45:55.974-07:00 level=INFO msg="No settings found for account 1, defaulting to disabled"
time=2025-05-31T10:45:55.974-07:00 level=INFO msg="Warning: Error getting account settings for account 1 in themeMiddleware: sql: no rows in result set. Using default theme."
::1 -  [] "GET /themes/default/public/imgs/bg.png HTTP/1.1" 304 0 "http://localhost:15362/themes/default/public/css/compiled.css?v=ts" "Mozilla/5.0 (Macintosh; Intel Mac OS X 10_15_7) AppleWebKit/537.36 (KHTML, like Gecko) HeadlessChrome/136.0.0.0 Safari/537.36"
    app_create_test.go:79: Create button found - user has create permissions
    timeout.go:184: Test TestCreateApp: completed (failed=false)
    timeout.go:145: Test TestCreateApp: cleaning up (failed=false)
Test passed, cleaning up resources for instance dekklgoi
--- PASS: TestCreateApp (11.00s)
=== RUN   TestAppVisibility
    timeout.go:117: Test TestAppVisibility: calculated timeout 30s
2025/05/31 10:45:59 RepoRoot: /Users/jf/src/jfolkins/lemc/letemcook-private
    timeout.go:125: Test TestAppVisibility: created instance u53t03zh on port 15363
2025/05/31 10:45:59 RepoRoot: /Users/jf/src/jfolkins/lemc/letemcook-private
time=2025-05-31T10:45:59.498-07:00 level=INFO msg="folder created successfully: /Users/jf/src/jfolkins/lemc/letemcook-private/tests/data/test-u53t03zh/test/sessions"
time=2025-05-31T10:45:59.546-07:00 level=INFO msg="Successfully dumped all assets to: /Users/jf/src/jfolkins/lemc/letemcook-private/tests/data/test-u53t03zh/test/assets"
time=2025-05-31T10:45:59.548-07:00 level=INFO msg="🚀 Connected Successfully to the Database"
time=2025-05-31T10:45:59.558-07:00 level=INFO msg="OK   00001_accounts.sql (1.57ms)"
time=2025-05-31T10:45:59.560-07:00 level=INFO msg="OK   00002_users.sql (1.99ms)"
time=2025-05-31T10:45:59.561-07:00 level=INFO msg="OK   00003_cookbooks.sql (1.39ms)"
time=2025-05-31T10:45:59.563-07:00 level=INFO msg="OK   00004_apps.sql (1.28ms)"
time=2025-05-31T10:45:59.564-07:00 level=INFO msg="OK   00005_configurations.sql (1.23ms)"
time=2025-05-31T10:45:59.567-07:00 level=INFO msg="OK   00006_permissions_joins.sql (3.13ms)"
time=2025-05-31T10:45:59.569-07:00 level=INFO msg="OK   00007_account_settings.sql (1.46ms)"
time=2025-05-31T10:45:59.570-07:00 level=INFO msg="OK   00008_update_cookbook_timestamp.sql (1.17ms)"
time=2025-05-31T10:45:59.572-07:00 level=INFO msg="OK   00009_update_timestamps_triggers.sql (1.76ms)"
time=2025-05-31T10:45:59.575-07:00 level=INFO msg="OK   00011_optimize_indexes.sql (2.71ms)"
time=2025-05-31T10:45:59.576-07:00 level=INFO msg="OK   00012_add_heckle_to_users.sql (1.78ms)"
time=2025-05-31T10:45:59.577-07:00 level=INFO msg="OK   00013_drop_user_settings.sql (843.21µs)"
time=2025-05-31T10:45:59.579-07:00 level=INFO msg="OK   00014_add_on_register_to_app.sql (1.6ms)"
time=2025-05-31T10:45:59.580-07:00 level=INFO msg="OK   00015_cookbook_history.sql (1.36ms)"
time=2025-05-31T10:45:59.582-07:00 level=INFO msg="OK   00016_app_history.sql (1.86ms)"
time=2025-05-31T10:45:59.584-07:00 level=INFO msg="OK   00017_permissions_app_api_key.sql (2.11ms)"
time=2025-05-31T10:45:59.586-07:00 level=INFO msg="OK   00018_add_is_mcp_enabled_to_apps.sql (1.9ms)"
time=2025-05-31T10:45:59.586-07:00 level=INFO msg="goose: successfully migrated database to version: 18"
time=2025-05-31T10:45:59.592-07:00 level=INFO msg="OK   00001_seed_data.sql (5.43ms)"
time=2025-05-31T10:45:59.592-07:00 level=INFO msg="goose: up to current file version: 1"
time=2025-05-31T10:45:59.592-07:00 level=INFO msg="user 501 group 20"

   ____    __
  / __/___/ /  ___
 / _// __/ _ \/ _ \
/___/\__/_//_/\___/ v4.12.0
High performance, minimalist Go web framework
https://echo.labstack.com
____________________________________O/_______
                                    O\
⇨ http server started on [::]:15363
time=2025-05-31T10:45:59.685-07:00 level=INFO msg="lemon squid alphabet abcdefghijklmnopqrstuvwxyz0123456789"
time=2025-05-31T10:45:59.688-07:00 level=INFO msg="lemon squid sid 52up"
::1 -  [] "GET / HTTP/1.1" 307 0 "" "Go-http-client/1.1"
=== RUN   TestAppVisibility/AlphaCanSeeOwnApps
time=2025-05-31T10:46:01.132-07:00 level=INFO msg="No settings found for account 1, defaulting to disabled"
time=2025-05-31T10:46:01.132-07:00 level=INFO msg="Warning: Error getting account settings for account 1 in themeMiddleware: sql: no rows in result set. Using default theme."
time=2025-05-31T10:46:01.133-07:00 level=INFO msg=redirIfAuthd
time=2025-05-31T10:46:01.136-07:00 level=INFO msg="lemon squid alphabet abcdefghijklmnopqrstuvwxyz0123456789"
time=2025-05-31T10:46:01.139-07:00 level=INFO msg="lemon squid sid 52up"
time=2025-05-31T10:46:01.141-07:00 level=INFO msg="No account settings found for account_id 1, defaulting registration to disabled."
time=2025-05-31T10:46:01.141-07:00 level=INFO msg="Invalid 'partial' query param value received: \"\". Defaulting to 'false'."
::1 -  [] "GET /lemc/login?account=Account+Alpha&squid=52up HTTP/1.1" 200 34909 "" "Mozilla/5.0 (Macintosh; Intel Mac OS X 10_15_7) AppleWebKit/537.36 (KHTML, like Gecko) HeadlessChrome/136.0.0.0 Safari/537.36"
::1 -  [] "GET /themes/default/public/css/compiled.css?v=ts HTTP/1.1" 200 121051 "http://localhost:15363/lemc/login?account=Account+Alpha&squid=52up" "Mozilla/5.0 (Macintosh; Intel Mac OS X 10_15_7) AppleWebKit/537.36 (KHTML, like Gecko) HeadlessChrome/136.0.0.0 Safari/537.36"
::1 -  [] "GET /themes/default/public/imgs/bg-nav.svg HTTP/1.1" 200 114734 "http://localhost:15363/themes/default/public/css/compiled.css?v=ts" "Mozilla/5.0 (Macintosh; Intel Mac OS X 10_15_7) AppleWebKit/537.36 (KHTML, like Gecko) HeadlessChrome/136.0.0.0 Safari/537.36"
::1 -  [] "GET /themes/default/public/imgs/logo-normal.png HTTP/1.1" 200 250557 "http://localhost:15363/themes/default/public/css/compiled.css?v=ts" "Mozilla/5.0 (Macintosh; Intel Mac OS X 10_15_7) AppleWebKit/537.36 (KHTML, like Gecko) HeadlessChrome/136.0.0.0 Safari/537.36"
::1 -  [] "GET /themes/default/public/imgs/bg.png HTTP/1.1" 200 1608387 "http://localhost:15363/themes/default/public/css/compiled.css?v=ts" "Mozilla/5.0 (Macintosh; Intel Mac OS X 10_15_7) AppleWebKit/537.36 (KHTML, like Gecko) HeadlessChrome/136.0.0.0 Safari/537.36"
::1 -  [] "GET /themes/default/public/imgs/32x32.ico?v=ts HTTP/1.1" 200 4286 "http://localhost:15363/lemc/login?account=Account+Alpha&squid=52up" "Mozilla/5.0 (Macintosh; Intel Mac OS X 10_15_7) AppleWebKit/537.36 (KHTML, like Gecko) HeadlessChrome/136.0.0.0 Safari/537.36"
time=2025-05-31T10:46:02.363-07:00 level=INFO msg="No settings found for account 1, defaulting to disabled"
time=2025-05-31T10:46:02.363-07:00 level=INFO msg="Warning: Error getting account settings for account 1 in themeMiddleware: sql: no rows in result set. Using default theme."
time=2025-05-31T10:46:02.368-07:00 level=INFO msg="GetHeckle: Using account ID 1 from squid parameter '52up'."
time=2025-05-31T10:46:02.368-07:00 level=INFO msg="No settings found for account 1, defaulting to disabled"
time=2025-05-31T10:46:02.368-07:00 level=INFO msg="GetHeckle: No account settings found for account 1. Heckle disabled."
::1 -  [] "GET /heckle?squid=52up HTTP/1.1" 204 0 "http://localhost:15363/lemc/login?account=Account+Alpha&squid=52up" "Mozilla/5.0 (Macintosh; Intel Mac OS X 10_15_7) AppleWebKit/537.36 (KHTML, like Gecko) HeadlessChrome/136.0.0.0 Safari/537.36"
time=2025-05-31T10:46:02.370-07:00 level=INFO msg="No settings found for account 1, defaulting to disabled"
time=2025-05-31T10:46:02.370-07:00 level=INFO msg="Warning: Error getting account settings for account 1 in themeMiddleware: sql: no rows in result set. Using default theme."
time=2025-05-31T10:46:02.714-07:00 level=INFO msg="lemon squid alphabet abcdefghijklmnopqrstuvwxyz0123456789"
time=2025-05-31T10:46:02.719-07:00 level=INFO msg="lemon squid sid 52up"
time=2025-05-31T10:46:02.721-07:00 level=INFO msg="No account settings found for account_id 1, defaulting registration to disabled."
time=2025-05-31T10:46:02.723-07:00 level=INFO msg="lemon squid alphabet abcdefghijklmnopqrstuvwxyz0123456789"
time=2025-05-31T10:46:02.726-07:00 level=INFO msg="lemon squid sid 52up"
::1 -  [] "POST /lemc/login?squid=52up&account=Account%20Alpha HTTP/1.1" 200 17018 "http://localhost:15363/lemc/login?account=Account+Alpha&squid=52up" "Mozilla/5.0 (Macintosh; Intel Mac OS X 10_15_7) AppleWebKit/537.36 (KHTML, like Gecko) HeadlessChrome/136.0.0.0 Safari/537.36"
time=2025-05-31T10:46:02.746-07:00 level=INFO msg="No settings found for account 1, defaulting to disabled"
time=2025-05-31T10:46:02.746-07:00 level=INFO msg="Warning: Error getting account settings for account 1 in themeMiddleware: sql: no rows in result set. Using default theme."
time=2025-05-31T10:46:02.748-07:00 level=INFO msg="No settings found for account 1, defaulting to disabled"
time=2025-05-31T10:46:02.748-07:00 level=INFO msg="Warning: Error getting account settings for account 1 in themeMiddleware: sql: no rows in result set. Using default theme."
time=2025-05-31T10:46:02.750-07:00 level=INFO msg="No settings found for account 1, defaulting to disabled"
time=2025-05-31T10:46:02.750-07:00 level=INFO msg="Warning: Error getting account settings for account 1 in themeMiddleware: sql: no rows in result set. Using default theme."
time=2025-05-31T10:46:02.750-07:00 level=INFO msg="User 1 (Account 1) attempting action requiring ONE OF permissions: [view_app] on path /lemc/app/thumbnail/download/:uuid"
time=2025-05-31T10:46:02.750-07:00 level=INFO msg="Permission GRANTED for user 1 (Account 1) via permission 'view_app' (required one of: [view_app]) on path /lemc/app/thumbnail/download/:uuid"
time=2025-05-31T10:46:02.750-07:00 level=INFO msg="Attempting to fetch thumbnail for app UUID: 4632015ebeb73cab95599928c86f9aa9, Account ID: 1"
time=2025-05-31T10:46:02.751-07:00 level=INFO msg="No settings found for account 1, defaulting to disabled"
time=2025-05-31T10:46:02.751-07:00 level=INFO msg="Warning: Error getting account settings for account 1 in themeMiddleware: sql: no rows in result set. Using default theme."
time=2025-05-31T10:46:02.751-07:00 level=INFO msg="Thumbnail data is empty in app YAML (AppID: 13). Serving default thumbnail."
::1 -  [] "GET /lemc/app/thumbnail/download/4632015ebeb73cab95599928c86f9aa9 HTTP/1.1" 200 178135 "http://localhost:15363/lemc/apps" "Mozilla/5.0 (Macintosh; Intel Mac OS X 10_15_7) AppleWebKit/537.36 (KHTML, like Gecko) HeadlessChrome/136.0.0.0 Safari/537.36"
time=2025-05-31T10:46:02.751-07:00 level=INFO msg="User 1 (Account 1) attempting action requiring ONE OF permissions: [view_app] on path /lemc/app/thumbnail/download/:uuid"
time=2025-05-31T10:46:02.751-07:00 level=INFO msg="No settings found for account 1, defaulting to disabled"
time=2025-05-31T10:46:02.751-07:00 level=INFO msg="Warning: Error getting account settings for account 1 in themeMiddleware: sql: no rows in result set. Using default theme."
time=2025-05-31T10:46:02.751-07:00 level=INFO msg="Permission GRANTED for user 1 (Account 1) via permission 'view_app' (required one of: [view_app]) on path /lemc/app/thumbnail/download/:uuid"
time=2025-05-31T10:46:02.751-07:00 level=INFO msg="Attempting to fetch thumbnail for app UUID: 16a80a452380743e14730b5546d622e7, Account ID: 1"
time=2025-05-31T10:46:02.752-07:00 level=INFO msg="Thumbnail data is empty in app YAML (AppID: 15). Serving default thumbnail."
time=2025-05-31T10:46:02.752-07:00 level=INFO msg="GetNavtop: Handler called"
::1 -  [] "GET /lemc/app/thumbnail/download/16a80a452380743e14730b5546d622e7 HTTP/1.1" 200 178135 "http://localhost:15363/lemc/apps" "Mozilla/5.0 (Macintosh; Intel Mac OS X 10_15_7) AppleWebKit/537.36 (KHTML, like Gecko) HeadlessChrome/136.0.0.0 Safari/537.36"
time=2025-05-31T10:46:02.756-07:00 level=INFO msg="No settings found for account 1, defaulting to disabled"
time=2025-05-31T10:46:02.756-07:00 level=INFO msg="Warning: Error getting account settings for account 1 in themeMiddleware: sql: no rows in result set. Using default theme."
time=2025-05-31T10:46:02.756-07:00 level=INFO msg="No settings found for account 1, defaulting to disabled"
time=2025-05-31T10:46:02.756-07:00 level=INFO msg="Warning: Error getting account settings for account 1 in themeMiddleware: sql: no rows in result set. Using default theme."
time=2025-05-31T10:46:02.757-07:00 level=INFO msg="User 1 (Account 1) attempting action requiring ONE OF permissions: [view_app] on path /lemc/app/thumbnail/download/:uuid"
time=2025-05-31T10:46:02.757-07:00 level=INFO msg="Permission GRANTED for user 1 (Account 1) via permission 'view_app' (required one of: [view_app]) on path /lemc/app/thumbnail/download/:uuid"
time=2025-05-31T10:46:02.757-07:00 level=INFO msg="Attempting to fetch thumbnail for app UUID: 14b80e0df25d1db83b74b4ce59d256ad, Account ID: 1"
time=2025-05-31T10:46:02.757-07:00 level=INFO msg="No settings found for account 1, defaulting to disabled"
time=2025-05-31T10:46:02.757-07:00 level=INFO msg="Warning: Error getting account settings for account 1 in themeMiddleware: sql: no rows in result set. Using default theme."
time=2025-05-31T10:46:02.757-07:00 level=INFO msg="User 1 (Account 1) attempting action requiring ONE OF permissions: [view_app] on path /lemc/app/thumbnail/download/:uuid"
time=2025-05-31T10:46:02.757-07:00 level=INFO msg="Thumbnail data is empty in app YAML (AppID: 1). Serving default thumbnail."
time=2025-05-31T10:46:02.757-07:00 level=INFO msg="Permission GRANTED for user 1 (Account 1) via permission 'view_app' (required one of: [view_app]) on path /lemc/app/thumbnail/download/:uuid"
time=2025-05-31T10:46:02.757-07:00 level=INFO msg="Attempting to fetch thumbnail for app UUID: c9367976655c55187eadd4f6dafab1e6, Account ID: 1"
::1 -  [] "GET /lemc/app/thumbnail/download/14b80e0df25d1db83b74b4ce59d256ad HTTP/1.1" 200 178135 "http://localhost:15363/lemc/apps" "Mozilla/5.0 (Macintosh; Intel Mac OS X 10_15_7) AppleWebKit/537.36 (KHTML, like Gecko) HeadlessChrome/136.0.0.0 Safari/537.36"
time=2025-05-31T10:46:02.757-07:00 level=INFO msg="No settings found for account 1, defaulting to disabled"
time=2025-05-31T10:46:02.757-07:00 level=INFO msg="Warning: Error getting account settings for account 1 in themeMiddleware: sql: no rows in result set. Using default theme."
time=2025-05-31T10:46:02.757-07:00 level=INFO msg="Thumbnail data is empty in app YAML (AppID: 14). Serving default thumbnail."
time=2025-05-31T10:46:02.757-07:00 level=INFO msg="User 1 (Account 1) attempting action requiring ONE OF permissions: [view_app] on path /lemc/app/thumbnail/download/:uuid"
time=2025-05-31T10:46:02.758-07:00 level=INFO msg="Permission GRANTED for user 1 (Account 1) via permission 'view_app' (required one of: [view_app]) on path /lemc/app/thumbnail/download/:uuid"
time=2025-05-31T10:46:02.758-07:00 level=INFO msg="Attempting to fetch thumbnail for app UUID: 295b178c4972e914b106eae96ff63952, Account ID: 1"
time=2025-05-31T10:46:02.758-07:00 level=INFO msg="User 1 (Account 1) attempting action requiring ONE OF permissions: [view_app] on path /lemc/app/thumbnail/download/:uuid"
time=2025-05-31T10:46:02.758-07:00 level=INFO msg="Thumbnail data is empty in app YAML (AppID: 6). Serving default thumbnail."
time=2025-05-31T10:46:02.758-07:00 level=INFO msg="Permission GRANTED for user 1 (Account 1) via permission 'view_app' (required one of: [view_app]) on path /lemc/app/thumbnail/download/:uuid"
time=2025-05-31T10:46:02.758-07:00 level=INFO msg="Attempting to fetch thumbnail for app UUID: b4736cb6a763a261a7ad058c47e397cb, Account ID: 1"
::1 -  [] "GET /lemc/app/thumbnail/download/295b178c4972e914b106eae96ff63952 HTTP/1.1" 200 178135 "http://localhost:15363/lemc/apps" "Mozilla/5.0 (Macintosh; Intel Mac OS X 10_15_7) AppleWebKit/537.36 (KHTML, like Gecko) HeadlessChrome/136.0.0.0 Safari/537.36"
::1 -  [] "GET /lemc/app/thumbnail/download/c9367976655c55187eadd4f6dafab1e6 HTTP/1.1" 200 178135 "http://localhost:15363/lemc/apps" "Mozilla/5.0 (Macintosh; Intel Mac OS X 10_15_7) AppleWebKit/537.36 (KHTML, like Gecko) HeadlessChrome/136.0.0.0 Safari/537.36"
time=2025-05-31T10:46:02.759-07:00 level=INFO msg="Thumbnail data is empty in app YAML (AppID: 3). Serving default thumbnail."
::1 -  [] "GET /lemc/app/thumbnail/download/b4736cb6a763a261a7ad058c47e397cb HTTP/1.1" 200 178135 "http://localhost:15363/lemc/apps" "Mozilla/5.0 (Macintosh; Intel Mac OS X 10_15_7) AppleWebKit/537.36 (KHTML, like Gecko) HeadlessChrome/136.0.0.0 Safari/537.36"
time=2025-05-31T10:46:02.760-07:00 level=INFO msg="User 1 (Account 1) attempting action requiring ONE OF permissions: [view_app] on path /lemc/app/thumbnail/download/:uuid"
time=2025-05-31T10:46:02.760-07:00 level=INFO msg="Permission GRANTED for user 1 (Account 1) via permission 'view_app' (required one of: [view_app]) on path /lemc/app/thumbnail/download/:uuid"
time=2025-05-31T10:46:02.760-07:00 level=INFO msg="Attempting to fetch thumbnail for app UUID: e7d1021070d9385390dad6a45212016a, Account ID: 1"
time=2025-05-31T10:46:02.760-07:00 level=INFO msg="lemon squid alphabet abcdefghijklmnopqrstuvwxyz0123456789"
time=2025-05-31T10:46:02.760-07:00 level=INFO msg="Thumbnail data is empty in app YAML (AppID: 16). Serving default thumbnail."
::1 -  [] "GET /lemc/app/thumbnail/download/e7d1021070d9385390dad6a45212016a HTTP/1.1" 200 178135 "http://localhost:15363/lemc/apps" "Mozilla/5.0 (Macintosh; Intel Mac OS X 10_15_7) AppleWebKit/537.36 (KHTML, like Gecko) HeadlessChrome/136.0.0.0 Safari/537.36"
time=2025-05-31T10:46:02.763-07:00 level=INFO msg="No settings found for account 1, defaulting to disabled"
time=2025-05-31T10:46:02.763-07:00 level=INFO msg="Warning: Error getting account settings for account 1 in themeMiddleware: sql: no rows in result set. Using default theme."
time=2025-05-31T10:46:02.764-07:00 level=INFO msg="User 1 (Account 1) attempting action requiring ONE OF permissions: [view_app] on path /lemc/app/thumbnail/download/:uuid"
time=2025-05-31T10:46:02.764-07:00 level=INFO msg="Permission GRANTED for user 1 (Account 1) via permission 'view_app' (required one of: [view_app]) on path /lemc/app/thumbnail/download/:uuid"
time=2025-05-31T10:46:02.764-07:00 level=INFO msg="Attempting to fetch thumbnail for app UUID: 2c4bb06d2a04e84d83384e8b66f58ae8, Account ID: 1"
time=2025-05-31T10:46:02.765-07:00 level=INFO msg="Thumbnail data is empty in app YAML (AppID: 7). Serving default thumbnail."
::1 -  [] "GET /lemc/app/thumbnail/download/2c4bb06d2a04e84d83384e8b66f58ae8 HTTP/1.1" 200 178135 "http://localhost:15363/lemc/apps" "Mozilla/5.0 (Macintosh; Intel Mac OS X 10_15_7) AppleWebKit/537.36 (KHTML, like Gecko) HeadlessChrome/136.0.0.0 Safari/537.36"
time=2025-05-31T10:46:02.765-07:00 level=INFO msg="No settings found for account 1, defaulting to disabled"
time=2025-05-31T10:46:02.766-07:00 level=INFO msg="Warning: Error getting account settings for account 1 in themeMiddleware: sql: no rows in result set. Using default theme."
time=2025-05-31T10:46:02.766-07:00 level=INFO msg="lemon squid sid 52up"
time=2025-05-31T10:46:02.766-07:00 level=INFO msg="GetNavtop: section='apps', subnav=''"
time=2025-05-31T10:46:02.766-07:00 level=INFO msg="GetNavtop: Final section='apps', subnav=''"
time=2025-05-31T10:46:02.766-07:00 level=INFO msg="No settings found for account 1, defaulting to disabled"
time=2025-05-31T10:46:02.766-07:00 level=INFO msg="Warning: Error getting account settings for account 1 in themeMiddleware: sql: no rows in result set. Using default theme."
time=2025-05-31T10:46:02.766-07:00 level=INFO msg="User 1 (Account 1) attempting action requiring ONE OF permissions: [view_app] on path /lemc/app/thumbnail/download/:uuid"
time=2025-05-31T10:46:02.766-07:00 level=INFO msg="Permission GRANTED for user 1 (Account 1) via permission 'view_app' (required one of: [view_app]) on path /lemc/app/thumbnail/download/:uuid"
time=2025-05-31T10:46:02.766-07:00 level=INFO msg="Attempting to fetch thumbnail for app UUID: c82584d16d2f4ee455b2f10d87af9c82, Account ID: 1"
time=2025-05-31T10:46:02.767-07:00 level=INFO msg="Thumbnail data is empty in app YAML (AppID: 8). Serving default thumbnail."
time=2025-05-31T10:46:02.767-07:00 level=INFO msg="User 1 (Account 1) attempting action requiring ONE OF permissions: [view_app] on path /lemc/app/thumbnail/download/:uuid"
time=2025-05-31T10:46:02.767-07:00 level=INFO msg="Permission GRANTED for user 1 (Account 1) via permission 'view_app' (required one of: [view_app]) on path /lemc/app/thumbnail/download/:uuid"
time=2025-05-31T10:46:02.767-07:00 level=INFO msg="Attempting to fetch thumbnail for app UUID: 83137797076065150240d0cd3be80d6e, Account ID: 1"
::1 -  [] "GET /lemc/app/thumbnail/download/c82584d16d2f4ee455b2f10d87af9c82 HTTP/1.1" 200 178135 "http://localhost:15363/lemc/apps" "Mozilla/5.0 (Macintosh; Intel Mac OS X 10_15_7) AppleWebKit/537.36 (KHTML, like Gecko) HeadlessChrome/136.0.0.0 Safari/537.36"
time=2025-05-31T10:46:02.767-07:00 level=INFO msg="Thumbnail data is empty in app YAML (AppID: 9). Serving default thumbnail."
::1 -  [] "GET /lemc/app/thumbnail/download/83137797076065150240d0cd3be80d6e HTTP/1.1" 200 178135 "http://localhost:15363/lemc/apps" "Mozilla/5.0 (Macintosh; Intel Mac OS X 10_15_7) AppleWebKit/537.36 (KHTML, like Gecko) HeadlessChrome/136.0.0.0 Safari/537.36"
time=2025-05-31T10:46:02.771-07:00 level=INFO msg="No account settings found for account_id 1, defaulting registration to disabled."
::1 -  [] "GET /navtop?squid=52up&account=Account%20Alpha&section=apps&subnav= HTTP/1.1" 200 9542 "http://localhost:15363/lemc/apps" "Mozilla/5.0 (Macintosh; Intel Mac OS X 10_15_7) AppleWebKit/537.36 (KHTML, like Gecko) HeadlessChrome/136.0.0.0 Safari/537.36"
time=2025-05-31T10:46:05.489-07:00 level=INFO msg="No settings found for account 1, defaulting to disabled"
time=2025-05-31T10:46:05.489-07:00 level=INFO msg="Warning: Error getting account settings for account 1 in themeMiddleware: sql: no rows in result set. Using default theme."
time=2025-05-31T10:46:05.489-07:00 level=INFO msg="User 1 (Account 1) attempting action requiring ONE OF permissions: [view_app, admin_account, admin_system] on path /lemc/apps"
time=2025-05-31T10:46:05.489-07:00 level=INFO msg="Permission GRANTED for user 1 (Account 1) via permission 'view_app' (required one of: [view_app, admin_account, admin_system]) on path /lemc/apps"
time=2025-05-31T10:46:05.490-07:00 level=INFO msg="lemon squid alphabet abcdefghijklmnopqrstuvwxyz0123456789"
time=2025-05-31T10:46:05.493-07:00 level=INFO msg="lemon squid sid 52up"
time=2025-05-31T10:46:05.496-07:00 level=INFO msg="No account settings found for account_id 1, defaulting registration to disabled."
::1 -  [] "GET /lemc/apps HTTP/1.1" 200 60387 "" "Mozilla/5.0 (Macintosh; Intel Mac OS X 10_15_7) AppleWebKit/537.36 (KHTML, like Gecko) HeadlessChrome/136.0.0.0 Safari/537.36"
time=2025-05-31T10:46:05.504-07:00 level=INFO msg="No settings found for account 1, defaulting to disabled"
time=2025-05-31T10:46:05.504-07:00 level=INFO msg="No settings found for account 1, defaulting to disabled"
time=2025-05-31T10:46:05.504-07:00 level=INFO msg="Warning: Error getting account settings for account 1 in themeMiddleware: sql: no rows in result set. Using default theme."
time=2025-05-31T10:46:05.504-07:00 level=INFO msg="Warning: Error getting account settings for account 1 in themeMiddleware: sql: no rows in result set. Using default theme."
time=2025-05-31T10:46:05.504-07:00 level=INFO msg="No settings found for account 1, defaulting to disabled"
time=2025-05-31T10:46:05.504-07:00 level=INFO msg="Warning: Error getting account settings for account 1 in themeMiddleware: sql: no rows in result set. Using default theme."
::1 -  [] "GET /themes/default/public/css/compiled.css?v=ts HTTP/1.1" 304 0 "http://localhost:15363/lemc/apps" "Mozilla/5.0 (Macintosh; Intel Mac OS X 10_15_7) AppleWebKit/537.36 (KHTML, like Gecko) HeadlessChrome/136.0.0.0 Safari/537.36"
time=2025-05-31T10:46:05.505-07:00 level=INFO msg="User 1 (Account 1) attempting action requiring ONE OF permissions: [view_app] on path /lemc/app/thumbnail/download/:uuid"
time=2025-05-31T10:46:05.506-07:00 level=INFO msg="Permission GRANTED for user 1 (Account 1) via permission 'view_app' (required one of: [view_app]) on path /lemc/app/thumbnail/download/:uuid"
time=2025-05-31T10:46:05.506-07:00 level=INFO msg="Attempting to fetch thumbnail for app UUID: 14b80e0df25d1db83b74b4ce59d256ad, Account ID: 1"
time=2025-05-31T10:46:05.506-07:00 level=INFO msg="User 1 (Account 1) attempting action requiring ONE OF permissions: [view_app] on path /lemc/app/thumbnail/download/:uuid"
time=2025-05-31T10:46:05.506-07:00 level=INFO msg="Permission GRANTED for user 1 (Account 1) via permission 'view_app' (required one of: [view_app]) on path /lemc/app/thumbnail/download/:uuid"
time=2025-05-31T10:46:05.506-07:00 level=INFO msg="Attempting to fetch thumbnail for app UUID: 4632015ebeb73cab95599928c86f9aa9, Account ID: 1"
time=2025-05-31T10:46:05.506-07:00 level=INFO msg="Thumbnail data is empty in app YAML (AppID: 1). Serving default thumbnail."
::1 -  [] "GET /lemc/app/thumbnail/download/14b80e0df25d1db83b74b4ce59d256ad HTTP/1.1" 200 178135 "http://localhost:15363/lemc/apps" "Mozilla/5.0 (Macintosh; Intel Mac OS X 10_15_7) AppleWebKit/537.36 (KHTML, like Gecko) HeadlessChrome/136.0.0.0 Safari/537.36"
time=2025-05-31T10:46:05.506-07:00 level=INFO msg="Thumbnail data is empty in app YAML (AppID: 13). Serving default thumbnail."
::1 -  [] "GET /lemc/app/thumbnail/download/4632015ebeb73cab95599928c86f9aa9 HTTP/1.1" 200 178135 "http://localhost:15363/lemc/apps" "Mozilla/5.0 (Macintosh; Intel Mac OS X 10_15_7) AppleWebKit/537.36 (KHTML, like Gecko) HeadlessChrome/136.0.0.0 Safari/537.36"
time=2025-05-31T10:46:05.511-07:00 level=INFO msg="No settings found for account 1, defaulting to disabled"
time=2025-05-31T10:46:05.511-07:00 level=INFO msg="Warning: Error getting account settings for account 1 in themeMiddleware: sql: no rows in result set. Using default theme."
time=2025-05-31T10:46:05.511-07:00 level=INFO msg="No settings found for account 1, defaulting to disabled"
time=2025-05-31T10:46:05.511-07:00 level=INFO msg="Warning: Error getting account settings for account 1 in themeMiddleware: sql: no rows in result set. Using default theme."
time=2025-05-31T10:46:05.512-07:00 level=INFO msg="User 1 (Account 1) attempting action requiring ONE OF permissions: [view_app] on path /lemc/app/thumbnail/download/:uuid"
time=2025-05-31T10:46:05.512-07:00 level=INFO msg="Permission GRANTED for user 1 (Account 1) via permission 'view_app' (required one of: [view_app]) on path /lemc/app/thumbnail/download/:uuid"
time=2025-05-31T10:46:05.512-07:00 level=INFO msg="Attempting to fetch thumbnail for app UUID: 16a80a452380743e14730b5546d622e7, Account ID: 1"
time=2025-05-31T10:46:05.512-07:00 level=INFO msg="Thumbnail data is empty in app YAML (AppID: 15). Serving default thumbnail."
time=2025-05-31T10:46:05.512-07:00 level=INFO msg="User 1 (Account 1) attempting action requiring ONE OF permissions: [view_app] on path /lemc/app/thumbnail/download/:uuid"
time=2025-05-31T10:46:05.512-07:00 level=INFO msg="Permission GRANTED for user 1 (Account 1) via permission 'view_app' (required one of: [view_app]) on path /lemc/app/thumbnail/download/:uuid"
time=2025-05-31T10:46:05.512-07:00 level=INFO msg="Attempting to fetch thumbnail for app UUID: c9367976655c55187eadd4f6dafab1e6, Account ID: 1"
::1 -  [] "GET /lemc/app/thumbnail/download/16a80a452380743e14730b5546d622e7 HTTP/1.1" 200 178135 "http://localhost:15363/lemc/apps" "Mozilla/5.0 (Macintosh; Intel Mac OS X 10_15_7) AppleWebKit/537.36 (KHTML, like Gecko) HeadlessChrome/136.0.0.0 Safari/537.36"
time=2025-05-31T10:46:05.512-07:00 level=INFO msg="Thumbnail data is empty in app YAML (AppID: 14). Serving default thumbnail."
::1 -  [] "GET /lemc/app/thumbnail/download/c9367976655c55187eadd4f6dafab1e6 HTTP/1.1" 200 178135 "http://localhost:15363/lemc/apps" "Mozilla/5.0 (Macintosh; Intel Mac OS X 10_15_7) AppleWebKit/537.36 (KHTML, like Gecko) HeadlessChrome/136.0.0.0 Safari/537.36"
time=2025-05-31T10:46:05.519-07:00 level=INFO msg="No settings found for account 1, defaulting to disabled"
time=2025-05-31T10:46:05.519-07:00 level=INFO msg="Warning: Error getting account settings for account 1 in themeMiddleware: sql: no rows in result set. Using default theme."
time=2025-05-31T10:46:05.519-07:00 level=INFO msg="No settings found for account 1, defaulting to disabled"
time=2025-05-31T10:46:05.519-07:00 level=INFO msg="Warning: Error getting account settings for account 1 in themeMiddleware: sql: no rows in result set. Using default theme."
time=2025-05-31T10:46:05.519-07:00 level=INFO msg="No settings found for account 1, defaulting to disabled"
time=2025-05-31T10:46:05.519-07:00 level=INFO msg="Warning: Error getting account settings for account 1 in themeMiddleware: sql: no rows in result set. Using default theme."
time=2025-05-31T10:46:05.519-07:00 level=INFO msg="User 1 (Account 1) attempting action requiring ONE OF permissions: [view_app] on path /lemc/app/thumbnail/download/:uuid"
time=2025-05-31T10:46:05.519-07:00 level=INFO msg="Permission GRANTED for user 1 (Account 1) via permission 'view_app' (required one of: [view_app]) on path /lemc/app/thumbnail/download/:uuid"
time=2025-05-31T10:46:05.520-07:00 level=INFO msg="Attempting to fetch thumbnail for app UUID: e7d1021070d9385390dad6a45212016a, Account ID: 1"
time=2025-05-31T10:46:05.520-07:00 level=INFO msg="Thumbnail data is empty in app YAML (AppID: 16). Serving default thumbnail."
::1 -  [] "GET /lemc/app/thumbnail/download/e7d1021070d9385390dad6a45212016a HTTP/1.1" 200 178135 "http://localhost:15363/lemc/apps" "Mozilla/5.0 (Macintosh; Intel Mac OS X 10_15_7) AppleWebKit/537.36 (KHTML, like Gecko) HeadlessChrome/136.0.0.0 Safari/537.36"
time=2025-05-31T10:46:05.520-07:00 level=INFO msg="No settings found for account 1, defaulting to disabled"
time=2025-05-31T10:46:05.520-07:00 level=INFO msg="Warning: Error getting account settings for account 1 in themeMiddleware: sql: no rows in result set. Using default theme."
time=2025-05-31T10:46:05.520-07:00 level=INFO msg="User 1 (Account 1) attempting action requiring ONE OF permissions: [view_app] on path /lemc/app/thumbnail/download/:uuid"
time=2025-05-31T10:46:05.521-07:00 level=INFO msg="Permission GRANTED for user 1 (Account 1) via permission 'view_app' (required one of: [view_app]) on path /lemc/app/thumbnail/download/:uuid"
time=2025-05-31T10:46:05.521-07:00 level=INFO msg="Attempting to fetch thumbnail for app UUID: b4736cb6a763a261a7ad058c47e397cb, Account ID: 1"
time=2025-05-31T10:46:05.521-07:00 level=INFO msg="Thumbnail data is empty in app YAML (AppID: 3). Serving default thumbnail."
::1 -  [] "GET /lemc/app/thumbnail/download/b4736cb6a763a261a7ad058c47e397cb HTTP/1.1" 200 178135 "http://localhost:15363/lemc/apps" "Mozilla/5.0 (Macintosh; Intel Mac OS X 10_15_7) AppleWebKit/537.36 (KHTML, like Gecko) HeadlessChrome/136.0.0.0 Safari/537.36"
time=2025-05-31T10:46:05.521-07:00 level=INFO msg="User 1 (Account 1) attempting action requiring ONE OF permissions: [view_app] on path /lemc/app/thumbnail/download/:uuid"
time=2025-05-31T10:46:05.522-07:00 level=INFO msg="Permission GRANTED for user 1 (Account 1) via permission 'view_app' (required one of: [view_app]) on path /lemc/app/thumbnail/download/:uuid"
time=2025-05-31T10:46:05.522-07:00 level=INFO msg="Attempting to fetch thumbnail for app UUID: 295b178c4972e914b106eae96ff63952, Account ID: 1"
time=2025-05-31T10:46:05.522-07:00 level=INFO msg="Thumbnail data is empty in app YAML (AppID: 6). Serving default thumbnail."
::1 -  [] "GET /lemc/app/thumbnail/download/295b178c4972e914b106eae96ff63952 HTTP/1.1" 200 178135 "http://localhost:15363/lemc/apps" "Mozilla/5.0 (Macintosh; Intel Mac OS X 10_15_7) AppleWebKit/537.36 (KHTML, like Gecko) HeadlessChrome/136.0.0.0 Safari/537.36"
time=2025-05-31T10:46:05.522-07:00 level=INFO msg="User 1 (Account 1) attempting action requiring ONE OF permissions: [view_app] on path /lemc/app/thumbnail/download/:uuid"
time=2025-05-31T10:46:05.522-07:00 level=INFO msg="No settings found for account 1, defaulting to disabled"
time=2025-05-31T10:46:05.523-07:00 level=INFO msg="Warning: Error getting account settings for account 1 in themeMiddleware: sql: no rows in result set. Using default theme."
time=2025-05-31T10:46:05.523-07:00 level=INFO msg="Permission GRANTED for user 1 (Account 1) via permission 'view_app' (required one of: [view_app]) on path /lemc/app/thumbnail/download/:uuid"
time=2025-05-31T10:46:05.523-07:00 level=INFO msg="Attempting to fetch thumbnail for app UUID: 2c4bb06d2a04e84d83384e8b66f58ae8, Account ID: 1"
time=2025-05-31T10:46:05.524-07:00 level=INFO msg="Thumbnail data is empty in app YAML (AppID: 7). Serving default thumbnail."
time=2025-05-31T10:46:05.524-07:00 level=INFO msg="No settings found for account 1, defaulting to disabled"
time=2025-05-31T10:46:05.524-07:00 level=INFO msg="Warning: Error getting account settings for account 1 in themeMiddleware: sql: no rows in result set. Using default theme."
time=2025-05-31T10:46:05.524-07:00 level=INFO msg="No settings found for account 1, defaulting to disabled"
time=2025-05-31T10:46:05.524-07:00 level=INFO msg="Warning: Error getting account settings for account 1 in themeMiddleware: sql: no rows in result set. Using default theme."
time=2025-05-31T10:46:05.524-07:00 level=INFO msg="User 1 (Account 1) attempting action requiring ONE OF permissions: [view_app] on path /lemc/app/thumbnail/download/:uuid"
::1 -  [] "GET /lemc/app/thumbnail/download/2c4bb06d2a04e84d83384e8b66f58ae8 HTTP/1.1" 200 178135 "http://localhost:15363/lemc/apps" "Mozilla/5.0 (Macintosh; Intel Mac OS X 10_15_7) AppleWebKit/537.36 (KHTML, like Gecko) HeadlessChrome/136.0.0.0 Safari/537.36"
time=2025-05-31T10:46:05.524-07:00 level=INFO msg="Permission GRANTED for user 1 (Account 1) via permission 'view_app' (required one of: [view_app]) on path /lemc/app/thumbnail/download/:uuid"
time=2025-05-31T10:46:05.524-07:00 level=INFO msg="Attempting to fetch thumbnail for app UUID: c82584d16d2f4ee455b2f10d87af9c82, Account ID: 1"
time=2025-05-31T10:46:05.524-07:00 level=INFO msg="User 1 (Account 1) attempting action requiring ONE OF permissions: [view_app] on path /lemc/app/thumbnail/download/:uuid"
time=2025-05-31T10:46:05.524-07:00 level=INFO msg="Thumbnail data is empty in app YAML (AppID: 8). Serving default thumbnail."
time=2025-05-31T10:46:05.525-07:00 level=INFO msg="Permission GRANTED for user 1 (Account 1) via permission 'view_app' (required one of: [view_app]) on path /lemc/app/thumbnail/download/:uuid"
time=2025-05-31T10:46:05.525-07:00 level=INFO msg="Attempting to fetch thumbnail for app UUID: 83137797076065150240d0cd3be80d6e, Account ID: 1"
::1 -  [] "GET /lemc/app/thumbnail/download/c82584d16d2f4ee455b2f10d87af9c82 HTTP/1.1" 200 178135 "http://localhost:15363/lemc/apps" "Mozilla/5.0 (Macintosh; Intel Mac OS X 10_15_7) AppleWebKit/537.36 (KHTML, like Gecko) HeadlessChrome/136.0.0.0 Safari/537.36"
time=2025-05-31T10:46:05.525-07:00 level=INFO msg="Creating websocket client for user 1"
::1 -  [] "GET /ws HTTP/1.1" 200 0 "" "Mozilla/5.0 (Macintosh; Intel Mac OS X 10_15_7) AppleWebKit/537.36 (KHTML, like Gecko) HeadlessChrome/136.0.0.0 Safari/537.36"
time=2025-05-31T10:46:05.525-07:00 level=INFO msg="Thumbnail data is empty in app YAML (AppID: 9). Serving default thumbnail."
::1 -  [] "GET /lemc/app/thumbnail/download/83137797076065150240d0cd3be80d6e HTTP/1.1" 200 178135 "http://localhost:15363/lemc/apps" "Mozilla/5.0 (Macintosh; Intel Mac OS X 10_15_7) AppleWebKit/537.36 (KHTML, like Gecko) HeadlessChrome/136.0.0.0 Safari/537.36"
time=2025-05-31T10:46:05.534-07:00 level=INFO msg="No settings found for account 1, defaulting to disabled"
time=2025-05-31T10:46:05.534-07:00 level=INFO msg="Warning: Error getting account settings for account 1 in themeMiddleware: sql: no rows in result set. Using default theme."
time=2025-05-31T10:46:05.535-07:00 level=INFO msg="No settings found for account 1, defaulting to disabled"
time=2025-05-31T10:46:05.535-07:00 level=INFO msg="Warning: Error getting account settings for account 1 in themeMiddleware: sql: no rows in result set. Using default theme."
::1 -  [] "GET /themes/default/public/imgs/logo-normal.png HTTP/1.1" 304 0 "http://localhost:15363/themes/default/public/css/compiled.css?v=ts" "Mozilla/5.0 (Macintosh; Intel Mac OS X 10_15_7) AppleWebKit/537.36 (KHTML, like Gecko) HeadlessChrome/136.0.0.0 Safari/537.36"
::1 -  [] "GET /themes/default/public/imgs/bg-nav.svg HTTP/1.1" 304 0 "http://localhost:15363/themes/default/public/css/compiled.css?v=ts" "Mozilla/5.0 (Macintosh; Intel Mac OS X 10_15_7) AppleWebKit/537.36 (KHTML, like Gecko) HeadlessChrome/136.0.0.0 Safari/537.36"
time=2025-05-31T10:46:05.536-07:00 level=INFO msg="No settings found for account 1, defaulting to disabled"
time=2025-05-31T10:46:05.536-07:00 level=INFO msg="Warning: Error getting account settings for account 1 in themeMiddleware: sql: no rows in result set. Using default theme."
::1 -  [] "GET /themes/default/public/imgs/bg.png HTTP/1.1" 304 0 "http://localhost:15363/themes/default/public/css/compiled.css?v=ts" "Mozilla/5.0 (Macintosh; Intel Mac OS X 10_15_7) AppleWebKit/537.36 (KHTML, like Gecko) HeadlessChrome/136.0.0.0 Safari/537.36"
=== RUN   TestAppVisibility/BravoCanSeeOwnApps
time=2025-05-31T10:46:07.689-07:00 level=INFO msg="No settings found for account 1, defaulting to disabled"
time=2025-05-31T10:46:07.689-07:00 level=INFO msg="Warning: Error getting account settings for account 1 in themeMiddleware: sql: no rows in result set. Using default theme."
time=2025-05-31T10:46:07.692-07:00 level=INFO msg="No settings found for account 2, defaulting to disabled"
time=2025-05-31T10:46:07.692-07:00 level=INFO msg="Warning: Error getting account settings for account 2 in themeMiddleware: sql: no rows in result set. Using default theme."
time=2025-05-31T10:46:07.693-07:00 level=INFO msg=redirIfAuthd
::1 -  [] "GET /lemc/login?account=Account+Bravo&squid=75ra HTTP/1.1" 307 0 "" "Mozilla/5.0 (Macintosh; Intel Mac OS X 10_15_7) AppleWebKit/537.36 (KHTML, like Gecko) HeadlessChrome/136.0.0.0 Safari/537.36"
time=2025-05-31T10:46:07.696-07:00 level=INFO msg="No settings found for account 1, defaulting to disabled"
time=2025-05-31T10:46:07.696-07:00 level=INFO msg="Warning: Error getting account settings for account 1 in themeMiddleware: sql: no rows in result set. Using default theme."
time=2025-05-31T10:46:07.696-07:00 level=INFO msg="User 1 (Account 1) attempting action requiring ONE OF permissions: [view_app, admin_account, admin_system] on path /lemc/apps"
time=2025-05-31T10:46:07.696-07:00 level=INFO msg="Permission GRANTED for user 1 (Account 1) via permission 'view_app' (required one of: [view_app, admin_account, admin_system]) on path /lemc/apps"
time=2025-05-31T10:46:07.697-07:00 level=INFO msg="lemon squid alphabet abcdefghijklmnopqrstuvwxyz0123456789"
time=2025-05-31T10:46:07.699-07:00 level=INFO msg="lemon squid sid 52up"
time=2025-05-31T10:46:07.703-07:00 level=INFO msg="No account settings found for account_id 1, defaulting registration to disabled."
::1 -  [] "GET /lemc/apps HTTP/1.1" 200 60387 "" "Mozilla/5.0 (Macintosh; Intel Mac OS X 10_15_7) AppleWebKit/537.36 (KHTML, like Gecko) HeadlessChrome/136.0.0.0 Safari/537.36"
time=2025-05-31T10:46:07.712-07:00 level=INFO msg="No settings found for account 1, defaulting to disabled"
time=2025-05-31T10:46:07.712-07:00 level=INFO msg="Warning: Error getting account settings for account 1 in themeMiddleware: sql: no rows in result set. Using default theme."
time=2025-05-31T10:46:07.713-07:00 level=INFO msg="No settings found for account 1, defaulting to disabled"
time=2025-05-31T10:46:07.713-07:00 level=INFO msg="Warning: Error getting account settings for account 1 in themeMiddleware: sql: no rows in result set. Using default theme."
time=2025-05-31T10:46:07.713-07:00 level=INFO msg="No settings found for account 1, defaulting to disabled"
time=2025-05-31T10:46:07.713-07:00 level=INFO msg="Warning: Error getting account settings for account 1 in themeMiddleware: sql: no rows in result set. Using default theme."
time=2025-05-31T10:46:07.713-07:00 level=INFO msg="User 1 (Account 1) attempting action requiring ONE OF permissions: [view_app] on path /lemc/app/thumbnail/download/:uuid"
time=2025-05-31T10:46:07.713-07:00 level=INFO msg="Permission GRANTED for user 1 (Account 1) via permission 'view_app' (required one of: [view_app]) on path /lemc/app/thumbnail/download/:uuid"
time=2025-05-31T10:46:07.713-07:00 level=INFO msg="Attempting to fetch thumbnail for app UUID: 14b80e0df25d1db83b74b4ce59d256ad, Account ID: 1"
time=2025-05-31T10:46:07.713-07:00 level=INFO msg="Thumbnail data is empty in app YAML (AppID: 1). Serving default thumbnail."
::1 -  [] "GET /themes/default/public/css/compiled.css?v=ts HTTP/1.1" 304 0 "http://localhost:15363/lemc/apps" "Mozilla/5.0 (Macintosh; Intel Mac OS X 10_15_7) AppleWebKit/537.36 (KHTML, like Gecko) HeadlessChrome/136.0.0.0 Safari/537.36"
::1 -  [] "GET /lemc/app/thumbnail/download/14b80e0df25d1db83b74b4ce59d256ad HTTP/1.1" 200 178135 "http://localhost:15363/lemc/apps" "Mozilla/5.0 (Macintosh; Intel Mac OS X 10_15_7) AppleWebKit/537.36 (KHTML, like Gecko) HeadlessChrome/136.0.0.0 Safari/537.36"
time=2025-05-31T10:46:07.714-07:00 level=INFO msg="User 1 (Account 1) attempting action requiring ONE OF permissions: [view_app] on path /lemc/app/thumbnail/download/:uuid"
time=2025-05-31T10:46:07.714-07:00 level=INFO msg="Permission GRANTED for user 1 (Account 1) via permission 'view_app' (required one of: [view_app]) on path /lemc/app/thumbnail/download/:uuid"
time=2025-05-31T10:46:07.714-07:00 level=INFO msg="Attempting to fetch thumbnail for app UUID: 4632015ebeb73cab95599928c86f9aa9, Account ID: 1"
time=2025-05-31T10:46:07.714-07:00 level=INFO msg="Thumbnail data is empty in app YAML (AppID: 13). Serving default thumbnail."
::1 -  [] "GET /lemc/app/thumbnail/download/4632015ebeb73cab95599928c86f9aa9 HTTP/1.1" 200 178135 "http://localhost:15363/lemc/apps" "Mozilla/5.0 (Macintosh; Intel Mac OS X 10_15_7) AppleWebKit/537.36 (KHTML, like Gecko) HeadlessChrome/136.0.0.0 Safari/537.36"
time=2025-05-31T10:46:07.720-07:00 level=INFO msg="No settings found for account 1, defaulting to disabled"
time=2025-05-31T10:46:07.720-07:00 level=INFO msg="Warning: Error getting account settings for account 1 in themeMiddleware: sql: no rows in result set. Using default theme."
time=2025-05-31T10:46:07.721-07:00 level=INFO msg="User 1 (Account 1) attempting action requiring ONE OF permissions: [view_app] on path /lemc/app/thumbnail/download/:uuid"
time=2025-05-31T10:46:07.721-07:00 level=INFO msg="Permission GRANTED for user 1 (Account 1) via permission 'view_app' (required one of: [view_app]) on path /lemc/app/thumbnail/download/:uuid"
time=2025-05-31T10:46:07.721-07:00 level=INFO msg="Attempting to fetch thumbnail for app UUID: c9367976655c55187eadd4f6dafab1e6, Account ID: 1"
time=2025-05-31T10:46:07.721-07:00 level=INFO msg="No settings found for account 1, defaulting to disabled"
time=2025-05-31T10:46:07.721-07:00 level=INFO msg="Warning: Error getting account settings for account 1 in themeMiddleware: sql: no rows in result set. Using default theme."
time=2025-05-31T10:46:07.721-07:00 level=INFO msg="Thumbnail data is empty in app YAML (AppID: 14). Serving default thumbnail."
::1 -  [] "GET /lemc/app/thumbnail/download/c9367976655c55187eadd4f6dafab1e6 HTTP/1.1" 200 178135 "http://localhost:15363/lemc/apps" "Mozilla/5.0 (Macintosh; Intel Mac OS X 10_15_7) AppleWebKit/537.36 (KHTML, like Gecko) HeadlessChrome/136.0.0.0 Safari/537.36"
time=2025-05-31T10:46:07.723-07:00 level=INFO msg="User 1 (Account 1) attempting action requiring ONE OF permissions: [view_app] on path /lemc/app/thumbnail/download/:uuid"
time=2025-05-31T10:46:07.723-07:00 level=INFO msg="Permission GRANTED for user 1 (Account 1) via permission 'view_app' (required one of: [view_app]) on path /lemc/app/thumbnail/download/:uuid"
time=2025-05-31T10:46:07.723-07:00 level=INFO msg="Attempting to fetch thumbnail for app UUID: 16a80a452380743e14730b5546d622e7, Account ID: 1"
time=2025-05-31T10:46:07.723-07:00 level=INFO msg="Thumbnail data is empty in app YAML (AppID: 15). Serving default thumbnail."
::1 -  [] "GET /lemc/app/thumbnail/download/16a80a452380743e14730b5546d622e7 HTTP/1.1" 200 178135 "http://localhost:15363/lemc/apps" "Mozilla/5.0 (Macintosh; Intel Mac OS X 10_15_7) AppleWebKit/537.36 (KHTML, like Gecko) HeadlessChrome/136.0.0.0 Safari/537.36"
time=2025-05-31T10:46:07.725-07:00 level=INFO msg="No settings found for account 1, defaulting to disabled"
time=2025-05-31T10:46:07.725-07:00 level=INFO msg="Warning: Error getting account settings for account 1 in themeMiddleware: sql: no rows in result set. Using default theme."
time=2025-05-31T10:46:07.726-07:00 level=INFO msg="User 1 (Account 1) attempting action requiring ONE OF permissions: [view_app] on path /lemc/app/thumbnail/download/:uuid"
time=2025-05-31T10:46:07.727-07:00 level=INFO msg="Permission GRANTED for user 1 (Account 1) via permission 'view_app' (required one of: [view_app]) on path /lemc/app/thumbnail/download/:uuid"
time=2025-05-31T10:46:07.727-07:00 level=INFO msg="Attempting to fetch thumbnail for app UUID: e7d1021070d9385390dad6a45212016a, Account ID: 1"
time=2025-05-31T10:46:07.727-07:00 level=INFO msg="Thumbnail data is empty in app YAML (AppID: 16). Serving default thumbnail."
::1 -  [] "GET /lemc/app/thumbnail/download/e7d1021070d9385390dad6a45212016a HTTP/1.1" 200 178135 "http://localhost:15363/lemc/apps" "Mozilla/5.0 (Macintosh; Intel Mac OS X 10_15_7) AppleWebKit/537.36 (KHTML, like Gecko) HeadlessChrome/136.0.0.0 Safari/537.36"
time=2025-05-31T10:46:07.727-07:00 level=INFO msg="No settings found for account 1, defaulting to disabled"
time=2025-05-31T10:46:07.727-07:00 level=INFO msg="Warning: Error getting account settings for account 1 in themeMiddleware: sql: no rows in result set. Using default theme."
time=2025-05-31T10:46:07.727-07:00 level=INFO msg="No settings found for account 1, defaulting to disabled"
time=2025-05-31T10:46:07.727-07:00 level=INFO msg="Warning: Error getting account settings for account 1 in themeMiddleware: sql: no rows in result set. Using default theme."
time=2025-05-31T10:46:07.728-07:00 level=INFO msg="User 1 (Account 1) attempting action requiring ONE OF permissions: [view_app] on path /lemc/app/thumbnail/download/:uuid"
time=2025-05-31T10:46:07.728-07:00 level=INFO msg="No settings found for account 1, defaulting to disabled"
time=2025-05-31T10:46:07.728-07:00 level=INFO msg="Warning: Error getting account settings for account 1 in themeMiddleware: sql: no rows in result set. Using default theme."
time=2025-05-31T10:46:07.728-07:00 level=INFO msg="Permission GRANTED for user 1 (Account 1) via permission 'view_app' (required one of: [view_app]) on path /lemc/app/thumbnail/download/:uuid"
time=2025-05-31T10:46:07.728-07:00 level=INFO msg="Attempting to fetch thumbnail for app UUID: 295b178c4972e914b106eae96ff63952, Account ID: 1"
time=2025-05-31T10:46:07.729-07:00 level=INFO msg="User 1 (Account 1) attempting action requiring ONE OF permissions: [view_app] on path /lemc/app/thumbnail/download/:uuid"
time=2025-05-31T10:46:07.729-07:00 level=INFO msg="Thumbnail data is empty in app YAML (AppID: 6). Serving default thumbnail."
time=2025-05-31T10:46:07.729-07:00 level=INFO msg="Permission GRANTED for user 1 (Account 1) via permission 'view_app' (required one of: [view_app]) on path /lemc/app/thumbnail/download/:uuid"
time=2025-05-31T10:46:07.729-07:00 level=INFO msg="Attempting to fetch thumbnail for app UUID: b4736cb6a763a261a7ad058c47e397cb, Account ID: 1"
::1 -  [] "GET /lemc/app/thumbnail/download/295b178c4972e914b106eae96ff63952 HTTP/1.1" 200 178135 "http://localhost:15363/lemc/apps" "Mozilla/5.0 (Macintosh; Intel Mac OS X 10_15_7) AppleWebKit/537.36 (KHTML, like Gecko) HeadlessChrome/136.0.0.0 Safari/537.36"
time=2025-05-31T10:46:07.729-07:00 level=INFO msg="Thumbnail data is empty in app YAML (AppID: 3). Serving default thumbnail."
time=2025-05-31T10:46:07.729-07:00 level=INFO msg="User 1 (Account 1) attempting action requiring ONE OF permissions: [view_app] on path /lemc/app/thumbnail/download/:uuid"
time=2025-05-31T10:46:07.729-07:00 level=INFO msg="No settings found for account 1, defaulting to disabled"
time=2025-05-31T10:46:07.729-07:00 level=INFO msg="Warning: Error getting account settings for account 1 in themeMiddleware: sql: no rows in result set. Using default theme."
::1 -  [] "GET /lemc/app/thumbnail/download/b4736cb6a763a261a7ad058c47e397cb HTTP/1.1" 200 178135 "http://localhost:15363/lemc/apps" "Mozilla/5.0 (Macintosh; Intel Mac OS X 10_15_7) AppleWebKit/537.36 (KHTML, like Gecko) HeadlessChrome/136.0.0.0 Safari/537.36"
time=2025-05-31T10:46:07.729-07:00 level=INFO msg="Permission GRANTED for user 1 (Account 1) via permission 'view_app' (required one of: [view_app]) on path /lemc/app/thumbnail/download/:uuid"
time=2025-05-31T10:46:07.729-07:00 level=INFO msg="Attempting to fetch thumbnail for app UUID: 2c4bb06d2a04e84d83384e8b66f58ae8, Account ID: 1"
time=2025-05-31T10:46:07.729-07:00 level=INFO msg="Thumbnail data is empty in app YAML (AppID: 7). Serving default thumbnail."
time=2025-05-31T10:46:07.730-07:00 level=INFO msg="Creating websocket client for user 1"
::1 -  [] "GET /ws HTTP/1.1" 200 0 "" "Mozilla/5.0 (Macintosh; Intel Mac OS X 10_15_7) AppleWebKit/537.36 (KHTML, like Gecko) HeadlessChrome/136.0.0.0 Safari/537.36"
::1 -  [] "GET /lemc/app/thumbnail/download/2c4bb06d2a04e84d83384e8b66f58ae8 HTTP/1.1" 200 178135 "http://localhost:15363/lemc/apps" "Mozilla/5.0 (Macintosh; Intel Mac OS X 10_15_7) AppleWebKit/537.36 (KHTML, like Gecko) HeadlessChrome/136.0.0.0 Safari/537.36"
time=2025-05-31T10:46:07.736-07:00 level=INFO msg="No settings found for account 1, defaulting to disabled"
time=2025-05-31T10:46:07.736-07:00 level=INFO msg="Warning: Error getting account settings for account 1 in themeMiddleware: sql: no rows in result set. Using default theme."
time=2025-05-31T10:46:07.736-07:00 level=INFO msg="No settings found for account 1, defaulting to disabled"
time=2025-05-31T10:46:07.736-07:00 level=INFO msg="Warning: Error getting account settings for account 1 in themeMiddleware: sql: no rows in result set. Using default theme."
time=2025-05-31T10:46:07.737-07:00 level=INFO msg="User 1 (Account 1) attempting action requiring ONE OF permissions: [view_app] on path /lemc/app/thumbnail/download/:uuid"
time=2025-05-31T10:46:07.737-07:00 level=INFO msg="Permission GRANTED for user 1 (Account 1) via permission 'view_app' (required one of: [view_app]) on path /lemc/app/thumbnail/download/:uuid"
time=2025-05-31T10:46:07.737-07:00 level=INFO msg="Attempting to fetch thumbnail for app UUID: c82584d16d2f4ee455b2f10d87af9c82, Account ID: 1"
time=2025-05-31T10:46:07.737-07:00 level=INFO msg="User 1 (Account 1) attempting action requiring ONE OF permissions: [view_app] on path /lemc/app/thumbnail/download/:uuid"
time=2025-05-31T10:46:07.737-07:00 level=INFO msg="Thumbnail data is empty in app YAML (AppID: 8). Serving default thumbnail."
time=2025-05-31T10:46:07.737-07:00 level=INFO msg="Permission GRANTED for user 1 (Account 1) via permission 'view_app' (required one of: [view_app]) on path /lemc/app/thumbnail/download/:uuid"
time=2025-05-31T10:46:07.737-07:00 level=INFO msg="Attempting to fetch thumbnail for app UUID: 83137797076065150240d0cd3be80d6e, Account ID: 1"
::1 -  [] "GET /lemc/app/thumbnail/download/c82584d16d2f4ee455b2f10d87af9c82 HTTP/1.1" 200 178135 "http://localhost:15363/lemc/apps" "Mozilla/5.0 (Macintosh; Intel Mac OS X 10_15_7) AppleWebKit/537.36 (KHTML, like Gecko) HeadlessChrome/136.0.0.0 Safari/537.36"
time=2025-05-31T10:46:07.738-07:00 level=INFO msg="Thumbnail data is empty in app YAML (AppID: 9). Serving default thumbnail."
::1 -  [] "GET /lemc/app/thumbnail/download/83137797076065150240d0cd3be80d6e HTTP/1.1" 200 178135 "http://localhost:15363/lemc/apps" "Mozilla/5.0 (Macintosh; Intel Mac OS X 10_15_7) AppleWebKit/537.36 (KHTML, like Gecko) HeadlessChrome/136.0.0.0 Safari/537.36"
time=2025-05-31T10:46:07.740-07:00 level=INFO msg="No settings found for account 1, defaulting to disabled"
time=2025-05-31T10:46:07.740-07:00 level=INFO msg="Warning: Error getting account settings for account 1 in themeMiddleware: sql: no rows in result set. Using default theme."
::1 -  [] "GET /themes/default/public/imgs/bg-nav.svg HTTP/1.1" 304 0 "http://localhost:15363/themes/default/public/css/compiled.css?v=ts" "Mozilla/5.0 (Macintosh; Intel Mac OS X 10_15_7) AppleWebKit/537.36 (KHTML, like Gecko) HeadlessChrome/136.0.0.0 Safari/537.36"
time=2025-05-31T10:46:07.742-07:00 level=INFO msg="No settings found for account 1, defaulting to disabled"
time=2025-05-31T10:46:07.742-07:00 level=INFO msg="Warning: Error getting account settings for account 1 in themeMiddleware: sql: no rows in result set. Using default theme."
time=2025-05-31T10:46:07.742-07:00 level=INFO msg="No settings found for account 1, defaulting to disabled"
time=2025-05-31T10:46:07.742-07:00 level=INFO msg="Warning: Error getting account settings for account 1 in themeMiddleware: sql: no rows in result set. Using default theme."
::1 -  [] "GET /themes/default/public/imgs/logo-normal.png HTTP/1.1" 304 0 "http://localhost:15363/themes/default/public/css/compiled.css?v=ts" "Mozilla/5.0 (Macintosh; Intel Mac OS X 10_15_7) AppleWebKit/537.36 (KHTML, like Gecko) HeadlessChrome/136.0.0.0 Safari/537.36"
::1 -  [] "GET /themes/default/public/imgs/bg.png HTTP/1.1" 304 0 "http://localhost:15363/themes/default/public/css/compiled.css?v=ts" "Mozilla/5.0 (Macintosh; Intel Mac OS X 10_15_7) AppleWebKit/537.36 (KHTML, like Gecko) HeadlessChrome/136.0.0.0 Safari/537.36"
    app_visibility_test.go:121: failed running chromedp tasks: context deadline exceeded
=== NAME  TestAppVisibility
    timeout.go:184: Test TestAppVisibility: completed (failed=true)
    timeout.go:145: Test TestAppVisibility: cleaning up (failed=true)
Test failed, cleaning up resources for instance u53t03zh
--- FAIL: TestAppVisibility (26.69s)
    --- PASS: TestAppVisibility/AlphaCanSeeOwnApps (7.87s)
    --- FAIL: TestAppVisibility/BravoCanSeeOwnApps (17.13s)
=== RUN   TestChromeDPLoginFailure
    timeout.go:117: Test TestChromeDPLoginFailure: calculated timeout 30s
2025/05/31 10:46:25 RepoRoot: /Users/jf/src/jfolkins/lemc/letemcook-private
    timeout.go:125: Test TestChromeDPLoginFailure: created instance wipd7j4r on port 15364
2025/05/31 10:46:25 RepoRoot: /Users/jf/src/jfolkins/lemc/letemcook-private
time=2025-05-31T10:46:26.187-07:00 level=INFO msg="folder created successfully: /Users/jf/src/jfolkins/lemc/letemcook-private/tests/data/test-wipd7j4r/test/sessions"
time=2025-05-31T10:46:26.234-07:00 level=INFO msg="Successfully dumped all assets to: /Users/jf/src/jfolkins/lemc/letemcook-private/tests/data/test-wipd7j4r/test/assets"
time=2025-05-31T10:46:26.235-07:00 level=INFO msg="🚀 Connected Successfully to the Database"
time=2025-05-31T10:46:26.239-07:00 level=INFO msg="OK   00001_accounts.sql (1.42ms)"
time=2025-05-31T10:46:26.241-07:00 level=INFO msg="OK   00002_users.sql (1.6ms)"
time=2025-05-31T10:46:26.243-07:00 level=INFO msg="OK   00003_cookbooks.sql (1.39ms)"
time=2025-05-31T10:46:26.244-07:00 level=INFO msg="OK   00004_apps.sql (1.4ms)"
time=2025-05-31T10:46:26.245-07:00 level=INFO msg="OK   00005_configurations.sql (1.28ms)"
time=2025-05-31T10:46:26.249-07:00 level=INFO msg="OK   00006_permissions_joins.sql (3.5ms)"
time=2025-05-31T10:46:26.251-07:00 level=INFO msg="OK   00007_account_settings.sql (1.99ms)"
time=2025-05-31T10:46:26.253-07:00 level=INFO msg="OK   00008_update_cookbook_timestamp.sql (1.99ms)"
time=2025-05-31T10:46:26.255-07:00 level=INFO msg="OK   00009_update_timestamps_triggers.sql (1.83ms)"
time=2025-05-31T10:46:26.257-07:00 level=INFO msg="OK   00011_optimize_indexes.sql (2.26ms)"
time=2025-05-31T10:46:26.259-07:00 level=INFO msg="OK   00012_add_heckle_to_users.sql (2.02ms)"
time=2025-05-31T10:46:26.261-07:00 level=INFO msg="OK   00013_drop_user_settings.sql (1.14ms)"
time=2025-05-31T10:46:26.263-07:00 level=INFO msg="OK   00014_add_on_register_to_app.sql (1.91ms)"
time=2025-05-31T10:46:26.264-07:00 level=INFO msg="OK   00015_cookbook_history.sql (1.34ms)"
time=2025-05-31T10:46:26.266-07:00 level=INFO msg="OK   00016_app_history.sql (1.63ms)"
time=2025-05-31T10:46:26.268-07:00 level=INFO msg="OK   00017_permissions_app_api_key.sql (2.21ms)"
time=2025-05-31T10:46:26.270-07:00 level=INFO msg="OK   00018_add_is_mcp_enabled_to_apps.sql (2.06ms)"
time=2025-05-31T10:46:26.270-07:00 level=INFO msg="goose: successfully migrated database to version: 18"
time=2025-05-31T10:46:26.276-07:00 level=INFO msg="OK   00001_seed_data.sql (5.26ms)"
time=2025-05-31T10:46:26.276-07:00 level=INFO msg="goose: up to current file version: 1"
time=2025-05-31T10:46:26.276-07:00 level=INFO msg="user 501 group 20"

   ____    __
  / __/___/ /  ___
 / _// __/ _ \/ _ \
/___/\__/_//_/\___/ v4.12.0
High performance, minimalist Go web framework
https://echo.labstack.com
____________________________________O/_______
                                    O\
⇨ http server started on [::]:15364
time=2025-05-31T10:46:26.372-07:00 level=INFO msg="lemon squid alphabet abcdefghijklmnopqrstuvwxyz0123456789"
time=2025-05-31T10:46:26.376-07:00 level=INFO msg="lemon squid sid 52up"
::1 -  [] "GET / HTTP/1.1" 307 0 "" "Go-http-client/1.1"
time=2025-05-31T10:46:27.757-07:00 level=INFO msg="lemon squid alphabet abcdefghijklmnopqrstuvwxyz0123456789"
time=2025-05-31T10:46:27.760-07:00 level=INFO msg="lemon squid sid 52up"
::1 -  [] "GET / HTTP/1.1" 307 0 "" "Mozilla/5.0 (Macintosh; Intel Mac OS X 10_15_7) AppleWebKit/537.36 (KHTML, like Gecko) HeadlessChrome/136.0.0.0 Safari/537.36"
time=2025-05-31T10:46:27.766-07:00 level=INFO msg="No settings found for account 1, defaulting to disabled"
time=2025-05-31T10:46:27.766-07:00 level=INFO msg="Warning: Error getting account settings for account 1 in themeMiddleware: sql: no rows in result set. Using default theme."
time=2025-05-31T10:46:27.767-07:00 level=INFO msg=redirIfAuthd
time=2025-05-31T10:46:27.771-07:00 level=INFO msg="lemon squid alphabet abcdefghijklmnopqrstuvwxyz0123456789"
time=2025-05-31T10:46:27.774-07:00 level=INFO msg="lemon squid sid 52up"
time=2025-05-31T10:46:27.778-07:00 level=INFO msg="No account settings found for account_id 1, defaulting registration to disabled."
time=2025-05-31T10:46:27.778-07:00 level=INFO msg="Invalid 'partial' query param value received: \"\". Defaulting to 'false'."
::1 -  [] "GET /lemc/login?squid=52up&account=Account%20Alpha HTTP/1.1" 200 34909 "" "Mozilla/5.0 (Macintosh; Intel Mac OS X 10_15_7) AppleWebKit/537.36 (KHTML, like Gecko) HeadlessChrome/136.0.0.0 Safari/537.36"
::1 -  [] "GET /themes/default/public/css/compiled.css?v=ts HTTP/1.1" 200 121051 "http://localhost:15364/lemc/login?squid=52up&account=Account%20Alpha" "Mozilla/5.0 (Macintosh; Intel Mac OS X 10_15_7) AppleWebKit/537.36 (KHTML, like Gecko) HeadlessChrome/136.0.0.0 Safari/537.36"
::1 -  [] "GET /themes/default/public/imgs/bg-nav.svg HTTP/1.1" 200 114734 "http://localhost:15364/themes/default/public/css/compiled.css?v=ts" "Mozilla/5.0 (Macintosh; Intel Mac OS X 10_15_7) AppleWebKit/537.36 (KHTML, like Gecko) HeadlessChrome/136.0.0.0 Safari/537.36"
::1 -  [] "GET /themes/default/public/imgs/logo-normal.png HTTP/1.1" 200 250557 "http://localhost:15364/themes/default/public/css/compiled.css?v=ts" "Mozilla/5.0 (Macintosh; Intel Mac OS X 10_15_7) AppleWebKit/537.36 (KHTML, like Gecko) HeadlessChrome/136.0.0.0 Safari/537.36"
::1 -  [] "GET /themes/default/public/imgs/bg.png HTTP/1.1" 200 1608387 "http://localhost:15364/themes/default/public/css/compiled.css?v=ts" "Mozilla/5.0 (Macintosh; Intel Mac OS X 10_15_7) AppleWebKit/537.36 (KHTML, like Gecko) HeadlessChrome/136.0.0.0 Safari/537.36"
::1 -  [] "GET /themes/default/public/imgs/32x32.ico?v=ts HTTP/1.1" 200 4286 "http://localhost:15364/lemc/login?squid=52up&account=Account%20Alpha" "Mozilla/5.0 (Macintosh; Intel Mac OS X 10_15_7) AppleWebKit/537.36 (KHTML, like Gecko) HeadlessChrome/136.0.0.0 Safari/537.36"
time=2025-05-31T10:46:28.885-07:00 level=INFO msg="No settings found for account 1, defaulting to disabled"
time=2025-05-31T10:46:28.886-07:00 level=INFO msg="Warning: Error getting account settings for account 1 in themeMiddleware: sql: no rows in result set. Using default theme."
time=2025-05-31T10:46:28.889-07:00 level=INFO msg="ByUsernameAndSquid:  sql: no rows in result set"
::1 -  [] "POST /lemc/login?squid=52up&account=Account%20Alpha HTTP/1.1" 204 0 "http://localhost:15364/lemc/login?squid=52up&account=Account%20Alpha" "Mozilla/5.0 (Macintosh; Intel Mac OS X 10_15_7) AppleWebKit/537.36 (KHTML, like Gecko) HeadlessChrome/136.0.0.0 Safari/537.36"
2025/05/31 10:46:29 Redirected to login URL: http://localhost:15364/lemc/login?squid=52up&account=Account%20Alpha
2025/05/31 10:46:29 Login failure test completed as expected (login form likely still present).
    timeout.go:184: Test TestChromeDPLoginFailure: completed (failed=false)
    timeout.go:145: Test TestChromeDPLoginFailure: cleaning up (failed=false)
Test passed, cleaning up resources for instance wipd7j4r
--- PASS: TestChromeDPLoginFailure (5.18s)
=== RUN   TestChromeDPSuccessfulLogins
    timeout.go:117: Test TestChromeDPSuccessfulLogins: calculated timeout 30s
2025/05/31 10:46:30 RepoRoot: /Users/jf/src/jfolkins/lemc/letemcook-private
    timeout.go:125: Test TestChromeDPSuccessfulLogins: created instance 1x0t1d66 on port 15365
2025/05/31 10:46:30 RepoRoot: /Users/jf/src/jfolkins/lemc/letemcook-private
time=2025-05-31T10:46:31.367-07:00 level=INFO msg="folder created successfully: /Users/jf/src/jfolkins/lemc/letemcook-private/tests/data/test-1x0t1d66/test/sessions"
time=2025-05-31T10:46:31.412-07:00 level=INFO msg="Successfully dumped all assets to: /Users/jf/src/jfolkins/lemc/letemcook-private/tests/data/test-1x0t1d66/test/assets"
time=2025-05-31T10:46:31.413-07:00 level=INFO msg="🚀 Connected Successfully to the Database"
time=2025-05-31T10:46:31.418-07:00 level=INFO msg="OK   00001_accounts.sql (1.77ms)"
time=2025-05-31T10:46:31.420-07:00 level=INFO msg="OK   00002_users.sql (1.61ms)"
time=2025-05-31T10:46:31.421-07:00 level=INFO msg="OK   00003_cookbooks.sql (1.36ms)"
time=2025-05-31T10:46:31.423-07:00 level=INFO msg="OK   00004_apps.sql (1.3ms)"
time=2025-05-31T10:46:31.424-07:00 level=INFO msg="OK   00005_configurations.sql (1.32ms)"
time=2025-05-31T10:46:31.427-07:00 level=INFO msg="OK   00006_permissions_joins.sql (2.6ms)"
time=2025-05-31T10:46:31.428-07:00 level=INFO msg="OK   00007_account_settings.sql (1.4ms)"
time=2025-05-31T10:46:31.430-07:00 level=INFO msg="OK   00008_update_cookbook_timestamp.sql (1.31ms)"
time=2025-05-31T10:46:31.431-07:00 level=INFO msg="OK   00009_update_timestamps_triggers.sql (1.7ms)"
time=2025-05-31T10:46:31.434-07:00 level=INFO msg="OK   00011_optimize_indexes.sql (2.79ms)"
time=2025-05-31T10:46:31.436-07:00 level=INFO msg="OK   00012_add_heckle_to_users.sql (1.91ms)"
time=2025-05-31T10:46:31.437-07:00 level=INFO msg="OK   00013_drop_user_settings.sql (970.74µs)"
time=2025-05-31T10:46:31.439-07:00 level=INFO msg="OK   00014_add_on_register_to_app.sql (1.92ms)"
time=2025-05-31T10:46:31.441-07:00 level=INFO msg="OK   00015_cookbook_history.sql (1.46ms)"
time=2025-05-31T10:46:31.442-07:00 level=INFO msg="OK   00016_app_history.sql (1.42ms)"
time=2025-05-31T10:46:31.444-07:00 level=INFO msg="OK   00017_permissions_app_api_key.sql (2ms)"
time=2025-05-31T10:46:31.446-07:00 level=INFO msg="OK   00018_add_is_mcp_enabled_to_apps.sql (1.87ms)"
time=2025-05-31T10:46:31.446-07:00 level=INFO msg="goose: successfully migrated database to version: 18"
time=2025-05-31T10:46:31.452-07:00 level=INFO msg="OK   00001_seed_data.sql (6.05ms)"
time=2025-05-31T10:46:31.452-07:00 level=INFO msg="goose: up to current file version: 1"
time=2025-05-31T10:46:31.452-07:00 level=INFO msg="user 501 group 20"

   ____    __
  / __/___/ /  ___
 / _// __/ _ \/ _ \
/___/\__/_//_/\___/ v4.12.0
High performance, minimalist Go web framework
https://echo.labstack.com
____________________________________O/_______
                                    O\
⇨ http server started on [::]:15365
time=2025-05-31T10:46:31.551-07:00 level=INFO msg="lemon squid alphabet abcdefghijklmnopqrstuvwxyz0123456789"
time=2025-05-31T10:46:31.555-07:00 level=INFO msg="lemon squid sid 52up"
::1 -  [] "GET / HTTP/1.1" 307 0 "" "Go-http-client/1.1"
=== RUN   TestChromeDPSuccessfulLogins/AlphaOwnerLogin
time=2025-05-31T10:46:32.947-07:00 level=INFO msg="No settings found for account 1, defaulting to disabled"
time=2025-05-31T10:46:32.947-07:00 level=INFO msg="Warning: Error getting account settings for account 1 in themeMiddleware: sql: no rows in result set. Using default theme."
time=2025-05-31T10:46:32.947-07:00 level=INFO msg=redirIfAuthd
time=2025-05-31T10:46:32.951-07:00 level=INFO msg="lemon squid alphabet abcdefghijklmnopqrstuvwxyz0123456789"
time=2025-05-31T10:46:32.953-07:00 level=INFO msg="lemon squid sid 52up"
time=2025-05-31T10:46:32.956-07:00 level=INFO msg="No account settings found for account_id 1, defaulting registration to disabled."
time=2025-05-31T10:46:32.956-07:00 level=INFO msg="Invalid 'partial' query param value received: \"\". Defaulting to 'false'."
::1 -  [] "GET /lemc/login?account=Account+Alpha&squid=52up HTTP/1.1" 200 34909 "" "Mozilla/5.0 (Macintosh; Intel Mac OS X 10_15_7) AppleWebKit/537.36 (KHTML, like Gecko) HeadlessChrome/136.0.0.0 Safari/537.36"
::1 -  [] "GET /themes/default/public/css/compiled.css?v=ts HTTP/1.1" 200 121051 "http://localhost:15365/lemc/login?account=Account+Alpha&squid=52up" "Mozilla/5.0 (Macintosh; Intel Mac OS X 10_15_7) AppleWebKit/537.36 (KHTML, like Gecko) HeadlessChrome/136.0.0.0 Safari/537.36"
::1 -  [] "GET /themes/default/public/imgs/bg-nav.svg HTTP/1.1" 200 114734 "http://localhost:15365/themes/default/public/css/compiled.css?v=ts" "Mozilla/5.0 (Macintosh; Intel Mac OS X 10_15_7) AppleWebKit/537.36 (KHTML, like Gecko) HeadlessChrome/136.0.0.0 Safari/537.36"
::1 -  [] "GET /themes/default/public/imgs/logo-normal.png HTTP/1.1" 200 250557 "http://localhost:15365/themes/default/public/css/compiled.css?v=ts" "Mozilla/5.0 (Macintosh; Intel Mac OS X 10_15_7) AppleWebKit/537.36 (KHTML, like Gecko) HeadlessChrome/136.0.0.0 Safari/537.36"
::1 -  [] "GET /themes/default/public/imgs/bg.png HTTP/1.1" 200 1608387 "http://localhost:15365/themes/default/public/css/compiled.css?v=ts" "Mozilla/5.0 (Macintosh; Intel Mac OS X 10_15_7) AppleWebKit/537.36 (KHTML, like Gecko) HeadlessChrome/136.0.0.0 Safari/537.36"
::1 -  [] "GET /themes/default/public/imgs/32x32.ico?v=ts HTTP/1.1" 200 4286 "http://localhost:15365/lemc/login?account=Account+Alpha&squid=52up" "Mozilla/5.0 (Macintosh; Intel Mac OS X 10_15_7) AppleWebKit/537.36 (KHTML, like Gecko) HeadlessChrome/136.0.0.0 Safari/537.36"
time=2025-05-31T10:46:34.063-07:00 level=INFO msg="No settings found for account 1, defaulting to disabled"
time=2025-05-31T10:46:34.063-07:00 level=INFO msg="Warning: Error getting account settings for account 1 in themeMiddleware: sql: no rows in result set. Using default theme."
time=2025-05-31T10:46:34.405-07:00 level=INFO msg="lemon squid alphabet abcdefghijklmnopqrstuvwxyz0123456789"
time=2025-05-31T10:46:34.409-07:00 level=INFO msg="lemon squid sid 52up"
time=2025-05-31T10:46:34.412-07:00 level=INFO msg="No account settings found for account_id 1, defaulting registration to disabled."
time=2025-05-31T10:46:34.413-07:00 level=INFO msg="lemon squid alphabet abcdefghijklmnopqrstuvwxyz0123456789"
time=2025-05-31T10:46:34.416-07:00 level=INFO msg="lemon squid sid 52up"
::1 -  [] "POST /lemc/login?squid=52up&account=Account%20Alpha HTTP/1.1" 200 17018 "http://localhost:15365/lemc/login?account=Account+Alpha&squid=52up" "Mozilla/5.0 (Macintosh; Intel Mac OS X 10_15_7) AppleWebKit/537.36 (KHTML, like Gecko) HeadlessChrome/136.0.0.0 Safari/537.36"
time=2025-05-31T10:46:34.436-07:00 level=INFO msg="No settings found for account 1, defaulting to disabled"
time=2025-05-31T10:46:34.436-07:00 level=INFO msg="Warning: Error getting account settings for account 1 in themeMiddleware: sql: no rows in result set. Using default theme."
time=2025-05-31T10:46:34.438-07:00 level=INFO msg="No settings found for account 1, defaulting to disabled"
time=2025-05-31T10:46:34.438-07:00 level=INFO msg="Warning: Error getting account settings for account 1 in themeMiddleware: sql: no rows in result set. Using default theme."
time=2025-05-31T10:46:34.441-07:00 level=INFO msg="No settings found for account 1, defaulting to disabled"
time=2025-05-31T10:46:34.441-07:00 level=INFO msg="Warning: Error getting account settings for account 1 in themeMiddleware: sql: no rows in result set. Using default theme."
time=2025-05-31T10:46:34.441-07:00 level=INFO msg="No settings found for account 1, defaulting to disabled"
time=2025-05-31T10:46:34.441-07:00 level=INFO msg="Warning: Error getting account settings for account 1 in themeMiddleware: sql: no rows in result set. Using default theme."
time=2025-05-31T10:46:34.441-07:00 level=INFO msg="User 1 (Account 1) attempting action requiring ONE OF permissions: [view_app] on path /lemc/app/thumbnail/download/:uuid"
time=2025-05-31T10:46:34.441-07:00 level=INFO msg="Permission GRANTED for user 1 (Account 1) via permission 'view_app' (required one of: [view_app]) on path /lemc/app/thumbnail/download/:uuid"
time=2025-05-31T10:46:34.441-07:00 level=INFO msg="Attempting to fetch thumbnail for app UUID: 96ad16f01d0cc44846f985d24e970ebd, Account ID: 1"
time=2025-05-31T10:46:34.442-07:00 level=INFO msg="GetNavtop: Handler called"
time=2025-05-31T10:46:34.442-07:00 level=INFO msg="Thumbnail data is empty in app YAML (AppID: 13). Serving default thumbnail."
::1 -  [] "GET /lemc/app/thumbnail/download/96ad16f01d0cc44846f985d24e970ebd HTTP/1.1" 200 178135 "http://localhost:15365/lemc/apps" "Mozilla/5.0 (Macintosh; Intel Mac OS X 10_15_7) AppleWebKit/537.36 (KHTML, like Gecko) HeadlessChrome/136.0.0.0 Safari/537.36"
time=2025-05-31T10:46:34.446-07:00 level=INFO msg="lemon squid alphabet abcdefghijklmnopqrstuvwxyz0123456789"
time=2025-05-31T10:46:34.450-07:00 level=INFO msg="lemon squid sid 52up"
time=2025-05-31T10:46:34.450-07:00 level=INFO msg="GetNavtop: section='apps', subnav=''"
time=2025-05-31T10:46:34.450-07:00 level=INFO msg="GetNavtop: Final section='apps', subnav=''"
time=2025-05-31T10:46:34.454-07:00 level=INFO msg="No account settings found for account_id 1, defaulting registration to disabled."
time=2025-05-31T10:46:34.455-07:00 level=INFO msg="User 1 (Account 1) attempting action requiring ONE OF permissions: [view_app] on path /lemc/app/thumbnail/download/:uuid"
time=2025-05-31T10:46:34.455-07:00 level=INFO msg="Permission GRANTED for user 1 (Account 1) via permission 'view_app' (required one of: [view_app]) on path /lemc/app/thumbnail/download/:uuid"
time=2025-05-31T10:46:34.455-07:00 level=INFO msg="Attempting to fetch thumbnail for app UUID: 8bf8d2ad9fc86b9f13bbdeb48baaa391, Account ID: 1"
::1 -  [] "GET /navtop?squid=52up&account=Account%20Alpha&section=apps&subnav= HTTP/1.1" 200 9542 "http://localhost:15365/lemc/apps" "Mozilla/5.0 (Macintosh; Intel Mac OS X 10_15_7) AppleWebKit/537.36 (KHTML, like Gecko) HeadlessChrome/136.0.0.0 Safari/537.36"
time=2025-05-31T10:46:34.455-07:00 level=INFO msg="No settings found for account 1, defaulting to disabled"
time=2025-05-31T10:46:34.455-07:00 level=INFO msg="Warning: Error getting account settings for account 1 in themeMiddleware: sql: no rows in result set. Using default theme."
time=2025-05-31T10:46:34.455-07:00 level=INFO msg="Thumbnail data is empty in app YAML (AppID: 1). Serving default thumbnail."
::1 -  [] "GET /lemc/app/thumbnail/download/8bf8d2ad9fc86b9f13bbdeb48baaa391 HTTP/1.1" 200 178135 "http://localhost:15365/lemc/apps" "Mozilla/5.0 (Macintosh; Intel Mac OS X 10_15_7) AppleWebKit/537.36 (KHTML, like Gecko) HeadlessChrome/136.0.0.0 Safari/537.36"
time=2025-05-31T10:46:34.456-07:00 level=INFO msg="No settings found for account 1, defaulting to disabled"
time=2025-05-31T10:46:34.456-07:00 level=INFO msg="Warning: Error getting account settings for account 1 in themeMiddleware: sql: no rows in result set. Using default theme."
time=2025-05-31T10:46:34.456-07:00 level=INFO msg="User 1 (Account 1) attempting action requiring ONE OF permissions: [view_app] on path /lemc/app/thumbnail/download/:uuid"
time=2025-05-31T10:46:34.456-07:00 level=INFO msg="Permission GRANTED for user 1 (Account 1) via permission 'view_app' (required one of: [view_app]) on path /lemc/app/thumbnail/download/:uuid"
time=2025-05-31T10:46:34.456-07:00 level=INFO msg="Attempting to fetch thumbnail for app UUID: 77372c91e6b9acfbfea3f0e79a9b901f, Account ID: 1"
time=2025-05-31T10:46:34.456-07:00 level=INFO msg="User 1 (Account 1) attempting action requiring ONE OF permissions: [view_app] on path /lemc/app/thumbnail/download/:uuid"
time=2025-05-31T10:46:34.457-07:00 level=INFO msg="Thumbnail data is empty in app YAML (AppID: 3). Serving default thumbnail."
time=2025-05-31T10:46:34.457-07:00 level=INFO msg="Permission GRANTED for user 1 (Account 1) via permission 'view_app' (required one of: [view_app]) on path /lemc/app/thumbnail/download/:uuid"
time=2025-05-31T10:46:34.457-07:00 level=INFO msg="Attempting to fetch thumbnail for app UUID: 597ee11f419c153d1a201a0ee76833e8, Account ID: 1"
::1 -  [] "GET /lemc/app/thumbnail/download/77372c91e6b9acfbfea3f0e79a9b901f HTTP/1.1" 200 178135 "http://localhost:15365/lemc/apps" "Mozilla/5.0 (Macintosh; Intel Mac OS X 10_15_7) AppleWebKit/537.36 (KHTML, like Gecko) HeadlessChrome/136.0.0.0 Safari/537.36"
time=2025-05-31T10:46:34.457-07:00 level=INFO msg="No settings found for account 1, defaulting to disabled"
time=2025-05-31T10:46:34.457-07:00 level=INFO msg="Warning: Error getting account settings for account 1 in themeMiddleware: sql: no rows in result set. Using default theme."
time=2025-05-31T10:46:34.457-07:00 level=INFO msg="Thumbnail data is empty in app YAML (AppID: 14). Serving default thumbnail."
::1 -  [] "GET /lemc/app/thumbnail/download/597ee11f419c153d1a201a0ee76833e8 HTTP/1.1" 200 178135 "http://localhost:15365/lemc/apps" "Mozilla/5.0 (Macintosh; Intel Mac OS X 10_15_7) AppleWebKit/537.36 (KHTML, like Gecko) HeadlessChrome/136.0.0.0 Safari/537.36"
time=2025-05-31T10:46:34.457-07:00 level=INFO msg="No settings found for account 1, defaulting to disabled"
time=2025-05-31T10:46:34.457-07:00 level=INFO msg="Warning: Error getting account settings for account 1 in themeMiddleware: sql: no rows in result set. Using default theme."
time=2025-05-31T10:46:34.457-07:00 level=INFO msg="User 1 (Account 1) attempting action requiring ONE OF permissions: [view_app] on path /lemc/app/thumbnail/download/:uuid"
time=2025-05-31T10:46:34.458-07:00 level=INFO msg="Permission GRANTED for user 1 (Account 1) via permission 'view_app' (required one of: [view_app]) on path /lemc/app/thumbnail/download/:uuid"
time=2025-05-31T10:46:34.458-07:00 level=INFO msg="Attempting to fetch thumbnail for app UUID: 62ae8a7fa866cd827c4bcae29dbf01a7, Account ID: 1"
time=2025-05-31T10:46:34.458-07:00 level=INFO msg="Thumbnail data is empty in app YAML (AppID: 16). Serving default thumbnail."
time=2025-05-31T10:46:34.458-07:00 level=INFO msg="User 1 (Account 1) attempting action requiring ONE OF permissions: [view_app] on path /lemc/app/thumbnail/download/:uuid"
::1 -  [] "GET /lemc/app/thumbnail/download/62ae8a7fa866cd827c4bcae29dbf01a7 HTTP/1.1" 200 178135 "http://localhost:15365/lemc/apps" "Mozilla/5.0 (Macintosh; Intel Mac OS X 10_15_7) AppleWebKit/537.36 (KHTML, like Gecko) HeadlessChrome/136.0.0.0 Safari/537.36"
time=2025-05-31T10:46:34.458-07:00 level=INFO msg="Permission GRANTED for user 1 (Account 1) via permission 'view_app' (required one of: [view_app]) on path /lemc/app/thumbnail/download/:uuid"
time=2025-05-31T10:46:34.458-07:00 level=INFO msg="Attempting to fetch thumbnail for app UUID: fe10e054a64078113077077733d4a96d, Account ID: 1"
time=2025-05-31T10:46:34.458-07:00 level=INFO msg="Thumbnail data is empty in app YAML (AppID: 15). Serving default thumbnail."
::1 -  [] "GET /lemc/app/thumbnail/download/fe10e054a64078113077077733d4a96d HTTP/1.1" 200 178135 "http://localhost:15365/lemc/apps" "Mozilla/5.0 (Macintosh; Intel Mac OS X 10_15_7) AppleWebKit/537.36 (KHTML, like Gecko) HeadlessChrome/136.0.0.0 Safari/537.36"
time=2025-05-31T10:46:34.461-07:00 level=INFO msg="No settings found for account 1, defaulting to disabled"
time=2025-05-31T10:46:34.461-07:00 level=INFO msg="Warning: Error getting account settings for account 1 in themeMiddleware: sql: no rows in result set. Using default theme."
time=2025-05-31T10:46:34.462-07:00 level=INFO msg="User 1 (Account 1) attempting action requiring ONE OF permissions: [view_app] on path /lemc/app/thumbnail/download/:uuid"
time=2025-05-31T10:46:34.462-07:00 level=INFO msg="Permission GRANTED for user 1 (Account 1) via permission 'view_app' (required one of: [view_app]) on path /lemc/app/thumbnail/download/:uuid"
time=2025-05-31T10:46:34.462-07:00 level=INFO msg="Attempting to fetch thumbnail for app UUID: a5ec946339650d0ff235d98e7ba2756c, Account ID: 1"
time=2025-05-31T10:46:34.463-07:00 level=INFO msg="Thumbnail data is empty in app YAML (AppID: 6). Serving default thumbnail."
::1 -  [] "GET /lemc/app/thumbnail/download/a5ec946339650d0ff235d98e7ba2756c HTTP/1.1" 200 178135 "http://localhost:15365/lemc/apps" "Mozilla/5.0 (Macintosh; Intel Mac OS X 10_15_7) AppleWebKit/537.36 (KHTML, like Gecko) HeadlessChrome/136.0.0.0 Safari/537.36"
time=2025-05-31T10:46:34.463-07:00 level=INFO msg="No settings found for account 1, defaulting to disabled"
time=2025-05-31T10:46:34.463-07:00 level=INFO msg="Warning: Error getting account settings for account 1 in themeMiddleware: sql: no rows in result set. Using default theme."
time=2025-05-31T10:46:34.464-07:00 level=INFO msg="User 1 (Account 1) attempting action requiring ONE OF permissions: [view_app] on path /lemc/app/thumbnail/download/:uuid"
time=2025-05-31T10:46:34.464-07:00 level=INFO msg="Permission GRANTED for user 1 (Account 1) via permission 'view_app' (required one of: [view_app]) on path /lemc/app/thumbnail/download/:uuid"
time=2025-05-31T10:46:34.464-07:00 level=INFO msg="Attempting to fetch thumbnail for app UUID: da0049dc285f23a13b4fad73fad548be, Account ID: 1"
time=2025-05-31T10:46:34.464-07:00 level=INFO msg="Thumbnail data is empty in app YAML (AppID: 7). Serving default thumbnail."
::1 -  [] "GET /lemc/app/thumbnail/download/da0049dc285f23a13b4fad73fad548be HTTP/1.1" 200 178135 "http://localhost:15365/lemc/apps" "Mozilla/5.0 (Macintosh; Intel Mac OS X 10_15_7) AppleWebKit/537.36 (KHTML, like Gecko) HeadlessChrome/136.0.0.0 Safari/537.36"
time=2025-05-31T10:46:34.464-07:00 level=INFO msg="No settings found for account 1, defaulting to disabled"
time=2025-05-31T10:46:34.464-07:00 level=INFO msg="Warning: Error getting account settings for account 1 in themeMiddleware: sql: no rows in result set. Using default theme."
time=2025-05-31T10:46:34.465-07:00 level=INFO msg="No settings found for account 1, defaulting to disabled"
time=2025-05-31T10:46:34.465-07:00 level=INFO msg="Warning: Error getting account settings for account 1 in themeMiddleware: sql: no rows in result set. Using default theme."
time=2025-05-31T10:46:34.465-07:00 level=INFO msg="User 1 (Account 1) attempting action requiring ONE OF permissions: [view_app] on path /lemc/app/thumbnail/download/:uuid"
time=2025-05-31T10:46:34.465-07:00 level=INFO msg="Permission GRANTED for user 1 (Account 1) via permission 'view_app' (required one of: [view_app]) on path /lemc/app/thumbnail/download/:uuid"
time=2025-05-31T10:46:34.465-07:00 level=INFO msg="Attempting to fetch thumbnail for app UUID: c762e0cb2e3050efb47c003746dcb33c, Account ID: 1"
time=2025-05-31T10:46:34.466-07:00 level=INFO msg="User 1 (Account 1) attempting action requiring ONE OF permissions: [view_app] on path /lemc/app/thumbnail/download/:uuid"
time=2025-05-31T10:46:34.466-07:00 level=INFO msg="Permission GRANTED for user 1 (Account 1) via permission 'view_app' (required one of: [view_app]) on path /lemc/app/thumbnail/download/:uuid"
time=2025-05-31T10:46:34.466-07:00 level=INFO msg="Attempting to fetch thumbnail for app UUID: fa70780e88173daaff66d0c0302fa096, Account ID: 1"
time=2025-05-31T10:46:34.466-07:00 level=INFO msg="Thumbnail data is empty in app YAML (AppID: 8). Serving default thumbnail."
time=2025-05-31T10:46:34.466-07:00 level=INFO msg="Thumbnail data is empty in app YAML (AppID: 9). Serving default thumbnail."
::1 -  [] "GET /lemc/app/thumbnail/download/c762e0cb2e3050efb47c003746dcb33c HTTP/1.1" 200 178135 "http://localhost:15365/lemc/apps" "Mozilla/5.0 (Macintosh; Intel Mac OS X 10_15_7) AppleWebKit/537.36 (KHTML, like Gecko) HeadlessChrome/136.0.0.0 Safari/537.36"
::1 -  [] "GET /lemc/app/thumbnail/download/fa70780e88173daaff66d0c0302fa096 HTTP/1.1" 200 178135 "http://localhost:15365/lemc/apps" "Mozilla/5.0 (Macintosh; Intel Mac OS X 10_15_7) AppleWebKit/537.36 (KHTML, like Gecko) HeadlessChrome/136.0.0.0 Safari/537.36"
=== RUN   TestChromeDPSuccessfulLogins/BravoOwnerLogin
time=2025-05-31T10:46:38.408-07:00 level=INFO msg="No settings found for account 2, defaulting to disabled"
time=2025-05-31T10:46:38.408-07:00 level=INFO msg="Warning: Error getting account settings for account 2 in themeMiddleware: sql: no rows in result set. Using default theme."
time=2025-05-31T10:46:38.408-07:00 level=INFO msg=redirIfAuthd
time=2025-05-31T10:46:38.411-07:00 level=INFO msg="lemon squid alphabet abcdefghijklmnopqrstuvwxyz0123456789"
time=2025-05-31T10:46:38.413-07:00 level=INFO msg="lemon squid sid 75ra"
time=2025-05-31T10:46:38.415-07:00 level=INFO msg="No account settings found for account_id 2, defaulting registration to disabled."
time=2025-05-31T10:46:38.415-07:00 level=INFO msg="Invalid 'partial' query param value received: \"\". Defaulting to 'false'."
::1 -  [] "GET /lemc/login?account=Account+Bravo&squid=75ra HTTP/1.1" 200 34909 "" "Mozilla/5.0 (Macintosh; Intel Mac OS X 10_15_7) AppleWebKit/537.36 (KHTML, like Gecko) HeadlessChrome/136.0.0.0 Safari/537.36"
::1 -  [] "GET /themes/default/public/css/compiled.css?v=ts HTTP/1.1" 200 121051 "http://localhost:15365/lemc/login?account=Account+Bravo&squid=75ra" "Mozilla/5.0 (Macintosh; Intel Mac OS X 10_15_7) AppleWebKit/537.36 (KHTML, like Gecko) HeadlessChrome/136.0.0.0 Safari/537.36"
::1 -  [] "GET /themes/default/public/imgs/bg-nav.svg HTTP/1.1" 200 114734 "http://localhost:15365/themes/default/public/css/compiled.css?v=ts" "Mozilla/5.0 (Macintosh; Intel Mac OS X 10_15_7) AppleWebKit/537.36 (KHTML, like Gecko) HeadlessChrome/136.0.0.0 Safari/537.36"
::1 -  [] "GET /themes/default/public/imgs/logo-normal.png HTTP/1.1" 200 250557 "http://localhost:15365/themes/default/public/css/compiled.css?v=ts" "Mozilla/5.0 (Macintosh; Intel Mac OS X 10_15_7) AppleWebKit/537.36 (KHTML, like Gecko) HeadlessChrome/136.0.0.0 Safari/537.36"
::1 -  [] "GET /themes/default/public/imgs/bg.png HTTP/1.1" 200 1608387 "http://localhost:15365/themes/default/public/css/compiled.css?v=ts" "Mozilla/5.0 (Macintosh; Intel Mac OS X 10_15_7) AppleWebKit/537.36 (KHTML, like Gecko) HeadlessChrome/136.0.0.0 Safari/537.36"
::1 -  [] "GET /themes/default/public/imgs/32x32.ico?v=ts HTTP/1.1" 200 4286 "http://localhost:15365/lemc/login?account=Account+Bravo&squid=75ra" "Mozilla/5.0 (Macintosh; Intel Mac OS X 10_15_7) AppleWebKit/537.36 (KHTML, like Gecko) HeadlessChrome/136.0.0.0 Safari/537.36"
time=2025-05-31T10:46:39.527-07:00 level=INFO msg="No settings found for account 2, defaulting to disabled"
time=2025-05-31T10:46:39.527-07:00 level=INFO msg="Warning: Error getting account settings for account 2 in themeMiddleware: sql: no rows in result set. Using default theme."
time=2025-05-31T10:46:39.776-07:00 level=INFO msg="lemon squid alphabet abcdefghijklmnopqrstuvwxyz0123456789"
time=2025-05-31T10:46:39.778-07:00 level=INFO msg="lemon squid sid 75ra"
time=2025-05-31T10:46:39.781-07:00 level=INFO msg="No account settings found for account_id 2, defaulting registration to disabled."
time=2025-05-31T10:46:39.781-07:00 level=INFO msg="lemon squid alphabet abcdefghijklmnopqrstuvwxyz0123456789"
time=2025-05-31T10:46:39.783-07:00 level=INFO msg="lemon squid sid 75ra"
::1 -  [] "POST /lemc/login?squid=75ra&account=Account%20Bravo HTTP/1.1" 200 7780 "http://localhost:15365/lemc/login?account=Account+Bravo&squid=75ra" "Mozilla/5.0 (Macintosh; Intel Mac OS X 10_15_7) AppleWebKit/537.36 (KHTML, like Gecko) HeadlessChrome/136.0.0.0 Safari/537.36"
time=2025-05-31T10:46:39.796-07:00 level=INFO msg="No settings found for account 2, defaulting to disabled"
time=2025-05-31T10:46:39.796-07:00 level=INFO msg="Warning: Error getting account settings for account 2 in themeMiddleware: sql: no rows in result set. Using default theme."
time=2025-05-31T10:46:39.798-07:00 level=INFO msg="No settings found for account 2, defaulting to disabled"
time=2025-05-31T10:46:39.798-07:00 level=INFO msg="Warning: Error getting account settings for account 2 in themeMiddleware: sql: no rows in result set. Using default theme."
time=2025-05-31T10:46:39.798-07:00 level=INFO msg="No settings found for account 2, defaulting to disabled"
time=2025-05-31T10:46:39.798-07:00 level=INFO msg="Warning: Error getting account settings for account 2 in themeMiddleware: sql: no rows in result set. Using default theme."
time=2025-05-31T10:46:39.798-07:00 level=INFO msg="No settings found for account 2, defaulting to disabled"
time=2025-05-31T10:46:39.798-07:00 level=INFO msg="Warning: Error getting account settings for account 2 in themeMiddleware: sql: no rows in result set. Using default theme."
time=2025-05-31T10:46:39.798-07:00 level=INFO msg="User 3 (Account 2) attempting action requiring ONE OF permissions: [view_app] on path /lemc/app/thumbnail/download/:uuid"
time=2025-05-31T10:46:39.798-07:00 level=INFO msg="Permission GRANTED for user 3 (Account 2) via permission 'view_app' (required one of: [view_app]) on path /lemc/app/thumbnail/download/:uuid"
time=2025-05-31T10:46:39.798-07:00 level=INFO msg="Attempting to fetch thumbnail for app UUID: 1bb7c4727a6f52cea7eccf87abed9bdb, Account ID: 2"
time=2025-05-31T10:46:39.798-07:00 level=INFO msg="Thumbnail data is empty in app YAML (AppID: 4). Serving default thumbnail."
time=2025-05-31T10:46:39.798-07:00 level=INFO msg="User 3 (Account 2) attempting action requiring ONE OF permissions: [view_app] on path /lemc/app/thumbnail/download/:uuid"
time=2025-05-31T10:46:39.798-07:00 level=INFO msg="Permission GRANTED for user 3 (Account 2) via permission 'view_app' (required one of: [view_app]) on path /lemc/app/thumbnail/download/:uuid"
time=2025-05-31T10:46:39.798-07:00 level=INFO msg="Attempting to fetch thumbnail for app UUID: 85745952f715fb5c029ee90097c6ac58, Account ID: 2"
::1 -  [] "GET /lemc/app/thumbnail/download/1bb7c4727a6f52cea7eccf87abed9bdb HTTP/1.1" 200 178135 "http://localhost:15365/lemc/apps" "Mozilla/5.0 (Macintosh; Intel Mac OS X 10_15_7) AppleWebKit/537.36 (KHTML, like Gecko) HeadlessChrome/136.0.0.0 Safari/537.36"
time=2025-05-31T10:46:39.798-07:00 level=INFO msg="User 3 (Account 2) attempting action requiring ONE OF permissions: [view_app] on path /lemc/app/thumbnail/download/:uuid"
time=2025-05-31T10:46:39.799-07:00 level=INFO msg="Thumbnail data is empty in app YAML (AppID: 2). Serving default thumbnail."
time=2025-05-31T10:46:39.799-07:00 level=INFO msg="Permission GRANTED for user 3 (Account 2) via permission 'view_app' (required one of: [view_app]) on path /lemc/app/thumbnail/download/:uuid"
time=2025-05-31T10:46:39.799-07:00 level=INFO msg="Attempting to fetch thumbnail for app UUID: 6caa92873e65c419c1c15141b3c3a72d, Account ID: 2"
time=2025-05-31T10:46:39.799-07:00 level=INFO msg="Thumbnail data is empty in app YAML (AppID: 5). Serving default thumbnail."
::1 -  [] "GET /lemc/app/thumbnail/download/6caa92873e65c419c1c15141b3c3a72d HTTP/1.1" 200 178135 "http://localhost:15365/lemc/apps" "Mozilla/5.0 (Macintosh; Intel Mac OS X 10_15_7) AppleWebKit/537.36 (KHTML, like Gecko) HeadlessChrome/136.0.0.0 Safari/537.36"
::1 -  [] "GET /lemc/app/thumbnail/download/85745952f715fb5c029ee90097c6ac58 HTTP/1.1" 200 178135 "http://localhost:15365/lemc/apps" "Mozilla/5.0 (Macintosh; Intel Mac OS X 10_15_7) AppleWebKit/537.36 (KHTML, like Gecko) HeadlessChrome/136.0.0.0 Safari/537.36"
time=2025-05-31T10:46:39.801-07:00 level=INFO msg="No settings found for account 2, defaulting to disabled"
time=2025-05-31T10:46:39.801-07:00 level=INFO msg="Warning: Error getting account settings for account 2 in themeMiddleware: sql: no rows in result set. Using default theme."
time=2025-05-31T10:46:39.802-07:00 level=INFO msg="GetNavtop: Handler called"
time=2025-05-31T10:46:39.804-07:00 level=INFO msg="lemon squid alphabet abcdefghijklmnopqrstuvwxyz0123456789"
time=2025-05-31T10:46:39.807-07:00 level=INFO msg="lemon squid sid 75ra"
time=2025-05-31T10:46:39.807-07:00 level=INFO msg="GetNavtop: section='apps', subnav=''"
time=2025-05-31T10:46:39.807-07:00 level=INFO msg="GetNavtop: Final section='apps', subnav=''"
time=2025-05-31T10:46:39.809-07:00 level=INFO msg="No account settings found for account_id 2, defaulting registration to disabled."
::1 -  [] "GET /navtop?squid=75ra&account=Account%20Bravo&section=apps&subnav= HTTP/1.1" 200 9542 "http://localhost:15365/lemc/apps" "Mozilla/5.0 (Macintosh; Intel Mac OS X 10_15_7) AppleWebKit/537.36 (KHTML, like Gecko) HeadlessChrome/136.0.0.0 Safari/537.36"
=== NAME  TestChromeDPSuccessfulLogins
    timeout.go:184: Test TestChromeDPSuccessfulLogins: completed (failed=false)
    timeout.go:145: Test TestChromeDPSuccessfulLogins: cleaning up (failed=false)
Test passed, cleaning up resources for instance 1x0t1d66
--- PASS: TestChromeDPSuccessfulLogins (12.63s)
    --- PASS: TestChromeDPSuccessfulLogins/AlphaOwnerLogin (5.84s)
    --- PASS: TestChromeDPSuccessfulLogins/BravoOwnerLogin (5.45s)
=== RUN   TestCleanupDemo
    timeout.go:117: Test TestCleanupDemo: calculated timeout 30s
2025/05/31 10:46:43 RepoRoot: /Users/jf/src/jfolkins/lemc/letemcook-private
    timeout.go:125: Test TestCleanupDemo: created instance r09b1t51 on port 15366
2025/05/31 10:46:43 RepoRoot: /Users/jf/src/jfolkins/lemc/letemcook-private
time=2025-05-31T10:46:43.866-07:00 level=INFO msg="folder created successfully: /Users/jf/src/jfolkins/lemc/letemcook-private/tests/data/test-r09b1t51/test/sessions"
time=2025-05-31T10:46:43.902-07:00 level=INFO msg="Successfully dumped all assets to: /Users/jf/src/jfolkins/lemc/letemcook-private/tests/data/test-r09b1t51/test/assets"
time=2025-05-31T10:46:43.903-07:00 level=INFO msg="🚀 Connected Successfully to the Database"
time=2025-05-31T10:46:43.906-07:00 level=INFO msg="OK   00001_accounts.sql (1.08ms)"
time=2025-05-31T10:46:43.908-07:00 level=INFO msg="OK   00002_users.sql (1.18ms)"
time=2025-05-31T10:46:43.909-07:00 level=INFO msg="OK   00003_cookbooks.sql (1.14ms)"
time=2025-05-31T10:46:43.910-07:00 level=INFO msg="OK   00004_apps.sql (1.02ms)"
time=2025-05-31T10:46:43.911-07:00 level=INFO msg="OK   00005_configurations.sql (927.69µs)"
time=2025-05-31T10:46:43.913-07:00 level=INFO msg="OK   00006_permissions_joins.sql (1.83ms)"
time=2025-05-31T10:46:43.914-07:00 level=INFO msg="OK   00007_account_settings.sql (946.95µs)"
time=2025-05-31T10:46:43.914-07:00 level=INFO msg="OK   00008_update_cookbook_timestamp.sql (890.01µs)"
time=2025-05-31T10:46:43.916-07:00 level=INFO msg="OK   00009_update_timestamps_triggers.sql (1.29ms)"
time=2025-05-31T10:46:43.918-07:00 level=INFO msg="OK   00011_optimize_indexes.sql (1.68ms)"
time=2025-05-31T10:46:43.919-07:00 level=INFO msg="OK   00012_add_heckle_to_users.sql (1.4ms)"
time=2025-05-31T10:46:43.920-07:00 level=INFO msg="OK   00013_drop_user_settings.sql (643.2µs)"
time=2025-05-31T10:46:43.921-07:00 level=INFO msg="OK   00014_add_on_register_to_app.sql (1.28ms)"
time=2025-05-31T10:46:43.922-07:00 level=INFO msg="OK   00015_cookbook_history.sql (983.84µs)"
time=2025-05-31T10:46:43.923-07:00 level=INFO msg="OK   00016_app_history.sql (978.91µs)"
time=2025-05-31T10:46:43.925-07:00 level=INFO msg="OK   00017_permissions_app_api_key.sql (1.51ms)"
time=2025-05-31T10:46:43.926-07:00 level=INFO msg="OK   00018_add_is_mcp_enabled_to_apps.sql (1.36ms)"
time=2025-05-31T10:46:43.926-07:00 level=INFO msg="goose: successfully migrated database to version: 18"
time=2025-05-31T10:46:43.930-07:00 level=INFO msg="OK   00001_seed_data.sql (3.61ms)"
time=2025-05-31T10:46:43.930-07:00 level=INFO msg="goose: up to current file version: 1"
time=2025-05-31T10:46:43.930-07:00 level=INFO msg="user 501 group 20"

   ____    __
  / __/___/ /  ___
 / _// __/ _ \/ _ \
/___/\__/_//_/\___/ v4.12.0
High performance, minimalist Go web framework
https://echo.labstack.com
____________________________________O/_______
                                    O\
⇨ http server started on [::]:15366
time=2025-05-31T10:46:43.980-07:00 level=INFO msg="lemon squid alphabet abcdefghijklmnopqrstuvwxyz0123456789"
time=2025-05-31T10:46:43.983-07:00 level=INFO msg="lemon squid sid 52up"
::1 -  [] "GET / HTTP/1.1" 307 0 "" "Go-http-client/1.1"
    cleanup_demo_test.go:16: Test instance r09b1t51 created with data dir: /Users/jf/src/jfolkins/lemc/letemcook-private/tests/data/test-r09b1t51
    cleanup_demo_test.go:22: ✓ Data directory /Users/jf/src/jfolkins/lemc/letemcook-private/tests/data/test-r09b1t51 exists during test
    cleanup_demo_test.go:30: ✓ Created test file /Users/jf/src/jfolkins/lemc/letemcook-private/tests/data/test-r09b1t51/test-was-here.txt
    cleanup_demo_test.go:34: Test completing - cleanup will happen automatically
    timeout.go:184: Test TestCleanupDemo: completed (failed=false)
    timeout.go:145: Test TestCleanupDemo: cleaning up (failed=false)
Test passed, cleaning up resources for instance r09b1t51
--- PASS: TestCleanupDemo (1.14s)
=== RUN   TestCreateCookbook
    timeout.go:117: Test TestCreateCookbook: calculated timeout 30s
2025/05/31 10:46:44 RepoRoot: /Users/jf/src/jfolkins/lemc/letemcook-private
    timeout.go:125: Test TestCreateCookbook: created instance m1xca8l1 on port 15367
2025/05/31 10:46:44 RepoRoot: /Users/jf/src/jfolkins/lemc/letemcook-private
time=2025-05-31T10:46:45.002-07:00 level=INFO msg="folder created successfully: /Users/jf/src/jfolkins/lemc/letemcook-private/tests/data/test-m1xca8l1/test/sessions"
time=2025-05-31T10:46:45.038-07:00 level=INFO msg="Successfully dumped all assets to: /Users/jf/src/jfolkins/lemc/letemcook-private/tests/data/test-m1xca8l1/test/assets"
time=2025-05-31T10:46:45.039-07:00 level=INFO msg="🚀 Connected Successfully to the Database"
time=2025-05-31T10:46:45.042-07:00 level=INFO msg="OK   00001_accounts.sql (1.12ms)"
time=2025-05-31T10:46:45.044-07:00 level=INFO msg="OK   00002_users.sql (1.12ms)"
time=2025-05-31T10:46:45.045-07:00 level=INFO msg="OK   00003_cookbooks.sql (1.03ms)"
time=2025-05-31T10:46:45.046-07:00 level=INFO msg="OK   00004_apps.sql (1.35ms)"
time=2025-05-31T10:46:45.047-07:00 level=INFO msg="OK   00005_configurations.sql (1.05ms)"
time=2025-05-31T10:46:45.049-07:00 level=INFO msg="OK   00006_permissions_joins.sql (2.25ms)"
time=2025-05-31T10:46:45.051-07:00 level=INFO msg="OK   00007_account_settings.sql (1.17ms)"
time=2025-05-31T10:46:45.052-07:00 level=INFO msg="OK   00008_update_cookbook_timestamp.sql (923.23µs)"
time=2025-05-31T10:46:45.053-07:00 level=INFO msg="OK   00009_update_timestamps_triggers.sql (1.25ms)"
time=2025-05-31T10:46:45.055-07:00 level=INFO msg="OK   00011_optimize_indexes.sql (1.59ms)"
time=2025-05-31T10:46:45.056-07:00 level=INFO msg="OK   00012_add_heckle_to_users.sql (1.38ms)"
time=2025-05-31T10:46:45.057-07:00 level=INFO msg="OK   00013_drop_user_settings.sql (618.22µs)"
time=2025-05-31T10:46:45.058-07:00 level=INFO msg="OK   00014_add_on_register_to_app.sql (1.2ms)"
time=2025-05-31T10:46:45.059-07:00 level=INFO msg="OK   00015_cookbook_history.sql (963.18µs)"
time=2025-05-31T10:46:45.060-07:00 level=INFO msg="OK   00016_app_history.sql (1.02ms)"
time=2025-05-31T10:46:45.061-07:00 level=INFO msg="OK   00017_permissions_app_api_key.sql (1.29ms)"
time=2025-05-31T10:46:45.062-07:00 level=INFO msg="OK   00018_add_is_mcp_enabled_to_apps.sql (1.25ms)"
time=2025-05-31T10:46:45.062-07:00 level=INFO msg="goose: successfully migrated database to version: 18"
time=2025-05-31T10:46:45.067-07:00 level=INFO msg="OK   00001_seed_data.sql (4.11ms)"
time=2025-05-31T10:46:45.067-07:00 level=INFO msg="goose: up to current file version: 1"
time=2025-05-31T10:46:45.067-07:00 level=INFO msg="user 501 group 20"

   ____    __
  / __/___/ /  ___
 / _// __/ _ \/ _ \
/___/\__/_//_/\___/ v4.12.0
High performance, minimalist Go web framework
https://echo.labstack.com
____________________________________O/_______
                                    O\
⇨ http server started on [::]:15367
time=2025-05-31T10:46:45.117-07:00 level=INFO msg="lemon squid alphabet abcdefghijklmnopqrstuvwxyz0123456789"
time=2025-05-31T10:46:45.120-07:00 level=INFO msg="lemon squid sid 52up"
::1 -  [] "GET / HTTP/1.1" 307 0 "" "Go-http-client/1.1"
time=2025-05-31T10:46:46.186-07:00 level=INFO msg="No settings found for account 1, defaulting to disabled"
time=2025-05-31T10:46:46.186-07:00 level=INFO msg="Warning: Error getting account settings for account 1 in themeMiddleware: sql: no rows in result set. Using default theme."
time=2025-05-31T10:46:46.187-07:00 level=INFO msg=redirIfAuthd
time=2025-05-31T10:46:46.189-07:00 level=INFO msg="lemon squid alphabet abcdefghijklmnopqrstuvwxyz0123456789"
time=2025-05-31T10:46:46.191-07:00 level=INFO msg="lemon squid sid 52up"
time=2025-05-31T10:46:46.193-07:00 level=INFO msg="No account settings found for account_id 1, defaulting registration to disabled."
time=2025-05-31T10:46:46.193-07:00 level=INFO msg="Invalid 'partial' query param value received: \"\". Defaulting to 'false'."
::1 -  [] "GET /lemc/login?account=Account+Alpha&squid=52up HTTP/1.1" 200 34909 "" "Mozilla/5.0 (Macintosh; Intel Mac OS X 10_15_7) AppleWebKit/537.36 (KHTML, like Gecko) HeadlessChrome/136.0.0.0 Safari/537.36"
::1 -  [] "GET /themes/default/public/css/compiled.css?v=ts HTTP/1.1" 200 121051 "http://localhost:15367/lemc/login?account=Account+Alpha&squid=52up" "Mozilla/5.0 (Macintosh; Intel Mac OS X 10_15_7) AppleWebKit/537.36 (KHTML, like Gecko) HeadlessChrome/136.0.0.0 Safari/537.36"
::1 -  [] "GET /themes/default/public/imgs/bg-nav.svg HTTP/1.1" 200 114734 "http://localhost:15367/themes/default/public/css/compiled.css?v=ts" "Mozilla/5.0 (Macintosh; Intel Mac OS X 10_15_7) AppleWebKit/537.36 (KHTML, like Gecko) HeadlessChrome/136.0.0.0 Safari/537.36"
::1 -  [] "GET /themes/default/public/imgs/logo-normal.png HTTP/1.1" 200 250557 "http://localhost:15367/themes/default/public/css/compiled.css?v=ts" "Mozilla/5.0 (Macintosh; Intel Mac OS X 10_15_7) AppleWebKit/537.36 (KHTML, like Gecko) HeadlessChrome/136.0.0.0 Safari/537.36"
::1 -  [] "GET /themes/default/public/imgs/bg.png HTTP/1.1" 200 1608387 "http://localhost:15367/themes/default/public/css/compiled.css?v=ts" "Mozilla/5.0 (Macintosh; Intel Mac OS X 10_15_7) AppleWebKit/537.36 (KHTML, like Gecko) HeadlessChrome/136.0.0.0 Safari/537.36"
::1 -  [] "GET /themes/default/public/imgs/32x32.ico?v=ts HTTP/1.1" 200 4286 "http://localhost:15367/lemc/login?account=Account+Alpha&squid=52up" "Mozilla/5.0 (Macintosh; Intel Mac OS X 10_15_7) AppleWebKit/537.36 (KHTML, like Gecko) HeadlessChrome/136.0.0.0 Safari/537.36"
time=2025-05-31T10:46:47.315-07:00 level=INFO msg="No settings found for account 1, defaulting to disabled"
time=2025-05-31T10:46:47.315-07:00 level=INFO msg="Warning: Error getting account settings for account 1 in themeMiddleware: sql: no rows in result set. Using default theme."
time=2025-05-31T10:46:47.563-07:00 level=INFO msg="lemon squid alphabet abcdefghijklmnopqrstuvwxyz0123456789"
time=2025-05-31T10:46:47.566-07:00 level=INFO msg="lemon squid sid 52up"
time=2025-05-31T10:46:47.568-07:00 level=INFO msg="No account settings found for account_id 1, defaulting registration to disabled."
time=2025-05-31T10:46:47.569-07:00 level=INFO msg="lemon squid alphabet abcdefghijklmnopqrstuvwxyz0123456789"
time=2025-05-31T10:46:47.571-07:00 level=INFO msg="lemon squid sid 52up"
::1 -  [] "POST /lemc/login?squid=52up&account=Account%20Alpha HTTP/1.1" 200 17018 "http://localhost:15367/lemc/login?account=Account+Alpha&squid=52up" "Mozilla/5.0 (Macintosh; Intel Mac OS X 10_15_7) AppleWebKit/537.36 (KHTML, like Gecko) HeadlessChrome/136.0.0.0 Safari/537.36"
time=2025-05-31T10:46:47.586-07:00 level=INFO msg="No settings found for account 1, defaulting to disabled"
time=2025-05-31T10:46:47.586-07:00 level=INFO msg="Warning: Error getting account settings for account 1 in themeMiddleware: sql: no rows in result set. Using default theme."
time=2025-05-31T10:46:47.587-07:00 level=INFO msg="No settings found for account 1, defaulting to disabled"
time=2025-05-31T10:46:47.587-07:00 level=INFO msg="Warning: Error getting account settings for account 1 in themeMiddleware: sql: no rows in result set. Using default theme."
time=2025-05-31T10:46:47.589-07:00 level=INFO msg="No settings found for account 1, defaulting to disabled"
time=2025-05-31T10:46:47.589-07:00 level=INFO msg="Warning: Error getting account settings for account 1 in themeMiddleware: sql: no rows in result set. Using default theme."
time=2025-05-31T10:46:47.589-07:00 level=INFO msg="User 1 (Account 1) attempting action requiring ONE OF permissions: [view_app] on path /lemc/app/thumbnail/download/:uuid"
time=2025-05-31T10:46:47.590-07:00 level=INFO msg="Permission GRANTED for user 1 (Account 1) via permission 'view_app' (required one of: [view_app]) on path /lemc/app/thumbnail/download/:uuid"
time=2025-05-31T10:46:47.590-07:00 level=INFO msg="Attempting to fetch thumbnail for app UUID: 1c04af6e38590993d7a15ffbf50cca46, Account ID: 1"
time=2025-05-31T10:46:47.590-07:00 level=INFO msg="Thumbnail data is empty in app YAML (AppID: 13). Serving default thumbnail."
::1 -  [] "GET /lemc/app/thumbnail/download/1c04af6e38590993d7a15ffbf50cca46 HTTP/1.1" 200 178135 "http://localhost:15367/lemc/apps" "Mozilla/5.0 (Macintosh; Intel Mac OS X 10_15_7) AppleWebKit/537.36 (KHTML, like Gecko) HeadlessChrome/136.0.0.0 Safari/537.36"
time=2025-05-31T10:46:47.593-07:00 level=INFO msg="No settings found for account 1, defaulting to disabled"
time=2025-05-31T10:46:47.593-07:00 level=INFO msg="Warning: Error getting account settings for account 1 in themeMiddleware: sql: no rows in result set. Using default theme."
time=2025-05-31T10:46:47.593-07:00 level=INFO msg="User 1 (Account 1) attempting action requiring ONE OF permissions: [view_app] on path /lemc/app/thumbnail/download/:uuid"
time=2025-05-31T10:46:47.593-07:00 level=INFO msg="Permission GRANTED for user 1 (Account 1) via permission 'view_app' (required one of: [view_app]) on path /lemc/app/thumbnail/download/:uuid"
time=2025-05-31T10:46:47.593-07:00 level=INFO msg="Attempting to fetch thumbnail for app UUID: 9bf4c16a27435fe57c75c3410093aa2d, Account ID: 1"
time=2025-05-31T10:46:47.593-07:00 level=INFO msg="Thumbnail data is empty in app YAML (AppID: 3). Serving default thumbnail."
::1 -  [] "GET /lemc/app/thumbnail/download/9bf4c16a27435fe57c75c3410093aa2d HTTP/1.1" 200 178135 "http://localhost:15367/lemc/apps" "Mozilla/5.0 (Macintosh; Intel Mac OS X 10_15_7) AppleWebKit/537.36 (KHTML, like Gecko) HeadlessChrome/136.0.0.0 Safari/537.36"
time=2025-05-31T10:46:47.596-07:00 level=INFO msg="No settings found for account 1, defaulting to disabled"
time=2025-05-31T10:46:47.596-07:00 level=INFO msg="Warning: Error getting account settings for account 1 in themeMiddleware: sql: no rows in result set. Using default theme."
time=2025-05-31T10:46:47.596-07:00 level=INFO msg="User 1 (Account 1) attempting action requiring ONE OF permissions: [view_app] on path /lemc/app/thumbnail/download/:uuid"
time=2025-05-31T10:46:47.596-07:00 level=INFO msg="Permission GRANTED for user 1 (Account 1) via permission 'view_app' (required one of: [view_app]) on path /lemc/app/thumbnail/download/:uuid"
time=2025-05-31T10:46:47.596-07:00 level=INFO msg="Attempting to fetch thumbnail for app UUID: e75b7851856cc113eaf171cf721e249f, Account ID: 1"
time=2025-05-31T10:46:47.596-07:00 level=INFO msg="Thumbnail data is empty in app YAML (AppID: 6). Serving default thumbnail."
::1 -  [] "GET /lemc/app/thumbnail/download/e75b7851856cc113eaf171cf721e249f HTTP/1.1" 200 178135 "http://localhost:15367/lemc/apps" "Mozilla/5.0 (Macintosh; Intel Mac OS X 10_15_7) AppleWebKit/537.36 (KHTML, like Gecko) HeadlessChrome/136.0.0.0 Safari/537.36"
time=2025-05-31T10:46:47.598-07:00 level=INFO msg="User 1 (Account 1) attempting action requiring ONE OF permissions: [view_app] on path /lemc/app/thumbnail/download/:uuid"
time=2025-05-31T10:46:47.598-07:00 level=INFO msg="Permission GRANTED for user 1 (Account 1) via permission 'view_app' (required one of: [view_app]) on path /lemc/app/thumbnail/download/:uuid"
time=2025-05-31T10:46:47.598-07:00 level=INFO msg="Attempting to fetch thumbnail for app UUID: 9eb6220106f395db15f95aed56fabb8c, Account ID: 1"
time=2025-05-31T10:46:47.599-07:00 level=INFO msg="Thumbnail data is empty in app YAML (AppID: 1). Serving default thumbnail."
::1 -  [] "GET /lemc/app/thumbnail/download/9eb6220106f395db15f95aed56fabb8c HTTP/1.1" 200 178135 "http://localhost:15367/lemc/apps" "Mozilla/5.0 (Macintosh; Intel Mac OS X 10_15_7) AppleWebKit/537.36 (KHTML, like Gecko) HeadlessChrome/136.0.0.0 Safari/537.36"
time=2025-05-31T10:46:47.600-07:00 level=INFO msg="No settings found for account 1, defaulting to disabled"
time=2025-05-31T10:46:47.600-07:00 level=INFO msg="Warning: Error getting account settings for account 1 in themeMiddleware: sql: no rows in result set. Using default theme."
time=2025-05-31T10:46:47.600-07:00 level=INFO msg="User 1 (Account 1) attempting action requiring ONE OF permissions: [view_app] on path /lemc/app/thumbnail/download/:uuid"
time=2025-05-31T10:46:47.600-07:00 level=INFO msg="Permission GRANTED for user 1 (Account 1) via permission 'view_app' (required one of: [view_app]) on path /lemc/app/thumbnail/download/:uuid"
time=2025-05-31T10:46:47.600-07:00 level=INFO msg="Attempting to fetch thumbnail for app UUID: 5ed7c943d6557733decea4311be53e20, Account ID: 1"
time=2025-05-31T10:46:47.601-07:00 level=INFO msg="Thumbnail data is empty in app YAML (AppID: 7). Serving default thumbnail."
::1 -  [] "GET /lemc/app/thumbnail/download/5ed7c943d6557733decea4311be53e20 HTTP/1.1" 200 178135 "http://localhost:15367/lemc/apps" "Mozilla/5.0 (Macintosh; Intel Mac OS X 10_15_7) AppleWebKit/537.36 (KHTML, like Gecko) HeadlessChrome/136.0.0.0 Safari/537.36"
time=2025-05-31T10:46:47.602-07:00 level=INFO msg="No settings found for account 1, defaulting to disabled"
time=2025-05-31T10:46:47.602-07:00 level=INFO msg="Warning: Error getting account settings for account 1 in themeMiddleware: sql: no rows in result set. Using default theme."
time=2025-05-31T10:46:47.602-07:00 level=INFO msg="GetNavtop: Handler called"
time=2025-05-31T10:46:47.603-07:00 level=INFO msg="No settings found for account 1, defaulting to disabled"
time=2025-05-31T10:46:47.603-07:00 level=INFO msg="Warning: Error getting account settings for account 1 in themeMiddleware: sql: no rows in result set. Using default theme."
time=2025-05-31T10:46:47.603-07:00 level=INFO msg="No settings found for account 1, defaulting to disabled"
time=2025-05-31T10:46:47.604-07:00 level=INFO msg="Warning: Error getting account settings for account 1 in themeMiddleware: sql: no rows in result set. Using default theme."
time=2025-05-31T10:46:47.604-07:00 level=INFO msg="No settings found for account 1, defaulting to disabled"
time=2025-05-31T10:46:47.604-07:00 level=INFO msg="Warning: Error getting account settings for account 1 in themeMiddleware: sql: no rows in result set. Using default theme."
time=2025-05-31T10:46:47.604-07:00 level=INFO msg="User 1 (Account 1) attempting action requiring ONE OF permissions: [view_app] on path /lemc/app/thumbnail/download/:uuid"
time=2025-05-31T10:46:47.604-07:00 level=INFO msg="Permission GRANTED for user 1 (Account 1) via permission 'view_app' (required one of: [view_app]) on path /lemc/app/thumbnail/download/:uuid"
time=2025-05-31T10:46:47.604-07:00 level=INFO msg="Attempting to fetch thumbnail for app UUID: c4ed338497931687f4b61139712bc05a, Account ID: 1"
time=2025-05-31T10:46:47.604-07:00 level=INFO msg="Thumbnail data is empty in app YAML (AppID: 15). Serving default thumbnail."
time=2025-05-31T10:46:47.604-07:00 level=INFO msg="User 1 (Account 1) attempting action requiring ONE OF permissions: [view_app] on path /lemc/app/thumbnail/download/:uuid"
::1 -  [] "GET /lemc/app/thumbnail/download/c4ed338497931687f4b61139712bc05a HTTP/1.1" 200 178135 "http://localhost:15367/lemc/apps" "Mozilla/5.0 (Macintosh; Intel Mac OS X 10_15_7) AppleWebKit/537.36 (KHTML, like Gecko) HeadlessChrome/136.0.0.0 Safari/537.36"
time=2025-05-31T10:46:47.604-07:00 level=INFO msg="No settings found for account 1, defaulting to disabled"
time=2025-05-31T10:46:47.604-07:00 level=INFO msg="Warning: Error getting account settings for account 1 in themeMiddleware: sql: no rows in result set. Using default theme."
time=2025-05-31T10:46:47.604-07:00 level=INFO msg="Permission GRANTED for user 1 (Account 1) via permission 'view_app' (required one of: [view_app]) on path /lemc/app/thumbnail/download/:uuid"
time=2025-05-31T10:46:47.604-07:00 level=INFO msg="Attempting to fetch thumbnail for app UUID: 5c9579786fd1247f5e86d70153c182aa, Account ID: 1"
time=2025-05-31T10:46:47.604-07:00 level=INFO msg="User 1 (Account 1) attempting action requiring ONE OF permissions: [view_app] on path /lemc/app/thumbnail/download/:uuid"
time=2025-05-31T10:46:47.604-07:00 level=INFO msg="Permission GRANTED for user 1 (Account 1) via permission 'view_app' (required one of: [view_app]) on path /lemc/app/thumbnail/download/:uuid"
time=2025-05-31T10:46:47.604-07:00 level=INFO msg="Attempting to fetch thumbnail for app UUID: 6bae2b0faa82d31dab2f1634b110af5f, Account ID: 1"
time=2025-05-31T10:46:47.604-07:00 level=INFO msg="Thumbnail data is empty in app YAML (AppID: 16). Serving default thumbnail."
time=2025-05-31T10:46:47.605-07:00 level=INFO msg="Thumbnail data is empty in app YAML (AppID: 14). Serving default thumbnail."
::1 -  [] "GET /lemc/app/thumbnail/download/5c9579786fd1247f5e86d70153c182aa HTTP/1.1" 200 178135 "http://localhost:15367/lemc/apps" "Mozilla/5.0 (Macintosh; Intel Mac OS X 10_15_7) AppleWebKit/537.36 (KHTML, like Gecko) HeadlessChrome/136.0.0.0 Safari/537.36"
::1 -  [] "GET /lemc/app/thumbnail/download/6bae2b0faa82d31dab2f1634b110af5f HTTP/1.1" 200 178135 "http://localhost:15367/lemc/apps" "Mozilla/5.0 (Macintosh; Intel Mac OS X 10_15_7) AppleWebKit/537.36 (KHTML, like Gecko) HeadlessChrome/136.0.0.0 Safari/537.36"
time=2025-05-31T10:46:47.605-07:00 level=INFO msg="User 1 (Account 1) attempting action requiring ONE OF permissions: [view_app] on path /lemc/app/thumbnail/download/:uuid"
time=2025-05-31T10:46:47.605-07:00 level=INFO msg="Permission GRANTED for user 1 (Account 1) via permission 'view_app' (required one of: [view_app]) on path /lemc/app/thumbnail/download/:uuid"
time=2025-05-31T10:46:47.605-07:00 level=INFO msg="Attempting to fetch thumbnail for app UUID: 797531e941f4736c8b50f41e7814c0fb, Account ID: 1"
time=2025-05-31T10:46:47.605-07:00 level=INFO msg="No settings found for account 1, defaulting to disabled"
time=2025-05-31T10:46:47.605-07:00 level=INFO msg="Warning: Error getting account settings for account 1 in themeMiddleware: sql: no rows in result set. Using default theme."
time=2025-05-31T10:46:47.606-07:00 level=INFO msg="Thumbnail data is empty in app YAML (AppID: 8). Serving default thumbnail."
::1 -  [] "GET /lemc/app/thumbnail/download/797531e941f4736c8b50f41e7814c0fb HTTP/1.1" 200 178135 "http://localhost:15367/lemc/apps" "Mozilla/5.0 (Macintosh; Intel Mac OS X 10_15_7) AppleWebKit/537.36 (KHTML, like Gecko) HeadlessChrome/136.0.0.0 Safari/537.36"
time=2025-05-31T10:46:47.606-07:00 level=INFO msg="User 1 (Account 1) attempting action requiring ONE OF permissions: [view_app] on path /lemc/app/thumbnail/download/:uuid"
time=2025-05-31T10:46:47.606-07:00 level=INFO msg="Permission GRANTED for user 1 (Account 1) via permission 'view_app' (required one of: [view_app]) on path /lemc/app/thumbnail/download/:uuid"
time=2025-05-31T10:46:47.606-07:00 level=INFO msg="Attempting to fetch thumbnail for app UUID: 206b523eaca4514c6e5d29af6dfcaebc, Account ID: 1"
time=2025-05-31T10:46:47.607-07:00 level=INFO msg="Thumbnail data is empty in app YAML (AppID: 9). Serving default thumbnail."
::1 -  [] "GET /lemc/app/thumbnail/download/206b523eaca4514c6e5d29af6dfcaebc HTTP/1.1" 200 178135 "http://localhost:15367/lemc/apps" "Mozilla/5.0 (Macintosh; Intel Mac OS X 10_15_7) AppleWebKit/537.36 (KHTML, like Gecko) HeadlessChrome/136.0.0.0 Safari/537.36"
time=2025-05-31T10:46:47.608-07:00 level=INFO msg="lemon squid alphabet abcdefghijklmnopqrstuvwxyz0123456789"
time=2025-05-31T10:46:47.611-07:00 level=INFO msg="lemon squid sid 52up"
time=2025-05-31T10:46:47.612-07:00 level=INFO msg="GetNavtop: section='apps', subnav=''"
time=2025-05-31T10:46:47.612-07:00 level=INFO msg="GetNavtop: Final section='apps', subnav=''"
time=2025-05-31T10:46:47.618-07:00 level=INFO msg="No account settings found for account_id 1, defaulting registration to disabled."
::1 -  [] "GET /navtop?squid=52up&account=Account%20Alpha&section=apps&subnav= HTTP/1.1" 200 9542 "http://localhost:15367/lemc/apps" "Mozilla/5.0 (Macintosh; Intel Mac OS X 10_15_7) AppleWebKit/537.36 (KHTML, like Gecko) HeadlessChrome/136.0.0.0 Safari/537.36"
time=2025-05-31T10:46:50.404-07:00 level=INFO msg="No settings found for account 1, defaulting to disabled"
time=2025-05-31T10:46:50.404-07:00 level=INFO msg="Warning: Error getting account settings for account 1 in themeMiddleware: sql: no rows in result set. Using default theme."
time=2025-05-31T10:46:50.405-07:00 level=INFO msg="User 1 (Account 1) attempting action requiring ONE OF permissions: [view_cookbook, admin_account, admin_system] on path /lemc/cookbooks"
time=2025-05-31T10:46:50.405-07:00 level=INFO msg="Permission GRANTED for user 1 (Account 1) via permission 'view_cookbook' (required one of: [view_cookbook, admin_account, admin_system]) on path /lemc/cookbooks"
time=2025-05-31T10:46:50.405-07:00 level=INFO msg="lemon squid alphabet abcdefghijklmnopqrstuvwxyz0123456789"
time=2025-05-31T10:46:50.408-07:00 level=INFO msg="lemon squid sid 52up"
time=2025-05-31T10:46:50.409-07:00 level=INFO msg="No account settings found for account_id 1, defaulting registration to disabled."
::1 -  [] "GET /lemc/cookbooks HTTP/1.1" 200 55713 "" "Mozilla/5.0 (Macintosh; Intel Mac OS X 10_15_7) AppleWebKit/537.36 (KHTML, like Gecko) HeadlessChrome/136.0.0.0 Safari/537.36"
time=2025-05-31T10:46:50.416-07:00 level=INFO msg="No settings found for account 1, defaulting to disabled"
time=2025-05-31T10:46:50.416-07:00 level=INFO msg="No settings found for account 1, defaulting to disabled"
time=2025-05-31T10:46:50.416-07:00 level=INFO msg="Warning: Error getting account settings for account 1 in themeMiddleware: sql: no rows in result set. Using default theme."
time=2025-05-31T10:46:50.416-07:00 level=INFO msg="Warning: Error getting account settings for account 1 in themeMiddleware: sql: no rows in result set. Using default theme."
time=2025-05-31T10:46:50.417-07:00 level=INFO msg="No settings found for account 1, defaulting to disabled"
time=2025-05-31T10:46:50.417-07:00 level=INFO msg="Warning: Error getting account settings for account 1 in themeMiddleware: sql: no rows in result set. Using default theme."
::1 -  [] "GET /themes/default/public/css/compiled.css?v=ts HTTP/1.1" 304 0 "http://localhost:15367/lemc/cookbooks" "Mozilla/5.0 (Macintosh; Intel Mac OS X 10_15_7) AppleWebKit/537.36 (KHTML, like Gecko) HeadlessChrome/136.0.0.0 Safari/537.36"
time=2025-05-31T10:46:50.417-07:00 level=INFO msg="User 1 (Account 1) attempting action requiring ONE OF permissions: [view_cookbook, admin_account] on path /lemc/cookbook/thumbnail/download/:uuid"
time=2025-05-31T10:46:50.417-07:00 level=INFO msg="Permission GRANTED for user 1 (Account 1) via permission 'view_cookbook' (required one of: [view_cookbook, admin_account]) on path /lemc/cookbook/thumbnail/download/:uuid"
time=2025-05-31T10:46:50.417-07:00 level=INFO msg="User 1 (Account 1) attempting action requiring ONE OF permissions: [view_cookbook, admin_account] on path /lemc/cookbook/thumbnail/download/:uuid"
time=2025-05-31T10:46:50.417-07:00 level=INFO msg="Permission GRANTED for user 1 (Account 1) via permission 'view_cookbook' (required one of: [view_cookbook, admin_account]) on path /lemc/cookbook/thumbnail/download/:uuid"
::1 -  [] "GET /lemc/cookbook/thumbnail/download/c7864da786331b815e0e6c4e5d8bf60f?ts=0000000000 HTTP/1.1" 200 178135 "http://localhost:15367/lemc/cookbooks" "Mozilla/5.0 (Macintosh; Intel Mac OS X 10_15_7) AppleWebKit/537.36 (KHTML, like Gecko) HeadlessChrome/136.0.0.0 Safari/537.36"
::1 -  [] "GET /lemc/cookbook/thumbnail/download/4af89399faeda919cdd05a7e1e7e6df5?ts=0000000000 HTTP/1.1" 200 178135 "http://localhost:15367/lemc/cookbooks" "Mozilla/5.0 (Macintosh; Intel Mac OS X 10_15_7) AppleWebKit/537.36 (KHTML, like Gecko) HeadlessChrome/136.0.0.0 Safari/537.36"
time=2025-05-31T10:46:50.424-07:00 level=INFO msg="No settings found for account 1, defaulting to disabled"
time=2025-05-31T10:46:50.424-07:00 level=INFO msg="Warning: Error getting account settings for account 1 in themeMiddleware: sql: no rows in result set. Using default theme."
time=2025-05-31T10:46:50.424-07:00 level=INFO msg="No settings found for account 1, defaulting to disabled"
time=2025-05-31T10:46:50.424-07:00 level=INFO msg="Warning: Error getting account settings for account 1 in themeMiddleware: sql: no rows in result set. Using default theme."
time=2025-05-31T10:46:50.424-07:00 level=INFO msg="User 1 (Account 1) attempting action requiring ONE OF permissions: [view_cookbook, admin_account] on path /lemc/cookbook/thumbnail/download/:uuid"
time=2025-05-31T10:46:50.424-07:00 level=INFO msg="Permission GRANTED for user 1 (Account 1) via permission 'view_cookbook' (required one of: [view_cookbook, admin_account]) on path /lemc/cookbook/thumbnail/download/:uuid"
time=2025-05-31T10:46:50.424-07:00 level=INFO msg="User 1 (Account 1) attempting action requiring ONE OF permissions: [view_cookbook, admin_account] on path /lemc/cookbook/thumbnail/download/:uuid"
::1 -  [] "GET /lemc/cookbook/thumbnail/download/32d26a84cfcbc96b27c9f3b1962b9f31?ts=0000000000 HTTP/1.1" 200 178135 "http://localhost:15367/lemc/cookbooks" "Mozilla/5.0 (Macintosh; Intel Mac OS X 10_15_7) AppleWebKit/537.36 (KHTML, like Gecko) HeadlessChrome/136.0.0.0 Safari/537.36"
time=2025-05-31T10:46:50.424-07:00 level=INFO msg="Permission GRANTED for user 1 (Account 1) via permission 'view_cookbook' (required one of: [view_cookbook, admin_account]) on path /lemc/cookbook/thumbnail/download/:uuid"
::1 -  [] "GET /lemc/cookbook/thumbnail/download/f78bccf46eb19e31792c7a21198293bb?ts=0000000000 HTTP/1.1" 200 178135 "http://localhost:15367/lemc/cookbooks" "Mozilla/5.0 (Macintosh; Intel Mac OS X 10_15_7) AppleWebKit/537.36 (KHTML, like Gecko) HeadlessChrome/136.0.0.0 Safari/537.36"
time=2025-05-31T10:46:50.426-07:00 level=INFO msg="No settings found for account 1, defaulting to disabled"
time=2025-05-31T10:46:50.426-07:00 level=INFO msg="Warning: Error getting account settings for account 1 in themeMiddleware: sql: no rows in result set. Using default theme."
time=2025-05-31T10:46:50.427-07:00 level=INFO msg="User 1 (Account 1) attempting action requiring ONE OF permissions: [view_cookbook, admin_account] on path /lemc/cookbook/thumbnail/download/:uuid"
time=2025-05-31T10:46:50.427-07:00 level=INFO msg="Permission GRANTED for user 1 (Account 1) via permission 'view_cookbook' (required one of: [view_cookbook, admin_account]) on path /lemc/cookbook/thumbnail/download/:uuid"
::1 -  [] "GET /lemc/cookbook/thumbnail/download/e38a68b4af3988ad0ad0a308c9cc967c?ts=0000000000 HTTP/1.1" 200 178135 "http://localhost:15367/lemc/cookbooks" "Mozilla/5.0 (Macintosh; Intel Mac OS X 10_15_7) AppleWebKit/537.36 (KHTML, like Gecko) HeadlessChrome/136.0.0.0 Safari/537.36"
time=2025-05-31T10:46:50.428-07:00 level=INFO msg="No settings found for account 1, defaulting to disabled"
time=2025-05-31T10:46:50.428-07:00 level=INFO msg="Warning: Error getting account settings for account 1 in themeMiddleware: sql: no rows in result set. Using default theme."
time=2025-05-31T10:46:50.428-07:00 level=INFO msg="No settings found for account 1, defaulting to disabled"
time=2025-05-31T10:46:50.428-07:00 level=INFO msg="Warning: Error getting account settings for account 1 in themeMiddleware: sql: no rows in result set. Using default theme."
time=2025-05-31T10:46:50.429-07:00 level=INFO msg="User 1 (Account 1) attempting action requiring ONE OF permissions: [view_cookbook, admin_account] on path /lemc/cookbook/thumbnail/download/:uuid"
time=2025-05-31T10:46:50.429-07:00 level=INFO msg="No settings found for account 1, defaulting to disabled"
time=2025-05-31T10:46:50.429-07:00 level=INFO msg="Warning: Error getting account settings for account 1 in themeMiddleware: sql: no rows in result set. Using default theme."
time=2025-05-31T10:46:50.429-07:00 level=INFO msg="Permission GRANTED for user 1 (Account 1) via permission 'view_cookbook' (required one of: [view_cookbook, admin_account]) on path /lemc/cookbook/thumbnail/download/:uuid"
time=2025-05-31T10:46:50.429-07:00 level=INFO msg="User 1 (Account 1) attempting action requiring ONE OF permissions: [view_cookbook, admin_account] on path /lemc/cookbook/thumbnail/download/:uuid"
time=2025-05-31T10:46:50.429-07:00 level=INFO msg="Permission GRANTED for user 1 (Account 1) via permission 'view_cookbook' (required one of: [view_cookbook, admin_account]) on path /lemc/cookbook/thumbnail/download/:uuid"
::1 -  [] "GET /lemc/cookbook/thumbnail/download/05ac159622965c90feb0e7c53530000a?ts=0000000000 HTTP/1.1" 200 178135 "http://localhost:15367/lemc/cookbooks" "Mozilla/5.0 (Macintosh; Intel Mac OS X 10_15_7) AppleWebKit/537.36 (KHTML, like Gecko) HeadlessChrome/136.0.0.0 Safari/537.36"
time=2025-05-31T10:46:50.429-07:00 level=INFO msg="No settings found for account 1, defaulting to disabled"
time=2025-05-31T10:46:50.429-07:00 level=INFO msg="Warning: Error getting account settings for account 1 in themeMiddleware: sql: no rows in result set. Using default theme."
::1 -  [] "GET /lemc/cookbook/thumbnail/download/6c335a09a650d6ed67ec17ada7478bff?ts=0000000000 HTTP/1.1" 200 178135 "http://localhost:15367/lemc/cookbooks" "Mozilla/5.0 (Macintosh; Intel Mac OS X 10_15_7) AppleWebKit/537.36 (KHTML, like Gecko) HeadlessChrome/136.0.0.0 Safari/537.36"
time=2025-05-31T10:46:50.429-07:00 level=INFO msg="User 1 (Account 1) attempting action requiring ONE OF permissions: [view_cookbook, admin_account] on path /lemc/cookbook/thumbnail/download/:uuid"
time=2025-05-31T10:46:50.430-07:00 level=INFO msg="Permission GRANTED for user 1 (Account 1) via permission 'view_cookbook' (required one of: [view_cookbook, admin_account]) on path /lemc/cookbook/thumbnail/download/:uuid"
time=2025-05-31T10:46:50.430-07:00 level=INFO msg="User 1 (Account 1) attempting action requiring ONE OF permissions: [view_cookbook, admin_account] on path /lemc/cookbook/thumbnail/download/:uuid"
time=2025-05-31T10:46:50.430-07:00 level=INFO msg="Permission GRANTED for user 1 (Account 1) via permission 'view_cookbook' (required one of: [view_cookbook, admin_account]) on path /lemc/cookbook/thumbnail/download/:uuid"
::1 -  [] "GET /lemc/cookbook/thumbnail/download/5a131bee6595fe166fcfa375cdb180a7?ts=0000000000 HTTP/1.1" 200 178135 "http://localhost:15367/lemc/cookbooks" "Mozilla/5.0 (Macintosh; Intel Mac OS X 10_15_7) AppleWebKit/537.36 (KHTML, like Gecko) HeadlessChrome/136.0.0.0 Safari/537.36"
::1 -  [] "GET /lemc/cookbook/thumbnail/download/c26d00000568a06b8298f2fe588f8690?ts=0000000000 HTTP/1.1" 200 178135 "http://localhost:15367/lemc/cookbooks" "Mozilla/5.0 (Macintosh; Intel Mac OS X 10_15_7) AppleWebKit/537.36 (KHTML, like Gecko) HeadlessChrome/136.0.0.0 Safari/537.36"
time=2025-05-31T10:46:50.431-07:00 level=INFO msg="No settings found for account 1, defaulting to disabled"
time=2025-05-31T10:46:50.431-07:00 level=INFO msg="Warning: Error getting account settings for account 1 in themeMiddleware: sql: no rows in result set. Using default theme."
time=2025-05-31T10:46:50.431-07:00 level=INFO msg="No settings found for account 1, defaulting to disabled"
time=2025-05-31T10:46:50.431-07:00 level=INFO msg="Warning: Error getting account settings for account 1 in themeMiddleware: sql: no rows in result set. Using default theme."
time=2025-05-31T10:46:50.432-07:00 level=INFO msg="User 1 (Account 1) attempting action requiring ONE OF permissions: [view_cookbook, admin_account] on path /lemc/cookbook/thumbnail/download/:uuid"
time=2025-05-31T10:46:50.432-07:00 level=INFO msg="Permission GRANTED for user 1 (Account 1) via permission 'view_cookbook' (required one of: [view_cookbook, admin_account]) on path /lemc/cookbook/thumbnail/download/:uuid"
time=2025-05-31T10:46:50.432-07:00 level=INFO msg="Creating websocket client for user 1"
::1 -  [] "GET /ws HTTP/1.1" 200 0 "" "Mozilla/5.0 (Macintosh; Intel Mac OS X 10_15_7) AppleWebKit/537.36 (KHTML, like Gecko) HeadlessChrome/136.0.0.0 Safari/537.36"
::1 -  [] "GET /lemc/cookbook/thumbnail/download/5cc73255983e9eba4d22caa735997536?ts=0000000000 HTTP/1.1" 200 178135 "http://localhost:15367/lemc/cookbooks" "Mozilla/5.0 (Macintosh; Intel Mac OS X 10_15_7) AppleWebKit/537.36 (KHTML, like Gecko) HeadlessChrome/136.0.0.0 Safari/537.36"
time=2025-05-31T10:46:50.438-07:00 level=INFO msg="No settings found for account 1, defaulting to disabled"
time=2025-05-31T10:46:50.438-07:00 level=INFO msg="Warning: Error getting account settings for account 1 in themeMiddleware: sql: no rows in result set. Using default theme."
time=2025-05-31T10:46:50.438-07:00 level=INFO msg="No settings found for account 1, defaulting to disabled"
time=2025-05-31T10:46:50.438-07:00 level=INFO msg="Warning: Error getting account settings for account 1 in themeMiddleware: sql: no rows in result set. Using default theme."
::1 -  [] "GET /themes/default/public/imgs/bg-nav.svg HTTP/1.1" 304 0 "http://localhost:15367/themes/default/public/css/compiled.css?v=ts" "Mozilla/5.0 (Macintosh; Intel Mac OS X 10_15_7) AppleWebKit/537.36 (KHTML, like Gecko) HeadlessChrome/136.0.0.0 Safari/537.36"
::1 -  [] "GET /themes/default/public/imgs/logo-normal.png HTTP/1.1" 304 0 "http://localhost:15367/themes/default/public/css/compiled.css?v=ts" "Mozilla/5.0 (Macintosh; Intel Mac OS X 10_15_7) AppleWebKit/537.36 (KHTML, like Gecko) HeadlessChrome/136.0.0.0 Safari/537.36"
time=2025-05-31T10:46:50.440-07:00 level=INFO msg="No settings found for account 1, defaulting to disabled"
time=2025-05-31T10:46:50.440-07:00 level=INFO msg="Warning: Error getting account settings for account 1 in themeMiddleware: sql: no rows in result set. Using default theme."
::1 -  [] "GET /themes/default/public/imgs/bg.png HTTP/1.1" 304 0 "http://localhost:15367/themes/default/public/css/compiled.css?v=ts" "Mozilla/5.0 (Macintosh; Intel Mac OS X 10_15_7) AppleWebKit/537.36 (KHTML, like Gecko) HeadlessChrome/136.0.0.0 Safari/537.36"
    cookbook_create_test.go:79: Create button found - user has create permissions
    timeout.go:184: Test TestCreateCookbook: completed (failed=false)
    timeout.go:145: Test TestCreateCookbook: cleaning up (failed=false)
Test passed, cleaning up resources for instance m1xca8l1
--- PASS: TestCreateCookbook (8.83s)
=== RUN   TestJobStatusUpdate
    timeout.go:117: Test TestJobStatusUpdate: calculated timeout 30s
2025/05/31 10:46:53 RepoRoot: /Users/jf/src/jfolkins/lemc/letemcook-private
    timeout.go:125: Test TestJobStatusUpdate: created instance f16llzvc on port 15368
2025/05/31 10:46:53 RepoRoot: /Users/jf/src/jfolkins/lemc/letemcook-private
time=2025-05-31T10:46:53.836-07:00 level=INFO msg="folder created successfully: /Users/jf/src/jfolkins/lemc/letemcook-private/tests/data/test-f16llzvc/test/sessions"
time=2025-05-31T10:46:53.870-07:00 level=INFO msg="Successfully dumped all assets to: /Users/jf/src/jfolkins/lemc/letemcook-private/tests/data/test-f16llzvc/test/assets"
time=2025-05-31T10:46:53.870-07:00 level=INFO msg="🚀 Connected Successfully to the Database"
time=2025-05-31T10:46:53.874-07:00 level=INFO msg="OK   00001_accounts.sql (1.1ms)"
time=2025-05-31T10:46:53.876-07:00 level=INFO msg="OK   00002_users.sql (1.18ms)"
time=2025-05-31T10:46:53.877-07:00 level=INFO msg="OK   00003_cookbooks.sql (1.11ms)"
time=2025-05-31T10:46:53.878-07:00 level=INFO msg="OK   00004_apps.sql (993.98µs)"
time=2025-05-31T10:46:53.879-07:00 level=INFO msg="OK   00005_configurations.sql (1.33ms)"
time=2025-05-31T10:46:53.882-07:00 level=INFO msg="OK   00006_permissions_joins.sql (2.33ms)"
time=2025-05-31T10:46:53.883-07:00 level=INFO msg="OK   00007_account_settings.sql (1.2ms)"
time=2025-05-31T10:46:53.884-07:00 level=INFO msg="OK   00008_update_cookbook_timestamp.sql (1.02ms)"
time=2025-05-31T10:46:53.885-07:00 level=INFO msg="OK   00009_update_timestamps_triggers.sql (1.29ms)"
time=2025-05-31T10:46:53.887-07:00 level=INFO msg="OK   00011_optimize_indexes.sql (1.52ms)"
time=2025-05-31T10:46:53.888-07:00 level=INFO msg="OK   00012_add_heckle_to_users.sql (1.37ms)"
time=2025-05-31T10:46:53.889-07:00 level=INFO msg="OK   00013_drop_user_settings.sql (707.81µs)"
time=2025-05-31T10:46:53.891-07:00 level=INFO msg="OK   00014_add_on_register_to_app.sql (2.14ms)"
time=2025-05-31T10:46:53.893-07:00 level=INFO msg="OK   00015_cookbook_history.sql (1.93ms)"
time=2025-05-31T10:46:53.894-07:00 level=INFO msg="OK   00016_app_history.sql (1.24ms)"
time=2025-05-31T10:46:53.896-07:00 level=INFO msg="OK   00017_permissions_app_api_key.sql (1.94ms)"
time=2025-05-31T10:46:53.898-07:00 level=INFO msg="OK   00018_add_is_mcp_enabled_to_apps.sql (1.46ms)"
time=2025-05-31T10:46:53.898-07:00 level=INFO msg="goose: successfully migrated database to version: 18"
time=2025-05-31T10:46:53.902-07:00 level=INFO msg="OK   00001_seed_data.sql (4.25ms)"
time=2025-05-31T10:46:53.902-07:00 level=INFO msg="goose: up to current file version: 1"
time=2025-05-31T10:46:53.902-07:00 level=INFO msg="user 501 group 20"

   ____    __
  / __/___/ /  ___
 / _// __/ _ \/ _ \
/___/\__/_//_/\___/ v4.12.0
High performance, minimalist Go web framework
https://echo.labstack.com
____________________________________O/_______
                                    O\
⇨ http server started on [::]:15368
time=2025-05-31T10:46:53.944-07:00 level=INFO msg="lemon squid alphabet abcdefghijklmnopqrstuvwxyz0123456789"
time=2025-05-31T10:46:53.947-07:00 level=INFO msg="lemon squid sid 52up"
::1 -  [] "GET / HTTP/1.1" 307 0 "" "Go-http-client/1.1"
time=2025-05-31T10:46:54.948-07:00 level=INFO msg="No settings found for account 1, defaulting to disabled"
time=2025-05-31T10:46:54.948-07:00 level=INFO msg="Warning: Error getting account settings for account 1 in themeMiddleware: sql: no rows in result set. Using default theme."
time=2025-05-31T10:46:54.948-07:00 level=INFO msg=redirIfAuthd
time=2025-05-31T10:46:54.951-07:00 level=INFO msg="lemon squid alphabet abcdefghijklmnopqrstuvwxyz0123456789"
time=2025-05-31T10:46:54.953-07:00 level=INFO msg="lemon squid sid 52up"
time=2025-05-31T10:46:54.955-07:00 level=INFO msg="No account settings found for account_id 1, defaulting registration to disabled."
time=2025-05-31T10:46:54.955-07:00 level=INFO msg="Invalid 'partial' query param value received: \"\". Defaulting to 'false'."
::1 -  [] "GET /lemc/login?account=Account+Alpha&squid=52up HTTP/1.1" 200 34909 "" "Mozilla/5.0 (Macintosh; Intel Mac OS X 10_15_7) AppleWebKit/537.36 (KHTML, like Gecko) HeadlessChrome/136.0.0.0 Safari/537.36"
::1 -  [] "GET /themes/default/public/css/compiled.css?v=ts HTTP/1.1" 200 121051 "http://localhost:15368/lemc/login?account=Account+Alpha&squid=52up" "Mozilla/5.0 (Macintosh; Intel Mac OS X 10_15_7) AppleWebKit/537.36 (KHTML, like Gecko) HeadlessChrome/136.0.0.0 Safari/537.36"
::1 -  [] "GET /themes/default/public/imgs/bg-nav.svg HTTP/1.1" 200 114734 "http://localhost:15368/themes/default/public/css/compiled.css?v=ts" "Mozilla/5.0 (Macintosh; Intel Mac OS X 10_15_7) AppleWebKit/537.36 (KHTML, like Gecko) HeadlessChrome/136.0.0.0 Safari/537.36"
::1 -  [] "GET /themes/default/public/imgs/logo-normal.png HTTP/1.1" 200 250557 "http://localhost:15368/themes/default/public/css/compiled.css?v=ts" "Mozilla/5.0 (Macintosh; Intel Mac OS X 10_15_7) AppleWebKit/537.36 (KHTML, like Gecko) HeadlessChrome/136.0.0.0 Safari/537.36"
::1 -  [] "GET /themes/default/public/imgs/bg.png HTTP/1.1" 200 1608387 "http://localhost:15368/themes/default/public/css/compiled.css?v=ts" "Mozilla/5.0 (Macintosh; Intel Mac OS X 10_15_7) AppleWebKit/537.36 (KHTML, like Gecko) HeadlessChrome/136.0.0.0 Safari/537.36"
::1 -  [] "GET /themes/default/public/imgs/32x32.ico?v=ts HTTP/1.1" 200 4286 "http://localhost:15368/lemc/login?account=Account+Alpha&squid=52up" "Mozilla/5.0 (Macintosh; Intel Mac OS X 10_15_7) AppleWebKit/537.36 (KHTML, like Gecko) HeadlessChrome/136.0.0.0 Safari/537.36"
time=2025-05-31T10:46:56.186-07:00 level=INFO msg="No settings found for account 1, defaulting to disabled"
time=2025-05-31T10:46:56.186-07:00 level=INFO msg="Warning: Error getting account settings for account 1 in themeMiddleware: sql: no rows in result set. Using default theme."
time=2025-05-31T10:46:56.191-07:00 level=INFO msg="GetHeckle: Using account ID 1 from squid parameter '52up'."
time=2025-05-31T10:46:56.191-07:00 level=INFO msg="No settings found for account 1, defaulting to disabled"
time=2025-05-31T10:46:56.191-07:00 level=INFO msg="GetHeckle: No account settings found for account 1. Heckle disabled."
::1 -  [] "GET /heckle?squid=52up HTTP/1.1" 204 0 "http://localhost:15368/lemc/login?account=Account+Alpha&squid=52up" "Mozilla/5.0 (Macintosh; Intel Mac OS X 10_15_7) AppleWebKit/537.36 (KHTML, like Gecko) HeadlessChrome/136.0.0.0 Safari/537.36"
time=2025-05-31T10:46:56.192-07:00 level=INFO msg="No settings found for account 1, defaulting to disabled"
time=2025-05-31T10:46:56.192-07:00 level=INFO msg="Warning: Error getting account settings for account 1 in themeMiddleware: sql: no rows in result set. Using default theme."
time=2025-05-31T10:46:56.441-07:00 level=INFO msg="lemon squid alphabet abcdefghijklmnopqrstuvwxyz0123456789"
time=2025-05-31T10:46:56.443-07:00 level=INFO msg="lemon squid sid 52up"
time=2025-05-31T10:46:56.445-07:00 level=INFO msg="No account settings found for account_id 1, defaulting registration to disabled."
time=2025-05-31T10:46:56.446-07:00 level=INFO msg="lemon squid alphabet abcdefghijklmnopqrstuvwxyz0123456789"
time=2025-05-31T10:46:56.448-07:00 level=INFO msg="lemon squid sid 52up"
::1 -  [] "POST /lemc/login?squid=52up&account=Account%20Alpha HTTP/1.1" 200 17018 "http://localhost:15368/lemc/login?account=Account+Alpha&squid=52up" "Mozilla/5.0 (Macintosh; Intel Mac OS X 10_15_7) AppleWebKit/537.36 (KHTML, like Gecko) HeadlessChrome/136.0.0.0 Safari/537.36"
time=2025-05-31T10:46:56.463-07:00 level=INFO msg="No settings found for account 1, defaulting to disabled"
time=2025-05-31T10:46:56.463-07:00 level=INFO msg="Warning: Error getting account settings for account 1 in themeMiddleware: sql: no rows in result set. Using default theme."
time=2025-05-31T10:46:56.465-07:00 level=INFO msg="No settings found for account 1, defaulting to disabled"
time=2025-05-31T10:46:56.465-07:00 level=INFO msg="Warning: Error getting account settings for account 1 in themeMiddleware: sql: no rows in result set. Using default theme."
time=2025-05-31T10:46:56.466-07:00 level=INFO msg="No settings found for account 1, defaulting to disabled"
time=2025-05-31T10:46:56.466-07:00 level=INFO msg="Warning: Error getting account settings for account 1 in themeMiddleware: sql: no rows in result set. Using default theme."
time=2025-05-31T10:46:56.467-07:00 level=INFO msg="User 1 (Account 1) attempting action requiring ONE OF permissions: [view_app] on path /lemc/app/thumbnail/download/:uuid"
time=2025-05-31T10:46:56.467-07:00 level=INFO msg="Permission GRANTED for user 1 (Account 1) via permission 'view_app' (required one of: [view_app]) on path /lemc/app/thumbnail/download/:uuid"
time=2025-05-31T10:46:56.467-07:00 level=INFO msg="Attempting to fetch thumbnail for app UUID: 0e0ab055ea5f981e525fc728b8c7a704, Account ID: 1"
time=2025-05-31T10:46:56.467-07:00 level=INFO msg="Thumbnail data is empty in app YAML (AppID: 14). Serving default thumbnail."
time=2025-05-31T10:46:56.467-07:00 level=INFO msg="No settings found for account 1, defaulting to disabled"
time=2025-05-31T10:46:56.467-07:00 level=INFO msg="No settings found for account 1, defaulting to disabled"
::1 -  [] "GET /lemc/app/thumbnail/download/0e0ab055ea5f981e525fc728b8c7a704 HTTP/1.1" 200 178135 "http://localhost:15368/lemc/apps" "Mozilla/5.0 (Macintosh; Intel Mac OS X 10_15_7) AppleWebKit/537.36 (KHTML, like Gecko) HeadlessChrome/136.0.0.0 Safari/537.36"
time=2025-05-31T10:46:56.467-07:00 level=INFO msg="Warning: Error getting account settings for account 1 in themeMiddleware: sql: no rows in result set. Using default theme."
time=2025-05-31T10:46:56.467-07:00 level=INFO msg="Warning: Error getting account settings for account 1 in themeMiddleware: sql: no rows in result set. Using default theme."
time=2025-05-31T10:46:56.468-07:00 level=INFO msg="User 1 (Account 1) attempting action requiring ONE OF permissions: [view_app] on path /lemc/app/thumbnail/download/:uuid"
time=2025-05-31T10:46:56.468-07:00 level=INFO msg="Permission GRANTED for user 1 (Account 1) via permission 'view_app' (required one of: [view_app]) on path /lemc/app/thumbnail/download/:uuid"
time=2025-05-31T10:46:56.468-07:00 level=INFO msg="Attempting to fetch thumbnail for app UUID: 58a66a4bd078a8972bfa7c462c390475, Account ID: 1"
time=2025-05-31T10:46:56.468-07:00 level=INFO msg="GetNavtop: Handler called"
time=2025-05-31T10:46:56.468-07:00 level=INFO msg="Thumbnail data is empty in app YAML (AppID: 13). Serving default thumbnail."
::1 -  [] "GET /lemc/app/thumbnail/download/58a66a4bd078a8972bfa7c462c390475 HTTP/1.1" 200 178135 "http://localhost:15368/lemc/apps" "Mozilla/5.0 (Macintosh; Intel Mac OS X 10_15_7) AppleWebKit/537.36 (KHTML, like Gecko) HeadlessChrome/136.0.0.0 Safari/537.36"
time=2025-05-31T10:46:56.470-07:00 level=INFO msg="User 1 (Account 1) attempting action requiring ONE OF permissions: [view_app] on path /lemc/app/thumbnail/download/:uuid"
time=2025-05-31T10:46:56.470-07:00 level=INFO msg="Permission GRANTED for user 1 (Account 1) via permission 'view_app' (required one of: [view_app]) on path /lemc/app/thumbnail/download/:uuid"
time=2025-05-31T10:46:56.470-07:00 level=INFO msg="Attempting to fetch thumbnail for app UUID: 12a3fe51d5f15551fc6b43920d0e9426, Account ID: 1"
time=2025-05-31T10:46:56.470-07:00 level=INFO msg="Thumbnail data is empty in app YAML (AppID: 1). Serving default thumbnail."
::1 -  [] "GET /lemc/app/thumbnail/download/12a3fe51d5f15551fc6b43920d0e9426 HTTP/1.1" 200 178135 "http://localhost:15368/lemc/apps" "Mozilla/5.0 (Macintosh; Intel Mac OS X 10_15_7) AppleWebKit/537.36 (KHTML, like Gecko) HeadlessChrome/136.0.0.0 Safari/537.36"
time=2025-05-31T10:46:56.472-07:00 level=INFO msg="lemon squid alphabet abcdefghijklmnopqrstuvwxyz0123456789"
time=2025-05-31T10:46:56.472-07:00 level=INFO msg="No settings found for account 1, defaulting to disabled"
time=2025-05-31T10:46:56.472-07:00 level=INFO msg="No settings found for account 1, defaulting to disabled"
time=2025-05-31T10:46:56.472-07:00 level=INFO msg="Warning: Error getting account settings for account 1 in themeMiddleware: sql: no rows in result set. Using default theme."
time=2025-05-31T10:46:56.472-07:00 level=INFO msg="Warning: Error getting account settings for account 1 in themeMiddleware: sql: no rows in result set. Using default theme."
time=2025-05-31T10:46:56.472-07:00 level=INFO msg="User 1 (Account 1) attempting action requiring ONE OF permissions: [view_app] on path /lemc/app/thumbnail/download/:uuid"
time=2025-05-31T10:46:56.472-07:00 level=INFO msg="Permission GRANTED for user 1 (Account 1) via permission 'view_app' (required one of: [view_app]) on path /lemc/app/thumbnail/download/:uuid"
time=2025-05-31T10:46:56.472-07:00 level=INFO msg="Attempting to fetch thumbnail for app UUID: c6802d79a34f36a60da08a07fa5a8fc9, Account ID: 1"
time=2025-05-31T10:46:56.472-07:00 level=INFO msg="Thumbnail data is empty in app YAML (AppID: 3). Serving default thumbnail."
time=2025-05-31T10:46:56.472-07:00 level=INFO msg="No settings found for account 1, defaulting to disabled"
time=2025-05-31T10:46:56.472-07:00 level=INFO msg="No settings found for account 1, defaulting to disabled"
time=2025-05-31T10:46:56.472-07:00 level=INFO msg="Warning: Error getting account settings for account 1 in themeMiddleware: sql: no rows in result set. Using default theme."
time=2025-05-31T10:46:56.472-07:00 level=INFO msg="User 1 (Account 1) attempting action requiring ONE OF permissions: [view_app] on path /lemc/app/thumbnail/download/:uuid"
time=2025-05-31T10:46:56.472-07:00 level=INFO msg="Warning: Error getting account settings for account 1 in themeMiddleware: sql: no rows in result set. Using default theme."
::1 -  [] "GET /lemc/app/thumbnail/download/c6802d79a34f36a60da08a07fa5a8fc9 HTTP/1.1" 200 178135 "http://localhost:15368/lemc/apps" "Mozilla/5.0 (Macintosh; Intel Mac OS X 10_15_7) AppleWebKit/537.36 (KHTML, like Gecko) HeadlessChrome/136.0.0.0 Safari/537.36"
time=2025-05-31T10:46:56.473-07:00 level=INFO msg="Permission GRANTED for user 1 (Account 1) via permission 'view_app' (required one of: [view_app]) on path /lemc/app/thumbnail/download/:uuid"
time=2025-05-31T10:46:56.473-07:00 level=INFO msg="Attempting to fetch thumbnail for app UUID: 1a1a88fd009af07cbec9b5bbfd69583d, Account ID: 1"
time=2025-05-31T10:46:56.473-07:00 level=INFO msg="Thumbnail data is empty in app YAML (AppID: 6). Serving default thumbnail."
time=2025-05-31T10:46:56.473-07:00 level=INFO msg="User 1 (Account 1) attempting action requiring ONE OF permissions: [view_app] on path /lemc/app/thumbnail/download/:uuid"
::1 -  [] "GET /lemc/app/thumbnail/download/1a1a88fd009af07cbec9b5bbfd69583d HTTP/1.1" 200 178135 "http://localhost:15368/lemc/apps" "Mozilla/5.0 (Macintosh; Intel Mac OS X 10_15_7) AppleWebKit/537.36 (KHTML, like Gecko) HeadlessChrome/136.0.0.0 Safari/537.36"
time=2025-05-31T10:46:56.473-07:00 level=INFO msg="Permission GRANTED for user 1 (Account 1) via permission 'view_app' (required one of: [view_app]) on path /lemc/app/thumbnail/download/:uuid"
time=2025-05-31T10:46:56.473-07:00 level=INFO msg="Attempting to fetch thumbnail for app UUID: d7d64c75cf15467298652e76b9f66780, Account ID: 1"
time=2025-05-31T10:46:56.473-07:00 level=INFO msg="Thumbnail data is empty in app YAML (AppID: 15). Serving default thumbnail."
time=2025-05-31T10:46:56.473-07:00 level=INFO msg="User 1 (Account 1) attempting action requiring ONE OF permissions: [view_app] on path /lemc/app/thumbnail/download/:uuid"
::1 -  [] "GET /lemc/app/thumbnail/download/d7d64c75cf15467298652e76b9f66780 HTTP/1.1" 200 178135 "http://localhost:15368/lemc/apps" "Mozilla/5.0 (Macintosh; Intel Mac OS X 10_15_7) AppleWebKit/537.36 (KHTML, like Gecko) HeadlessChrome/136.0.0.0 Safari/537.36"
time=2025-05-31T10:46:56.474-07:00 level=INFO msg="Permission GRANTED for user 1 (Account 1) via permission 'view_app' (required one of: [view_app]) on path /lemc/app/thumbnail/download/:uuid"
time=2025-05-31T10:46:56.474-07:00 level=INFO msg="Attempting to fetch thumbnail for app UUID: f98125df95b2c645c769d39957138eda, Account ID: 1"
time=2025-05-31T10:46:56.474-07:00 level=INFO msg="Thumbnail data is empty in app YAML (AppID: 16). Serving default thumbnail."
::1 -  [] "GET /lemc/app/thumbnail/download/f98125df95b2c645c769d39957138eda HTTP/1.1" 200 178135 "http://localhost:15368/lemc/apps" "Mozilla/5.0 (Macintosh; Intel Mac OS X 10_15_7) AppleWebKit/537.36 (KHTML, like Gecko) HeadlessChrome/136.0.0.0 Safari/537.36"
time=2025-05-31T10:46:56.475-07:00 level=INFO msg="No settings found for account 1, defaulting to disabled"
time=2025-05-31T10:46:56.475-07:00 level=INFO msg="Warning: Error getting account settings for account 1 in themeMiddleware: sql: no rows in result set. Using default theme."
time=2025-05-31T10:46:56.476-07:00 level=INFO msg="User 1 (Account 1) attempting action requiring ONE OF permissions: [view_app] on path /lemc/app/thumbnail/download/:uuid"
time=2025-05-31T10:46:56.476-07:00 level=INFO msg="lemon squid sid 52up"
time=2025-05-31T10:46:56.476-07:00 level=INFO msg="GetNavtop: section='apps', subnav=''"
time=2025-05-31T10:46:56.476-07:00 level=INFO msg="Permission GRANTED for user 1 (Account 1) via permission 'view_app' (required one of: [view_app]) on path /lemc/app/thumbnail/download/:uuid"
time=2025-05-31T10:46:56.476-07:00 level=INFO msg="GetNavtop: Final section='apps', subnav=''"
time=2025-05-31T10:46:56.476-07:00 level=INFO msg="Attempting to fetch thumbnail for app UUID: 5e91d1b9f1806a222b779b49f0a50eeb, Account ID: 1"
time=2025-05-31T10:46:56.476-07:00 level=INFO msg="Thumbnail data is empty in app YAML (AppID: 7). Serving default thumbnail."
::1 -  [] "GET /lemc/app/thumbnail/download/5e91d1b9f1806a222b779b49f0a50eeb HTTP/1.1" 200 178135 "http://localhost:15368/lemc/apps" "Mozilla/5.0 (Macintosh; Intel Mac OS X 10_15_7) AppleWebKit/537.36 (KHTML, like Gecko) HeadlessChrome/136.0.0.0 Safari/537.36"
time=2025-05-31T10:46:56.477-07:00 level=INFO msg="No settings found for account 1, defaulting to disabled"
time=2025-05-31T10:46:56.477-07:00 level=INFO msg="Warning: Error getting account settings for account 1 in themeMiddleware: sql: no rows in result set. Using default theme."
time=2025-05-31T10:46:56.477-07:00 level=INFO msg="No settings found for account 1, defaulting to disabled"
time=2025-05-31T10:46:56.477-07:00 level=INFO msg="Warning: Error getting account settings for account 1 in themeMiddleware: sql: no rows in result set. Using default theme."
time=2025-05-31T10:46:56.478-07:00 level=INFO msg="User 1 (Account 1) attempting action requiring ONE OF permissions: [view_app] on path /lemc/app/thumbnail/download/:uuid"
time=2025-05-31T10:46:56.478-07:00 level=INFO msg="Permission GRANTED for user 1 (Account 1) via permission 'view_app' (required one of: [view_app]) on path /lemc/app/thumbnail/download/:uuid"
time=2025-05-31T10:46:56.478-07:00 level=INFO msg="Attempting to fetch thumbnail for app UUID: b021ee8630aa83e45858e6ac6d254c1c, Account ID: 1"
time=2025-05-31T10:46:56.478-07:00 level=INFO msg="User 1 (Account 1) attempting action requiring ONE OF permissions: [view_app] on path /lemc/app/thumbnail/download/:uuid"
time=2025-05-31T10:46:56.478-07:00 level=INFO msg="Thumbnail data is empty in app YAML (AppID: 8). Serving default thumbnail."
time=2025-05-31T10:46:56.478-07:00 level=INFO msg="Permission GRANTED for user 1 (Account 1) via permission 'view_app' (required one of: [view_app]) on path /lemc/app/thumbnail/download/:uuid"
time=2025-05-31T10:46:56.478-07:00 level=INFO msg="Attempting to fetch thumbnail for app UUID: fa7c7bed2f451e4cc269eb015e968599, Account ID: 1"
::1 -  [] "GET /lemc/app/thumbnail/download/b021ee8630aa83e45858e6ac6d254c1c HTTP/1.1" 200 178135 "http://localhost:15368/lemc/apps" "Mozilla/5.0 (Macintosh; Intel Mac OS X 10_15_7) AppleWebKit/537.36 (KHTML, like Gecko) HeadlessChrome/136.0.0.0 Safari/537.36"
time=2025-05-31T10:46:56.478-07:00 level=INFO msg="Thumbnail data is empty in app YAML (AppID: 9). Serving default thumbnail."
::1 -  [] "GET /lemc/app/thumbnail/download/fa7c7bed2f451e4cc269eb015e968599 HTTP/1.1" 200 178135 "http://localhost:15368/lemc/apps" "Mozilla/5.0 (Macintosh; Intel Mac OS X 10_15_7) AppleWebKit/537.36 (KHTML, like Gecko) HeadlessChrome/136.0.0.0 Safari/537.36"
time=2025-05-31T10:46:56.480-07:00 level=INFO msg="No account settings found for account_id 1, defaulting registration to disabled."
::1 -  [] "GET /navtop?squid=52up&account=Account%20Alpha&section=apps&subnav= HTTP/1.1" 200 9542 "http://localhost:15368/lemc/apps" "Mozilla/5.0 (Macintosh; Intel Mac OS X 10_15_7) AppleWebKit/537.36 (KHTML, like Gecko) HeadlessChrome/136.0.0.0 Safari/537.36"
time=2025-05-31T10:46:59.273-07:00 level=INFO msg="No settings found for account 1, defaulting to disabled"
time=2025-05-31T10:46:59.274-07:00 level=INFO msg="Warning: Error getting account settings for account 1 in themeMiddleware: sql: no rows in result set. Using default theme."
time=2025-05-31T10:46:59.274-07:00 level=INFO msg="User 1 (Account 1) attempting action requiring ONE OF permissions: [view_cookbook, admin_account, admin_system] on path /lemc/cookbooks"
time=2025-05-31T10:46:59.274-07:00 level=INFO msg="Permission GRANTED for user 1 (Account 1) via permission 'view_cookbook' (required one of: [view_cookbook, admin_account, admin_system]) on path /lemc/cookbooks"
time=2025-05-31T10:46:59.274-07:00 level=INFO msg="lemon squid alphabet abcdefghijklmnopqrstuvwxyz0123456789"
time=2025-05-31T10:46:59.276-07:00 level=INFO msg="lemon squid sid 52up"
time=2025-05-31T10:46:59.278-07:00 level=INFO msg="No account settings found for account_id 1, defaulting registration to disabled."
::1 -  [] "GET /lemc/cookbooks HTTP/1.1" 200 55713 "" "Mozilla/5.0 (Macintosh; Intel Mac OS X 10_15_7) AppleWebKit/537.36 (KHTML, like Gecko) HeadlessChrome/136.0.0.0 Safari/537.36"
time=2025-05-31T10:46:59.285-07:00 level=INFO msg="No settings found for account 1, defaulting to disabled"
time=2025-05-31T10:46:59.285-07:00 level=INFO msg="Warning: Error getting account settings for account 1 in themeMiddleware: sql: no rows in result set. Using default theme."
time=2025-05-31T10:46:59.285-07:00 level=INFO msg="No settings found for account 1, defaulting to disabled"
time=2025-05-31T10:46:59.285-07:00 level=INFO msg="Warning: Error getting account settings for account 1 in themeMiddleware: sql: no rows in result set. Using default theme."
time=2025-05-31T10:46:59.286-07:00 level=INFO msg="No settings found for account 1, defaulting to disabled"
time=2025-05-31T10:46:59.286-07:00 level=INFO msg="Warning: Error getting account settings for account 1 in themeMiddleware: sql: no rows in result set. Using default theme."
::1 -  [] "GET /themes/default/public/css/compiled.css?v=ts HTTP/1.1" 304 0 "http://localhost:15368/lemc/cookbooks" "Mozilla/5.0 (Macintosh; Intel Mac OS X 10_15_7) AppleWebKit/537.36 (KHTML, like Gecko) HeadlessChrome/136.0.0.0 Safari/537.36"
time=2025-05-31T10:46:59.286-07:00 level=INFO msg="User 1 (Account 1) attempting action requiring ONE OF permissions: [view_cookbook, admin_account] on path /lemc/cookbook/thumbnail/download/:uuid"
time=2025-05-31T10:46:59.286-07:00 level=INFO msg="Permission GRANTED for user 1 (Account 1) via permission 'view_cookbook' (required one of: [view_cookbook, admin_account]) on path /lemc/cookbook/thumbnail/download/:uuid"
time=2025-05-31T10:46:59.286-07:00 level=INFO msg="User 1 (Account 1) attempting action requiring ONE OF permissions: [view_cookbook, admin_account] on path /lemc/cookbook/thumbnail/download/:uuid"
time=2025-05-31T10:46:59.286-07:00 level=INFO msg="Permission GRANTED for user 1 (Account 1) via permission 'view_cookbook' (required one of: [view_cookbook, admin_account]) on path /lemc/cookbook/thumbnail/download/:uuid"
::1 -  [] "GET /lemc/cookbook/thumbnail/download/33be6dc7b519889fde7b8195d7231c0d?ts=0000000000 HTTP/1.1" 200 178135 "http://localhost:15368/lemc/cookbooks" "Mozilla/5.0 (Macintosh; Intel Mac OS X 10_15_7) AppleWebKit/537.36 (KHTML, like Gecko) HeadlessChrome/136.0.0.0 Safari/537.36"
::1 -  [] "GET /lemc/cookbook/thumbnail/download/2f1c3f4ebdc71cf3f84d3b4e5e75724e?ts=0000000000 HTTP/1.1" 200 178135 "http://localhost:15368/lemc/cookbooks" "Mozilla/5.0 (Macintosh; Intel Mac OS X 10_15_7) AppleWebKit/537.36 (KHTML, like Gecko) HeadlessChrome/136.0.0.0 Safari/537.36"
time=2025-05-31T10:46:59.291-07:00 level=INFO msg="No settings found for account 1, defaulting to disabled"
time=2025-05-31T10:46:59.291-07:00 level=INFO msg="Warning: Error getting account settings for account 1 in themeMiddleware: sql: no rows in result set. Using default theme."
time=2025-05-31T10:46:59.291-07:00 level=INFO msg="No settings found for account 1, defaulting to disabled"
time=2025-05-31T10:46:59.291-07:00 level=INFO msg="Warning: Error getting account settings for account 1 in themeMiddleware: sql: no rows in result set. Using default theme."
time=2025-05-31T10:46:59.291-07:00 level=INFO msg="User 1 (Account 1) attempting action requiring ONE OF permissions: [view_cookbook, admin_account] on path /lemc/cookbook/thumbnail/download/:uuid"
time=2025-05-31T10:46:59.292-07:00 level=INFO msg="Permission GRANTED for user 1 (Account 1) via permission 'view_cookbook' (required one of: [view_cookbook, admin_account]) on path /lemc/cookbook/thumbnail/download/:uuid"
time=2025-05-31T10:46:59.292-07:00 level=INFO msg="User 1 (Account 1) attempting action requiring ONE OF permissions: [view_cookbook, admin_account] on path /lemc/cookbook/thumbnail/download/:uuid"
time=2025-05-31T10:46:59.292-07:00 level=INFO msg="Permission GRANTED for user 1 (Account 1) via permission 'view_cookbook' (required one of: [view_cookbook, admin_account]) on path /lemc/cookbook/thumbnail/download/:uuid"
::1 -  [] "GET /lemc/cookbook/thumbnail/download/c509e8d6823984d114b132183a937df8?ts=0000000000 HTTP/1.1" 200 178135 "http://localhost:15368/lemc/cookbooks" "Mozilla/5.0 (Macintosh; Intel Mac OS X 10_15_7) AppleWebKit/537.36 (KHTML, like Gecko) HeadlessChrome/136.0.0.0 Safari/537.36"
::1 -  [] "GET /lemc/cookbook/thumbnail/download/dc7ae2103ddf11e57bb4255d69cb2a4f?ts=0000000000 HTTP/1.1" 200 178135 "http://localhost:15368/lemc/cookbooks" "Mozilla/5.0 (Macintosh; Intel Mac OS X 10_15_7) AppleWebKit/537.36 (KHTML, like Gecko) HeadlessChrome/136.0.0.0 Safari/537.36"
time=2025-05-31T10:46:59.295-07:00 level=INFO msg="No settings found for account 1, defaulting to disabled"
time=2025-05-31T10:46:59.295-07:00 level=INFO msg="No settings found for account 1, defaulting to disabled"
time=2025-05-31T10:46:59.296-07:00 level=INFO msg="Warning: Error getting account settings for account 1 in themeMiddleware: sql: no rows in result set. Using default theme."
time=2025-05-31T10:46:59.296-07:00 level=INFO msg="Warning: Error getting account settings for account 1 in themeMiddleware: sql: no rows in result set. Using default theme."
time=2025-05-31T10:46:59.296-07:00 level=INFO msg="No settings found for account 1, defaulting to disabled"
time=2025-05-31T10:46:59.296-07:00 level=INFO msg="Warning: Error getting account settings for account 1 in themeMiddleware: sql: no rows in result set. Using default theme."
time=2025-05-31T10:46:59.296-07:00 level=INFO msg="No settings found for account 1, defaulting to disabled"
time=2025-05-31T10:46:59.296-07:00 level=INFO msg="Warning: Error getting account settings for account 1 in themeMiddleware: sql: no rows in result set. Using default theme."
time=2025-05-31T10:46:59.296-07:00 level=INFO msg="User 1 (Account 1) attempting action requiring ONE OF permissions: [view_cookbook, admin_account] on path /lemc/cookbook/thumbnail/download/:uuid"
time=2025-05-31T10:46:59.296-07:00 level=INFO msg="Permission GRANTED for user 1 (Account 1) via permission 'view_cookbook' (required one of: [view_cookbook, admin_account]) on path /lemc/cookbook/thumbnail/download/:uuid"
time=2025-05-31T10:46:59.296-07:00 level=INFO msg="User 1 (Account 1) attempting action requiring ONE OF permissions: [view_cookbook, admin_account] on path /lemc/cookbook/thumbnail/download/:uuid"
time=2025-05-31T10:46:59.296-07:00 level=INFO msg="Permission GRANTED for user 1 (Account 1) via permission 'view_cookbook' (required one of: [view_cookbook, admin_account]) on path /lemc/cookbook/thumbnail/download/:uuid"
::1 -  [] "GET /lemc/cookbook/thumbnail/download/c414d0595de141da1a1a621d8681a828?ts=0000000000 HTTP/1.1" 200 178135 "http://localhost:15368/lemc/cookbooks" "Mozilla/5.0 (Macintosh; Intel Mac OS X 10_15_7) AppleWebKit/537.36 (KHTML, like Gecko) HeadlessChrome/136.0.0.0 Safari/537.36"
time=2025-05-31T10:46:59.297-07:00 level=INFO msg="User 1 (Account 1) attempting action requiring ONE OF permissions: [view_cookbook, admin_account] on path /lemc/cookbook/thumbnail/download/:uuid"
::1 -  [] "GET /lemc/cookbook/thumbnail/download/e07390fa0014b2aeca2c7a3dbf1e64a4?ts=0000000000 HTTP/1.1" 200 178135 "http://localhost:15368/lemc/cookbooks" "Mozilla/5.0 (Macintosh; Intel Mac OS X 10_15_7) AppleWebKit/537.36 (KHTML, like Gecko) HeadlessChrome/136.0.0.0 Safari/537.36"
time=2025-05-31T10:46:59.297-07:00 level=INFO msg="User 1 (Account 1) attempting action requiring ONE OF permissions: [view_cookbook, admin_account] on path /lemc/cookbook/thumbnail/download/:uuid"
time=2025-05-31T10:46:59.297-07:00 level=INFO msg="Permission GRANTED for user 1 (Account 1) via permission 'view_cookbook' (required one of: [view_cookbook, admin_account]) on path /lemc/cookbook/thumbnail/download/:uuid"
time=2025-05-31T10:46:59.297-07:00 level=INFO msg="Permission GRANTED for user 1 (Account 1) via permission 'view_cookbook' (required one of: [view_cookbook, admin_account]) on path /lemc/cookbook/thumbnail/download/:uuid"
time=2025-05-31T10:46:59.298-07:00 level=INFO msg="No settings found for account 1, defaulting to disabled"
time=2025-05-31T10:46:59.298-07:00 level=INFO msg="Warning: Error getting account settings for account 1 in themeMiddleware: sql: no rows in result set. Using default theme."
::1 -  [] "GET /lemc/cookbook/thumbnail/download/36183b483e01ae5d63c23e57e293e935?ts=0000000000 HTTP/1.1" 200 178135 "http://localhost:15368/lemc/cookbooks" "Mozilla/5.0 (Macintosh; Intel Mac OS X 10_15_7) AppleWebKit/537.36 (KHTML, like Gecko) HeadlessChrome/136.0.0.0 Safari/537.36"
::1 -  [] "GET /lemc/cookbook/thumbnail/download/95b9f286072b1ce985c9a06cddd1c7f3?ts=0000000000 HTTP/1.1" 200 178135 "http://localhost:15368/lemc/cookbooks" "Mozilla/5.0 (Macintosh; Intel Mac OS X 10_15_7) AppleWebKit/537.36 (KHTML, like Gecko) HeadlessChrome/136.0.0.0 Safari/537.36"
time=2025-05-31T10:46:59.299-07:00 level=INFO msg="User 1 (Account 1) attempting action requiring ONE OF permissions: [view_cookbook, admin_account] on path /lemc/cookbook/thumbnail/download/:uuid"
time=2025-05-31T10:46:59.299-07:00 level=INFO msg="Permission GRANTED for user 1 (Account 1) via permission 'view_cookbook' (required one of: [view_cookbook, admin_account]) on path /lemc/cookbook/thumbnail/download/:uuid"
::1 -  [] "GET /lemc/cookbook/thumbnail/download/cd79a4d16b3f629a51a9703d537bfc77?ts=0000000000 HTTP/1.1" 200 178135 "http://localhost:15368/lemc/cookbooks" "Mozilla/5.0 (Macintosh; Intel Mac OS X 10_15_7) AppleWebKit/537.36 (KHTML, like Gecko) HeadlessChrome/136.0.0.0 Safari/537.36"
time=2025-05-31T10:46:59.299-07:00 level=INFO msg="No settings found for account 1, defaulting to disabled"
time=2025-05-31T10:46:59.299-07:00 level=INFO msg="Warning: Error getting account settings for account 1 in themeMiddleware: sql: no rows in result set. Using default theme."
time=2025-05-31T10:46:59.300-07:00 level=INFO msg="User 1 (Account 1) attempting action requiring ONE OF permissions: [view_cookbook, admin_account] on path /lemc/cookbook/thumbnail/download/:uuid"
time=2025-05-31T10:46:59.300-07:00 level=INFO msg="Permission GRANTED for user 1 (Account 1) via permission 'view_cookbook' (required one of: [view_cookbook, admin_account]) on path /lemc/cookbook/thumbnail/download/:uuid"
::1 -  [] "GET /lemc/cookbook/thumbnail/download/a27326cf567755debf7a7606e215116e?ts=0000000000 HTTP/1.1" 200 178135 "http://localhost:15368/lemc/cookbooks" "Mozilla/5.0 (Macintosh; Intel Mac OS X 10_15_7) AppleWebKit/537.36 (KHTML, like Gecko) HeadlessChrome/136.0.0.0 Safari/537.36"
time=2025-05-31T10:46:59.303-07:00 level=INFO msg="No settings found for account 1, defaulting to disabled"
time=2025-05-31T10:46:59.303-07:00 level=INFO msg="Warning: Error getting account settings for account 1 in themeMiddleware: sql: no rows in result set. Using default theme."
time=2025-05-31T10:46:59.303-07:00 level=INFO msg="No settings found for account 1, defaulting to disabled"
time=2025-05-31T10:46:59.303-07:00 level=INFO msg="Warning: Error getting account settings for account 1 in themeMiddleware: sql: no rows in result set. Using default theme."
time=2025-05-31T10:46:59.303-07:00 level=INFO msg="No settings found for account 1, defaulting to disabled"
time=2025-05-31T10:46:59.303-07:00 level=INFO msg="Warning: Error getting account settings for account 1 in themeMiddleware: sql: no rows in result set. Using default theme."
::1 -  [] "GET /themes/default/public/imgs/logo-normal.png HTTP/1.1" 304 0 "http://localhost:15368/themes/default/public/css/compiled.css?v=ts" "Mozilla/5.0 (Macintosh; Intel Mac OS X 10_15_7) AppleWebKit/537.36 (KHTML, like Gecko) HeadlessChrome/136.0.0.0 Safari/537.36"
::1 -  [] "GET /themes/default/public/imgs/bg-nav.svg HTTP/1.1" 304 0 "http://localhost:15368/themes/default/public/css/compiled.css?v=ts" "Mozilla/5.0 (Macintosh; Intel Mac OS X 10_15_7) AppleWebKit/537.36 (KHTML, like Gecko) HeadlessChrome/136.0.0.0 Safari/537.36"
::1 -  [] "GET /themes/default/public/imgs/bg.png HTTP/1.1" 304 0 "http://localhost:15368/themes/default/public/css/compiled.css?v=ts" "Mozilla/5.0 (Macintosh; Intel Mac OS X 10_15_7) AppleWebKit/537.36 (KHTML, like Gecko) HeadlessChrome/136.0.0.0 Safari/537.36"
time=2025-05-31T10:46:59.322-07:00 level=INFO msg="No settings found for account 1, defaulting to disabled"
time=2025-05-31T10:46:59.322-07:00 level=INFO msg="Warning: Error getting account settings for account 1 in themeMiddleware: sql: no rows in result set. Using default theme."
time=2025-05-31T10:46:59.322-07:00 level=INFO msg="Creating websocket client for user 1"
::1 -  [] "GET /ws HTTP/1.1" 200 0 "" "Mozilla/5.0 (Macintosh; Intel Mac OS X 10_15_7) AppleWebKit/537.36 (KHTML, like Gecko) HeadlessChrome/136.0.0.0 Safari/537.36"
time=2025-05-31T10:47:01.418-07:00 level=INFO msg="No settings found for account 1, defaulting to disabled"
time=2025-05-31T10:47:01.418-07:00 level=INFO msg="Warning: Error getting account settings for account 1 in themeMiddleware: sql: no rows in result set. Using default theme."
time=2025-05-31T10:47:01.418-07:00 level=INFO msg="User 1 (Account 1) attempting action requiring ONE OF permissions: [admin_account] on path /lemc/account/jobs"
time=2025-05-31T10:47:01.418-07:00 level=INFO msg="Permission GRANTED for user 1 (Account 1) via permission 'admin_account' (required one of: [admin_account]) on path /lemc/account/jobs"
time=2025-05-31T10:47:01.418-07:00 level=INFO msg="No account settings found for account_id 1, defaulting registration to disabled."
::1 -  [] "GET /lemc/account/jobs HTTP/1.1" 200 43728 "" "Mozilla/5.0 (Macintosh; Intel Mac OS X 10_15_7) AppleWebKit/537.36 (KHTML, like Gecko) HeadlessChrome/136.0.0.0 Safari/537.36"
time=2025-05-31T10:47:01.424-07:00 level=INFO msg="No settings found for account 1, defaulting to disabled"
time=2025-05-31T10:47:01.424-07:00 level=INFO msg="Warning: Error getting account settings for account 1 in themeMiddleware: sql: no rows in result set. Using default theme."
::1 -  [] "GET /themes/default/public/css/compiled.css?v=ts HTTP/1.1" 304 0 "http://localhost:15368/lemc/account/jobs" "Mozilla/5.0 (Macintosh; Intel Mac OS X 10_15_7) AppleWebKit/537.36 (KHTML, like Gecko) HeadlessChrome/136.0.0.0 Safari/537.36"
time=2025-05-31T10:47:01.437-07:00 level=INFO msg="No settings found for account 1, defaulting to disabled"
time=2025-05-31T10:47:01.437-07:00 level=INFO msg="Warning: Error getting account settings for account 1 in themeMiddleware: sql: no rows in result set. Using default theme."
time=2025-05-31T10:47:01.437-07:00 level=INFO msg="Creating websocket client for user 1"
::1 -  [] "GET /ws HTTP/1.1" 200 0 "" "Mozilla/5.0 (Macintosh; Intel Mac OS X 10_15_7) AppleWebKit/537.36 (KHTML, like Gecko) HeadlessChrome/136.0.0.0 Safari/537.36"
time=2025-05-31T10:47:01.442-07:00 level=INFO msg="No settings found for account 1, defaulting to disabled"
time=2025-05-31T10:47:01.442-07:00 level=INFO msg="No settings found for account 1, defaulting to disabled"
time=2025-05-31T10:47:01.442-07:00 level=INFO msg="Warning: Error getting account settings for account 1 in themeMiddleware: sql: no rows in result set. Using default theme."
time=2025-05-31T10:47:01.442-07:00 level=INFO msg="Warning: Error getting account settings for account 1 in themeMiddleware: sql: no rows in result set. Using default theme."
::1 -  [] "GET /themes/default/public/imgs/logo-normal.png HTTP/1.1" 304 0 "http://localhost:15368/themes/default/public/css/compiled.css?v=ts" "Mozilla/5.0 (Macintosh; Intel Mac OS X 10_15_7) AppleWebKit/537.36 (KHTML, like Gecko) HeadlessChrome/136.0.0.0 Safari/537.36"
::1 -  [] "GET /themes/default/public/imgs/bg-nav.svg HTTP/1.1" 304 0 "http://localhost:15368/themes/default/public/css/compiled.css?v=ts" "Mozilla/5.0 (Macintosh; Intel Mac OS X 10_15_7) AppleWebKit/537.36 (KHTML, like Gecko) HeadlessChrome/136.0.0.0 Safari/537.36"
time=2025-05-31T10:47:01.444-07:00 level=INFO msg="No settings found for account 1, defaulting to disabled"
time=2025-05-31T10:47:01.444-07:00 level=INFO msg="Warning: Error getting account settings for account 1 in themeMiddleware: sql: no rows in result set. Using default theme."
::1 -  [] "GET /themes/default/public/imgs/bg.png HTTP/1.1" 304 0 "http://localhost:15368/themes/default/public/css/compiled.css?v=ts" "Mozilla/5.0 (Macintosh; Intel Mac OS X 10_15_7) AppleWebKit/537.36 (KHTML, like Gecko) HeadlessChrome/136.0.0.0 Safari/537.36"
    timeout.go:184: Test TestJobStatusUpdate: completed (failed=false)
    timeout.go:145: Test TestJobStatusUpdate: cleaning up (failed=false)
Test passed, cleaning up resources for instance f16llzvc
--- PASS: TestJobStatusUpdate (10.97s)
=== RUN   TestJobStatusPolling
    timeout.go:117: Test TestJobStatusPolling: calculated timeout 30s
2025/05/31 10:47:04 RepoRoot: /Users/jf/src/jfolkins/lemc/letemcook-private
    timeout.go:125: Test TestJobStatusPolling: created instance r7i0ffpl on port 15369
2025/05/31 10:47:04 RepoRoot: /Users/jf/src/jfolkins/lemc/letemcook-private
time=2025-05-31T10:47:04.811-07:00 level=INFO msg="folder created successfully: /Users/jf/src/jfolkins/lemc/letemcook-private/tests/data/test-r7i0ffpl/test/sessions"
time=2025-05-31T10:47:04.842-07:00 level=INFO msg="Successfully dumped all assets to: /Users/jf/src/jfolkins/lemc/letemcook-private/tests/data/test-r7i0ffpl/test/assets"
time=2025-05-31T10:47:04.843-07:00 level=INFO msg="🚀 Connected Successfully to the Database"
time=2025-05-31T10:47:04.845-07:00 level=INFO msg="OK   00001_accounts.sql (1.07ms)"
time=2025-05-31T10:47:04.848-07:00 level=INFO msg="OK   00002_users.sql (1.14ms)"
time=2025-05-31T10:47:04.850-07:00 level=INFO msg="OK   00003_cookbooks.sql (1.22ms)"
time=2025-05-31T10:47:04.851-07:00 level=INFO msg="OK   00004_apps.sql (1.06ms)"
time=2025-05-31T10:47:04.852-07:00 level=INFO msg="OK   00005_configurations.sql (927.78µs)"
time=2025-05-31T10:47:04.854-07:00 level=INFO msg="OK   00006_permissions_joins.sql (2.64ms)"
time=2025-05-31T10:47:04.856-07:00 level=INFO msg="OK   00007_account_settings.sql (1.39ms)"
time=2025-05-31T10:47:04.857-07:00 level=INFO msg="OK   00008_update_cookbook_timestamp.sql (875.18µs)"
time=2025-05-31T10:47:04.858-07:00 level=INFO msg="OK   00009_update_timestamps_triggers.sql (1.66ms)"
time=2025-05-31T10:47:04.861-07:00 level=INFO msg="OK   00011_optimize_indexes.sql (2.55ms)"
time=2025-05-31T10:47:04.863-07:00 level=INFO msg="OK   00012_add_heckle_to_users.sql (1.57ms)"
time=2025-05-31T10:47:04.863-07:00 level=INFO msg="OK   00013_drop_user_settings.sql (768.63µs)"
time=2025-05-31T10:47:04.865-07:00 level=INFO msg="OK   00014_add_on_register_to_app.sql (1.47ms)"
time=2025-05-31T10:47:04.866-07:00 level=INFO msg="OK   00015_cookbook_history.sql (1.09ms)"
time=2025-05-31T10:47:04.867-07:00 level=INFO msg="OK   00016_app_history.sql (1.41ms)"
time=2025-05-31T10:47:04.869-07:00 level=INFO msg="OK   00017_permissions_app_api_key.sql (1.48ms)"
time=2025-05-31T10:47:04.870-07:00 level=INFO msg="OK   00018_add_is_mcp_enabled_to_apps.sql (1.3ms)"
time=2025-05-31T10:47:04.870-07:00 level=INFO msg="goose: successfully migrated database to version: 18"
time=2025-05-31T10:47:04.875-07:00 level=INFO msg="OK   00001_seed_data.sql (4.73ms)"
time=2025-05-31T10:47:04.875-07:00 level=INFO msg="goose: up to current file version: 1"
time=2025-05-31T10:47:04.875-07:00 level=INFO msg="user 501 group 20"

   ____    __
  / __/___/ /  ___
 / _// __/ _ \/ _ \
/___/\__/_//_/\___/ v4.12.0
High performance, minimalist Go web framework
https://echo.labstack.com
____________________________________O/_______
                                    O\
⇨ http server started on [::]:15369
time=2025-05-31T10:47:04.909-07:00 level=INFO msg="lemon squid alphabet abcdefghijklmnopqrstuvwxyz0123456789"
time=2025-05-31T10:47:04.912-07:00 level=INFO msg="lemon squid sid 52up"
::1 -  [] "GET / HTTP/1.1" 307 0 "" "Go-http-client/1.1"
time=2025-05-31T10:47:05.924-07:00 level=INFO msg="No settings found for account 1, defaulting to disabled"
time=2025-05-31T10:47:05.924-07:00 level=INFO msg="Warning: Error getting account settings for account 1 in themeMiddleware: sql: no rows in result set. Using default theme."
time=2025-05-31T10:47:05.925-07:00 level=INFO msg=redirIfAuthd
time=2025-05-31T10:47:05.927-07:00 level=INFO msg="lemon squid alphabet abcdefghijklmnopqrstuvwxyz0123456789"
time=2025-05-31T10:47:05.930-07:00 level=INFO msg="lemon squid sid 52up"
time=2025-05-31T10:47:05.933-07:00 level=INFO msg="No account settings found for account_id 1, defaulting registration to disabled."
time=2025-05-31T10:47:05.933-07:00 level=INFO msg="Invalid 'partial' query param value received: \"\". Defaulting to 'false'."
::1 -  [] "GET /lemc/login?account=Account+Alpha&squid=52up HTTP/1.1" 200 34909 "" "Mozilla/5.0 (Macintosh; Intel Mac OS X 10_15_7) AppleWebKit/537.36 (KHTML, like Gecko) HeadlessChrome/136.0.0.0 Safari/537.36"
::1 -  [] "GET /themes/default/public/css/compiled.css?v=ts HTTP/1.1" 200 121051 "http://localhost:15369/lemc/login?account=Account+Alpha&squid=52up" "Mozilla/5.0 (Macintosh; Intel Mac OS X 10_15_7) AppleWebKit/537.36 (KHTML, like Gecko) HeadlessChrome/136.0.0.0 Safari/537.36"
::1 -  [] "GET /themes/default/public/imgs/bg-nav.svg HTTP/1.1" 200 114734 "http://localhost:15369/themes/default/public/css/compiled.css?v=ts" "Mozilla/5.0 (Macintosh; Intel Mac OS X 10_15_7) AppleWebKit/537.36 (KHTML, like Gecko) HeadlessChrome/136.0.0.0 Safari/537.36"
::1 -  [] "GET /themes/default/public/imgs/logo-normal.png HTTP/1.1" 200 250557 "http://localhost:15369/themes/default/public/css/compiled.css?v=ts" "Mozilla/5.0 (Macintosh; Intel Mac OS X 10_15_7) AppleWebKit/537.36 (KHTML, like Gecko) HeadlessChrome/136.0.0.0 Safari/537.36"
::1 -  [] "GET /themes/default/public/imgs/bg.png HTTP/1.1" 200 1608387 "http://localhost:15369/themes/default/public/css/compiled.css?v=ts" "Mozilla/5.0 (Macintosh; Intel Mac OS X 10_15_7) AppleWebKit/537.36 (KHTML, like Gecko) HeadlessChrome/136.0.0.0 Safari/537.36"
::1 -  [] "GET /themes/default/public/imgs/32x32.ico?v=ts HTTP/1.1" 200 4286 "http://localhost:15369/lemc/login?account=Account+Alpha&squid=52up" "Mozilla/5.0 (Macintosh; Intel Mac OS X 10_15_7) AppleWebKit/537.36 (KHTML, like Gecko) HeadlessChrome/136.0.0.0 Safari/537.36"
time=2025-05-31T10:47:07.099-07:00 level=INFO msg="No settings found for account 1, defaulting to disabled"
time=2025-05-31T10:47:07.099-07:00 level=INFO msg="Warning: Error getting account settings for account 1 in themeMiddleware: sql: no rows in result set. Using default theme."
time=2025-05-31T10:47:07.102-07:00 level=INFO msg="GetHeckle: Using account ID 1 from squid parameter '52up'."
time=2025-05-31T10:47:07.103-07:00 level=INFO msg="No settings found for account 1, defaulting to disabled"
time=2025-05-31T10:47:07.103-07:00 level=INFO msg="GetHeckle: No account settings found for account 1. Heckle disabled."
::1 -  [] "GET /heckle?squid=52up HTTP/1.1" 204 0 "http://localhost:15369/lemc/login?account=Account+Alpha&squid=52up" "Mozilla/5.0 (Macintosh; Intel Mac OS X 10_15_7) AppleWebKit/537.36 (KHTML, like Gecko) HeadlessChrome/136.0.0.0 Safari/537.36"
time=2025-05-31T10:47:07.103-07:00 level=INFO msg="No settings found for account 1, defaulting to disabled"
time=2025-05-31T10:47:07.103-07:00 level=INFO msg="Warning: Error getting account settings for account 1 in themeMiddleware: sql: no rows in result set. Using default theme."
time=2025-05-31T10:47:07.350-07:00 level=INFO msg="lemon squid alphabet abcdefghijklmnopqrstuvwxyz0123456789"
time=2025-05-31T10:47:07.352-07:00 level=INFO msg="lemon squid sid 52up"
time=2025-05-31T10:47:07.355-07:00 level=INFO msg="No account settings found for account_id 1, defaulting registration to disabled."
time=2025-05-31T10:47:07.355-07:00 level=INFO msg="lemon squid alphabet abcdefghijklmnopqrstuvwxyz0123456789"
time=2025-05-31T10:47:07.358-07:00 level=INFO msg="lemon squid sid 52up"
::1 -  [] "POST /lemc/login?squid=52up&account=Account%20Alpha HTTP/1.1" 200 17018 "http://localhost:15369/lemc/login?account=Account+Alpha&squid=52up" "Mozilla/5.0 (Macintosh; Intel Mac OS X 10_15_7) AppleWebKit/537.36 (KHTML, like Gecko) HeadlessChrome/136.0.0.0 Safari/537.36"
time=2025-05-31T10:47:07.372-07:00 level=INFO msg="No settings found for account 1, defaulting to disabled"
time=2025-05-31T10:47:07.372-07:00 level=INFO msg="Warning: Error getting account settings for account 1 in themeMiddleware: sql: no rows in result set. Using default theme."
time=2025-05-31T10:47:07.374-07:00 level=INFO msg="No settings found for account 1, defaulting to disabled"
time=2025-05-31T10:47:07.374-07:00 level=INFO msg="Warning: Error getting account settings for account 1 in themeMiddleware: sql: no rows in result set. Using default theme."
time=2025-05-31T10:47:07.375-07:00 level=INFO msg="No settings found for account 1, defaulting to disabled"
time=2025-05-31T10:47:07.375-07:00 level=INFO msg="Warning: Error getting account settings for account 1 in themeMiddleware: sql: no rows in result set. Using default theme."
time=2025-05-31T10:47:07.375-07:00 level=INFO msg="User 1 (Account 1) attempting action requiring ONE OF permissions: [view_app] on path /lemc/app/thumbnail/download/:uuid"
time=2025-05-31T10:47:07.375-07:00 level=INFO msg="Permission GRANTED for user 1 (Account 1) via permission 'view_app' (required one of: [view_app]) on path /lemc/app/thumbnail/download/:uuid"
time=2025-05-31T10:47:07.375-07:00 level=INFO msg="Attempting to fetch thumbnail for app UUID: bab8a191be07139a58cdb29f0f0f1c5f, Account ID: 1"
time=2025-05-31T10:47:07.376-07:00 level=INFO msg="Thumbnail data is empty in app YAML (AppID: 13). Serving default thumbnail."
time=2025-05-31T10:47:07.376-07:00 level=INFO msg="No settings found for account 1, defaulting to disabled"
time=2025-05-31T10:47:07.376-07:00 level=INFO msg="Warning: Error getting account settings for account 1 in themeMiddleware: sql: no rows in result set. Using default theme."
::1 -  [] "GET /lemc/app/thumbnail/download/bab8a191be07139a58cdb29f0f0f1c5f HTTP/1.1" 200 178135 "http://localhost:15369/lemc/apps" "Mozilla/5.0 (Macintosh; Intel Mac OS X 10_15_7) AppleWebKit/537.36 (KHTML, like Gecko) HeadlessChrome/136.0.0.0 Safari/537.36"
time=2025-05-31T10:47:07.376-07:00 level=INFO msg="GetNavtop: Handler called"
time=2025-05-31T10:47:07.378-07:00 level=INFO msg="User 1 (Account 1) attempting action requiring ONE OF permissions: [view_app] on path /lemc/app/thumbnail/download/:uuid"
time=2025-05-31T10:47:07.378-07:00 level=INFO msg="Permission GRANTED for user 1 (Account 1) via permission 'view_app' (required one of: [view_app]) on path /lemc/app/thumbnail/download/:uuid"
time=2025-05-31T10:47:07.378-07:00 level=INFO msg="Attempting to fetch thumbnail for app UUID: cca049a4426f11e818222b712089d29a, Account ID: 1"
time=2025-05-31T10:47:07.378-07:00 level=INFO msg="Thumbnail data is empty in app YAML (AppID: 1). Serving default thumbnail."
::1 -  [] "GET /lemc/app/thumbnail/download/cca049a4426f11e818222b712089d29a HTTP/1.1" 200 178135 "http://localhost:15369/lemc/apps" "Mozilla/5.0 (Macintosh; Intel Mac OS X 10_15_7) AppleWebKit/537.36 (KHTML, like Gecko) HeadlessChrome/136.0.0.0 Safari/537.36"
time=2025-05-31T10:47:07.379-07:00 level=INFO msg="No settings found for account 1, defaulting to disabled"
time=2025-05-31T10:47:07.379-07:00 level=INFO msg="Warning: Error getting account settings for account 1 in themeMiddleware: sql: no rows in result set. Using default theme."
time=2025-05-31T10:47:07.379-07:00 level=INFO msg="User 1 (Account 1) attempting action requiring ONE OF permissions: [view_app] on path /lemc/app/thumbnail/download/:uuid"
time=2025-05-31T10:47:07.379-07:00 level=INFO msg="Permission GRANTED for user 1 (Account 1) via permission 'view_app' (required one of: [view_app]) on path /lemc/app/thumbnail/download/:uuid"
time=2025-05-31T10:47:07.379-07:00 level=INFO msg="Attempting to fetch thumbnail for app UUID: 6d762c9fbb510c94a31ef337538af13f, Account ID: 1"
time=2025-05-31T10:47:07.379-07:00 level=INFO msg="lemon squid alphabet abcdefghijklmnopqrstuvwxyz0123456789"
time=2025-05-31T10:47:07.380-07:00 level=INFO msg="Thumbnail data is empty in app YAML (AppID: 3). Serving default thumbnail."
::1 -  [] "GET /lemc/app/thumbnail/download/6d762c9fbb510c94a31ef337538af13f HTTP/1.1" 200 178135 "http://localhost:15369/lemc/apps" "Mozilla/5.0 (Macintosh; Intel Mac OS X 10_15_7) AppleWebKit/537.36 (KHTML, like Gecko) HeadlessChrome/136.0.0.0 Safari/537.36"
time=2025-05-31T10:47:07.382-07:00 level=INFO msg="No settings found for account 1, defaulting to disabled"
time=2025-05-31T10:47:07.382-07:00 level=INFO msg="Warning: Error getting account settings for account 1 in themeMiddleware: sql: no rows in result set. Using default theme."
time=2025-05-31T10:47:07.383-07:00 level=INFO msg="No settings found for account 1, defaulting to disabled"
time=2025-05-31T10:47:07.383-07:00 level=INFO msg="Warning: Error getting account settings for account 1 in themeMiddleware: sql: no rows in result set. Using default theme."
time=2025-05-31T10:47:07.383-07:00 level=INFO msg="User 1 (Account 1) attempting action requiring ONE OF permissions: [view_app] on path /lemc/app/thumbnail/download/:uuid"
time=2025-05-31T10:47:07.383-07:00 level=INFO msg="Permission GRANTED for user 1 (Account 1) via permission 'view_app' (required one of: [view_app]) on path /lemc/app/thumbnail/download/:uuid"
time=2025-05-31T10:47:07.383-07:00 level=INFO msg="No settings found for account 1, defaulting to disabled"
time=2025-05-31T10:47:07.383-07:00 level=INFO msg="Warning: Error getting account settings for account 1 in themeMiddleware: sql: no rows in result set. Using default theme."
time=2025-05-31T10:47:07.384-07:00 level=INFO msg="Attempting to fetch thumbnail for app UUID: 130cdcaec32a7cd9d6b218886971df72, Account ID: 1"
time=2025-05-31T10:47:07.384-07:00 level=INFO msg="Thumbnail data is empty in app YAML (AppID: 6). Serving default thumbnail."
time=2025-05-31T10:47:07.384-07:00 level=INFO msg="No settings found for account 1, defaulting to disabled"
time=2025-05-31T10:47:07.384-07:00 level=INFO msg="Warning: Error getting account settings for account 1 in themeMiddleware: sql: no rows in result set. Using default theme."
time=2025-05-31T10:47:07.384-07:00 level=INFO msg="lemon squid sid 52up"
time=2025-05-31T10:47:07.384-07:00 level=INFO msg="GetNavtop: section='apps', subnav=''"
time=2025-05-31T10:47:07.384-07:00 level=INFO msg="User 1 (Account 1) attempting action requiring ONE OF permissions: [view_app] on path /lemc/app/thumbnail/download/:uuid"
::1 -  [] "GET /lemc/app/thumbnail/download/130cdcaec32a7cd9d6b218886971df72 HTTP/1.1" 200 178135 "http://localhost:15369/lemc/apps" "Mozilla/5.0 (Macintosh; Intel Mac OS X 10_15_7) AppleWebKit/537.36 (KHTML, like Gecko) HeadlessChrome/136.0.0.0 Safari/537.36"
time=2025-05-31T10:47:07.384-07:00 level=INFO msg="GetNavtop: Final section='apps', subnav=''"
time=2025-05-31T10:47:07.385-07:00 level=INFO msg="User 1 (Account 1) attempting action requiring ONE OF permissions: [view_app] on path /lemc/app/thumbnail/download/:uuid"
time=2025-05-31T10:47:07.385-07:00 level=INFO msg="Permission GRANTED for user 1 (Account 1) via permission 'view_app' (required one of: [view_app]) on path /lemc/app/thumbnail/download/:uuid"
time=2025-05-31T10:47:07.385-07:00 level=INFO msg="Attempting to fetch thumbnail for app UUID: 714bf2d2936ff13af2c88aaf4c09460b, Account ID: 1"
time=2025-05-31T10:47:07.385-07:00 level=INFO msg="Permission GRANTED for user 1 (Account 1) via permission 'view_app' (required one of: [view_app]) on path /lemc/app/thumbnail/download/:uuid"
time=2025-05-31T10:47:07.385-07:00 level=INFO msg="Attempting to fetch thumbnail for app UUID: b46d02f9f79207bdbe76b0134a78b4ac, Account ID: 1"
time=2025-05-31T10:47:07.385-07:00 level=INFO msg="User 1 (Account 1) attempting action requiring ONE OF permissions: [view_app] on path /lemc/app/thumbnail/download/:uuid"
time=2025-05-31T10:47:07.385-07:00 level=INFO msg="Permission GRANTED for user 1 (Account 1) via permission 'view_app' (required one of: [view_app]) on path /lemc/app/thumbnail/download/:uuid"
time=2025-05-31T10:47:07.385-07:00 level=INFO msg="Thumbnail data is empty in app YAML (AppID: 16). Serving default thumbnail."
time=2025-05-31T10:47:07.385-07:00 level=INFO msg="Thumbnail data is empty in app YAML (AppID: 14). Serving default thumbnail."
time=2025-05-31T10:47:07.385-07:00 level=INFO msg="Attempting to fetch thumbnail for app UUID: 59b935a35505dbdcc7b05361e7011aff, Account ID: 1"
time=2025-05-31T10:47:07.385-07:00 level=INFO msg="No settings found for account 1, defaulting to disabled"
::1 -  [] "GET /lemc/app/thumbnail/download/b46d02f9f79207bdbe76b0134a78b4ac HTTP/1.1" 200 178135 "http://localhost:15369/lemc/apps" "Mozilla/5.0 (Macintosh; Intel Mac OS X 10_15_7) AppleWebKit/537.36 (KHTML, like Gecko) HeadlessChrome/136.0.0.0 Safari/537.36"
::1 -  [] "GET /lemc/app/thumbnail/download/714bf2d2936ff13af2c88aaf4c09460b HTTP/1.1" 200 178135 "http://localhost:15369/lemc/apps" "Mozilla/5.0 (Macintosh; Intel Mac OS X 10_15_7) AppleWebKit/537.36 (KHTML, like Gecko) HeadlessChrome/136.0.0.0 Safari/537.36"
time=2025-05-31T10:47:07.385-07:00 level=INFO msg="Warning: Error getting account settings for account 1 in themeMiddleware: sql: no rows in result set. Using default theme."
time=2025-05-31T10:47:07.385-07:00 level=INFO msg="Thumbnail data is empty in app YAML (AppID: 15). Serving default thumbnail."
::1 -  [] "GET /lemc/app/thumbnail/download/59b935a35505dbdcc7b05361e7011aff HTTP/1.1" 200 178135 "http://localhost:15369/lemc/apps" "Mozilla/5.0 (Macintosh; Intel Mac OS X 10_15_7) AppleWebKit/537.36 (KHTML, like Gecko) HeadlessChrome/136.0.0.0 Safari/537.36"
time=2025-05-31T10:47:07.385-07:00 level=INFO msg="User 1 (Account 1) attempting action requiring ONE OF permissions: [view_app] on path /lemc/app/thumbnail/download/:uuid"
time=2025-05-31T10:47:07.386-07:00 level=INFO msg="Permission GRANTED for user 1 (Account 1) via permission 'view_app' (required one of: [view_app]) on path /lemc/app/thumbnail/download/:uuid"
time=2025-05-31T10:47:07.386-07:00 level=INFO msg="Attempting to fetch thumbnail for app UUID: 12efb8d82325db9a7a249f11af82eef7, Account ID: 1"
time=2025-05-31T10:47:07.386-07:00 level=INFO msg="Thumbnail data is empty in app YAML (AppID: 7). Serving default thumbnail."
::1 -  [] "GET /lemc/app/thumbnail/download/12efb8d82325db9a7a249f11af82eef7 HTTP/1.1" 200 178135 "http://localhost:15369/lemc/apps" "Mozilla/5.0 (Macintosh; Intel Mac OS X 10_15_7) AppleWebKit/537.36 (KHTML, like Gecko) HeadlessChrome/136.0.0.0 Safari/537.36"
time=2025-05-31T10:47:07.389-07:00 level=INFO msg="No account settings found for account_id 1, defaulting registration to disabled."
::1 -  [] "GET /navtop?squid=52up&account=Account%20Alpha&section=apps&subnav= HTTP/1.1" 200 9542 "http://localhost:15369/lemc/apps" "Mozilla/5.0 (Macintosh; Intel Mac OS X 10_15_7) AppleWebKit/537.36 (KHTML, like Gecko) HeadlessChrome/136.0.0.0 Safari/537.36"
time=2025-05-31T10:47:07.389-07:00 level=INFO msg="No settings found for account 1, defaulting to disabled"
time=2025-05-31T10:47:07.389-07:00 level=INFO msg="Warning: Error getting account settings for account 1 in themeMiddleware: sql: no rows in result set. Using default theme."
time=2025-05-31T10:47:07.390-07:00 level=INFO msg="User 1 (Account 1) attempting action requiring ONE OF permissions: [view_app] on path /lemc/app/thumbnail/download/:uuid"
time=2025-05-31T10:47:07.390-07:00 level=INFO msg="Permission GRANTED for user 1 (Account 1) via permission 'view_app' (required one of: [view_app]) on path /lemc/app/thumbnail/download/:uuid"
time=2025-05-31T10:47:07.390-07:00 level=INFO msg="Attempting to fetch thumbnail for app UUID: 33c1f43236944930d7df343fd95784e2, Account ID: 1"
time=2025-05-31T10:47:07.390-07:00 level=INFO msg="No settings found for account 1, defaulting to disabled"
time=2025-05-31T10:47:07.390-07:00 level=INFO msg="Warning: Error getting account settings for account 1 in themeMiddleware: sql: no rows in result set. Using default theme."
time=2025-05-31T10:47:07.390-07:00 level=INFO msg="Thumbnail data is empty in app YAML (AppID: 8). Serving default thumbnail."
::1 -  [] "GET /lemc/app/thumbnail/download/33c1f43236944930d7df343fd95784e2 HTTP/1.1" 200 178135 "http://localhost:15369/lemc/apps" "Mozilla/5.0 (Macintosh; Intel Mac OS X 10_15_7) AppleWebKit/537.36 (KHTML, like Gecko) HeadlessChrome/136.0.0.0 Safari/537.36"
time=2025-05-31T10:47:07.390-07:00 level=INFO msg="User 1 (Account 1) attempting action requiring ONE OF permissions: [view_app] on path /lemc/app/thumbnail/download/:uuid"
time=2025-05-31T10:47:07.390-07:00 level=INFO msg="Permission GRANTED for user 1 (Account 1) via permission 'view_app' (required one of: [view_app]) on path /lemc/app/thumbnail/download/:uuid"
time=2025-05-31T10:47:07.390-07:00 level=INFO msg="Attempting to fetch thumbnail for app UUID: 4f63fab683c7c83581ea4184e8225667, Account ID: 1"
time=2025-05-31T10:47:07.391-07:00 level=INFO msg="Thumbnail data is empty in app YAML (AppID: 9). Serving default thumbnail."
::1 -  [] "GET /lemc/app/thumbnail/download/4f63fab683c7c83581ea4184e8225667 HTTP/1.1" 200 178135 "http://localhost:15369/lemc/apps" "Mozilla/5.0 (Macintosh; Intel Mac OS X 10_15_7) AppleWebKit/537.36 (KHTML, like Gecko) HeadlessChrome/136.0.0.0 Safari/537.36"
time=2025-05-31T10:47:10.187-07:00 level=INFO msg="No settings found for account 1, defaulting to disabled"
time=2025-05-31T10:47:10.187-07:00 level=INFO msg="Warning: Error getting account settings for account 1 in themeMiddleware: sql: no rows in result set. Using default theme."
time=2025-05-31T10:47:10.187-07:00 level=INFO msg="User 1 (Account 1) attempting action requiring ONE OF permissions: [admin_account] on path /lemc/account/jobs"
time=2025-05-31T10:47:10.188-07:00 level=INFO msg="Permission GRANTED for user 1 (Account 1) via permission 'admin_account' (required one of: [admin_account]) on path /lemc/account/jobs"
time=2025-05-31T10:47:10.188-07:00 level=INFO msg="No account settings found for account_id 1, defaulting registration to disabled."
::1 -  [] "GET /lemc/account/jobs HTTP/1.1" 200 43728 "" "Mozilla/5.0 (Macintosh; Intel Mac OS X 10_15_7) AppleWebKit/537.36 (KHTML, like Gecko) HeadlessChrome/136.0.0.0 Safari/537.36"
time=2025-05-31T10:47:10.193-07:00 level=INFO msg="No settings found for account 1, defaulting to disabled"
time=2025-05-31T10:47:10.193-07:00 level=INFO msg="Warning: Error getting account settings for account 1 in themeMiddleware: sql: no rows in result set. Using default theme."
::1 -  [] "GET /themes/default/public/css/compiled.css?v=ts HTTP/1.1" 304 0 "http://localhost:15369/lemc/account/jobs" "Mozilla/5.0 (Macintosh; Intel Mac OS X 10_15_7) AppleWebKit/537.36 (KHTML, like Gecko) HeadlessChrome/136.0.0.0 Safari/537.36"
time=2025-05-31T10:47:10.203-07:00 level=INFO msg="No settings found for account 1, defaulting to disabled"
time=2025-05-31T10:47:10.203-07:00 level=INFO msg="Warning: Error getting account settings for account 1 in themeMiddleware: sql: no rows in result set. Using default theme."
time=2025-05-31T10:47:10.204-07:00 level=INFO msg="Creating websocket client for user 1"
::1 -  [] "GET /ws HTTP/1.1" 200 0 "" "Mozilla/5.0 (Macintosh; Intel Mac OS X 10_15_7) AppleWebKit/537.36 (KHTML, like Gecko) HeadlessChrome/136.0.0.0 Safari/537.36"
time=2025-05-31T10:47:10.208-07:00 level=INFO msg="No settings found for account 1, defaulting to disabled"
time=2025-05-31T10:47:10.208-07:00 level=INFO msg="Warning: Error getting account settings for account 1 in themeMiddleware: sql: no rows in result set. Using default theme."
time=2025-05-31T10:47:10.208-07:00 level=INFO msg="No settings found for account 1, defaulting to disabled"
time=2025-05-31T10:47:10.208-07:00 level=INFO msg="Warning: Error getting account settings for account 1 in themeMiddleware: sql: no rows in result set. Using default theme."
::1 -  [] "GET /themes/default/public/imgs/logo-normal.png HTTP/1.1" 304 0 "http://localhost:15369/themes/default/public/css/compiled.css?v=ts" "Mozilla/5.0 (Macintosh; Intel Mac OS X 10_15_7) AppleWebKit/537.36 (KHTML, like Gecko) HeadlessChrome/136.0.0.0 Safari/537.36"
::1 -  [] "GET /themes/default/public/imgs/bg-nav.svg HTTP/1.1" 304 0 "http://localhost:15369/themes/default/public/css/compiled.css?v=ts" "Mozilla/5.0 (Macintosh; Intel Mac OS X 10_15_7) AppleWebKit/537.36 (KHTML, like Gecko) HeadlessChrome/136.0.0.0 Safari/537.36"
time=2025-05-31T10:47:10.210-07:00 level=INFO msg="No settings found for account 1, defaulting to disabled"
time=2025-05-31T10:47:10.210-07:00 level=INFO msg="Warning: Error getting account settings for account 1 in themeMiddleware: sql: no rows in result set. Using default theme."
::1 -  [] "GET /themes/default/public/imgs/bg.png HTTP/1.1" 304 0 "http://localhost:15369/themes/default/public/css/compiled.css?v=ts" "Mozilla/5.0 (Macintosh; Intel Mac OS X 10_15_7) AppleWebKit/537.36 (KHTML, like Gecko) HeadlessChrome/136.0.0.0 Safari/537.36"
    timeout.go:184: Test TestJobStatusPolling: completed (failed=false)
    timeout.go:145: Test TestJobStatusPolling: cleaning up (failed=false)
Test passed, cleaning up resources for instance r7i0ffpl
--- PASS: TestJobStatusPolling (11.76s)
=== RUN   TestJobsPageFunctionality
    timeout.go:117: Test TestJobsPageFunctionality: calculated timeout 30s
2025/05/31 10:47:16 RepoRoot: /Users/jf/src/jfolkins/lemc/letemcook-private
    timeout.go:125: Test TestJobsPageFunctionality: created instance qldpeqhf on port 15370
2025/05/31 10:47:16 RepoRoot: /Users/jf/src/jfolkins/lemc/letemcook-private
time=2025-05-31T10:47:16.573-07:00 level=INFO msg="folder created successfully: /Users/jf/src/jfolkins/lemc/letemcook-private/tests/data/test-qldpeqhf/test/sessions"
time=2025-05-31T10:47:16.600-07:00 level=INFO msg="Successfully dumped all assets to: /Users/jf/src/jfolkins/lemc/letemcook-private/tests/data/test-qldpeqhf/test/assets"
time=2025-05-31T10:47:16.601-07:00 level=INFO msg="🚀 Connected Successfully to the Database"
time=2025-05-31T10:47:16.604-07:00 level=INFO msg="OK   00001_accounts.sql (1.06ms)"
time=2025-05-31T10:47:16.605-07:00 level=INFO msg="OK   00002_users.sql (1.24ms)"
time=2025-05-31T10:47:16.606-07:00 level=INFO msg="OK   00003_cookbooks.sql (914.96µs)"
time=2025-05-31T10:47:16.607-07:00 level=INFO msg="OK   00004_apps.sql (908.63µs)"
time=2025-05-31T10:47:16.608-07:00 level=INFO msg="OK   00005_configurations.sql (946.5µs)"
time=2025-05-31T10:47:16.610-07:00 level=INFO msg="OK   00006_permissions_joins.sql (1.76ms)"
time=2025-05-31T10:47:16.611-07:00 level=INFO msg="OK   00007_account_settings.sql (947.05µs)"
time=2025-05-31T10:47:16.612-07:00 level=INFO msg="OK   00008_update_cookbook_timestamp.sql (808.27µs)"
time=2025-05-31T10:47:16.613-07:00 level=INFO msg="OK   00009_update_timestamps_triggers.sql (1.12ms)"
time=2025-05-31T10:47:16.615-07:00 level=INFO msg="OK   00011_optimize_indexes.sql (1.56ms)"
time=2025-05-31T10:47:16.617-07:00 level=INFO msg="OK   00012_add_heckle_to_users.sql (2.18ms)"
time=2025-05-31T10:47:16.618-07:00 level=INFO msg="OK   00013_drop_user_settings.sql (1ms)"
time=2025-05-31T10:47:16.619-07:00 level=INFO msg="OK   00014_add_on_register_to_app.sql (1.46ms)"
time=2025-05-31T10:47:16.621-07:00 level=INFO msg="OK   00015_cookbook_history.sql (1.09ms)"
time=2025-05-31T10:47:16.622-07:00 level=INFO msg="OK   00016_app_history.sql (1.12ms)"
time=2025-05-31T10:47:16.623-07:00 level=INFO msg="OK   00017_permissions_app_api_key.sql (1.56ms)"
time=2025-05-31T10:47:16.626-07:00 level=INFO msg="OK   00018_add_is_mcp_enabled_to_apps.sql (2.24ms)"
time=2025-05-31T10:47:16.626-07:00 level=INFO msg="goose: successfully migrated database to version: 18"
time=2025-05-31T10:47:16.631-07:00 level=INFO msg="OK   00001_seed_data.sql (5.5ms)"
time=2025-05-31T10:47:16.631-07:00 level=INFO msg="goose: up to current file version: 1"
time=2025-05-31T10:47:16.631-07:00 level=INFO msg="user 501 group 20"

   ____    __
  / __/___/ /  ___
 / _// __/ _ \/ _ \
/___/\__/_//_/\___/ v4.12.0
High performance, minimalist Go web framework
https://echo.labstack.com
____________________________________O/_______
                                    O\
⇨ http server started on [::]:15370
time=2025-05-31T10:47:16.674-07:00 level=INFO msg="lemon squid alphabet abcdefghijklmnopqrstuvwxyz0123456789"
time=2025-05-31T10:47:16.676-07:00 level=INFO msg="lemon squid sid 52up"
::1 -  [] "GET / HTTP/1.1" 307 0 "" "Go-http-client/1.1"
time=2025-05-31T10:47:17.716-07:00 level=INFO msg="No settings found for account 1, defaulting to disabled"
time=2025-05-31T10:47:17.716-07:00 level=INFO msg="Warning: Error getting account settings for account 1 in themeMiddleware: sql: no rows in result set. Using default theme."
time=2025-05-31T10:47:17.717-07:00 level=INFO msg=redirIfAuthd
time=2025-05-31T10:47:17.720-07:00 level=INFO msg="lemon squid alphabet abcdefghijklmnopqrstuvwxyz0123456789"
time=2025-05-31T10:47:17.721-07:00 level=INFO msg="lemon squid sid 52up"
time=2025-05-31T10:47:17.723-07:00 level=INFO msg="No account settings found for account_id 1, defaulting registration to disabled."
time=2025-05-31T10:47:17.723-07:00 level=INFO msg="Invalid 'partial' query param value received: \"\". Defaulting to 'false'."
::1 -  [] "GET /lemc/login?account=Account+Alpha&squid=52up HTTP/1.1" 200 34909 "" "Mozilla/5.0 (Macintosh; Intel Mac OS X 10_15_7) AppleWebKit/537.36 (KHTML, like Gecko) HeadlessChrome/136.0.0.0 Safari/537.36"
::1 -  [] "GET /themes/default/public/css/compiled.css?v=ts HTTP/1.1" 200 121051 "http://localhost:15370/lemc/login?account=Account+Alpha&squid=52up" "Mozilla/5.0 (Macintosh; Intel Mac OS X 10_15_7) AppleWebKit/537.36 (KHTML, like Gecko) HeadlessChrome/136.0.0.0 Safari/537.36"
::1 -  [] "GET /themes/default/public/imgs/bg-nav.svg HTTP/1.1" 200 114734 "http://localhost:15370/themes/default/public/css/compiled.css?v=ts" "Mozilla/5.0 (Macintosh; Intel Mac OS X 10_15_7) AppleWebKit/537.36 (KHTML, like Gecko) HeadlessChrome/136.0.0.0 Safari/537.36"
::1 -  [] "GET /themes/default/public/imgs/logo-normal.png HTTP/1.1" 200 250557 "http://localhost:15370/themes/default/public/css/compiled.css?v=ts" "Mozilla/5.0 (Macintosh; Intel Mac OS X 10_15_7) AppleWebKit/537.36 (KHTML, like Gecko) HeadlessChrome/136.0.0.0 Safari/537.36"
::1 -  [] "GET /themes/default/public/imgs/bg.png HTTP/1.1" 200 1608387 "http://localhost:15370/themes/default/public/css/compiled.css?v=ts" "Mozilla/5.0 (Macintosh; Intel Mac OS X 10_15_7) AppleWebKit/537.36 (KHTML, like Gecko) HeadlessChrome/136.0.0.0 Safari/537.36"
::1 -  [] "GET /themes/default/public/imgs/32x32.ico?v=ts HTTP/1.1" 200 4286 "http://localhost:15370/lemc/login?account=Account+Alpha&squid=52up" "Mozilla/5.0 (Macintosh; Intel Mac OS X 10_15_7) AppleWebKit/537.36 (KHTML, like Gecko) HeadlessChrome/136.0.0.0 Safari/537.36"
time=2025-05-31T10:47:18.839-07:00 level=INFO msg="No settings found for account 1, defaulting to disabled"
time=2025-05-31T10:47:18.839-07:00 level=INFO msg="Warning: Error getting account settings for account 1 in themeMiddleware: sql: no rows in result set. Using default theme."
time=2025-05-31T10:47:19.086-07:00 level=INFO msg="lemon squid alphabet abcdefghijklmnopqrstuvwxyz0123456789"
time=2025-05-31T10:47:19.088-07:00 level=INFO msg="lemon squid sid 52up"
time=2025-05-31T10:47:19.090-07:00 level=INFO msg="No account settings found for account_id 1, defaulting registration to disabled."
time=2025-05-31T10:47:19.091-07:00 level=INFO msg="lemon squid alphabet abcdefghijklmnopqrstuvwxyz0123456789"
time=2025-05-31T10:47:19.093-07:00 level=INFO msg="lemon squid sid 52up"
::1 -  [] "POST /lemc/login?squid=52up&account=Account%20Alpha HTTP/1.1" 200 17018 "http://localhost:15370/lemc/login?account=Account+Alpha&squid=52up" "Mozilla/5.0 (Macintosh; Intel Mac OS X 10_15_7) AppleWebKit/537.36 (KHTML, like Gecko) HeadlessChrome/136.0.0.0 Safari/537.36"
time=2025-05-31T10:47:19.108-07:00 level=INFO msg="No settings found for account 1, defaulting to disabled"
time=2025-05-31T10:47:19.108-07:00 level=INFO msg="Warning: Error getting account settings for account 1 in themeMiddleware: sql: no rows in result set. Using default theme."
time=2025-05-31T10:47:19.110-07:00 level=INFO msg="No settings found for account 1, defaulting to disabled"
time=2025-05-31T10:47:19.110-07:00 level=INFO msg="Warning: Error getting account settings for account 1 in themeMiddleware: sql: no rows in result set. Using default theme."
time=2025-05-31T10:47:19.110-07:00 level=INFO msg="No settings found for account 1, defaulting to disabled"
time=2025-05-31T10:47:19.110-07:00 level=INFO msg="Warning: Error getting account settings for account 1 in themeMiddleware: sql: no rows in result set. Using default theme."
time=2025-05-31T10:47:19.111-07:00 level=INFO msg="User 1 (Account 1) attempting action requiring ONE OF permissions: [view_app] on path /lemc/app/thumbnail/download/:uuid"
time=2025-05-31T10:47:19.111-07:00 level=INFO msg="Permission GRANTED for user 1 (Account 1) via permission 'view_app' (required one of: [view_app]) on path /lemc/app/thumbnail/download/:uuid"
time=2025-05-31T10:47:19.111-07:00 level=INFO msg="Attempting to fetch thumbnail for app UUID: 2d79aa18b78d7cae17cb81fb169b91b8, Account ID: 1"
time=2025-05-31T10:47:19.111-07:00 level=INFO msg="Thumbnail data is empty in app YAML (AppID: 16). Serving default thumbnail."
::1 -  [] "GET /lemc/app/thumbnail/download/2d79aa18b78d7cae17cb81fb169b91b8 HTTP/1.1" 200 178135 "http://localhost:15370/lemc/apps" "Mozilla/5.0 (Macintosh; Intel Mac OS X 10_15_7) AppleWebKit/537.36 (KHTML, like Gecko) HeadlessChrome/136.0.0.0 Safari/537.36"
time=2025-05-31T10:47:19.112-07:00 level=INFO msg="No settings found for account 1, defaulting to disabled"
time=2025-05-31T10:47:19.112-07:00 level=INFO msg="Warning: Error getting account settings for account 1 in themeMiddleware: sql: no rows in result set. Using default theme."
time=2025-05-31T10:47:19.112-07:00 level=INFO msg="GetNavtop: Handler called"
time=2025-05-31T10:47:19.115-07:00 level=INFO msg="No settings found for account 1, defaulting to disabled"
time=2025-05-31T10:47:19.115-07:00 level=INFO msg="Warning: Error getting account settings for account 1 in themeMiddleware: sql: no rows in result set. Using default theme."
time=2025-05-31T10:47:19.115-07:00 level=INFO msg="User 1 (Account 1) attempting action requiring ONE OF permissions: [view_app] on path /lemc/app/thumbnail/download/:uuid"
time=2025-05-31T10:47:19.115-07:00 level=INFO msg="Permission GRANTED for user 1 (Account 1) via permission 'view_app' (required one of: [view_app]) on path /lemc/app/thumbnail/download/:uuid"
time=2025-05-31T10:47:19.115-07:00 level=INFO msg="Attempting to fetch thumbnail for app UUID: b424855f086e52e5f4cb2e7a49c82314, Account ID: 1"
time=2025-05-31T10:47:19.115-07:00 level=INFO msg="Thumbnail data is empty in app YAML (AppID: 3). Serving default thumbnail."
::1 -  [] "GET /lemc/app/thumbnail/download/b424855f086e52e5f4cb2e7a49c82314 HTTP/1.1" 200 178135 "http://localhost:15370/lemc/apps" "Mozilla/5.0 (Macintosh; Intel Mac OS X 10_15_7) AppleWebKit/537.36 (KHTML, like Gecko) HeadlessChrome/136.0.0.0 Safari/537.36"
time=2025-05-31T10:47:19.118-07:00 level=INFO msg="No settings found for account 1, defaulting to disabled"
time=2025-05-31T10:47:19.118-07:00 level=INFO msg="Warning: Error getting account settings for account 1 in themeMiddleware: sql: no rows in result set. Using default theme."
time=2025-05-31T10:47:19.118-07:00 level=INFO msg="User 1 (Account 1) attempting action requiring ONE OF permissions: [view_app] on path /lemc/app/thumbnail/download/:uuid"
time=2025-05-31T10:47:19.118-07:00 level=INFO msg="Permission GRANTED for user 1 (Account 1) via permission 'view_app' (required one of: [view_app]) on path /lemc/app/thumbnail/download/:uuid"
time=2025-05-31T10:47:19.118-07:00 level=INFO msg="Attempting to fetch thumbnail for app UUID: b401613a0446cadabc57793c33750d45, Account ID: 1"
time=2025-05-31T10:47:19.119-07:00 level=INFO msg="Thumbnail data is empty in app YAML (AppID: 14). Serving default thumbnail."
::1 -  [] "GET /lemc/app/thumbnail/download/b401613a0446cadabc57793c33750d45 HTTP/1.1" 200 178135 "http://localhost:15370/lemc/apps" "Mozilla/5.0 (Macintosh; Intel Mac OS X 10_15_7) AppleWebKit/537.36 (KHTML, like Gecko) HeadlessChrome/136.0.0.0 Safari/537.36"
time=2025-05-31T10:47:19.119-07:00 level=INFO msg="No settings found for account 1, defaulting to disabled"
time=2025-05-31T10:47:19.119-07:00 level=INFO msg="Warning: Error getting account settings for account 1 in themeMiddleware: sql: no rows in result set. Using default theme."
time=2025-05-31T10:47:19.120-07:00 level=INFO msg="User 1 (Account 1) attempting action requiring ONE OF permissions: [view_app] on path /lemc/app/thumbnail/download/:uuid"
time=2025-05-31T10:47:19.120-07:00 level=INFO msg="Permission GRANTED for user 1 (Account 1) via permission 'view_app' (required one of: [view_app]) on path /lemc/app/thumbnail/download/:uuid"
time=2025-05-31T10:47:19.120-07:00 level=INFO msg="Attempting to fetch thumbnail for app UUID: 1bab06b5e795daf302bd9bcdc8844044, Account ID: 1"
time=2025-05-31T10:47:19.120-07:00 level=INFO msg="No settings found for account 1, defaulting to disabled"
time=2025-05-31T10:47:19.120-07:00 level=INFO msg="Warning: Error getting account settings for account 1 in themeMiddleware: sql: no rows in result set. Using default theme."
time=2025-05-31T10:47:19.120-07:00 level=INFO msg="Thumbnail data is empty in app YAML (AppID: 6). Serving default thumbnail."
::1 -  [] "GET /lemc/app/thumbnail/download/1bab06b5e795daf302bd9bcdc8844044 HTTP/1.1" 200 178135 "http://localhost:15370/lemc/apps" "Mozilla/5.0 (Macintosh; Intel Mac OS X 10_15_7) AppleWebKit/537.36 (KHTML, like Gecko) HeadlessChrome/136.0.0.0 Safari/537.36"
time=2025-05-31T10:47:19.120-07:00 level=INFO msg="User 1 (Account 1) attempting action requiring ONE OF permissions: [view_app] on path /lemc/app/thumbnail/download/:uuid"
time=2025-05-31T10:47:19.120-07:00 level=INFO msg="Permission GRANTED for user 1 (Account 1) via permission 'view_app' (required one of: [view_app]) on path /lemc/app/thumbnail/download/:uuid"
time=2025-05-31T10:47:19.120-07:00 level=INFO msg="Attempting to fetch thumbnail for app UUID: eccdd2bf6712049e78212971b358a95a, Account ID: 1"
time=2025-05-31T10:47:19.121-07:00 level=INFO msg="Thumbnail data is empty in app YAML (AppID: 13). Serving default thumbnail."
::1 -  [] "GET /lemc/app/thumbnail/download/eccdd2bf6712049e78212971b358a95a HTTP/1.1" 200 178135 "http://localhost:15370/lemc/apps" "Mozilla/5.0 (Macintosh; Intel Mac OS X 10_15_7) AppleWebKit/537.36 (KHTML, like Gecko) HeadlessChrome/136.0.0.0 Safari/537.36"
time=2025-05-31T10:47:19.122-07:00 level=INFO msg="User 1 (Account 1) attempting action requiring ONE OF permissions: [view_app] on path /lemc/app/thumbnail/download/:uuid"
time=2025-05-31T10:47:19.122-07:00 level=INFO msg="lemon squid alphabet abcdefghijklmnopqrstuvwxyz0123456789"
time=2025-05-31T10:47:19.122-07:00 level=INFO msg="Permission GRANTED for user 1 (Account 1) via permission 'view_app' (required one of: [view_app]) on path /lemc/app/thumbnail/download/:uuid"
time=2025-05-31T10:47:19.122-07:00 level=INFO msg="Attempting to fetch thumbnail for app UUID: 1bcc2777899f2118acb8438f8416ad1e, Account ID: 1"
time=2025-05-31T10:47:19.122-07:00 level=INFO msg="No settings found for account 1, defaulting to disabled"
time=2025-05-31T10:47:19.122-07:00 level=INFO msg="Warning: Error getting account settings for account 1 in themeMiddleware: sql: no rows in result set. Using default theme."
time=2025-05-31T10:47:19.123-07:00 level=INFO msg="Thumbnail data is empty in app YAML (AppID: 1). Serving default thumbnail."
::1 -  [] "GET /lemc/app/thumbnail/download/1bcc2777899f2118acb8438f8416ad1e HTTP/1.1" 200 178135 "http://localhost:15370/lemc/apps" "Mozilla/5.0 (Macintosh; Intel Mac OS X 10_15_7) AppleWebKit/537.36 (KHTML, like Gecko) HeadlessChrome/136.0.0.0 Safari/537.36"
time=2025-05-31T10:47:19.124-07:00 level=INFO msg="No settings found for account 1, defaulting to disabled"
time=2025-05-31T10:47:19.124-07:00 level=INFO msg="Warning: Error getting account settings for account 1 in themeMiddleware: sql: no rows in result set. Using default theme."
time=2025-05-31T10:47:19.124-07:00 level=INFO msg="User 1 (Account 1) attempting action requiring ONE OF permissions: [view_app] on path /lemc/app/thumbnail/download/:uuid"
time=2025-05-31T10:47:19.124-07:00 level=INFO msg="Permission GRANTED for user 1 (Account 1) via permission 'view_app' (required one of: [view_app]) on path /lemc/app/thumbnail/download/:uuid"
time=2025-05-31T10:47:19.124-07:00 level=INFO msg="Attempting to fetch thumbnail for app UUID: b89439e632ac2f95fdc927f3ec3c244c, Account ID: 1"
time=2025-05-31T10:47:19.124-07:00 level=INFO msg="Thumbnail data is empty in app YAML (AppID: 15). Serving default thumbnail."
time=2025-05-31T10:47:19.125-07:00 level=INFO msg="User 1 (Account 1) attempting action requiring ONE OF permissions: [view_app] on path /lemc/app/thumbnail/download/:uuid"
time=2025-05-31T10:47:19.126-07:00 level=INFO msg="Permission GRANTED for user 1 (Account 1) via permission 'view_app' (required one of: [view_app]) on path /lemc/app/thumbnail/download/:uuid"
::1 -  [] "GET /lemc/app/thumbnail/download/b89439e632ac2f95fdc927f3ec3c244c HTTP/1.1" 200 178135 "http://localhost:15370/lemc/apps" "Mozilla/5.0 (Macintosh; Intel Mac OS X 10_15_7) AppleWebKit/537.36 (KHTML, like Gecko) HeadlessChrome/136.0.0.0 Safari/537.36"
time=2025-05-31T10:47:19.126-07:00 level=INFO msg="Attempting to fetch thumbnail for app UUID: 127c3e251e1914d9be8a03c77dcfb2b3, Account ID: 1"
time=2025-05-31T10:47:19.126-07:00 level=INFO msg="Thumbnail data is empty in app YAML (AppID: 7). Serving default thumbnail."
::1 -  [] "GET /lemc/app/thumbnail/download/127c3e251e1914d9be8a03c77dcfb2b3 HTTP/1.1" 200 178135 "http://localhost:15370/lemc/apps" "Mozilla/5.0 (Macintosh; Intel Mac OS X 10_15_7) AppleWebKit/537.36 (KHTML, like Gecko) HeadlessChrome/136.0.0.0 Safari/537.36"
time=2025-05-31T10:47:19.126-07:00 level=INFO msg="No settings found for account 1, defaulting to disabled"
time=2025-05-31T10:47:19.126-07:00 level=INFO msg="Warning: Error getting account settings for account 1 in themeMiddleware: sql: no rows in result set. Using default theme."
time=2025-05-31T10:47:19.126-07:00 level=INFO msg="No settings found for account 1, defaulting to disabled"
time=2025-05-31T10:47:19.126-07:00 level=INFO msg="Warning: Error getting account settings for account 1 in themeMiddleware: sql: no rows in result set. Using default theme."
time=2025-05-31T10:47:19.127-07:00 level=INFO msg="User 1 (Account 1) attempting action requiring ONE OF permissions: [view_app] on path /lemc/app/thumbnail/download/:uuid"
time=2025-05-31T10:47:19.127-07:00 level=INFO msg="Permission GRANTED for user 1 (Account 1) via permission 'view_app' (required one of: [view_app]) on path /lemc/app/thumbnail/download/:uuid"
time=2025-05-31T10:47:19.127-07:00 level=INFO msg="Attempting to fetch thumbnail for app UUID: 40400b76934c7b0ca741a6843a587150, Account ID: 1"
time=2025-05-31T10:47:19.127-07:00 level=INFO msg="User 1 (Account 1) attempting action requiring ONE OF permissions: [view_app] on path /lemc/app/thumbnail/download/:uuid"
time=2025-05-31T10:47:19.127-07:00 level=INFO msg="Thumbnail data is empty in app YAML (AppID: 8). Serving default thumbnail."
time=2025-05-31T10:47:19.127-07:00 level=INFO msg="Permission GRANTED for user 1 (Account 1) via permission 'view_app' (required one of: [view_app]) on path /lemc/app/thumbnail/download/:uuid"
time=2025-05-31T10:47:19.127-07:00 level=INFO msg="Attempting to fetch thumbnail for app UUID: 0fc1217d40a1357b30576f7fc4336983, Account ID: 1"
::1 -  [] "GET /lemc/app/thumbnail/download/40400b76934c7b0ca741a6843a587150 HTTP/1.1" 200 178135 "http://localhost:15370/lemc/apps" "Mozilla/5.0 (Macintosh; Intel Mac OS X 10_15_7) AppleWebKit/537.36 (KHTML, like Gecko) HeadlessChrome/136.0.0.0 Safari/537.36"
time=2025-05-31T10:47:19.127-07:00 level=INFO msg="Thumbnail data is empty in app YAML (AppID: 9). Serving default thumbnail."
::1 -  [] "GET /lemc/app/thumbnail/download/0fc1217d40a1357b30576f7fc4336983 HTTP/1.1" 200 178135 "http://localhost:15370/lemc/apps" "Mozilla/5.0 (Macintosh; Intel Mac OS X 10_15_7) AppleWebKit/537.36 (KHTML, like Gecko) HeadlessChrome/136.0.0.0 Safari/537.36"
time=2025-05-31T10:47:19.128-07:00 level=INFO msg="lemon squid sid 52up"
time=2025-05-31T10:47:19.128-07:00 level=INFO msg="GetNavtop: section='apps', subnav=''"
time=2025-05-31T10:47:19.128-07:00 level=INFO msg="GetNavtop: Final section='apps', subnav=''"
time=2025-05-31T10:47:19.131-07:00 level=INFO msg="No account settings found for account_id 1, defaulting registration to disabled."
::1 -  [] "GET /navtop?squid=52up&account=Account%20Alpha&section=apps&subnav= HTTP/1.1" 200 9542 "http://localhost:15370/lemc/apps" "Mozilla/5.0 (Macintosh; Intel Mac OS X 10_15_7) AppleWebKit/537.36 (KHTML, like Gecko) HeadlessChrome/136.0.0.0 Safari/537.36"
2025/05/31 10:47:21 Testing jobs page functionality...
time=2025-05-31T10:47:21.925-07:00 level=INFO msg="No settings found for account 1, defaulting to disabled"
time=2025-05-31T10:47:21.925-07:00 level=INFO msg="Warning: Error getting account settings for account 1 in themeMiddleware: sql: no rows in result set. Using default theme."
time=2025-05-31T10:47:21.925-07:00 level=INFO msg="User 1 (Account 1) attempting action requiring ONE OF permissions: [admin_account] on path /lemc/account/jobs"
time=2025-05-31T10:47:21.925-07:00 level=INFO msg="Permission GRANTED for user 1 (Account 1) via permission 'admin_account' (required one of: [admin_account]) on path /lemc/account/jobs"
time=2025-05-31T10:47:21.926-07:00 level=INFO msg="No account settings found for account_id 1, defaulting registration to disabled."
::1 -  [] "GET /lemc/account/jobs HTTP/1.1" 200 43728 "" "Mozilla/5.0 (Macintosh; Intel Mac OS X 10_15_7) AppleWebKit/537.36 (KHTML, like Gecko) HeadlessChrome/136.0.0.0 Safari/537.36"
time=2025-05-31T10:47:21.932-07:00 level=INFO msg="No settings found for account 1, defaulting to disabled"
time=2025-05-31T10:47:21.932-07:00 level=INFO msg="Warning: Error getting account settings for account 1 in themeMiddleware: sql: no rows in result set. Using default theme."
::1 -  [] "GET /themes/default/public/css/compiled.css?v=ts HTTP/1.1" 304 0 "http://localhost:15370/lemc/account/jobs" "Mozilla/5.0 (Macintosh; Intel Mac OS X 10_15_7) AppleWebKit/537.36 (KHTML, like Gecko) HeadlessChrome/136.0.0.0 Safari/537.36"
time=2025-05-31T10:47:21.942-07:00 level=INFO msg="No settings found for account 1, defaulting to disabled"
time=2025-05-31T10:47:21.942-07:00 level=INFO msg="Warning: Error getting account settings for account 1 in themeMiddleware: sql: no rows in result set. Using default theme."
time=2025-05-31T10:47:21.943-07:00 level=INFO msg="Creating websocket client for user 1"
::1 -  [] "GET /ws HTTP/1.1" 200 0 "" "Mozilla/5.0 (Macintosh; Intel Mac OS X 10_15_7) AppleWebKit/537.36 (KHTML, like Gecko) HeadlessChrome/136.0.0.0 Safari/537.36"
time=2025-05-31T10:47:21.947-07:00 level=INFO msg="No settings found for account 1, defaulting to disabled"
time=2025-05-31T10:47:21.947-07:00 level=INFO msg="Warning: Error getting account settings for account 1 in themeMiddleware: sql: no rows in result set. Using default theme."
time=2025-05-31T10:47:21.947-07:00 level=INFO msg="No settings found for account 1, defaulting to disabled"
time=2025-05-31T10:47:21.947-07:00 level=INFO msg="Warning: Error getting account settings for account 1 in themeMiddleware: sql: no rows in result set. Using default theme."
::1 -  [] "GET /themes/default/public/imgs/bg-nav.svg HTTP/1.1" 304 0 "http://localhost:15370/themes/default/public/css/compiled.css?v=ts" "Mozilla/5.0 (Macintosh; Intel Mac OS X 10_15_7) AppleWebKit/537.36 (KHTML, like Gecko) HeadlessChrome/136.0.0.0 Safari/537.36"
::1 -  [] "GET /themes/default/public/imgs/logo-normal.png HTTP/1.1" 304 0 "http://localhost:15370/themes/default/public/css/compiled.css?v=ts" "Mozilla/5.0 (Macintosh; Intel Mac OS X 10_15_7) AppleWebKit/537.36 (KHTML, like Gecko) HeadlessChrome/136.0.0.0 Safari/537.36"
time=2025-05-31T10:47:21.949-07:00 level=INFO msg="No settings found for account 1, defaulting to disabled"
time=2025-05-31T10:47:21.949-07:00 level=INFO msg="Warning: Error getting account settings for account 1 in themeMiddleware: sql: no rows in result set. Using default theme."
::1 -  [] "GET /themes/default/public/imgs/bg.png HTTP/1.1" 304 0 "http://localhost:15370/themes/default/public/css/compiled.css?v=ts" "Mozilla/5.0 (Macintosh; Intel Mac OS X 10_15_7) AppleWebKit/537.36 (KHTML, like Gecko) HeadlessChrome/136.0.0.0 Safari/537.36"
2025/05/31 10:47:21 Jobs page HTML contains pagination: false
2025/05/31 10:47:21 Jobs page HTML contains job table: false
2025/05/31 10:47:21 Jobs page HTML contains 'No jobs': true
2025/05/31 10:47:21 Jobs page test completed. Page length: 43343
    timeout.go:184: Test TestJobsPageFunctionality: completed (failed=false)
    timeout.go:145: Test TestJobsPageFunctionality: cleaning up (failed=false)
Test passed, cleaning up resources for instance qldpeqhf
--- PASS: TestJobsPageFunctionality (6.75s)
=== RUN   TestActualLoginFailure
    timeout.go:117: Test TestActualLoginFailure: calculated timeout 30s
2025/05/31 10:47:23 RepoRoot: /Users/jf/src/jfolkins/lemc/letemcook-private
    timeout.go:125: Test TestActualLoginFailure: created instance oy4hb9kv on port 15371
2025/05/31 10:47:23 RepoRoot: /Users/jf/src/jfolkins/lemc/letemcook-private
time=2025-05-31T10:47:23.314-07:00 level=INFO msg="folder created successfully: /Users/jf/src/jfolkins/lemc/letemcook-private/tests/data/test-oy4hb9kv/test/sessions"
time=2025-05-31T10:47:23.344-07:00 level=INFO msg="Successfully dumped all assets to: /Users/jf/src/jfolkins/lemc/letemcook-private/tests/data/test-oy4hb9kv/test/assets"
time=2025-05-31T10:47:23.345-07:00 level=INFO msg="🚀 Connected Successfully to the Database"
time=2025-05-31T10:47:23.348-07:00 level=INFO msg="OK   00001_accounts.sql (1.18ms)"
time=2025-05-31T10:47:23.350-07:00 level=INFO msg="OK   00002_users.sql (1.22ms)"
time=2025-05-31T10:47:23.351-07:00 level=INFO msg="OK   00003_cookbooks.sql (1ms)"
time=2025-05-31T10:47:23.352-07:00 level=INFO msg="OK   00004_apps.sql (950.9µs)"
time=2025-05-31T10:47:23.353-07:00 level=INFO msg="OK   00005_configurations.sql (855.2µs)"
time=2025-05-31T10:47:23.355-07:00 level=INFO msg="OK   00006_permissions_joins.sql (1.85ms)"
time=2025-05-31T10:47:23.356-07:00 level=INFO msg="OK   00007_account_settings.sql (993.7µs)"
time=2025-05-31T10:47:23.357-07:00 level=INFO msg="OK   00008_update_cookbook_timestamp.sql (834.11µs)"
time=2025-05-31T10:47:23.358-07:00 level=INFO msg="OK   00009_update_timestamps_triggers.sql (1.22ms)"
time=2025-05-31T10:47:23.360-07:00 level=INFO msg="OK   00011_optimize_indexes.sql (1.47ms)"
time=2025-05-31T10:47:23.361-07:00 level=INFO msg="OK   00012_add_heckle_to_users.sql (1.27ms)"
time=2025-05-31T10:47:23.362-07:00 level=INFO msg="OK   00013_drop_user_settings.sql (634µs)"
time=2025-05-31T10:47:23.363-07:00 level=INFO msg="OK   00014_add_on_register_to_app.sql (1.25ms)"
time=2025-05-31T10:47:23.364-07:00 level=INFO msg="OK   00015_cookbook_history.sql (975.32µs)"
time=2025-05-31T10:47:23.365-07:00 level=INFO msg="OK   00016_app_history.sql (990.17µs)"
time=2025-05-31T10:47:23.367-07:00 level=INFO msg="OK   00017_permissions_app_api_key.sql (2.07ms)"
time=2025-05-31T10:47:23.369-07:00 level=INFO msg="OK   00018_add_is_mcp_enabled_to_apps.sql (1.55ms)"
time=2025-05-31T10:47:23.369-07:00 level=INFO msg="goose: successfully migrated database to version: 18"
time=2025-05-31T10:47:23.373-07:00 level=INFO msg="OK   00001_seed_data.sql (3.95ms)"
time=2025-05-31T10:47:23.373-07:00 level=INFO msg="goose: up to current file version: 1"
time=2025-05-31T10:47:23.373-07:00 level=INFO msg="user 501 group 20"

   ____    __
  / __/___/ /  ___
 / _// __/ _ \/ _ \
/___/\__/_//_/\___/ v4.12.0
High performance, minimalist Go web framework
https://echo.labstack.com
____________________________________O/_______
                                    O\
⇨ http server started on [::]:15371
time=2025-05-31T10:47:23.425-07:00 level=INFO msg="lemon squid alphabet abcdefghijklmnopqrstuvwxyz0123456789"
time=2025-05-31T10:47:23.428-07:00 level=INFO msg="lemon squid sid 52up"
::1 -  [] "GET / HTTP/1.1" 307 0 "" "Go-http-client/1.1"
time=2025-05-31T10:47:24.439-07:00 level=INFO msg="lemon squid alphabet abcdefghijklmnopqrstuvwxyz0123456789"
time=2025-05-31T10:47:24.442-07:00 level=INFO msg="lemon squid sid 52up"
::1 -  [] "GET / HTTP/1.1" 307 0 "" "Mozilla/5.0 (Macintosh; Intel Mac OS X 10_15_7) AppleWebKit/537.36 (KHTML, like Gecko) HeadlessChrome/136.0.0.0 Safari/537.36"
time=2025-05-31T10:47:24.446-07:00 level=INFO msg="No settings found for account 1, defaulting to disabled"
time=2025-05-31T10:47:24.446-07:00 level=INFO msg="Warning: Error getting account settings for account 1 in themeMiddleware: sql: no rows in result set. Using default theme."
time=2025-05-31T10:47:24.447-07:00 level=INFO msg=redirIfAuthd
time=2025-05-31T10:47:24.449-07:00 level=INFO msg="lemon squid alphabet abcdefghijklmnopqrstuvwxyz0123456789"
time=2025-05-31T10:47:24.452-07:00 level=INFO msg="lemon squid sid 52up"
time=2025-05-31T10:47:24.455-07:00 level=INFO msg="No account settings found for account_id 1, defaulting registration to disabled."
time=2025-05-31T10:47:24.455-07:00 level=INFO msg="Invalid 'partial' query param value received: \"\". Defaulting to 'false'."
::1 -  [] "GET /lemc/login?squid=52up&account=Account%20Alpha HTTP/1.1" 200 34909 "" "Mozilla/5.0 (Macintosh; Intel Mac OS X 10_15_7) AppleWebKit/537.36 (KHTML, like Gecko) HeadlessChrome/136.0.0.0 Safari/537.36"
::1 -  [] "GET /themes/default/public/css/compiled.css?v=ts HTTP/1.1" 200 121051 "http://localhost:15371/lemc/login?squid=52up&account=Account%20Alpha" "Mozilla/5.0 (Macintosh; Intel Mac OS X 10_15_7) AppleWebKit/537.36 (KHTML, like Gecko) HeadlessChrome/136.0.0.0 Safari/537.36"
::1 -  [] "GET /themes/default/public/imgs/bg-nav.svg HTTP/1.1" 200 114734 "http://localhost:15371/themes/default/public/css/compiled.css?v=ts" "Mozilla/5.0 (Macintosh; Intel Mac OS X 10_15_7) AppleWebKit/537.36 (KHTML, like Gecko) HeadlessChrome/136.0.0.0 Safari/537.36"
::1 -  [] "GET /themes/default/public/imgs/logo-normal.png HTTP/1.1" 200 250557 "http://localhost:15371/themes/default/public/css/compiled.css?v=ts" "Mozilla/5.0 (Macintosh; Intel Mac OS X 10_15_7) AppleWebKit/537.36 (KHTML, like Gecko) HeadlessChrome/136.0.0.0 Safari/537.36"
::1 -  [] "GET /themes/default/public/imgs/bg.png HTTP/1.1" 200 1608387 "http://localhost:15371/themes/default/public/css/compiled.css?v=ts" "Mozilla/5.0 (Macintosh; Intel Mac OS X 10_15_7) AppleWebKit/537.36 (KHTML, like Gecko) HeadlessChrome/136.0.0.0 Safari/537.36"
::1 -  [] "GET /themes/default/public/imgs/32x32.ico?v=ts HTTP/1.1" 200 4286 "http://localhost:15371/lemc/login?squid=52up&account=Account%20Alpha" "Mozilla/5.0 (Macintosh; Intel Mac OS X 10_15_7) AppleWebKit/537.36 (KHTML, like Gecko) HeadlessChrome/136.0.0.0 Safari/537.36"
time=2025-05-31T10:47:25.576-07:00 level=INFO msg="No settings found for account 1, defaulting to disabled"
time=2025-05-31T10:47:25.576-07:00 level=INFO msg="Warning: Error getting account settings for account 1 in themeMiddleware: sql: no rows in result set. Using default theme."
time=2025-05-31T10:47:25.578-07:00 level=INFO msg="ByUsernameAndSquid:  sql: no rows in result set"
::1 -  [] "POST /lemc/login?squid=52up&account=Account%20Alpha HTTP/1.1" 204 0 "http://localhost:15371/lemc/login?squid=52up&account=Account%20Alpha" "Mozilla/5.0 (Macintosh; Intel Mac OS X 10_15_7) AppleWebKit/537.36 (KHTML, like Gecko) HeadlessChrome/136.0.0.0 Safari/537.36"
    login_test.go:39: Redirected to login URL: http://localhost:15371/lemc/login?squid=52up&account=Account%20Alpha
    login_test.go:59: Login failure test completed as expected (login form likely still present).
    timeout.go:184: Test TestActualLoginFailure: completed (failed=false)
    timeout.go:145: Test TestActualLoginFailure: cleaning up (failed=false)
Test passed, cleaning up resources for instance oy4hb9kv
--- PASS: TestActualLoginFailure (4.61s)
=== RUN   TestLogin
    timeout.go:117: Test TestLogin: calculated timeout 30s
2025/05/31 10:47:27 RepoRoot: /Users/jf/src/jfolkins/lemc/letemcook-private
    timeout.go:125: Test TestLogin: created instance d5acjygf on port 15372
2025/05/31 10:47:27 RepoRoot: /Users/jf/src/jfolkins/lemc/letemcook-private
time=2025-05-31T10:47:27.919-07:00 level=INFO msg="folder created successfully: /Users/jf/src/jfolkins/lemc/letemcook-private/tests/data/test-d5acjygf/test/sessions"
time=2025-05-31T10:47:27.947-07:00 level=INFO msg="Successfully dumped all assets to: /Users/jf/src/jfolkins/lemc/letemcook-private/tests/data/test-d5acjygf/test/assets"
time=2025-05-31T10:47:27.948-07:00 level=INFO msg="🚀 Connected Successfully to the Database"
time=2025-05-31T10:47:27.952-07:00 level=INFO msg="OK   00001_accounts.sql (1.57ms)"
time=2025-05-31T10:47:27.954-07:00 level=INFO msg="OK   00002_users.sql (1.09ms)"
time=2025-05-31T10:47:27.955-07:00 level=INFO msg="OK   00003_cookbooks.sql (1.08ms)"
time=2025-05-31T10:47:27.956-07:00 level=INFO msg="OK   00004_apps.sql (889.17µs)"
time=2025-05-31T10:47:27.957-07:00 level=INFO msg="OK   00005_configurations.sql (864.14µs)"
time=2025-05-31T10:47:27.959-07:00 level=INFO msg="OK   00006_permissions_joins.sql (1.83ms)"
time=2025-05-31T10:47:27.960-07:00 level=INFO msg="OK   00007_account_settings.sql (1ms)"
time=2025-05-31T10:47:27.961-07:00 level=INFO msg="OK   00008_update_cookbook_timestamp.sql (864.05µs)"
time=2025-05-31T10:47:27.962-07:00 level=INFO msg="OK   00009_update_timestamps_triggers.sql (1.18ms)"
time=2025-05-31T10:47:27.964-07:00 level=INFO msg="OK   00011_optimize_indexes.sql (1.53ms)"
time=2025-05-31T10:47:27.965-07:00 level=INFO msg="OK   00012_add_heckle_to_users.sql (1.25ms)"
time=2025-05-31T10:47:27.966-07:00 level=INFO msg="OK   00013_drop_user_settings.sql (629.77µs)"
time=2025-05-31T10:47:27.967-07:00 level=INFO msg="OK   00014_add_on_register_to_app.sql (1.59ms)"
time=2025-05-31T10:47:27.969-07:00 level=INFO msg="OK   00015_cookbook_history.sql (2.06ms)"
time=2025-05-31T10:47:27.971-07:00 level=INFO msg="OK   00016_app_history.sql (1.22ms)"
time=2025-05-31T10:47:27.973-07:00 level=INFO msg="OK   00017_permissions_app_api_key.sql (1.88ms)"
time=2025-05-31T10:47:27.974-07:00 level=INFO msg="OK   00018_add_is_mcp_enabled_to_apps.sql (1.47ms)"
time=2025-05-31T10:47:27.974-07:00 level=INFO msg="goose: successfully migrated database to version: 18"
time=2025-05-31T10:47:27.979-07:00 level=INFO msg="OK   00001_seed_data.sql (4.97ms)"
time=2025-05-31T10:47:27.979-07:00 level=INFO msg="goose: up to current file version: 1"
time=2025-05-31T10:47:27.979-07:00 level=INFO msg="user 501 group 20"

   ____    __
  / __/___/ /  ___
 / _// __/ _ \/ _ \
/___/\__/_//_/\___/ v4.12.0
High performance, minimalist Go web framework
https://echo.labstack.com
____________________________________O/_______
                                    O\
⇨ http server started on [::]:15372
time=2025-05-31T10:47:28.031-07:00 level=INFO msg="lemon squid alphabet abcdefghijklmnopqrstuvwxyz0123456789"
time=2025-05-31T10:47:28.035-07:00 level=INFO msg="lemon squid sid 52up"
::1 -  [] "GET / HTTP/1.1" 307 0 "" "Go-http-client/1.1"
=== RUN   TestLogin/Alpha
time=2025-05-31T10:47:29.138-07:00 level=INFO msg="No settings found for account 1, defaulting to disabled"
time=2025-05-31T10:47:29.138-07:00 level=INFO msg="Warning: Error getting account settings for account 1 in themeMiddleware: sql: no rows in result set. Using default theme."
time=2025-05-31T10:47:29.139-07:00 level=INFO msg=redirIfAuthd
time=2025-05-31T10:47:29.141-07:00 level=INFO msg="lemon squid alphabet abcdefghijklmnopqrstuvwxyz0123456789"
time=2025-05-31T10:47:29.144-07:00 level=INFO msg="lemon squid sid 52up"
time=2025-05-31T10:47:29.147-07:00 level=INFO msg="No account settings found for account_id 1, defaulting registration to disabled."
time=2025-05-31T10:47:29.147-07:00 level=INFO msg="Invalid 'partial' query param value received: \"\". Defaulting to 'false'."
::1 -  [] "GET /lemc/login?account=Account+Alpha&squid=52up HTTP/1.1" 200 34909 "" "Mozilla/5.0 (Macintosh; Intel Mac OS X 10_15_7) AppleWebKit/537.36 (KHTML, like Gecko) HeadlessChrome/136.0.0.0 Safari/537.36"
::1 -  [] "GET /themes/default/public/css/compiled.css?v=ts HTTP/1.1" 200 121051 "http://localhost:15372/lemc/login?account=Account+Alpha&squid=52up" "Mozilla/5.0 (Macintosh; Intel Mac OS X 10_15_7) AppleWebKit/537.36 (KHTML, like Gecko) HeadlessChrome/136.0.0.0 Safari/537.36"
::1 -  [] "GET /themes/default/public/imgs/bg-nav.svg HTTP/1.1" 200 114734 "http://localhost:15372/themes/default/public/css/compiled.css?v=ts" "Mozilla/5.0 (Macintosh; Intel Mac OS X 10_15_7) AppleWebKit/537.36 (KHTML, like Gecko) HeadlessChrome/136.0.0.0 Safari/537.36"
::1 -  [] "GET /themes/default/public/imgs/logo-normal.png HTTP/1.1" 200 250557 "http://localhost:15372/themes/default/public/css/compiled.css?v=ts" "Mozilla/5.0 (Macintosh; Intel Mac OS X 10_15_7) AppleWebKit/537.36 (KHTML, like Gecko) HeadlessChrome/136.0.0.0 Safari/537.36"
::1 -  [] "GET /themes/default/public/imgs/bg.png HTTP/1.1" 200 1608387 "http://localhost:15372/themes/default/public/css/compiled.css?v=ts" "Mozilla/5.0 (Macintosh; Intel Mac OS X 10_15_7) AppleWebKit/537.36 (KHTML, like Gecko) HeadlessChrome/136.0.0.0 Safari/537.36"
::1 -  [] "GET /themes/default/public/imgs/32x32.ico?v=ts HTTP/1.1" 200 4286 "http://localhost:15372/lemc/login?account=Account+Alpha&squid=52up" "Mozilla/5.0 (Macintosh; Intel Mac OS X 10_15_7) AppleWebKit/537.36 (KHTML, like Gecko) HeadlessChrome/136.0.0.0 Safari/537.36"
time=2025-05-31T10:47:30.283-07:00 level=INFO msg="No settings found for account 1, defaulting to disabled"
time=2025-05-31T10:47:30.283-07:00 level=INFO msg="Warning: Error getting account settings for account 1 in themeMiddleware: sql: no rows in result set. Using default theme."
time=2025-05-31T10:47:30.286-07:00 level=INFO msg="GetHeckle: Using account ID 1 from squid parameter '52up'."
time=2025-05-31T10:47:30.286-07:00 level=INFO msg="No settings found for account 1, defaulting to disabled"
time=2025-05-31T10:47:30.286-07:00 level=INFO msg="GetHeckle: No account settings found for account 1. Heckle disabled."
::1 -  [] "GET /heckle?squid=52up HTTP/1.1" 204 0 "http://localhost:15372/lemc/login?account=Account+Alpha&squid=52up" "Mozilla/5.0 (Macintosh; Intel Mac OS X 10_15_7) AppleWebKit/537.36 (KHTML, like Gecko) HeadlessChrome/136.0.0.0 Safari/537.36"
time=2025-05-31T10:47:30.287-07:00 level=INFO msg="No settings found for account 1, defaulting to disabled"
time=2025-05-31T10:47:30.287-07:00 level=INFO msg="Warning: Error getting account settings for account 1 in themeMiddleware: sql: no rows in result set. Using default theme."
time=2025-05-31T10:47:30.534-07:00 level=INFO msg="lemon squid alphabet abcdefghijklmnopqrstuvwxyz0123456789"
time=2025-05-31T10:47:30.537-07:00 level=INFO msg="lemon squid sid 52up"
time=2025-05-31T10:47:30.539-07:00 level=INFO msg="No account settings found for account_id 1, defaulting registration to disabled."
time=2025-05-31T10:47:30.540-07:00 level=INFO msg="lemon squid alphabet abcdefghijklmnopqrstuvwxyz0123456789"
time=2025-05-31T10:47:30.542-07:00 level=INFO msg="lemon squid sid 52up"
::1 -  [] "POST /lemc/login?squid=52up&account=Account%20Alpha HTTP/1.1" 200 17018 "http://localhost:15372/lemc/login?account=Account+Alpha&squid=52up" "Mozilla/5.0 (Macintosh; Intel Mac OS X 10_15_7) AppleWebKit/537.36 (KHTML, like Gecko) HeadlessChrome/136.0.0.0 Safari/537.36"
time=2025-05-31T10:47:30.557-07:00 level=INFO msg="No settings found for account 1, defaulting to disabled"
time=2025-05-31T10:47:30.557-07:00 level=INFO msg="Warning: Error getting account settings for account 1 in themeMiddleware: sql: no rows in result set. Using default theme."
time=2025-05-31T10:47:30.558-07:00 level=INFO msg="No settings found for account 1, defaulting to disabled"
time=2025-05-31T10:47:30.558-07:00 level=INFO msg="Warning: Error getting account settings for account 1 in themeMiddleware: sql: no rows in result set. Using default theme."
time=2025-05-31T10:47:30.558-07:00 level=INFO msg="User 1 (Account 1) attempting action requiring ONE OF permissions: [view_app] on path /lemc/app/thumbnail/download/:uuid"
time=2025-05-31T10:47:30.558-07:00 level=INFO msg="Permission GRANTED for user 1 (Account 1) via permission 'view_app' (required one of: [view_app]) on path /lemc/app/thumbnail/download/:uuid"
time=2025-05-31T10:47:30.558-07:00 level=INFO msg="Attempting to fetch thumbnail for app UUID: 340e4d2129258bfb01832c13cae21b96, Account ID: 1"
time=2025-05-31T10:47:30.559-07:00 level=INFO msg="Thumbnail data is empty in app YAML (AppID: 1). Serving default thumbnail."
::1 -  [] "GET /lemc/app/thumbnail/download/340e4d2129258bfb01832c13cae21b96 HTTP/1.1" 200 178135 "http://localhost:15372/lemc/apps" "Mozilla/5.0 (Macintosh; Intel Mac OS X 10_15_7) AppleWebKit/537.36 (KHTML, like Gecko) HeadlessChrome/136.0.0.0 Safari/537.36"
time=2025-05-31T10:47:30.560-07:00 level=INFO msg="No settings found for account 1, defaulting to disabled"
time=2025-05-31T10:47:30.560-07:00 level=INFO msg="Warning: Error getting account settings for account 1 in themeMiddleware: sql: no rows in result set. Using default theme."
time=2025-05-31T10:47:30.560-07:00 level=INFO msg="No settings found for account 1, defaulting to disabled"
time=2025-05-31T10:47:30.560-07:00 level=INFO msg="Warning: Error getting account settings for account 1 in themeMiddleware: sql: no rows in result set. Using default theme."
time=2025-05-31T10:47:30.560-07:00 level=INFO msg="User 1 (Account 1) attempting action requiring ONE OF permissions: [view_app] on path /lemc/app/thumbnail/download/:uuid"
time=2025-05-31T10:47:30.560-07:00 level=INFO msg="Permission GRANTED for user 1 (Account 1) via permission 'view_app' (required one of: [view_app]) on path /lemc/app/thumbnail/download/:uuid"
time=2025-05-31T10:47:30.560-07:00 level=INFO msg="Attempting to fetch thumbnail for app UUID: ad79fa2b0fdd8837e73d5c46c1ca5f00, Account ID: 1"
time=2025-05-31T10:47:30.560-07:00 level=INFO msg="No settings found for account 1, defaulting to disabled"
time=2025-05-31T10:47:30.560-07:00 level=INFO msg="Warning: Error getting account settings for account 1 in themeMiddleware: sql: no rows in result set. Using default theme."
time=2025-05-31T10:47:30.560-07:00 level=INFO msg="Thumbnail data is empty in app YAML (AppID: 16). Serving default thumbnail."
::1 -  [] "GET /lemc/app/thumbnail/download/ad79fa2b0fdd8837e73d5c46c1ca5f00 HTTP/1.1" 200 178135 "http://localhost:15372/lemc/apps" "Mozilla/5.0 (Macintosh; Intel Mac OS X 10_15_7) AppleWebKit/537.36 (KHTML, like Gecko) HeadlessChrome/136.0.0.0 Safari/537.36"
time=2025-05-31T10:47:30.560-07:00 level=INFO msg="GetNavtop: Handler called"
time=2025-05-31T10:47:30.562-07:00 level=INFO msg="No settings found for account 1, defaulting to disabled"
time=2025-05-31T10:47:30.562-07:00 level=INFO msg="Warning: Error getting account settings for account 1 in themeMiddleware: sql: no rows in result set. Using default theme."
time=2025-05-31T10:47:30.563-07:00 level=INFO msg="User 1 (Account 1) attempting action requiring ONE OF permissions: [view_app] on path /lemc/app/thumbnail/download/:uuid"
time=2025-05-31T10:47:30.563-07:00 level=INFO msg="No settings found for account 1, defaulting to disabled"
time=2025-05-31T10:47:30.563-07:00 level=INFO msg="Warning: Error getting account settings for account 1 in themeMiddleware: sql: no rows in result set. Using default theme."
time=2025-05-31T10:47:30.563-07:00 level=INFO msg="User 1 (Account 1) attempting action requiring ONE OF permissions: [view_app] on path /lemc/app/thumbnail/download/:uuid"
time=2025-05-31T10:47:30.563-07:00 level=INFO msg="Permission GRANTED for user 1 (Account 1) via permission 'view_app' (required one of: [view_app]) on path /lemc/app/thumbnail/download/:uuid"
time=2025-05-31T10:47:30.563-07:00 level=INFO msg="Attempting to fetch thumbnail for app UUID: 88d4a06f9038a50c8de0df0bb0540667, Account ID: 1"
time=2025-05-31T10:47:30.563-07:00 level=INFO msg="Permission GRANTED for user 1 (Account 1) via permission 'view_app' (required one of: [view_app]) on path /lemc/app/thumbnail/download/:uuid"
time=2025-05-31T10:47:30.563-07:00 level=INFO msg="Attempting to fetch thumbnail for app UUID: f66a942d2cdcff92e7c9ceb48ee6f7cf, Account ID: 1"
time=2025-05-31T10:47:30.563-07:00 level=INFO msg="Thumbnail data is empty in app YAML (AppID: 14). Serving default thumbnail."
time=2025-05-31T10:47:30.563-07:00 level=INFO msg="Thumbnail data is empty in app YAML (AppID: 13). Serving default thumbnail."
time=2025-05-31T10:47:30.564-07:00 level=INFO msg="User 1 (Account 1) attempting action requiring ONE OF permissions: [view_app] on path /lemc/app/thumbnail/download/:uuid"
::1 -  [] "GET /lemc/app/thumbnail/download/88d4a06f9038a50c8de0df0bb0540667 HTTP/1.1" 200 178135 "http://localhost:15372/lemc/apps" "Mozilla/5.0 (Macintosh; Intel Mac OS X 10_15_7) AppleWebKit/537.36 (KHTML, like Gecko) HeadlessChrome/136.0.0.0 Safari/537.36"
::1 -  [] "GET /lemc/app/thumbnail/download/f66a942d2cdcff92e7c9ceb48ee6f7cf HTTP/1.1" 200 178135 "http://localhost:15372/lemc/apps" "Mozilla/5.0 (Macintosh; Intel Mac OS X 10_15_7) AppleWebKit/537.36 (KHTML, like Gecko) HeadlessChrome/136.0.0.0 Safari/537.36"
time=2025-05-31T10:47:30.564-07:00 level=INFO msg="Permission GRANTED for user 1 (Account 1) via permission 'view_app' (required one of: [view_app]) on path /lemc/app/thumbnail/download/:uuid"
time=2025-05-31T10:47:30.564-07:00 level=INFO msg="Attempting to fetch thumbnail for app UUID: a73cd8dcd65951daa8be48f30ba56222, Account ID: 1"
time=2025-05-31T10:47:30.564-07:00 level=INFO msg="Thumbnail data is empty in app YAML (AppID: 3). Serving default thumbnail."
::1 -  [] "GET /lemc/app/thumbnail/download/a73cd8dcd65951daa8be48f30ba56222 HTTP/1.1" 200 178135 "http://localhost:15372/lemc/apps" "Mozilla/5.0 (Macintosh; Intel Mac OS X 10_15_7) AppleWebKit/537.36 (KHTML, like Gecko) HeadlessChrome/136.0.0.0 Safari/537.36"
time=2025-05-31T10:47:30.565-07:00 level=INFO msg="No settings found for account 1, defaulting to disabled"
time=2025-05-31T10:47:30.565-07:00 level=INFO msg="Warning: Error getting account settings for account 1 in themeMiddleware: sql: no rows in result set. Using default theme."
time=2025-05-31T10:47:30.565-07:00 level=INFO msg="No settings found for account 1, defaulting to disabled"
time=2025-05-31T10:47:30.565-07:00 level=INFO msg="Warning: Error getting account settings for account 1 in themeMiddleware: sql: no rows in result set. Using default theme."
time=2025-05-31T10:47:30.565-07:00 level=INFO msg="User 1 (Account 1) attempting action requiring ONE OF permissions: [view_app] on path /lemc/app/thumbnail/download/:uuid"
time=2025-05-31T10:47:30.566-07:00 level=INFO msg="Permission GRANTED for user 1 (Account 1) via permission 'view_app' (required one of: [view_app]) on path /lemc/app/thumbnail/download/:uuid"
time=2025-05-31T10:47:30.566-07:00 level=INFO msg="Attempting to fetch thumbnail for app UUID: fe337e8faa13c5bdba8955c0ce762191, Account ID: 1"
time=2025-05-31T10:47:30.566-07:00 level=INFO msg="User 1 (Account 1) attempting action requiring ONE OF permissions: [view_app] on path /lemc/app/thumbnail/download/:uuid"
time=2025-05-31T10:47:30.566-07:00 level=INFO msg="lemon squid alphabet abcdefghijklmnopqrstuvwxyz0123456789"
time=2025-05-31T10:47:30.566-07:00 level=INFO msg="Thumbnail data is empty in app YAML (AppID: 6). Serving default thumbnail."
time=2025-05-31T10:47:30.566-07:00 level=INFO msg="Permission GRANTED for user 1 (Account 1) via permission 'view_app' (required one of: [view_app]) on path /lemc/app/thumbnail/download/:uuid"
time=2025-05-31T10:47:30.566-07:00 level=INFO msg="Attempting to fetch thumbnail for app UUID: b3797140c96bf3e40eca87f13b20e60f, Account ID: 1"
::1 -  [] "GET /lemc/app/thumbnail/download/fe337e8faa13c5bdba8955c0ce762191 HTTP/1.1" 200 178135 "http://localhost:15372/lemc/apps" "Mozilla/5.0 (Macintosh; Intel Mac OS X 10_15_7) AppleWebKit/537.36 (KHTML, like Gecko) HeadlessChrome/136.0.0.0 Safari/537.36"
time=2025-05-31T10:47:30.566-07:00 level=INFO msg="Thumbnail data is empty in app YAML (AppID: 15). Serving default thumbnail."
::1 -  [] "GET /lemc/app/thumbnail/download/b3797140c96bf3e40eca87f13b20e60f HTTP/1.1" 200 178135 "http://localhost:15372/lemc/apps" "Mozilla/5.0 (Macintosh; Intel Mac OS X 10_15_7) AppleWebKit/537.36 (KHTML, like Gecko) HeadlessChrome/136.0.0.0 Safari/537.36"
time=2025-05-31T10:47:30.567-07:00 level=INFO msg="No settings found for account 1, defaulting to disabled"
time=2025-05-31T10:47:30.567-07:00 level=INFO msg="Warning: Error getting account settings for account 1 in themeMiddleware: sql: no rows in result set. Using default theme."
time=2025-05-31T10:47:30.569-07:00 level=INFO msg="User 1 (Account 1) attempting action requiring ONE OF permissions: [view_app] on path /lemc/app/thumbnail/download/:uuid"
time=2025-05-31T10:47:30.570-07:00 level=INFO msg="Permission GRANTED for user 1 (Account 1) via permission 'view_app' (required one of: [view_app]) on path /lemc/app/thumbnail/download/:uuid"
time=2025-05-31T10:47:30.570-07:00 level=INFO msg="Attempting to fetch thumbnail for app UUID: 499cf2cc44993b3e19d6f0fb447b0106, Account ID: 1"
time=2025-05-31T10:47:30.570-07:00 level=INFO msg="Thumbnail data is empty in app YAML (AppID: 7). Serving default thumbnail."
::1 -  [] "GET /lemc/app/thumbnail/download/499cf2cc44993b3e19d6f0fb447b0106 HTTP/1.1" 200 178135 "http://localhost:15372/lemc/apps" "Mozilla/5.0 (Macintosh; Intel Mac OS X 10_15_7) AppleWebKit/537.36 (KHTML, like Gecko) HeadlessChrome/136.0.0.0 Safari/537.36"
time=2025-05-31T10:47:30.570-07:00 level=INFO msg="No settings found for account 1, defaulting to disabled"
time=2025-05-31T10:47:30.570-07:00 level=INFO msg="Warning: Error getting account settings for account 1 in themeMiddleware: sql: no rows in result set. Using default theme."
time=2025-05-31T10:47:30.571-07:00 level=INFO msg="No settings found for account 1, defaulting to disabled"
time=2025-05-31T10:47:30.571-07:00 level=INFO msg="Warning: Error getting account settings for account 1 in themeMiddleware: sql: no rows in result set. Using default theme."
time=2025-05-31T10:47:30.571-07:00 level=INFO msg="User 1 (Account 1) attempting action requiring ONE OF permissions: [view_app] on path /lemc/app/thumbnail/download/:uuid"
time=2025-05-31T10:47:30.571-07:00 level=INFO msg="lemon squid sid 52up"
time=2025-05-31T10:47:30.571-07:00 level=INFO msg="GetNavtop: section='apps', subnav=''"
time=2025-05-31T10:47:30.571-07:00 level=INFO msg="Permission GRANTED for user 1 (Account 1) via permission 'view_app' (required one of: [view_app]) on path /lemc/app/thumbnail/download/:uuid"
time=2025-05-31T10:47:30.571-07:00 level=INFO msg="Attempting to fetch thumbnail for app UUID: fb474cd37281ee1458ec66e6ae857205, Account ID: 1"
time=2025-05-31T10:47:30.571-07:00 level=INFO msg="GetNavtop: Final section='apps', subnav=''"
time=2025-05-31T10:47:30.571-07:00 level=INFO msg="User 1 (Account 1) attempting action requiring ONE OF permissions: [view_app] on path /lemc/app/thumbnail/download/:uuid"
time=2025-05-31T10:47:30.571-07:00 level=INFO msg="Permission GRANTED for user 1 (Account 1) via permission 'view_app' (required one of: [view_app]) on path /lemc/app/thumbnail/download/:uuid"
time=2025-05-31T10:47:30.571-07:00 level=INFO msg="Attempting to fetch thumbnail for app UUID: 787e3fe80d5284d2ee5f9885f92faa20, Account ID: 1"
time=2025-05-31T10:47:30.571-07:00 level=INFO msg="Thumbnail data is empty in app YAML (AppID: 8). Serving default thumbnail."
time=2025-05-31T10:47:30.571-07:00 level=INFO msg="Thumbnail data is empty in app YAML (AppID: 9). Serving default thumbnail."
::1 -  [] "GET /lemc/app/thumbnail/download/fb474cd37281ee1458ec66e6ae857205 HTTP/1.1" 200 178135 "http://localhost:15372/lemc/apps" "Mozilla/5.0 (Macintosh; Intel Mac OS X 10_15_7) AppleWebKit/537.36 (KHTML, like Gecko) HeadlessChrome/136.0.0.0 Safari/537.36"
::1 -  [] "GET /lemc/app/thumbnail/download/787e3fe80d5284d2ee5f9885f92faa20 HTTP/1.1" 200 178135 "http://localhost:15372/lemc/apps" "Mozilla/5.0 (Macintosh; Intel Mac OS X 10_15_7) AppleWebKit/537.36 (KHTML, like Gecko) HeadlessChrome/136.0.0.0 Safari/537.36"
time=2025-05-31T10:47:30.575-07:00 level=INFO msg="No account settings found for account_id 1, defaulting registration to disabled."
::1 -  [] "GET /navtop?squid=52up&account=Account%20Alpha&section=apps&subnav= HTTP/1.1" 200 9542 "http://localhost:15372/lemc/apps" "Mozilla/5.0 (Macintosh; Intel Mac OS X 10_15_7) AppleWebKit/537.36 (KHTML, like Gecko) HeadlessChrome/136.0.0.0 Safari/537.36"
=== RUN   TestLogin/Bravo
time=2025-05-31T10:47:34.618-07:00 level=INFO msg="No settings found for account 2, defaulting to disabled"
time=2025-05-31T10:47:34.618-07:00 level=INFO msg="Warning: Error getting account settings for account 2 in themeMiddleware: sql: no rows in result set. Using default theme."
time=2025-05-31T10:47:34.619-07:00 level=INFO msg=redirIfAuthd
time=2025-05-31T10:47:34.621-07:00 level=INFO msg="lemon squid alphabet abcdefghijklmnopqrstuvwxyz0123456789"
time=2025-05-31T10:47:34.624-07:00 level=INFO msg="lemon squid sid 75ra"
time=2025-05-31T10:47:34.626-07:00 level=INFO msg="No account settings found for account_id 2, defaulting registration to disabled."
time=2025-05-31T10:47:34.626-07:00 level=INFO msg="Invalid 'partial' query param value received: \"\". Defaulting to 'false'."
::1 -  [] "GET /lemc/login?account=Account+Bravo&squid=75ra HTTP/1.1" 200 34909 "" "Mozilla/5.0 (Macintosh; Intel Mac OS X 10_15_7) AppleWebKit/537.36 (KHTML, like Gecko) HeadlessChrome/136.0.0.0 Safari/537.36"
::1 -  [] "GET /themes/default/public/css/compiled.css?v=ts HTTP/1.1" 200 121051 "http://localhost:15372/lemc/login?account=Account+Bravo&squid=75ra" "Mozilla/5.0 (Macintosh; Intel Mac OS X 10_15_7) AppleWebKit/537.36 (KHTML, like Gecko) HeadlessChrome/136.0.0.0 Safari/537.36"
::1 -  [] "GET /themes/default/public/imgs/bg-nav.svg HTTP/1.1" 200 114734 "http://localhost:15372/themes/default/public/css/compiled.css?v=ts" "Mozilla/5.0 (Macintosh; Intel Mac OS X 10_15_7) AppleWebKit/537.36 (KHTML, like Gecko) HeadlessChrome/136.0.0.0 Safari/537.36"
::1 -  [] "GET /themes/default/public/imgs/logo-normal.png HTTP/1.1" 200 250557 "http://localhost:15372/themes/default/public/css/compiled.css?v=ts" "Mozilla/5.0 (Macintosh; Intel Mac OS X 10_15_7) AppleWebKit/537.36 (KHTML, like Gecko) HeadlessChrome/136.0.0.0 Safari/537.36"
::1 -  [] "GET /themes/default/public/imgs/bg.png HTTP/1.1" 200 1608387 "http://localhost:15372/themes/default/public/css/compiled.css?v=ts" "Mozilla/5.0 (Macintosh; Intel Mac OS X 10_15_7) AppleWebKit/537.36 (KHTML, like Gecko) HeadlessChrome/136.0.0.0 Safari/537.36"
::1 -  [] "GET /themes/default/public/imgs/32x32.ico?v=ts HTTP/1.1" 200 4286 "http://localhost:15372/lemc/login?account=Account+Bravo&squid=75ra" "Mozilla/5.0 (Macintosh; Intel Mac OS X 10_15_7) AppleWebKit/537.36 (KHTML, like Gecko) HeadlessChrome/136.0.0.0 Safari/537.36"
time=2025-05-31T10:47:35.707-07:00 level=INFO msg="No settings found for account 2, defaulting to disabled"
time=2025-05-31T10:47:35.707-07:00 level=INFO msg="Warning: Error getting account settings for account 2 in themeMiddleware: sql: no rows in result set. Using default theme."
time=2025-05-31T10:47:35.710-07:00 level=INFO msg="GetHeckle: Using account ID 2 from squid parameter '75ra'."
time=2025-05-31T10:47:35.710-07:00 level=INFO msg="No settings found for account 2, defaulting to disabled"
time=2025-05-31T10:47:35.710-07:00 level=INFO msg="GetHeckle: No account settings found for account 2. Heckle disabled."
::1 -  [] "GET /heckle?squid=75ra HTTP/1.1" 204 0 "http://localhost:15372/lemc/login?account=Account+Bravo&squid=75ra" "Mozilla/5.0 (Macintosh; Intel Mac OS X 10_15_7) AppleWebKit/537.36 (KHTML, like Gecko) HeadlessChrome/136.0.0.0 Safari/537.36"
time=2025-05-31T10:47:35.711-07:00 level=INFO msg="No settings found for account 2, defaulting to disabled"
time=2025-05-31T10:47:35.711-07:00 level=INFO msg="Warning: Error getting account settings for account 2 in themeMiddleware: sql: no rows in result set. Using default theme."
time=2025-05-31T10:47:35.961-07:00 level=INFO msg="lemon squid alphabet abcdefghijklmnopqrstuvwxyz0123456789"
time=2025-05-31T10:47:35.963-07:00 level=INFO msg="lemon squid sid 75ra"
time=2025-05-31T10:47:35.966-07:00 level=INFO msg="No account settings found for account_id 2, defaulting registration to disabled."
time=2025-05-31T10:47:35.967-07:00 level=INFO msg="lemon squid alphabet abcdefghijklmnopqrstuvwxyz0123456789"
time=2025-05-31T10:47:35.971-07:00 level=INFO msg="lemon squid sid 75ra"
::1 -  [] "POST /lemc/login?squid=75ra&account=Account%20Bravo HTTP/1.1" 200 7780 "http://localhost:15372/lemc/login?account=Account+Bravo&squid=75ra" "Mozilla/5.0 (Macintosh; Intel Mac OS X 10_15_7) AppleWebKit/537.36 (KHTML, like Gecko) HeadlessChrome/136.0.0.0 Safari/537.36"
time=2025-05-31T10:47:35.984-07:00 level=INFO msg="No settings found for account 2, defaulting to disabled"
time=2025-05-31T10:47:35.984-07:00 level=INFO msg="Warning: Error getting account settings for account 2 in themeMiddleware: sql: no rows in result set. Using default theme."
time=2025-05-31T10:47:35.986-07:00 level=INFO msg="No settings found for account 2, defaulting to disabled"
time=2025-05-31T10:47:35.986-07:00 level=INFO msg="Warning: Error getting account settings for account 2 in themeMiddleware: sql: no rows in result set. Using default theme."
time=2025-05-31T10:47:35.986-07:00 level=INFO msg="No settings found for account 2, defaulting to disabled"
time=2025-05-31T10:47:35.986-07:00 level=INFO msg="Warning: Error getting account settings for account 2 in themeMiddleware: sql: no rows in result set. Using default theme."
time=2025-05-31T10:47:35.986-07:00 level=INFO msg="No settings found for account 2, defaulting to disabled"
time=2025-05-31T10:47:35.986-07:00 level=INFO msg="Warning: Error getting account settings for account 2 in themeMiddleware: sql: no rows in result set. Using default theme."
time=2025-05-31T10:47:35.987-07:00 level=INFO msg="User 3 (Account 2) attempting action requiring ONE OF permissions: [view_app] on path /lemc/app/thumbnail/download/:uuid"
time=2025-05-31T10:47:35.987-07:00 level=INFO msg="User 3 (Account 2) attempting action requiring ONE OF permissions: [view_app] on path /lemc/app/thumbnail/download/:uuid"
time=2025-05-31T10:47:35.987-07:00 level=INFO msg="Permission GRANTED for user 3 (Account 2) via permission 'view_app' (required one of: [view_app]) on path /lemc/app/thumbnail/download/:uuid"
time=2025-05-31T10:47:35.987-07:00 level=INFO msg="Attempting to fetch thumbnail for app UUID: 1aaba23a6eebdc5017edcf7d72c1d456, Account ID: 2"
time=2025-05-31T10:47:35.987-07:00 level=INFO msg="Permission GRANTED for user 3 (Account 2) via permission 'view_app' (required one of: [view_app]) on path /lemc/app/thumbnail/download/:uuid"
time=2025-05-31T10:47:35.987-07:00 level=INFO msg="User 3 (Account 2) attempting action requiring ONE OF permissions: [view_app] on path /lemc/app/thumbnail/download/:uuid"
time=2025-05-31T10:47:35.987-07:00 level=INFO msg="Attempting to fetch thumbnail for app UUID: 0e21a719e07c69534fc6e91b70d7c847, Account ID: 2"
time=2025-05-31T10:47:35.987-07:00 level=INFO msg="Permission GRANTED for user 3 (Account 2) via permission 'view_app' (required one of: [view_app]) on path /lemc/app/thumbnail/download/:uuid"
time=2025-05-31T10:47:35.987-07:00 level=INFO msg="Attempting to fetch thumbnail for app UUID: 3e21425a0fdb0dc236df4bfbbd754ec0, Account ID: 2"
time=2025-05-31T10:47:35.987-07:00 level=INFO msg="Thumbnail data is empty in app YAML (AppID: 2). Serving default thumbnail."
time=2025-05-31T10:47:35.988-07:00 level=INFO msg="Thumbnail data is empty in app YAML (AppID: 4). Serving default thumbnail."
time=2025-05-31T10:47:35.988-07:00 level=INFO msg="Thumbnail data is empty in app YAML (AppID: 5). Serving default thumbnail."
::1 -  [] "GET /lemc/app/thumbnail/download/1aaba23a6eebdc5017edcf7d72c1d456 HTTP/1.1" 200 178135 "http://localhost:15372/lemc/apps" "Mozilla/5.0 (Macintosh; Intel Mac OS X 10_15_7) AppleWebKit/537.36 (KHTML, like Gecko) HeadlessChrome/136.0.0.0 Safari/537.36"
::1 -  [] "GET /lemc/app/thumbnail/download/0e21a719e07c69534fc6e91b70d7c847 HTTP/1.1" 200 178135 "http://localhost:15372/lemc/apps" "Mozilla/5.0 (Macintosh; Intel Mac OS X 10_15_7) AppleWebKit/537.36 (KHTML, like Gecko) HeadlessChrome/136.0.0.0 Safari/537.36"
::1 -  [] "GET /lemc/app/thumbnail/download/3e21425a0fdb0dc236df4bfbbd754ec0 HTTP/1.1" 200 178135 "http://localhost:15372/lemc/apps" "Mozilla/5.0 (Macintosh; Intel Mac OS X 10_15_7) AppleWebKit/537.36 (KHTML, like Gecko) HeadlessChrome/136.0.0.0 Safari/537.36"
time=2025-05-31T10:47:35.988-07:00 level=INFO msg="No settings found for account 2, defaulting to disabled"
time=2025-05-31T10:47:35.988-07:00 level=INFO msg="Warning: Error getting account settings for account 2 in themeMiddleware: sql: no rows in result set. Using default theme."
time=2025-05-31T10:47:35.989-07:00 level=INFO msg="GetNavtop: Handler called"
time=2025-05-31T10:47:35.992-07:00 level=INFO msg="lemon squid alphabet abcdefghijklmnopqrstuvwxyz0123456789"
time=2025-05-31T10:47:35.994-07:00 level=INFO msg="lemon squid sid 75ra"
time=2025-05-31T10:47:35.994-07:00 level=INFO msg="GetNavtop: section='apps', subnav=''"
time=2025-05-31T10:47:35.995-07:00 level=INFO msg="GetNavtop: Final section='apps', subnav=''"
time=2025-05-31T10:47:35.997-07:00 level=INFO msg="No account settings found for account_id 2, defaulting registration to disabled."
::1 -  [] "GET /navtop?squid=75ra&account=Account%20Bravo&section=apps&subnav= HTTP/1.1" 200 9542 "http://localhost:15372/lemc/apps" "Mozilla/5.0 (Macintosh; Intel Mac OS X 10_15_7) AppleWebKit/537.36 (KHTML, like Gecko) HeadlessChrome/136.0.0.0 Safari/537.36"
=== NAME  TestLogin
    timeout.go:184: Test TestLogin: completed (failed=false)
    timeout.go:145: Test TestLogin: cleaning up (failed=false)
Test passed, cleaning up resources for instance d5acjygf
--- PASS: TestLogin (12.13s)
    --- PASS: TestLogin/Alpha (5.57s)
    --- PASS: TestLogin/Bravo (5.43s)
=== RUN   TestNavigationActiveState
    timeout.go:117: Test TestNavigationActiveState: calculated timeout 30s
2025/05/31 10:47:40 RepoRoot: /Users/jf/src/jfolkins/lemc/letemcook-private
    timeout.go:125: Test TestNavigationActiveState: created instance hlm4o7ad on port 15373
2025/05/31 10:47:40 RepoRoot: /Users/jf/src/jfolkins/lemc/letemcook-private
time=2025-05-31T10:47:40.406-07:00 level=INFO msg="folder created successfully: /Users/jf/src/jfolkins/lemc/letemcook-private/tests/data/test-hlm4o7ad/test/sessions"
time=2025-05-31T10:47:40.436-07:00 level=INFO msg="Successfully dumped all assets to: /Users/jf/src/jfolkins/lemc/letemcook-private/tests/data/test-hlm4o7ad/test/assets"
time=2025-05-31T10:47:40.437-07:00 level=INFO msg="🚀 Connected Successfully to the Database"
time=2025-05-31T10:47:40.441-07:00 level=INFO msg="OK   00001_accounts.sql (1.07ms)"
time=2025-05-31T10:47:40.442-07:00 level=INFO msg="OK   00002_users.sql (1.08ms)"
time=2025-05-31T10:47:40.443-07:00 level=INFO msg="OK   00003_cookbooks.sql (995.53µs)"
time=2025-05-31T10:47:40.444-07:00 level=INFO msg="OK   00004_apps.sql (1ms)"
time=2025-05-31T10:47:40.445-07:00 level=INFO msg="OK   00005_configurations.sql (941.52µs)"
time=2025-05-31T10:47:40.447-07:00 level=INFO msg="OK   00006_permissions_joins.sql (1.89ms)"
time=2025-05-31T10:47:40.448-07:00 level=INFO msg="OK   00007_account_settings.sql (995.1µs)"
time=2025-05-31T10:47:40.449-07:00 level=INFO msg="OK   00008_update_cookbook_timestamp.sql (802.01µs)"
time=2025-05-31T10:47:40.450-07:00 level=INFO msg="OK   00009_update_timestamps_triggers.sql (1.25ms)"
time=2025-05-31T10:47:40.451-07:00 level=INFO msg="OK   00011_optimize_indexes.sql (1.49ms)"
time=2025-05-31T10:47:40.453-07:00 level=INFO msg="OK   00012_add_heckle_to_users.sql (1.27ms)"
time=2025-05-31T10:47:40.453-07:00 level=INFO msg="OK   00013_drop_user_settings.sql (582.89µs)"
time=2025-05-31T10:47:40.455-07:00 level=INFO msg="OK   00014_add_on_register_to_app.sql (1.31ms)"
time=2025-05-31T10:47:40.457-07:00 level=INFO msg="OK   00015_cookbook_history.sql (1.78ms)"
time=2025-05-31T10:47:40.458-07:00 level=INFO msg="OK   00016_app_history.sql (1.8ms)"
time=2025-05-31T10:47:40.460-07:00 level=INFO msg="OK   00017_permissions_app_api_key.sql (1.99ms)"
time=2025-05-31T10:47:40.462-07:00 level=INFO msg="OK   00018_add_is_mcp_enabled_to_apps.sql (1.51ms)"
time=2025-05-31T10:47:40.462-07:00 level=INFO msg="goose: successfully migrated database to version: 18"
time=2025-05-31T10:47:40.466-07:00 level=INFO msg="OK   00001_seed_data.sql (3.91ms)"
time=2025-05-31T10:47:40.466-07:00 level=INFO msg="goose: up to current file version: 1"
time=2025-05-31T10:47:40.466-07:00 level=INFO msg="user 501 group 20"

   ____    __
  / __/___/ /  ___
 / _// __/ _ \/ _ \
/___/\__/_//_/\___/ v4.12.0
High performance, minimalist Go web framework
https://echo.labstack.com
____________________________________O/_______
                                    O\
⇨ http server started on [::]:15373
time=2025-05-31T10:47:40.496-07:00 level=INFO msg="lemon squid alphabet abcdefghijklmnopqrstuvwxyz0123456789"
time=2025-05-31T10:47:40.498-07:00 level=INFO msg="lemon squid sid 52up"
::1 -  [] "GET / HTTP/1.1" 307 0 "" "Go-http-client/1.1"
time=2025-05-31T10:47:41.585-07:00 level=INFO msg="No settings found for account 1, defaulting to disabled"
time=2025-05-31T10:47:41.585-07:00 level=INFO msg="Warning: Error getting account settings for account 1 in themeMiddleware: sql: no rows in result set. Using default theme."
time=2025-05-31T10:47:41.585-07:00 level=INFO msg=redirIfAuthd
time=2025-05-31T10:47:41.588-07:00 level=INFO msg="lemon squid alphabet abcdefghijklmnopqrstuvwxyz0123456789"
time=2025-05-31T10:47:41.590-07:00 level=INFO msg="lemon squid sid 52up"
time=2025-05-31T10:47:41.592-07:00 level=INFO msg="No account settings found for account_id 1, defaulting registration to disabled."
time=2025-05-31T10:47:41.592-07:00 level=INFO msg="Invalid 'partial' query param value received: \"\". Defaulting to 'false'."
::1 -  [] "GET /lemc/login?account=Account+Alpha&squid=52up HTTP/1.1" 200 34909 "" "Mozilla/5.0 (Macintosh; Intel Mac OS X 10_15_7) AppleWebKit/537.36 (KHTML, like Gecko) HeadlessChrome/136.0.0.0 Safari/537.36"
::1 -  [] "GET /themes/default/public/css/compiled.css?v=ts HTTP/1.1" 200 121051 "http://localhost:15373/lemc/login?account=Account+Alpha&squid=52up" "Mozilla/5.0 (Macintosh; Intel Mac OS X 10_15_7) AppleWebKit/537.36 (KHTML, like Gecko) HeadlessChrome/136.0.0.0 Safari/537.36"
::1 -  [] "GET /themes/default/public/imgs/bg-nav.svg HTTP/1.1" 200 114734 "http://localhost:15373/themes/default/public/css/compiled.css?v=ts" "Mozilla/5.0 (Macintosh; Intel Mac OS X 10_15_7) AppleWebKit/537.36 (KHTML, like Gecko) HeadlessChrome/136.0.0.0 Safari/537.36"
::1 -  [] "GET /themes/default/public/imgs/logo-normal.png HTTP/1.1" 200 250557 "http://localhost:15373/themes/default/public/css/compiled.css?v=ts" "Mozilla/5.0 (Macintosh; Intel Mac OS X 10_15_7) AppleWebKit/537.36 (KHTML, like Gecko) HeadlessChrome/136.0.0.0 Safari/537.36"
::1 -  [] "GET /themes/default/public/imgs/bg.png HTTP/1.1" 200 1608387 "http://localhost:15373/themes/default/public/css/compiled.css?v=ts" "Mozilla/5.0 (Macintosh; Intel Mac OS X 10_15_7) AppleWebKit/537.36 (KHTML, like Gecko) HeadlessChrome/136.0.0.0 Safari/537.36"
::1 -  [] "GET /themes/default/public/imgs/32x32.ico?v=ts HTTP/1.1" 200 4286 "http://localhost:15373/lemc/login?account=Account+Alpha&squid=52up" "Mozilla/5.0 (Macintosh; Intel Mac OS X 10_15_7) AppleWebKit/537.36 (KHTML, like Gecko) HeadlessChrome/136.0.0.0 Safari/537.36"
time=2025-05-31T10:47:42.680-07:00 level=INFO msg="No settings found for account 1, defaulting to disabled"
time=2025-05-31T10:47:42.680-07:00 level=INFO msg="Warning: Error getting account settings for account 1 in themeMiddleware: sql: no rows in result set. Using default theme."
time=2025-05-31T10:47:42.928-07:00 level=INFO msg="lemon squid alphabet abcdefghijklmnopqrstuvwxyz0123456789"
time=2025-05-31T10:47:42.931-07:00 level=INFO msg="lemon squid sid 52up"
time=2025-05-31T10:47:42.933-07:00 level=INFO msg="No account settings found for account_id 1, defaulting registration to disabled."
time=2025-05-31T10:47:42.934-07:00 level=INFO msg="lemon squid alphabet abcdefghijklmnopqrstuvwxyz0123456789"
time=2025-05-31T10:47:42.936-07:00 level=INFO msg="lemon squid sid 52up"
::1 -  [] "POST /lemc/login?squid=52up&account=Account%20Alpha HTTP/1.1" 200 17018 "http://localhost:15373/lemc/login?account=Account+Alpha&squid=52up" "Mozilla/5.0 (Macintosh; Intel Mac OS X 10_15_7) AppleWebKit/537.36 (KHTML, like Gecko) HeadlessChrome/136.0.0.0 Safari/537.36"
time=2025-05-31T10:47:42.951-07:00 level=INFO msg="No settings found for account 1, defaulting to disabled"
time=2025-05-31T10:47:42.951-07:00 level=INFO msg="Warning: Error getting account settings for account 1 in themeMiddleware: sql: no rows in result set. Using default theme."
time=2025-05-31T10:47:42.952-07:00 level=INFO msg="No settings found for account 1, defaulting to disabled"
time=2025-05-31T10:47:42.952-07:00 level=INFO msg="Warning: Error getting account settings for account 1 in themeMiddleware: sql: no rows in result set. Using default theme."
time=2025-05-31T10:47:42.953-07:00 level=INFO msg="User 1 (Account 1) attempting action requiring ONE OF permissions: [view_app] on path /lemc/app/thumbnail/download/:uuid"
time=2025-05-31T10:47:42.954-07:00 level=INFO msg="No settings found for account 1, defaulting to disabled"
time=2025-05-31T10:47:42.954-07:00 level=INFO msg="Warning: Error getting account settings for account 1 in themeMiddleware: sql: no rows in result set. Using default theme."
time=2025-05-31T10:47:42.954-07:00 level=INFO msg="No settings found for account 1, defaulting to disabled"
time=2025-05-31T10:47:42.954-07:00 level=INFO msg="Warning: Error getting account settings for account 1 in themeMiddleware: sql: no rows in result set. Using default theme."
time=2025-05-31T10:47:42.954-07:00 level=INFO msg="No settings found for account 1, defaulting to disabled"
time=2025-05-31T10:47:42.954-07:00 level=INFO msg="Warning: Error getting account settings for account 1 in themeMiddleware: sql: no rows in result set. Using default theme."
time=2025-05-31T10:47:42.955-07:00 level=INFO msg="User 1 (Account 1) attempting action requiring ONE OF permissions: [view_app] on path /lemc/app/thumbnail/download/:uuid"
time=2025-05-31T10:47:42.955-07:00 level=INFO msg="Permission GRANTED for user 1 (Account 1) via permission 'view_app' (required one of: [view_app]) on path /lemc/app/thumbnail/download/:uuid"
time=2025-05-31T10:47:42.955-07:00 level=INFO msg="Attempting to fetch thumbnail for app UUID: 381b840f9fb9d21926fe185fd6ead911, Account ID: 1"
time=2025-05-31T10:47:42.955-07:00 level=INFO msg="User 1 (Account 1) attempting action requiring ONE OF permissions: [view_app] on path /lemc/app/thumbnail/download/:uuid"
time=2025-05-31T10:47:42.955-07:00 level=INFO msg="Thumbnail data is empty in app YAML (AppID: 13). Serving default thumbnail."
time=2025-05-31T10:47:42.955-07:00 level=INFO msg="Permission GRANTED for user 1 (Account 1) via permission 'view_app' (required one of: [view_app]) on path /lemc/app/thumbnail/download/:uuid"
time=2025-05-31T10:47:42.955-07:00 level=INFO msg="Attempting to fetch thumbnail for app UUID: 6f1ae3b5615a4c00a6f57b104b7ebc46, Account ID: 1"
time=2025-05-31T10:47:42.955-07:00 level=INFO msg="GetNavtop: Handler called"
::1 -  [] "GET /lemc/app/thumbnail/download/381b840f9fb9d21926fe185fd6ead911 HTTP/1.1" 200 178135 "http://localhost:15373/lemc/apps" "Mozilla/5.0 (Macintosh; Intel Mac OS X 10_15_7) AppleWebKit/537.36 (KHTML, like Gecko) HeadlessChrome/136.0.0.0 Safari/537.36"
time=2025-05-31T10:47:42.955-07:00 level=INFO msg="Thumbnail data is empty in app YAML (AppID: 16). Serving default thumbnail."
::1 -  [] "GET /lemc/app/thumbnail/download/6f1ae3b5615a4c00a6f57b104b7ebc46 HTTP/1.1" 200 178135 "http://localhost:15373/lemc/apps" "Mozilla/5.0 (Macintosh; Intel Mac OS X 10_15_7) AppleWebKit/537.36 (KHTML, like Gecko) HeadlessChrome/136.0.0.0 Safari/537.36"
time=2025-05-31T10:47:42.957-07:00 level=INFO msg="Permission GRANTED for user 1 (Account 1) via permission 'view_app' (required one of: [view_app]) on path /lemc/app/thumbnail/download/:uuid"
time=2025-05-31T10:47:42.957-07:00 level=INFO msg="Attempting to fetch thumbnail for app UUID: 12cfb34bac553cceea503c306037ab5f, Account ID: 1"
time=2025-05-31T10:47:42.958-07:00 level=INFO msg="Thumbnail data is empty in app YAML (AppID: 1). Serving default thumbnail."
::1 -  [] "GET /lemc/app/thumbnail/download/12cfb34bac553cceea503c306037ab5f HTTP/1.1" 200 178135 "http://localhost:15373/lemc/apps" "Mozilla/5.0 (Macintosh; Intel Mac OS X 10_15_7) AppleWebKit/537.36 (KHTML, like Gecko) HeadlessChrome/136.0.0.0 Safari/537.36"
time=2025-05-31T10:47:42.959-07:00 level=INFO msg="No settings found for account 1, defaulting to disabled"
time=2025-05-31T10:47:42.959-07:00 level=INFO msg="Warning: Error getting account settings for account 1 in themeMiddleware: sql: no rows in result set. Using default theme."
time=2025-05-31T10:47:42.960-07:00 level=INFO msg="lemon squid alphabet abcdefghijklmnopqrstuvwxyz0123456789"
time=2025-05-31T10:47:42.960-07:00 level=INFO msg="No settings found for account 1, defaulting to disabled"
time=2025-05-31T10:47:42.960-07:00 level=INFO msg="Warning: Error getting account settings for account 1 in themeMiddleware: sql: no rows in result set. Using default theme."
time=2025-05-31T10:47:42.960-07:00 level=INFO msg="No settings found for account 1, defaulting to disabled"
time=2025-05-31T10:47:42.960-07:00 level=INFO msg="Warning: Error getting account settings for account 1 in themeMiddleware: sql: no rows in result set. Using default theme."
time=2025-05-31T10:47:42.960-07:00 level=INFO msg="User 1 (Account 1) attempting action requiring ONE OF permissions: [view_app] on path /lemc/app/thumbnail/download/:uuid"
time=2025-05-31T10:47:42.960-07:00 level=INFO msg="Permission GRANTED for user 1 (Account 1) via permission 'view_app' (required one of: [view_app]) on path /lemc/app/thumbnail/download/:uuid"
time=2025-05-31T10:47:42.961-07:00 level=INFO msg="Attempting to fetch thumbnail for app UUID: c9b8b98eab8bb0250a72f95e64dae15f, Account ID: 1"
time=2025-05-31T10:47:42.961-07:00 level=INFO msg="No settings found for account 1, defaulting to disabled"
time=2025-05-31T10:47:42.961-07:00 level=INFO msg="Warning: Error getting account settings for account 1 in themeMiddleware: sql: no rows in result set. Using default theme."
time=2025-05-31T10:47:42.961-07:00 level=INFO msg="Thumbnail data is empty in app YAML (AppID: 15). Serving default thumbnail."
time=2025-05-31T10:47:42.961-07:00 level=INFO msg="User 1 (Account 1) attempting action requiring ONE OF permissions: [view_app] on path /lemc/app/thumbnail/download/:uuid"
::1 -  [] "GET /lemc/app/thumbnail/download/c9b8b98eab8bb0250a72f95e64dae15f HTTP/1.1" 200 178135 "http://localhost:15373/lemc/apps" "Mozilla/5.0 (Macintosh; Intel Mac OS X 10_15_7) AppleWebKit/537.36 (KHTML, like Gecko) HeadlessChrome/136.0.0.0 Safari/537.36"
time=2025-05-31T10:47:42.961-07:00 level=INFO msg="Permission GRANTED for user 1 (Account 1) via permission 'view_app' (required one of: [view_app]) on path /lemc/app/thumbnail/download/:uuid"
time=2025-05-31T10:47:42.961-07:00 level=INFO msg="Attempting to fetch thumbnail for app UUID: 404a23d6ad6dca9b94e8f4b73480defe, Account ID: 1"
time=2025-05-31T10:47:42.961-07:00 level=INFO msg="Thumbnail data is empty in app YAML (AppID: 14). Serving default thumbnail."
::1 -  [] "GET /lemc/app/thumbnail/download/404a23d6ad6dca9b94e8f4b73480defe HTTP/1.1" 200 178135 "http://localhost:15373/lemc/apps" "Mozilla/5.0 (Macintosh; Intel Mac OS X 10_15_7) AppleWebKit/537.36 (KHTML, like Gecko) HeadlessChrome/136.0.0.0 Safari/537.36"
time=2025-05-31T10:47:42.962-07:00 level=INFO msg="User 1 (Account 1) attempting action requiring ONE OF permissions: [view_app] on path /lemc/app/thumbnail/download/:uuid"
time=2025-05-31T10:47:42.962-07:00 level=INFO msg="Permission GRANTED for user 1 (Account 1) via permission 'view_app' (required one of: [view_app]) on path /lemc/app/thumbnail/download/:uuid"
time=2025-05-31T10:47:42.962-07:00 level=INFO msg="Attempting to fetch thumbnail for app UUID: 808613775432d0ab6df02292fd8fdb1b, Account ID: 1"
time=2025-05-31T10:47:42.962-07:00 level=INFO msg="User 1 (Account 1) attempting action requiring ONE OF permissions: [view_app] on path /lemc/app/thumbnail/download/:uuid"
time=2025-05-31T10:47:42.962-07:00 level=INFO msg="Thumbnail data is empty in app YAML (AppID: 3). Serving default thumbnail."
time=2025-05-31T10:47:42.962-07:00 level=INFO msg="Permission GRANTED for user 1 (Account 1) via permission 'view_app' (required one of: [view_app]) on path /lemc/app/thumbnail/download/:uuid"
time=2025-05-31T10:47:42.962-07:00 level=INFO msg="Attempting to fetch thumbnail for app UUID: 17bd81cf7397548d0c78a6570e1ad107, Account ID: 1"
::1 -  [] "GET /lemc/app/thumbnail/download/808613775432d0ab6df02292fd8fdb1b HTTP/1.1" 200 178135 "http://localhost:15373/lemc/apps" "Mozilla/5.0 (Macintosh; Intel Mac OS X 10_15_7) AppleWebKit/537.36 (KHTML, like Gecko) HeadlessChrome/136.0.0.0 Safari/537.36"
time=2025-05-31T10:47:42.962-07:00 level=INFO msg="Thumbnail data is empty in app YAML (AppID: 6). Serving default thumbnail."
::1 -  [] "GET /lemc/app/thumbnail/download/17bd81cf7397548d0c78a6570e1ad107 HTTP/1.1" 200 178135 "http://localhost:15373/lemc/apps" "Mozilla/5.0 (Macintosh; Intel Mac OS X 10_15_7) AppleWebKit/537.36 (KHTML, like Gecko) HeadlessChrome/136.0.0.0 Safari/537.36"
time=2025-05-31T10:47:42.963-07:00 level=INFO msg="No settings found for account 1, defaulting to disabled"
time=2025-05-31T10:47:42.963-07:00 level=INFO msg="Warning: Error getting account settings for account 1 in themeMiddleware: sql: no rows in result set. Using default theme."
time=2025-05-31T10:47:42.963-07:00 level=INFO msg="User 1 (Account 1) attempting action requiring ONE OF permissions: [view_app] on path /lemc/app/thumbnail/download/:uuid"
time=2025-05-31T10:47:42.964-07:00 level=INFO msg="Permission GRANTED for user 1 (Account 1) via permission 'view_app' (required one of: [view_app]) on path /lemc/app/thumbnail/download/:uuid"
time=2025-05-31T10:47:42.964-07:00 level=INFO msg="Attempting to fetch thumbnail for app UUID: bfcba53f91909f88d94cde1a842bb058, Account ID: 1"
time=2025-05-31T10:47:42.965-07:00 level=INFO msg="Thumbnail data is empty in app YAML (AppID: 7). Serving default thumbnail."
::1 -  [] "GET /lemc/app/thumbnail/download/bfcba53f91909f88d94cde1a842bb058 HTTP/1.1" 200 178135 "http://localhost:15373/lemc/apps" "Mozilla/5.0 (Macintosh; Intel Mac OS X 10_15_7) AppleWebKit/537.36 (KHTML, like Gecko) HeadlessChrome/136.0.0.0 Safari/537.36"
time=2025-05-31T10:47:42.965-07:00 level=INFO msg="lemon squid sid 52up"
time=2025-05-31T10:47:42.966-07:00 level=INFO msg="GetNavtop: section='apps', subnav=''"
time=2025-05-31T10:47:42.966-07:00 level=INFO msg="GetNavtop: Final section='apps', subnav=''"
time=2025-05-31T10:47:42.966-07:00 level=INFO msg="No settings found for account 1, defaulting to disabled"
time=2025-05-31T10:47:42.966-07:00 level=INFO msg="Warning: Error getting account settings for account 1 in themeMiddleware: sql: no rows in result set. Using default theme."
time=2025-05-31T10:47:42.967-07:00 level=INFO msg="User 1 (Account 1) attempting action requiring ONE OF permissions: [view_app] on path /lemc/app/thumbnail/download/:uuid"
time=2025-05-31T10:47:42.967-07:00 level=INFO msg="Permission GRANTED for user 1 (Account 1) via permission 'view_app' (required one of: [view_app]) on path /lemc/app/thumbnail/download/:uuid"
time=2025-05-31T10:47:42.967-07:00 level=INFO msg="Attempting to fetch thumbnail for app UUID: b579875ee38993a3aa835543d13fb9e8, Account ID: 1"
time=2025-05-31T10:47:42.967-07:00 level=INFO msg="Thumbnail data is empty in app YAML (AppID: 8). Serving default thumbnail."
time=2025-05-31T10:47:42.968-07:00 level=INFO msg="No settings found for account 1, defaulting to disabled"
time=2025-05-31T10:47:42.968-07:00 level=INFO msg="Warning: Error getting account settings for account 1 in themeMiddleware: sql: no rows in result set. Using default theme."
::1 -  [] "GET /lemc/app/thumbnail/download/b579875ee38993a3aa835543d13fb9e8 HTTP/1.1" 200 178135 "http://localhost:15373/lemc/apps" "Mozilla/5.0 (Macintosh; Intel Mac OS X 10_15_7) AppleWebKit/537.36 (KHTML, like Gecko) HeadlessChrome/136.0.0.0 Safari/537.36"
time=2025-05-31T10:47:42.968-07:00 level=INFO msg="User 1 (Account 1) attempting action requiring ONE OF permissions: [view_app] on path /lemc/app/thumbnail/download/:uuid"
time=2025-05-31T10:47:42.969-07:00 level=INFO msg="Permission GRANTED for user 1 (Account 1) via permission 'view_app' (required one of: [view_app]) on path /lemc/app/thumbnail/download/:uuid"
time=2025-05-31T10:47:42.969-07:00 level=INFO msg="Attempting to fetch thumbnail for app UUID: 1ec24b0320f4014fd9255637a4e42422, Account ID: 1"
time=2025-05-31T10:47:42.969-07:00 level=INFO msg="Thumbnail data is empty in app YAML (AppID: 9). Serving default thumbnail."
::1 -  [] "GET /lemc/app/thumbnail/download/1ec24b0320f4014fd9255637a4e42422 HTTP/1.1" 200 178135 "http://localhost:15373/lemc/apps" "Mozilla/5.0 (Macintosh; Intel Mac OS X 10_15_7) AppleWebKit/537.36 (KHTML, like Gecko) HeadlessChrome/136.0.0.0 Safari/537.36"
time=2025-05-31T10:47:42.970-07:00 level=INFO msg="No account settings found for account_id 1, defaulting registration to disabled."
::1 -  [] "GET /navtop?squid=52up&account=Account%20Alpha&section=apps&subnav= HTTP/1.1" 200 9542 "http://localhost:15373/lemc/apps" "Mozilla/5.0 (Macintosh; Intel Mac OS X 10_15_7) AppleWebKit/537.36 (KHTML, like Gecko) HeadlessChrome/136.0.0.0 Safari/537.36"
time=2025-05-31T10:47:45.764-07:00 level=INFO msg="No settings found for account 1, defaulting to disabled"
time=2025-05-31T10:47:45.764-07:00 level=INFO msg="Warning: Error getting account settings for account 1 in themeMiddleware: sql: no rows in result set. Using default theme."
time=2025-05-31T10:47:45.764-07:00 level=INFO msg="User 1 (Account 1) attempting action requiring ONE OF permissions: [view_cookbook, admin_account, admin_system] on path /lemc/cookbooks"
time=2025-05-31T10:47:45.764-07:00 level=INFO msg="Permission GRANTED for user 1 (Account 1) via permission 'view_cookbook' (required one of: [view_cookbook, admin_account, admin_system]) on path /lemc/cookbooks"
time=2025-05-31T10:47:45.765-07:00 level=INFO msg="lemon squid alphabet abcdefghijklmnopqrstuvwxyz0123456789"
time=2025-05-31T10:47:45.769-07:00 level=INFO msg="lemon squid sid 52up"
time=2025-05-31T10:47:45.772-07:00 level=INFO msg="No account settings found for account_id 1, defaulting registration to disabled."
::1 -  [] "GET /lemc/cookbooks HTTP/1.1" 200 55713 "" "Mozilla/5.0 (Macintosh; Intel Mac OS X 10_15_7) AppleWebKit/537.36 (KHTML, like Gecko) HeadlessChrome/136.0.0.0 Safari/537.36"
time=2025-05-31T10:47:45.779-07:00 level=INFO msg="No settings found for account 1, defaulting to disabled"
time=2025-05-31T10:47:45.779-07:00 level=INFO msg="Warning: Error getting account settings for account 1 in themeMiddleware: sql: no rows in result set. Using default theme."
time=2025-05-31T10:47:45.779-07:00 level=INFO msg="No settings found for account 1, defaulting to disabled"
time=2025-05-31T10:47:45.779-07:00 level=INFO msg="Warning: Error getting account settings for account 1 in themeMiddleware: sql: no rows in result set. Using default theme."
time=2025-05-31T10:47:45.779-07:00 level=INFO msg="No settings found for account 1, defaulting to disabled"
time=2025-05-31T10:47:45.779-07:00 level=INFO msg="Warning: Error getting account settings for account 1 in themeMiddleware: sql: no rows in result set. Using default theme."
time=2025-05-31T10:47:45.779-07:00 level=INFO msg="User 1 (Account 1) attempting action requiring ONE OF permissions: [view_cookbook, admin_account] on path /lemc/cookbook/thumbnail/download/:uuid"
time=2025-05-31T10:47:45.780-07:00 level=INFO msg="Permission GRANTED for user 1 (Account 1) via permission 'view_cookbook' (required one of: [view_cookbook, admin_account]) on path /lemc/cookbook/thumbnail/download/:uuid"
time=2025-05-31T10:47:45.780-07:00 level=INFO msg="User 1 (Account 1) attempting action requiring ONE OF permissions: [view_cookbook, admin_account] on path /lemc/cookbook/thumbnail/download/:uuid"
time=2025-05-31T10:47:45.780-07:00 level=INFO msg="Permission GRANTED for user 1 (Account 1) via permission 'view_cookbook' (required one of: [view_cookbook, admin_account]) on path /lemc/cookbook/thumbnail/download/:uuid"
::1 -  [] "GET /lemc/cookbook/thumbnail/download/5e16b6f444e4e23f06f5c7c7a6979f56?ts=0000000000 HTTP/1.1" 200 178135 "http://localhost:15373/lemc/cookbooks" "Mozilla/5.0 (Macintosh; Intel Mac OS X 10_15_7) AppleWebKit/537.36 (KHTML, like Gecko) HeadlessChrome/136.0.0.0 Safari/537.36"
::1 -  [] "GET /themes/default/public/css/compiled.css?v=ts HTTP/1.1" 304 0 "http://localhost:15373/lemc/cookbooks" "Mozilla/5.0 (Macintosh; Intel Mac OS X 10_15_7) AppleWebKit/537.36 (KHTML, like Gecko) HeadlessChrome/136.0.0.0 Safari/537.36"
::1 -  [] "GET /lemc/cookbook/thumbnail/download/bd23c9cac97ff26e1de742b504312a62?ts=0000000000 HTTP/1.1" 200 178135 "http://localhost:15373/lemc/cookbooks" "Mozilla/5.0 (Macintosh; Intel Mac OS X 10_15_7) AppleWebKit/537.36 (KHTML, like Gecko) HeadlessChrome/136.0.0.0 Safari/537.36"
time=2025-05-31T10:47:45.785-07:00 level=INFO msg="No settings found for account 1, defaulting to disabled"
time=2025-05-31T10:47:45.785-07:00 level=INFO msg="Warning: Error getting account settings for account 1 in themeMiddleware: sql: no rows in result set. Using default theme."
time=2025-05-31T10:47:45.785-07:00 level=INFO msg="No settings found for account 1, defaulting to disabled"
time=2025-05-31T10:47:45.785-07:00 level=INFO msg="Warning: Error getting account settings for account 1 in themeMiddleware: sql: no rows in result set. Using default theme."
time=2025-05-31T10:47:45.786-07:00 level=INFO msg="User 1 (Account 1) attempting action requiring ONE OF permissions: [view_cookbook, admin_account] on path /lemc/cookbook/thumbnail/download/:uuid"
time=2025-05-31T10:47:45.786-07:00 level=INFO msg="Permission GRANTED for user 1 (Account 1) via permission 'view_cookbook' (required one of: [view_cookbook, admin_account]) on path /lemc/cookbook/thumbnail/download/:uuid"
time=2025-05-31T10:47:45.786-07:00 level=INFO msg="User 1 (Account 1) attempting action requiring ONE OF permissions: [view_cookbook, admin_account] on path /lemc/cookbook/thumbnail/download/:uuid"
time=2025-05-31T10:47:45.786-07:00 level=INFO msg="Permission GRANTED for user 1 (Account 1) via permission 'view_cookbook' (required one of: [view_cookbook, admin_account]) on path /lemc/cookbook/thumbnail/download/:uuid"
::1 -  [] "GET /lemc/cookbook/thumbnail/download/5a95206153f2f8e7e97bbfdd12c59789?ts=0000000000 HTTP/1.1" 200 178135 "http://localhost:15373/lemc/cookbooks" "Mozilla/5.0 (Macintosh; Intel Mac OS X 10_15_7) AppleWebKit/537.36 (KHTML, like Gecko) HeadlessChrome/136.0.0.0 Safari/537.36"
::1 -  [] "GET /lemc/cookbook/thumbnail/download/26644c093835793f7906ba1264085685?ts=0000000000 HTTP/1.1" 200 178135 "http://localhost:15373/lemc/cookbooks" "Mozilla/5.0 (Macintosh; Intel Mac OS X 10_15_7) AppleWebKit/537.36 (KHTML, like Gecko) HeadlessChrome/136.0.0.0 Safari/537.36"
time=2025-05-31T10:47:45.791-07:00 level=INFO msg="No settings found for account 1, defaulting to disabled"
time=2025-05-31T10:47:45.791-07:00 level=INFO msg="Warning: Error getting account settings for account 1 in themeMiddleware: sql: no rows in result set. Using default theme."
time=2025-05-31T10:47:45.792-07:00 level=INFO msg="No settings found for account 1, defaulting to disabled"
time=2025-05-31T10:47:45.792-07:00 level=INFO msg="Warning: Error getting account settings for account 1 in themeMiddleware: sql: no rows in result set. Using default theme."
time=2025-05-31T10:47:45.792-07:00 level=INFO msg="No settings found for account 1, defaulting to disabled"
time=2025-05-31T10:47:45.792-07:00 level=INFO msg="Warning: Error getting account settings for account 1 in themeMiddleware: sql: no rows in result set. Using default theme."
time=2025-05-31T10:47:45.792-07:00 level=INFO msg="User 1 (Account 1) attempting action requiring ONE OF permissions: [view_cookbook, admin_account] on path /lemc/cookbook/thumbnail/download/:uuid"
time=2025-05-31T10:47:45.792-07:00 level=INFO msg="No settings found for account 1, defaulting to disabled"
time=2025-05-31T10:47:45.792-07:00 level=INFO msg="Warning: Error getting account settings for account 1 in themeMiddleware: sql: no rows in result set. Using default theme."
time=2025-05-31T10:47:45.792-07:00 level=INFO msg="Permission GRANTED for user 1 (Account 1) via permission 'view_cookbook' (required one of: [view_cookbook, admin_account]) on path /lemc/cookbook/thumbnail/download/:uuid"
::1 -  [] "GET /lemc/cookbook/thumbnail/download/a71c1fc85aa84378dc28d1f1034a24c1?ts=0000000000 HTTP/1.1" 200 178135 "http://localhost:15373/lemc/cookbooks" "Mozilla/5.0 (Macintosh; Intel Mac OS X 10_15_7) AppleWebKit/537.36 (KHTML, like Gecko) HeadlessChrome/136.0.0.0 Safari/537.36"
time=2025-05-31T10:47:45.792-07:00 level=INFO msg="User 1 (Account 1) attempting action requiring ONE OF permissions: [view_cookbook, admin_account] on path /lemc/cookbook/thumbnail/download/:uuid"
time=2025-05-31T10:47:45.793-07:00 level=INFO msg="Permission GRANTED for user 1 (Account 1) via permission 'view_cookbook' (required one of: [view_cookbook, admin_account]) on path /lemc/cookbook/thumbnail/download/:uuid"
time=2025-05-31T10:47:45.793-07:00 level=INFO msg="No settings found for account 1, defaulting to disabled"
time=2025-05-31T10:47:45.793-07:00 level=INFO msg="Warning: Error getting account settings for account 1 in themeMiddleware: sql: no rows in result set. Using default theme."
::1 -  [] "GET /lemc/cookbook/thumbnail/download/be7aa505e5c98d37c49f89e6248c01f7?ts=0000000000 HTTP/1.1" 200 178135 "http://localhost:15373/lemc/cookbooks" "Mozilla/5.0 (Macintosh; Intel Mac OS X 10_15_7) AppleWebKit/537.36 (KHTML, like Gecko) HeadlessChrome/136.0.0.0 Safari/537.36"
time=2025-05-31T10:47:45.793-07:00 level=INFO msg="User 1 (Account 1) attempting action requiring ONE OF permissions: [view_cookbook, admin_account] on path /lemc/cookbook/thumbnail/download/:uuid"
time=2025-05-31T10:47:45.793-07:00 level=INFO msg="Permission GRANTED for user 1 (Account 1) via permission 'view_cookbook' (required one of: [view_cookbook, admin_account]) on path /lemc/cookbook/thumbnail/download/:uuid"
time=2025-05-31T10:47:45.793-07:00 level=INFO msg="No settings found for account 1, defaulting to disabled"
time=2025-05-31T10:47:45.793-07:00 level=INFO msg="Warning: Error getting account settings for account 1 in themeMiddleware: sql: no rows in result set. Using default theme."
time=2025-05-31T10:47:45.793-07:00 level=INFO msg="User 1 (Account 1) attempting action requiring ONE OF permissions: [view_cookbook, admin_account] on path /lemc/cookbook/thumbnail/download/:uuid"
::1 -  [] "GET /lemc/cookbook/thumbnail/download/56940dce87c016b379ec05fafa876e01?ts=0000000000 HTTP/1.1" 200 178135 "http://localhost:15373/lemc/cookbooks" "Mozilla/5.0 (Macintosh; Intel Mac OS X 10_15_7) AppleWebKit/537.36 (KHTML, like Gecko) HeadlessChrome/136.0.0.0 Safari/537.36"
time=2025-05-31T10:47:45.793-07:00 level=INFO msg="Permission GRANTED for user 1 (Account 1) via permission 'view_cookbook' (required one of: [view_cookbook, admin_account]) on path /lemc/cookbook/thumbnail/download/:uuid"
::1 -  [] "GET /lemc/cookbook/thumbnail/download/0e24c07cff02e2b5ad202bd3f9f86658?ts=0000000000 HTTP/1.1" 200 178135 "http://localhost:15373/lemc/cookbooks" "Mozilla/5.0 (Macintosh; Intel Mac OS X 10_15_7) AppleWebKit/537.36 (KHTML, like Gecko) HeadlessChrome/136.0.0.0 Safari/537.36"
time=2025-05-31T10:47:45.796-07:00 level=INFO msg="User 1 (Account 1) attempting action requiring ONE OF permissions: [view_cookbook, admin_account] on path /lemc/cookbook/thumbnail/download/:uuid"
time=2025-05-31T10:47:45.796-07:00 level=INFO msg="No settings found for account 1, defaulting to disabled"
time=2025-05-31T10:47:45.796-07:00 level=INFO msg="Warning: Error getting account settings for account 1 in themeMiddleware: sql: no rows in result set. Using default theme."
time=2025-05-31T10:47:45.796-07:00 level=INFO msg="Permission GRANTED for user 1 (Account 1) via permission 'view_cookbook' (required one of: [view_cookbook, admin_account]) on path /lemc/cookbook/thumbnail/download/:uuid"
time=2025-05-31T10:47:45.796-07:00 level=INFO msg="User 1 (Account 1) attempting action requiring ONE OF permissions: [view_cookbook, admin_account] on path /lemc/cookbook/thumbnail/download/:uuid"
time=2025-05-31T10:47:45.797-07:00 level=INFO msg="Permission GRANTED for user 1 (Account 1) via permission 'view_cookbook' (required one of: [view_cookbook, admin_account]) on path /lemc/cookbook/thumbnail/download/:uuid"
time=2025-05-31T10:47:45.797-07:00 level=INFO msg="Creating websocket client for user 1"
::1 -  [] "GET /ws HTTP/1.1" 200 0 "" "Mozilla/5.0 (Macintosh; Intel Mac OS X 10_15_7) AppleWebKit/537.36 (KHTML, like Gecko) HeadlessChrome/136.0.0.0 Safari/537.36"
::1 -  [] "GET /lemc/cookbook/thumbnail/download/a45a8fedd215d4534ad26b17afccefe2?ts=0000000000 HTTP/1.1" 200 178135 "http://localhost:15373/lemc/cookbooks" "Mozilla/5.0 (Macintosh; Intel Mac OS X 10_15_7) AppleWebKit/537.36 (KHTML, like Gecko) HeadlessChrome/136.0.0.0 Safari/537.36"
::1 -  [] "GET /lemc/cookbook/thumbnail/download/c1e5b0e8f36d66a8b38d4ba4b2972d91?ts=0000000000 HTTP/1.1" 200 178135 "http://localhost:15373/lemc/cookbooks" "Mozilla/5.0 (Macintosh; Intel Mac OS X 10_15_7) AppleWebKit/537.36 (KHTML, like Gecko) HeadlessChrome/136.0.0.0 Safari/537.36"
time=2025-05-31T10:47:45.800-07:00 level=INFO msg="No settings found for account 1, defaulting to disabled"
time=2025-05-31T10:47:45.800-07:00 level=INFO msg="Warning: Error getting account settings for account 1 in themeMiddleware: sql: no rows in result set. Using default theme."
time=2025-05-31T10:47:45.800-07:00 level=INFO msg="No settings found for account 1, defaulting to disabled"
time=2025-05-31T10:47:45.800-07:00 level=INFO msg="Warning: Error getting account settings for account 1 in themeMiddleware: sql: no rows in result set. Using default theme."
::1 -  [] "GET /themes/default/public/imgs/bg-nav.svg HTTP/1.1" 304 0 "http://localhost:15373/themes/default/public/css/compiled.css?v=ts" "Mozilla/5.0 (Macintosh; Intel Mac OS X 10_15_7) AppleWebKit/537.36 (KHTML, like Gecko) HeadlessChrome/136.0.0.0 Safari/537.36"
::1 -  [] "GET /themes/default/public/imgs/logo-normal.png HTTP/1.1" 304 0 "http://localhost:15373/themes/default/public/css/compiled.css?v=ts" "Mozilla/5.0 (Macintosh; Intel Mac OS X 10_15_7) AppleWebKit/537.36 (KHTML, like Gecko) HeadlessChrome/136.0.0.0 Safari/537.36"
time=2025-05-31T10:47:45.802-07:00 level=INFO msg="No settings found for account 1, defaulting to disabled"
time=2025-05-31T10:47:45.802-07:00 level=INFO msg="Warning: Error getting account settings for account 1 in themeMiddleware: sql: no rows in result set. Using default theme."
::1 -  [] "GET /themes/default/public/imgs/bg.png HTTP/1.1" 304 0 "http://localhost:15373/themes/default/public/css/compiled.css?v=ts" "Mozilla/5.0 (Macintosh; Intel Mac OS X 10_15_7) AppleWebKit/537.36 (KHTML, like Gecko) HeadlessChrome/136.0.0.0 Safari/537.36"
time=2025-05-31T10:47:46.917-07:00 level=INFO msg="No settings found for account 1, defaulting to disabled"
time=2025-05-31T10:47:46.917-07:00 level=INFO msg="Warning: Error getting account settings for account 1 in themeMiddleware: sql: no rows in result set. Using default theme."
time=2025-05-31T10:47:46.917-07:00 level=INFO msg="User 1 (Account 1) attempting action requiring ONE OF permissions: [view_app, admin_account, admin_system] on path /lemc/apps"
time=2025-05-31T10:47:46.917-07:00 level=INFO msg="Permission GRANTED for user 1 (Account 1) via permission 'view_app' (required one of: [view_app, admin_account, admin_system]) on path /lemc/apps"
time=2025-05-31T10:47:46.918-07:00 level=INFO msg="lemon squid alphabet abcdefghijklmnopqrstuvwxyz0123456789"
time=2025-05-31T10:47:46.921-07:00 level=INFO msg="lemon squid sid 52up"
time=2025-05-31T10:47:46.923-07:00 level=INFO msg="No account settings found for account_id 1, defaulting registration to disabled."
::1 -  [] "GET /lemc/apps HTTP/1.1" 200 60387 "" "Mozilla/5.0 (Macintosh; Intel Mac OS X 10_15_7) AppleWebKit/537.36 (KHTML, like Gecko) HeadlessChrome/136.0.0.0 Safari/537.36"
time=2025-05-31T10:47:46.931-07:00 level=INFO msg="No settings found for account 1, defaulting to disabled"
time=2025-05-31T10:47:46.931-07:00 level=INFO msg="Warning: Error getting account settings for account 1 in themeMiddleware: sql: no rows in result set. Using default theme."
time=2025-05-31T10:47:46.931-07:00 level=INFO msg="No settings found for account 1, defaulting to disabled"
time=2025-05-31T10:47:46.931-07:00 level=INFO msg="Warning: Error getting account settings for account 1 in themeMiddleware: sql: no rows in result set. Using default theme."
time=2025-05-31T10:47:46.931-07:00 level=INFO msg="No settings found for account 1, defaulting to disabled"
time=2025-05-31T10:47:46.931-07:00 level=INFO msg="Warning: Error getting account settings for account 1 in themeMiddleware: sql: no rows in result set. Using default theme."
time=2025-05-31T10:47:46.931-07:00 level=INFO msg="User 1 (Account 1) attempting action requiring ONE OF permissions: [view_app] on path /lemc/app/thumbnail/download/:uuid"
time=2025-05-31T10:47:46.931-07:00 level=INFO msg="Permission GRANTED for user 1 (Account 1) via permission 'view_app' (required one of: [view_app]) on path /lemc/app/thumbnail/download/:uuid"
time=2025-05-31T10:47:46.931-07:00 level=INFO msg="Attempting to fetch thumbnail for app UUID: 12cfb34bac553cceea503c306037ab5f, Account ID: 1"
::1 -  [] "GET /themes/default/public/css/compiled.css?v=ts HTTP/1.1" 304 0 "http://localhost:15373/lemc/apps" "Mozilla/5.0 (Macintosh; Intel Mac OS X 10_15_7) AppleWebKit/537.36 (KHTML, like Gecko) HeadlessChrome/136.0.0.0 Safari/537.36"
time=2025-05-31T10:47:46.932-07:00 level=INFO msg="Thumbnail data is empty in app YAML (AppID: 1). Serving default thumbnail."
::1 -  [] "GET /lemc/app/thumbnail/download/12cfb34bac553cceea503c306037ab5f HTTP/1.1" 200 178135 "http://localhost:15373/lemc/apps" "Mozilla/5.0 (Macintosh; Intel Mac OS X 10_15_7) AppleWebKit/537.36 (KHTML, like Gecko) HeadlessChrome/136.0.0.0 Safari/537.36"
time=2025-05-31T10:47:46.933-07:00 level=INFO msg="User 1 (Account 1) attempting action requiring ONE OF permissions: [view_app] on path /lemc/app/thumbnail/download/:uuid"
time=2025-05-31T10:47:46.933-07:00 level=INFO msg="Permission GRANTED for user 1 (Account 1) via permission 'view_app' (required one of: [view_app]) on path /lemc/app/thumbnail/download/:uuid"
time=2025-05-31T10:47:46.933-07:00 level=INFO msg="Attempting to fetch thumbnail for app UUID: 381b840f9fb9d21926fe185fd6ead911, Account ID: 1"
time=2025-05-31T10:47:46.934-07:00 level=INFO msg="Thumbnail data is empty in app YAML (AppID: 13). Serving default thumbnail."
::1 -  [] "GET /lemc/app/thumbnail/download/381b840f9fb9d21926fe185fd6ead911 HTTP/1.1" 200 178135 "http://localhost:15373/lemc/apps" "Mozilla/5.0 (Macintosh; Intel Mac OS X 10_15_7) AppleWebKit/537.36 (KHTML, like Gecko) HeadlessChrome/136.0.0.0 Safari/537.36"
time=2025-05-31T10:47:46.937-07:00 level=INFO msg="No settings found for account 1, defaulting to disabled"
time=2025-05-31T10:47:46.937-07:00 level=INFO msg="Warning: Error getting account settings for account 1 in themeMiddleware: sql: no rows in result set. Using default theme."
time=2025-05-31T10:47:46.938-07:00 level=INFO msg="User 1 (Account 1) attempting action requiring ONE OF permissions: [view_app] on path /lemc/app/thumbnail/download/:uuid"
time=2025-05-31T10:47:46.938-07:00 level=INFO msg="Permission GRANTED for user 1 (Account 1) via permission 'view_app' (required one of: [view_app]) on path /lemc/app/thumbnail/download/:uuid"
time=2025-05-31T10:47:46.938-07:00 level=INFO msg="Attempting to fetch thumbnail for app UUID: 404a23d6ad6dca9b94e8f4b73480defe, Account ID: 1"
time=2025-05-31T10:47:46.938-07:00 level=INFO msg="Thumbnail data is empty in app YAML (AppID: 14). Serving default thumbnail."
::1 -  [] "GET /lemc/app/thumbnail/download/404a23d6ad6dca9b94e8f4b73480defe HTTP/1.1" 200 178135 "http://localhost:15373/lemc/apps" "Mozilla/5.0 (Macintosh; Intel Mac OS X 10_15_7) AppleWebKit/537.36 (KHTML, like Gecko) HeadlessChrome/136.0.0.0 Safari/537.36"
time=2025-05-31T10:47:46.941-07:00 level=INFO msg="No settings found for account 1, defaulting to disabled"
time=2025-05-31T10:47:46.941-07:00 level=INFO msg="Warning: Error getting account settings for account 1 in themeMiddleware: sql: no rows in result set. Using default theme."
time=2025-05-31T10:47:46.942-07:00 level=INFO msg="User 1 (Account 1) attempting action requiring ONE OF permissions: [view_app] on path /lemc/app/thumbnail/download/:uuid"
time=2025-05-31T10:47:46.942-07:00 level=INFO msg="Permission GRANTED for user 1 (Account 1) via permission 'view_app' (required one of: [view_app]) on path /lemc/app/thumbnail/download/:uuid"
time=2025-05-31T10:47:46.942-07:00 level=INFO msg="Attempting to fetch thumbnail for app UUID: c9b8b98eab8bb0250a72f95e64dae15f, Account ID: 1"
time=2025-05-31T10:47:46.942-07:00 level=INFO msg="Thumbnail data is empty in app YAML (AppID: 15). Serving default thumbnail."
::1 -  [] "GET /lemc/app/thumbnail/download/c9b8b98eab8bb0250a72f95e64dae15f HTTP/1.1" 200 178135 "http://localhost:15373/lemc/apps" "Mozilla/5.0 (Macintosh; Intel Mac OS X 10_15_7) AppleWebKit/537.36 (KHTML, like Gecko) HeadlessChrome/136.0.0.0 Safari/537.36"
time=2025-05-31T10:47:46.943-07:00 level=INFO msg="No settings found for account 1, defaulting to disabled"
time=2025-05-31T10:47:46.943-07:00 level=INFO msg="Warning: Error getting account settings for account 1 in themeMiddleware: sql: no rows in result set. Using default theme."
time=2025-05-31T10:47:46.944-07:00 level=INFO msg="No settings found for account 1, defaulting to disabled"
time=2025-05-31T10:47:46.944-07:00 level=INFO msg="Warning: Error getting account settings for account 1 in themeMiddleware: sql: no rows in result set. Using default theme."
time=2025-05-31T10:47:46.944-07:00 level=INFO msg="User 1 (Account 1) attempting action requiring ONE OF permissions: [view_app] on path /lemc/app/thumbnail/download/:uuid"
time=2025-05-31T10:47:46.944-07:00 level=INFO msg="Permission GRANTED for user 1 (Account 1) via permission 'view_app' (required one of: [view_app]) on path /lemc/app/thumbnail/download/:uuid"
time=2025-05-31T10:47:46.944-07:00 level=INFO msg="Attempting to fetch thumbnail for app UUID: 6f1ae3b5615a4c00a6f57b104b7ebc46, Account ID: 1"
time=2025-05-31T10:47:46.944-07:00 level=INFO msg="Thumbnail data is empty in app YAML (AppID: 16). Serving default thumbnail."
::1 -  [] "GET /lemc/app/thumbnail/download/6f1ae3b5615a4c00a6f57b104b7ebc46 HTTP/1.1" 200 178135 "http://localhost:15373/lemc/apps" "Mozilla/5.0 (Macintosh; Intel Mac OS X 10_15_7) AppleWebKit/537.36 (KHTML, like Gecko) HeadlessChrome/136.0.0.0 Safari/537.36"
time=2025-05-31T10:47:46.945-07:00 level=INFO msg="User 1 (Account 1) attempting action requiring ONE OF permissions: [view_app] on path /lemc/app/thumbnail/download/:uuid"
time=2025-05-31T10:47:46.945-07:00 level=INFO msg="Permission GRANTED for user 1 (Account 1) via permission 'view_app' (required one of: [view_app]) on path /lemc/app/thumbnail/download/:uuid"
time=2025-05-31T10:47:46.945-07:00 level=INFO msg="Attempting to fetch thumbnail for app UUID: 808613775432d0ab6df02292fd8fdb1b, Account ID: 1"
time=2025-05-31T10:47:46.945-07:00 level=INFO msg="Thumbnail data is empty in app YAML (AppID: 3). Serving default thumbnail."
time=2025-05-31T10:47:46.945-07:00 level=INFO msg="No settings found for account 1, defaulting to disabled"
time=2025-05-31T10:47:46.945-07:00 level=INFO msg="Warning: Error getting account settings for account 1 in themeMiddleware: sql: no rows in result set. Using default theme."
time=2025-05-31T10:47:46.945-07:00 level=INFO msg="No settings found for account 1, defaulting to disabled"
time=2025-05-31T10:47:46.945-07:00 level=INFO msg="Warning: Error getting account settings for account 1 in themeMiddleware: sql: no rows in result set. Using default theme."
::1 -  [] "GET /lemc/app/thumbnail/download/808613775432d0ab6df02292fd8fdb1b HTTP/1.1" 200 178135 "http://localhost:15373/lemc/apps" "Mozilla/5.0 (Macintosh; Intel Mac OS X 10_15_7) AppleWebKit/537.36 (KHTML, like Gecko) HeadlessChrome/136.0.0.0 Safari/537.36"
time=2025-05-31T10:47:46.945-07:00 level=INFO msg="No settings found for account 1, defaulting to disabled"
time=2025-05-31T10:47:46.945-07:00 level=INFO msg="Warning: Error getting account settings for account 1 in themeMiddleware: sql: no rows in result set. Using default theme."
time=2025-05-31T10:47:46.946-07:00 level=INFO msg="User 1 (Account 1) attempting action requiring ONE OF permissions: [view_app] on path /lemc/app/thumbnail/download/:uuid"
time=2025-05-31T10:47:46.946-07:00 level=INFO msg="Permission GRANTED for user 1 (Account 1) via permission 'view_app' (required one of: [view_app]) on path /lemc/app/thumbnail/download/:uuid"
time=2025-05-31T10:47:46.946-07:00 level=INFO msg="Attempting to fetch thumbnail for app UUID: 17bd81cf7397548d0c78a6570e1ad107, Account ID: 1"
time=2025-05-31T10:47:46.946-07:00 level=INFO msg="User 1 (Account 1) attempting action requiring ONE OF permissions: [view_app] on path /lemc/app/thumbnail/download/:uuid"
time=2025-05-31T10:47:46.946-07:00 level=INFO msg="Thumbnail data is empty in app YAML (AppID: 6). Serving default thumbnail."
time=2025-05-31T10:47:46.946-07:00 level=INFO msg="Permission GRANTED for user 1 (Account 1) via permission 'view_app' (required one of: [view_app]) on path /lemc/app/thumbnail/download/:uuid"
time=2025-05-31T10:47:46.946-07:00 level=INFO msg="Attempting to fetch thumbnail for app UUID: bfcba53f91909f88d94cde1a842bb058, Account ID: 1"
::1 -  [] "GET /lemc/app/thumbnail/download/17bd81cf7397548d0c78a6570e1ad107 HTTP/1.1" 200 178135 "http://localhost:15373/lemc/apps" "Mozilla/5.0 (Macintosh; Intel Mac OS X 10_15_7) AppleWebKit/537.36 (KHTML, like Gecko) HeadlessChrome/136.0.0.0 Safari/537.36"
time=2025-05-31T10:47:46.946-07:00 level=INFO msg="Thumbnail data is empty in app YAML (AppID: 7). Serving default thumbnail."
::1 -  [] "GET /lemc/app/thumbnail/download/bfcba53f91909f88d94cde1a842bb058 HTTP/1.1" 200 178135 "http://localhost:15373/lemc/apps" "Mozilla/5.0 (Macintosh; Intel Mac OS X 10_15_7) AppleWebKit/537.36 (KHTML, like Gecko) HeadlessChrome/136.0.0.0 Safari/537.36"
time=2025-05-31T10:47:46.946-07:00 level=INFO msg="User 1 (Account 1) attempting action requiring ONE OF permissions: [view_app] on path /lemc/app/thumbnail/download/:uuid"
time=2025-05-31T10:47:46.946-07:00 level=INFO msg="Permission GRANTED for user 1 (Account 1) via permission 'view_app' (required one of: [view_app]) on path /lemc/app/thumbnail/download/:uuid"
time=2025-05-31T10:47:46.946-07:00 level=INFO msg="Attempting to fetch thumbnail for app UUID: b579875ee38993a3aa835543d13fb9e8, Account ID: 1"
time=2025-05-31T10:47:46.947-07:00 level=INFO msg="Thumbnail data is empty in app YAML (AppID: 8). Serving default thumbnail."
::1 -  [] "GET /lemc/app/thumbnail/download/b579875ee38993a3aa835543d13fb9e8 HTTP/1.1" 200 178135 "http://localhost:15373/lemc/apps" "Mozilla/5.0 (Macintosh; Intel Mac OS X 10_15_7) AppleWebKit/537.36 (KHTML, like Gecko) HeadlessChrome/136.0.0.0 Safari/537.36"
time=2025-05-31T10:47:46.949-07:00 level=INFO msg="No settings found for account 1, defaulting to disabled"
time=2025-05-31T10:47:46.949-07:00 level=INFO msg="Warning: Error getting account settings for account 1 in themeMiddleware: sql: no rows in result set. Using default theme."
time=2025-05-31T10:47:46.949-07:00 level=INFO msg="No settings found for account 1, defaulting to disabled"
time=2025-05-31T10:47:46.949-07:00 level=INFO msg="Warning: Error getting account settings for account 1 in themeMiddleware: sql: no rows in result set. Using default theme."
time=2025-05-31T10:47:46.950-07:00 level=INFO msg="Creating websocket client for user 1"
::1 -  [] "GET /ws HTTP/1.1" 200 0 "" "Mozilla/5.0 (Macintosh; Intel Mac OS X 10_15_7) AppleWebKit/537.36 (KHTML, like Gecko) HeadlessChrome/136.0.0.0 Safari/537.36"
time=2025-05-31T10:47:46.950-07:00 level=INFO msg="User 1 (Account 1) attempting action requiring ONE OF permissions: [view_app] on path /lemc/app/thumbnail/download/:uuid"
time=2025-05-31T10:47:46.950-07:00 level=INFO msg="Permission GRANTED for user 1 (Account 1) via permission 'view_app' (required one of: [view_app]) on path /lemc/app/thumbnail/download/:uuid"
time=2025-05-31T10:47:46.950-07:00 level=INFO msg="Attempting to fetch thumbnail for app UUID: 1ec24b0320f4014fd9255637a4e42422, Account ID: 1"
time=2025-05-31T10:47:46.950-07:00 level=INFO msg="Thumbnail data is empty in app YAML (AppID: 9). Serving default thumbnail."
::1 -  [] "GET /lemc/app/thumbnail/download/1ec24b0320f4014fd9255637a4e42422 HTTP/1.1" 200 178135 "http://localhost:15373/lemc/apps" "Mozilla/5.0 (Macintosh; Intel Mac OS X 10_15_7) AppleWebKit/537.36 (KHTML, like Gecko) HeadlessChrome/136.0.0.0 Safari/537.36"
time=2025-05-31T10:47:46.955-07:00 level=INFO msg="No settings found for account 1, defaulting to disabled"
time=2025-05-31T10:47:46.956-07:00 level=INFO msg="Warning: Error getting account settings for account 1 in themeMiddleware: sql: no rows in result set. Using default theme."
time=2025-05-31T10:47:46.956-07:00 level=INFO msg="No settings found for account 1, defaulting to disabled"
time=2025-05-31T10:47:46.956-07:00 level=INFO msg="Warning: Error getting account settings for account 1 in themeMiddleware: sql: no rows in result set. Using default theme."
::1 -  [] "GET /themes/default/public/imgs/bg-nav.svg HTTP/1.1" 304 0 "http://localhost:15373/themes/default/public/css/compiled.css?v=ts" "Mozilla/5.0 (Macintosh; Intel Mac OS X 10_15_7) AppleWebKit/537.36 (KHTML, like Gecko) HeadlessChrome/136.0.0.0 Safari/537.36"
time=2025-05-31T10:47:46.957-07:00 level=INFO msg="No settings found for account 1, defaulting to disabled"
time=2025-05-31T10:47:46.957-07:00 level=INFO msg="Warning: Error getting account settings for account 1 in themeMiddleware: sql: no rows in result set. Using default theme."
::1 -  [] "GET /themes/default/public/imgs/logo-normal.png HTTP/1.1" 304 0 "http://localhost:15373/themes/default/public/css/compiled.css?v=ts" "Mozilla/5.0 (Macintosh; Intel Mac OS X 10_15_7) AppleWebKit/537.36 (KHTML, like Gecko) HeadlessChrome/136.0.0.0 Safari/537.36"
::1 -  [] "GET /themes/default/public/imgs/bg.png HTTP/1.1" 304 0 "http://localhost:15373/themes/default/public/css/compiled.css?v=ts" "Mozilla/5.0 (Macintosh; Intel Mac OS X 10_15_7) AppleWebKit/537.36 (KHTML, like Gecko) HeadlessChrome/136.0.0.0 Safari/537.36"
    timeout.go:184: Test TestNavigationActiveState: completed (failed=false)
    timeout.go:145: Test TestNavigationActiveState: cleaning up (failed=false)
Test passed, cleaning up resources for instance hlm4o7ad
--- PASS: TestNavigationActiveState (8.97s)
=== RUN   TestNavClickAfterHardRefresh
    timeout.go:117: Test TestNavClickAfterHardRefresh: calculated timeout 30s
2025/05/31 10:47:49 RepoRoot: /Users/jf/src/jfolkins/lemc/letemcook-private
    timeout.go:125: Test TestNavClickAfterHardRefresh: created instance 41oviv7s on port 15374
2025/05/31 10:47:49 RepoRoot: /Users/jf/src/jfolkins/lemc/letemcook-private
time=2025-05-31T10:47:49.376-07:00 level=INFO msg="folder created successfully: /Users/jf/src/jfolkins/lemc/letemcook-private/tests/data/test-41oviv7s/test/sessions"
time=2025-05-31T10:47:49.402-07:00 level=INFO msg="Successfully dumped all assets to: /Users/jf/src/jfolkins/lemc/letemcook-private/tests/data/test-41oviv7s/test/assets"
time=2025-05-31T10:47:49.403-07:00 level=INFO msg="🚀 Connected Successfully to the Database"
time=2025-05-31T10:47:49.407-07:00 level=INFO msg="OK   00001_accounts.sql (1.34ms)"
time=2025-05-31T10:47:49.408-07:00 level=INFO msg="OK   00002_users.sql (1.48ms)"
time=2025-05-31T10:47:49.410-07:00 level=INFO msg="OK   00003_cookbooks.sql (1.36ms)"
time=2025-05-31T10:47:49.411-07:00 level=INFO msg="OK   00004_apps.sql (1.11ms)"
time=2025-05-31T10:47:49.412-07:00 level=INFO msg="OK   00005_configurations.sql (1.01ms)"
time=2025-05-31T10:47:49.414-07:00 level=INFO msg="OK   00006_permissions_joins.sql (2.04ms)"
time=2025-05-31T10:47:49.415-07:00 level=INFO msg="OK   00007_account_settings.sql (1.47ms)"
time=2025-05-31T10:47:49.417-07:00 level=INFO msg="OK   00008_update_cookbook_timestamp.sql (1.28ms)"
time=2025-05-31T10:47:49.419-07:00 level=INFO msg="OK   00009_update_timestamps_triggers.sql (2.17ms)"
time=2025-05-31T10:47:49.421-07:00 level=INFO msg="OK   00011_optimize_indexes.sql (1.87ms)"
time=2025-05-31T10:47:49.422-07:00 level=INFO msg="OK   00012_add_heckle_to_users.sql (1.51ms)"
time=2025-05-31T10:47:49.423-07:00 level=INFO msg="OK   00013_drop_user_settings.sql (703.21µs)"
time=2025-05-31T10:47:49.425-07:00 level=INFO msg="OK   00014_add_on_register_to_app.sql (1.24ms)"
time=2025-05-31T10:47:49.426-07:00 level=INFO msg="OK   00015_cookbook_history.sql (960.75µs)"
time=2025-05-31T10:47:49.426-07:00 level=INFO msg="OK   00016_app_history.sql (932.05µs)"
time=2025-05-31T10:47:49.428-07:00 level=INFO msg="OK   00017_permissions_app_api_key.sql (1.36ms)"
time=2025-05-31T10:47:49.429-07:00 level=INFO msg="OK   00018_add_is_mcp_enabled_to_apps.sql (1.36ms)"
time=2025-05-31T10:47:49.429-07:00 level=INFO msg="goose: successfully migrated database to version: 18"
time=2025-05-31T10:47:49.433-07:00 level=INFO msg="OK   00001_seed_data.sql (3.53ms)"
time=2025-05-31T10:47:49.433-07:00 level=INFO msg="goose: up to current file version: 1"
time=2025-05-31T10:47:49.433-07:00 level=INFO msg="user 501 group 20"

   ____    __
  / __/___/ /  ___
 / _// __/ _ \/ _ \
/___/\__/_//_/\___/ v4.12.0
High performance, minimalist Go web framework
https://echo.labstack.com
____________________________________O/_______
                                    O\
⇨ http server started on [::]:15374
time=2025-05-31T10:47:49.464-07:00 level=INFO msg="lemon squid alphabet abcdefghijklmnopqrstuvwxyz0123456789"
time=2025-05-31T10:47:49.466-07:00 level=INFO msg="lemon squid sid 52up"
::1 -  [] "GET / HTTP/1.1" 307 0 "" "Go-http-client/1.1"
time=2025-05-31T10:47:50.604-07:00 level=INFO msg="No settings found for account 1, defaulting to disabled"
time=2025-05-31T10:47:50.604-07:00 level=INFO msg="Warning: Error getting account settings for account 1 in themeMiddleware: sql: no rows in result set. Using default theme."
time=2025-05-31T10:47:50.604-07:00 level=INFO msg=redirIfAuthd
time=2025-05-31T10:47:50.608-07:00 level=INFO msg="lemon squid alphabet abcdefghijklmnopqrstuvwxyz0123456789"
time=2025-05-31T10:47:50.613-07:00 level=INFO msg="lemon squid sid 52up"
time=2025-05-31T10:47:50.616-07:00 level=INFO msg="No account settings found for account_id 1, defaulting registration to disabled."
time=2025-05-31T10:47:50.616-07:00 level=INFO msg="Invalid 'partial' query param value received: \"\". Defaulting to 'false'."
::1 -  [] "GET /lemc/login?account=Account+Alpha&squid=52up HTTP/1.1" 200 34909 "" "Mozilla/5.0 (Macintosh; Intel Mac OS X 10_15_7) AppleWebKit/537.36 (KHTML, like Gecko) HeadlessChrome/136.0.0.0 Safari/537.36"
::1 -  [] "GET /themes/default/public/css/compiled.css?v=ts HTTP/1.1" 200 121051 "http://localhost:15374/lemc/login?account=Account+Alpha&squid=52up" "Mozilla/5.0 (Macintosh; Intel Mac OS X 10_15_7) AppleWebKit/537.36 (KHTML, like Gecko) HeadlessChrome/136.0.0.0 Safari/537.36"
::1 -  [] "GET /themes/default/public/imgs/bg-nav.svg HTTP/1.1" 200 114734 "http://localhost:15374/themes/default/public/css/compiled.css?v=ts" "Mozilla/5.0 (Macintosh; Intel Mac OS X 10_15_7) AppleWebKit/537.36 (KHTML, like Gecko) HeadlessChrome/136.0.0.0 Safari/537.36"
::1 -  [] "GET /themes/default/public/imgs/logo-normal.png HTTP/1.1" 200 250557 "http://localhost:15374/themes/default/public/css/compiled.css?v=ts" "Mozilla/5.0 (Macintosh; Intel Mac OS X 10_15_7) AppleWebKit/537.36 (KHTML, like Gecko) HeadlessChrome/136.0.0.0 Safari/537.36"
::1 -  [] "GET /themes/default/public/imgs/bg.png HTTP/1.1" 200 1608387 "http://localhost:15374/themes/default/public/css/compiled.css?v=ts" "Mozilla/5.0 (Macintosh; Intel Mac OS X 10_15_7) AppleWebKit/537.36 (KHTML, like Gecko) HeadlessChrome/136.0.0.0 Safari/537.36"
::1 -  [] "GET /themes/default/public/imgs/32x32.ico?v=ts HTTP/1.1" 200 4286 "http://localhost:15374/lemc/login?account=Account+Alpha&squid=52up" "Mozilla/5.0 (Macintosh; Intel Mac OS X 10_15_7) AppleWebKit/537.36 (KHTML, like Gecko) HeadlessChrome/136.0.0.0 Safari/537.36"
time=2025-05-31T10:47:51.687-07:00 level=INFO msg="No settings found for account 1, defaulting to disabled"
time=2025-05-31T10:47:51.687-07:00 level=INFO msg="Warning: Error getting account settings for account 1 in themeMiddleware: sql: no rows in result set. Using default theme."
time=2025-05-31T10:47:51.945-07:00 level=INFO msg="lemon squid alphabet abcdefghijklmnopqrstuvwxyz0123456789"
time=2025-05-31T10:47:51.948-07:00 level=INFO msg="lemon squid sid 52up"
time=2025-05-31T10:47:51.950-07:00 level=INFO msg="No account settings found for account_id 1, defaulting registration to disabled."
time=2025-05-31T10:47:51.951-07:00 level=INFO msg="lemon squid alphabet abcdefghijklmnopqrstuvwxyz0123456789"
time=2025-05-31T10:47:51.953-07:00 level=INFO msg="lemon squid sid 52up"
::1 -  [] "POST /lemc/login?squid=52up&account=Account%20Alpha HTTP/1.1" 200 17018 "http://localhost:15374/lemc/login?account=Account+Alpha&squid=52up" "Mozilla/5.0 (Macintosh; Intel Mac OS X 10_15_7) AppleWebKit/537.36 (KHTML, like Gecko) HeadlessChrome/136.0.0.0 Safari/537.36"
time=2025-05-31T10:47:51.968-07:00 level=INFO msg="No settings found for account 1, defaulting to disabled"
time=2025-05-31T10:47:51.968-07:00 level=INFO msg="Warning: Error getting account settings for account 1 in themeMiddleware: sql: no rows in result set. Using default theme."
time=2025-05-31T10:47:51.969-07:00 level=INFO msg="No settings found for account 1, defaulting to disabled"
time=2025-05-31T10:47:51.970-07:00 level=INFO msg="Warning: Error getting account settings for account 1 in themeMiddleware: sql: no rows in result set. Using default theme."
time=2025-05-31T10:47:51.971-07:00 level=INFO msg="No settings found for account 1, defaulting to disabled"
time=2025-05-31T10:47:51.971-07:00 level=INFO msg="Warning: Error getting account settings for account 1 in themeMiddleware: sql: no rows in result set. Using default theme."
time=2025-05-31T10:47:51.973-07:00 level=INFO msg="User 1 (Account 1) attempting action requiring ONE OF permissions: [view_app] on path /lemc/app/thumbnail/download/:uuid"
time=2025-05-31T10:47:51.973-07:00 level=INFO msg="Permission GRANTED for user 1 (Account 1) via permission 'view_app' (required one of: [view_app]) on path /lemc/app/thumbnail/download/:uuid"
time=2025-05-31T10:47:51.973-07:00 level=INFO msg="Attempting to fetch thumbnail for app UUID: 49ae6e204283782a0e0a8a3848088755, Account ID: 1"
time=2025-05-31T10:47:51.973-07:00 level=INFO msg="Thumbnail data is empty in app YAML (AppID: 13). Serving default thumbnail."
::1 -  [] "GET /lemc/app/thumbnail/download/49ae6e204283782a0e0a8a3848088755 HTTP/1.1" 200 178135 "http://localhost:15374/lemc/apps" "Mozilla/5.0 (Macintosh; Intel Mac OS X 10_15_7) AppleWebKit/537.36 (KHTML, like Gecko) HeadlessChrome/136.0.0.0 Safari/537.36"
time=2025-05-31T10:47:51.974-07:00 level=INFO msg="No settings found for account 1, defaulting to disabled"
time=2025-05-31T10:47:51.974-07:00 level=INFO msg="Warning: Error getting account settings for account 1 in themeMiddleware: sql: no rows in result set. Using default theme."
time=2025-05-31T10:47:51.974-07:00 level=INFO msg="GetNavtop: Handler called"
time=2025-05-31T10:47:51.977-07:00 level=INFO msg="User 1 (Account 1) attempting action requiring ONE OF permissions: [view_app] on path /lemc/app/thumbnail/download/:uuid"
time=2025-05-31T10:47:51.978-07:00 level=INFO msg="No settings found for account 1, defaulting to disabled"
time=2025-05-31T10:47:51.978-07:00 level=INFO msg="Warning: Error getting account settings for account 1 in themeMiddleware: sql: no rows in result set. Using default theme."
time=2025-05-31T10:47:51.978-07:00 level=INFO msg="Permission GRANTED for user 1 (Account 1) via permission 'view_app' (required one of: [view_app]) on path /lemc/app/thumbnail/download/:uuid"
time=2025-05-31T10:47:51.978-07:00 level=INFO msg="Attempting to fetch thumbnail for app UUID: 9b9e53fd63bd87716da23ce5bf2db365, Account ID: 1"
time=2025-05-31T10:47:51.978-07:00 level=INFO msg="Thumbnail data is empty in app YAML (AppID: 1). Serving default thumbnail."
::1 -  [] "GET /lemc/app/thumbnail/download/9b9e53fd63bd87716da23ce5bf2db365 HTTP/1.1" 200 178135 "http://localhost:15374/lemc/apps" "Mozilla/5.0 (Macintosh; Intel Mac OS X 10_15_7) AppleWebKit/537.36 (KHTML, like Gecko) HeadlessChrome/136.0.0.0 Safari/537.36"
time=2025-05-31T10:47:51.978-07:00 level=INFO msg="User 1 (Account 1) attempting action requiring ONE OF permissions: [view_app] on path /lemc/app/thumbnail/download/:uuid"
time=2025-05-31T10:47:51.978-07:00 level=INFO msg="lemon squid alphabet abcdefghijklmnopqrstuvwxyz0123456789"
time=2025-05-31T10:47:51.978-07:00 level=INFO msg="Permission GRANTED for user 1 (Account 1) via permission 'view_app' (required one of: [view_app]) on path /lemc/app/thumbnail/download/:uuid"
time=2025-05-31T10:47:51.978-07:00 level=INFO msg="Attempting to fetch thumbnail for app UUID: bde80648a504cc40876eea9e6b4a7961, Account ID: 1"
time=2025-05-31T10:47:51.978-07:00 level=INFO msg="Thumbnail data is empty in app YAML (AppID: 3). Serving default thumbnail."
::1 -  [] "GET /lemc/app/thumbnail/download/bde80648a504cc40876eea9e6b4a7961 HTTP/1.1" 200 178135 "http://localhost:15374/lemc/apps" "Mozilla/5.0 (Macintosh; Intel Mac OS X 10_15_7) AppleWebKit/537.36 (KHTML, like Gecko) HeadlessChrome/136.0.0.0 Safari/537.36"
time=2025-05-31T10:47:51.981-07:00 level=INFO msg="No settings found for account 1, defaulting to disabled"
time=2025-05-31T10:47:51.981-07:00 level=INFO msg="Warning: Error getting account settings for account 1 in themeMiddleware: sql: no rows in result set. Using default theme."
time=2025-05-31T10:47:51.981-07:00 level=INFO msg="No settings found for account 1, defaulting to disabled"
time=2025-05-31T10:47:51.981-07:00 level=INFO msg="Warning: Error getting account settings for account 1 in themeMiddleware: sql: no rows in result set. Using default theme."
time=2025-05-31T10:47:51.981-07:00 level=INFO msg="No settings found for account 1, defaulting to disabled"
time=2025-05-31T10:47:51.981-07:00 level=INFO msg="Warning: Error getting account settings for account 1 in themeMiddleware: sql: no rows in result set. Using default theme."
time=2025-05-31T10:47:51.981-07:00 level=INFO msg="User 1 (Account 1) attempting action requiring ONE OF permissions: [view_app] on path /lemc/app/thumbnail/download/:uuid"
time=2025-05-31T10:47:51.981-07:00 level=INFO msg="Permission GRANTED for user 1 (Account 1) via permission 'view_app' (required one of: [view_app]) on path /lemc/app/thumbnail/download/:uuid"
time=2025-05-31T10:47:51.981-07:00 level=INFO msg="Attempting to fetch thumbnail for app UUID: 5e97dd0feca5244982cd7affb6af1bd0, Account ID: 1"
time=2025-05-31T10:47:51.981-07:00 level=INFO msg="Thumbnail data is empty in app YAML (AppID: 15). Serving default thumbnail."
::1 -  [] "GET /lemc/app/thumbnail/download/5e97dd0feca5244982cd7affb6af1bd0 HTTP/1.1" 200 178135 "http://localhost:15374/lemc/apps" "Mozilla/5.0 (Macintosh; Intel Mac OS X 10_15_7) AppleWebKit/537.36 (KHTML, like Gecko) HeadlessChrome/136.0.0.0 Safari/537.36"
time=2025-05-31T10:47:51.982-07:00 level=INFO msg="No settings found for account 1, defaulting to disabled"
time=2025-05-31T10:47:51.982-07:00 level=INFO msg="Warning: Error getting account settings for account 1 in themeMiddleware: sql: no rows in result set. Using default theme."
time=2025-05-31T10:47:51.982-07:00 level=INFO msg="User 1 (Account 1) attempting action requiring ONE OF permissions: [view_app] on path /lemc/app/thumbnail/download/:uuid"
time=2025-05-31T10:47:51.982-07:00 level=INFO msg="Permission GRANTED for user 1 (Account 1) via permission 'view_app' (required one of: [view_app]) on path /lemc/app/thumbnail/download/:uuid"
time=2025-05-31T10:47:51.982-07:00 level=INFO msg="User 1 (Account 1) attempting action requiring ONE OF permissions: [view_app] on path /lemc/app/thumbnail/download/:uuid"
time=2025-05-31T10:47:51.982-07:00 level=INFO msg="Attempting to fetch thumbnail for app UUID: c357f04236bcce5d5951fa308ddc22c7, Account ID: 1"
time=2025-05-31T10:47:51.983-07:00 level=INFO msg="Permission GRANTED for user 1 (Account 1) via permission 'view_app' (required one of: [view_app]) on path /lemc/app/thumbnail/download/:uuid"
time=2025-05-31T10:47:51.983-07:00 level=INFO msg="Attempting to fetch thumbnail for app UUID: b7eca43b4bc47975741a7c1485602a62, Account ID: 1"
time=2025-05-31T10:47:51.983-07:00 level=INFO msg="User 1 (Account 1) attempting action requiring ONE OF permissions: [view_app] on path /lemc/app/thumbnail/download/:uuid"
time=2025-05-31T10:47:51.983-07:00 level=INFO msg="Thumbnail data is empty in app YAML (AppID: 16). Serving default thumbnail."
time=2025-05-31T10:47:51.983-07:00 level=INFO msg="Thumbnail data is empty in app YAML (AppID: 14). Serving default thumbnail."
time=2025-05-31T10:47:51.983-07:00 level=INFO msg="lemon squid sid 52up"
time=2025-05-31T10:47:51.983-07:00 level=INFO msg="Permission GRANTED for user 1 (Account 1) via permission 'view_app' (required one of: [view_app]) on path /lemc/app/thumbnail/download/:uuid"
time=2025-05-31T10:47:51.983-07:00 level=INFO msg="GetNavtop: section='apps', subnav=''"
time=2025-05-31T10:47:51.983-07:00 level=INFO msg="GetNavtop: Final section='apps', subnav=''"
time=2025-05-31T10:47:51.983-07:00 level=INFO msg="Attempting to fetch thumbnail for app UUID: 1bd315761d6a5c77a5e9d299d56c047b, Account ID: 1"
time=2025-05-31T10:47:51.983-07:00 level=INFO msg="No settings found for account 1, defaulting to disabled"
time=2025-05-31T10:47:51.983-07:00 level=INFO msg="Warning: Error getting account settings for account 1 in themeMiddleware: sql: no rows in result set. Using default theme."
::1 -  [] "GET /lemc/app/thumbnail/download/c357f04236bcce5d5951fa308ddc22c7 HTTP/1.1" 200 178135 "http://localhost:15374/lemc/apps" "Mozilla/5.0 (Macintosh; Intel Mac OS X 10_15_7) AppleWebKit/537.36 (KHTML, like Gecko) HeadlessChrome/136.0.0.0 Safari/537.36"
::1 -  [] "GET /lemc/app/thumbnail/download/b7eca43b4bc47975741a7c1485602a62 HTTP/1.1" 200 178135 "http://localhost:15374/lemc/apps" "Mozilla/5.0 (Macintosh; Intel Mac OS X 10_15_7) AppleWebKit/537.36 (KHTML, like Gecko) HeadlessChrome/136.0.0.0 Safari/537.36"
time=2025-05-31T10:47:51.983-07:00 level=INFO msg="Thumbnail data is empty in app YAML (AppID: 6). Serving default thumbnail."
::1 -  [] "GET /lemc/app/thumbnail/download/1bd315761d6a5c77a5e9d299d56c047b HTTP/1.1" 200 178135 "http://localhost:15374/lemc/apps" "Mozilla/5.0 (Macintosh; Intel Mac OS X 10_15_7) AppleWebKit/537.36 (KHTML, like Gecko) HeadlessChrome/136.0.0.0 Safari/537.36"
time=2025-05-31T10:47:51.984-07:00 level=INFO msg="User 1 (Account 1) attempting action requiring ONE OF permissions: [view_app] on path /lemc/app/thumbnail/download/:uuid"
time=2025-05-31T10:47:51.984-07:00 level=INFO msg="Permission GRANTED for user 1 (Account 1) via permission 'view_app' (required one of: [view_app]) on path /lemc/app/thumbnail/download/:uuid"
time=2025-05-31T10:47:51.984-07:00 level=INFO msg="Attempting to fetch thumbnail for app UUID: b9ce5f2b6e110418e76e1830c09cb9d1, Account ID: 1"
time=2025-05-31T10:47:51.984-07:00 level=INFO msg="Thumbnail data is empty in app YAML (AppID: 7). Serving default thumbnail."
::1 -  [] "GET /lemc/app/thumbnail/download/b9ce5f2b6e110418e76e1830c09cb9d1 HTTP/1.1" 200 178135 "http://localhost:15374/lemc/apps" "Mozilla/5.0 (Macintosh; Intel Mac OS X 10_15_7) AppleWebKit/537.36 (KHTML, like Gecko) HeadlessChrome/136.0.0.0 Safari/537.36"
time=2025-05-31T10:47:51.987-07:00 level=INFO msg="No settings found for account 1, defaulting to disabled"
time=2025-05-31T10:47:51.987-07:00 level=INFO msg="Warning: Error getting account settings for account 1 in themeMiddleware: sql: no rows in result set. Using default theme."
time=2025-05-31T10:47:51.988-07:00 level=INFO msg="No account settings found for account_id 1, defaulting registration to disabled."
time=2025-05-31T10:47:51.988-07:00 level=INFO msg="No settings found for account 1, defaulting to disabled"
time=2025-05-31T10:47:51.988-07:00 level=INFO msg="Warning: Error getting account settings for account 1 in themeMiddleware: sql: no rows in result set. Using default theme."
::1 -  [] "GET /navtop?squid=52up&account=Account%20Alpha&section=apps&subnav= HTTP/1.1" 200 9542 "http://localhost:15374/lemc/apps" "Mozilla/5.0 (Macintosh; Intel Mac OS X 10_15_7) AppleWebKit/537.36 (KHTML, like Gecko) HeadlessChrome/136.0.0.0 Safari/537.36"
time=2025-05-31T10:47:51.988-07:00 level=INFO msg="User 1 (Account 1) attempting action requiring ONE OF permissions: [view_app] on path /lemc/app/thumbnail/download/:uuid"
time=2025-05-31T10:47:51.988-07:00 level=INFO msg="Permission GRANTED for user 1 (Account 1) via permission 'view_app' (required one of: [view_app]) on path /lemc/app/thumbnail/download/:uuid"
time=2025-05-31T10:47:51.988-07:00 level=INFO msg="Attempting to fetch thumbnail for app UUID: 054d7bf3729d8d5b120d6b04b4c3c2aa, Account ID: 1"
time=2025-05-31T10:47:51.989-07:00 level=INFO msg="User 1 (Account 1) attempting action requiring ONE OF permissions: [view_app] on path /lemc/app/thumbnail/download/:uuid"
time=2025-05-31T10:47:51.989-07:00 level=INFO msg="Thumbnail data is empty in app YAML (AppID: 8). Serving default thumbnail."
time=2025-05-31T10:47:51.989-07:00 level=INFO msg="Permission GRANTED for user 1 (Account 1) via permission 'view_app' (required one of: [view_app]) on path /lemc/app/thumbnail/download/:uuid"
time=2025-05-31T10:47:51.989-07:00 level=INFO msg="Attempting to fetch thumbnail for app UUID: 7e940a3e9a5e0b371bc9ed079ba854cf, Account ID: 1"
time=2025-05-31T10:47:51.989-07:00 level=INFO msg="Thumbnail data is empty in app YAML (AppID: 9). Serving default thumbnail."
::1 -  [] "GET /lemc/app/thumbnail/download/054d7bf3729d8d5b120d6b04b4c3c2aa HTTP/1.1" 200 178135 "http://localhost:15374/lemc/apps" "Mozilla/5.0 (Macintosh; Intel Mac OS X 10_15_7) AppleWebKit/537.36 (KHTML, like Gecko) HeadlessChrome/136.0.0.0 Safari/537.36"
::1 -  [] "GET /lemc/app/thumbnail/download/7e940a3e9a5e0b371bc9ed079ba854cf HTTP/1.1" 200 178135 "http://localhost:15374/lemc/apps" "Mozilla/5.0 (Macintosh; Intel Mac OS X 10_15_7) AppleWebKit/537.36 (KHTML, like Gecko) HeadlessChrome/136.0.0.0 Safari/537.36"
time=2025-05-31T10:47:54.790-07:00 level=INFO msg="No settings found for account 1, defaulting to disabled"
time=2025-05-31T10:47:54.790-07:00 level=INFO msg="Warning: Error getting account settings for account 1 in themeMiddleware: sql: no rows in result set. Using default theme."
time=2025-05-31T10:47:54.791-07:00 level=INFO msg="User 1 (Account 1) attempting action requiring ONE OF permissions: [view_app, admin_account, admin_system] on path /lemc/apps"
time=2025-05-31T10:47:54.791-07:00 level=INFO msg="Permission GRANTED for user 1 (Account 1) via permission 'view_app' (required one of: [view_app, admin_account, admin_system]) on path /lemc/apps"
time=2025-05-31T10:47:54.792-07:00 level=INFO msg="lemon squid alphabet abcdefghijklmnopqrstuvwxyz0123456789"
time=2025-05-31T10:47:54.794-07:00 level=INFO msg="lemon squid sid 52up"
time=2025-05-31T10:47:54.797-07:00 level=INFO msg="No account settings found for account_id 1, defaulting registration to disabled."
::1 -  [] "GET /lemc/apps HTTP/1.1" 200 60387 "" "Mozilla/5.0 (Macintosh; Intel Mac OS X 10_15_7) AppleWebKit/537.36 (KHTML, like Gecko) HeadlessChrome/136.0.0.0 Safari/537.36"
time=2025-05-31T10:47:54.805-07:00 level=INFO msg="No settings found for account 1, defaulting to disabled"
time=2025-05-31T10:47:54.805-07:00 level=INFO msg="Warning: Error getting account settings for account 1 in themeMiddleware: sql: no rows in result set. Using default theme."
time=2025-05-31T10:47:54.805-07:00 level=INFO msg="No settings found for account 1, defaulting to disabled"
time=2025-05-31T10:47:54.805-07:00 level=INFO msg="Warning: Error getting account settings for account 1 in themeMiddleware: sql: no rows in result set. Using default theme."
time=2025-05-31T10:47:54.805-07:00 level=INFO msg="No settings found for account 1, defaulting to disabled"
time=2025-05-31T10:47:54.805-07:00 level=INFO msg="Warning: Error getting account settings for account 1 in themeMiddleware: sql: no rows in result set. Using default theme."
time=2025-05-31T10:47:54.806-07:00 level=INFO msg="User 1 (Account 1) attempting action requiring ONE OF permissions: [view_app] on path /lemc/app/thumbnail/download/:uuid"
time=2025-05-31T10:47:54.806-07:00 level=INFO msg="Permission GRANTED for user 1 (Account 1) via permission 'view_app' (required one of: [view_app]) on path /lemc/app/thumbnail/download/:uuid"
time=2025-05-31T10:47:54.806-07:00 level=INFO msg="Attempting to fetch thumbnail for app UUID: 9b9e53fd63bd87716da23ce5bf2db365, Account ID: 1"
time=2025-05-31T10:47:54.806-07:00 level=INFO msg="Thumbnail data is empty in app YAML (AppID: 1). Serving default thumbnail."
time=2025-05-31T10:47:54.806-07:00 level=INFO msg="User 1 (Account 1) attempting action requiring ONE OF permissions: [view_app] on path /lemc/app/thumbnail/download/:uuid"
time=2025-05-31T10:47:54.806-07:00 level=INFO msg="Permission GRANTED for user 1 (Account 1) via permission 'view_app' (required one of: [view_app]) on path /lemc/app/thumbnail/download/:uuid"
time=2025-05-31T10:47:54.806-07:00 level=INFO msg="Attempting to fetch thumbnail for app UUID: 49ae6e204283782a0e0a8a3848088755, Account ID: 1"
::1 -  [] "GET /lemc/app/thumbnail/download/9b9e53fd63bd87716da23ce5bf2db365 HTTP/1.1" 200 178135 "http://localhost:15374/lemc/apps" "Mozilla/5.0 (Macintosh; Intel Mac OS X 10_15_7) AppleWebKit/537.36 (KHTML, like Gecko) HeadlessChrome/136.0.0.0 Safari/537.36"
time=2025-05-31T10:47:54.807-07:00 level=INFO msg="Thumbnail data is empty in app YAML (AppID: 13). Serving default thumbnail."
::1 -  [] "GET /themes/default/public/css/compiled.css?v=ts HTTP/1.1" 304 0 "http://localhost:15374/lemc/apps" "Mozilla/5.0 (Macintosh; Intel Mac OS X 10_15_7) AppleWebKit/537.36 (KHTML, like Gecko) HeadlessChrome/136.0.0.0 Safari/537.36"
::1 -  [] "GET /lemc/app/thumbnail/download/49ae6e204283782a0e0a8a3848088755 HTTP/1.1" 200 178135 "http://localhost:15374/lemc/apps" "Mozilla/5.0 (Macintosh; Intel Mac OS X 10_15_7) AppleWebKit/537.36 (KHTML, like Gecko) HeadlessChrome/136.0.0.0 Safari/537.36"
time=2025-05-31T10:47:54.813-07:00 level=INFO msg="No settings found for account 1, defaulting to disabled"
time=2025-05-31T10:47:54.813-07:00 level=INFO msg="Warning: Error getting account settings for account 1 in themeMiddleware: sql: no rows in result set. Using default theme."
time=2025-05-31T10:47:54.814-07:00 level=INFO msg="User 1 (Account 1) attempting action requiring ONE OF permissions: [view_app] on path /lemc/app/thumbnail/download/:uuid"
time=2025-05-31T10:47:54.815-07:00 level=INFO msg="Permission GRANTED for user 1 (Account 1) via permission 'view_app' (required one of: [view_app]) on path /lemc/app/thumbnail/download/:uuid"
time=2025-05-31T10:47:54.815-07:00 level=INFO msg="Attempting to fetch thumbnail for app UUID: b7eca43b4bc47975741a7c1485602a62, Account ID: 1"
time=2025-05-31T10:47:54.815-07:00 level=INFO msg="No settings found for account 1, defaulting to disabled"
time=2025-05-31T10:47:54.815-07:00 level=INFO msg="Warning: Error getting account settings for account 1 in themeMiddleware: sql: no rows in result set. Using default theme."
time=2025-05-31T10:47:54.815-07:00 level=INFO msg="User 1 (Account 1) attempting action requiring ONE OF permissions: [view_app] on path /lemc/app/thumbnail/download/:uuid"
time=2025-05-31T10:47:54.815-07:00 level=INFO msg="Permission GRANTED for user 1 (Account 1) via permission 'view_app' (required one of: [view_app]) on path /lemc/app/thumbnail/download/:uuid"
time=2025-05-31T10:47:54.815-07:00 level=INFO msg="Attempting to fetch thumbnail for app UUID: 5e97dd0feca5244982cd7affb6af1bd0, Account ID: 1"
time=2025-05-31T10:47:54.816-07:00 level=INFO msg="Thumbnail data is empty in app YAML (AppID: 15). Serving default thumbnail."
time=2025-05-31T10:47:54.816-07:00 level=INFO msg="No settings found for account 1, defaulting to disabled"
time=2025-05-31T10:47:54.816-07:00 level=INFO msg="Warning: Error getting account settings for account 1 in themeMiddleware: sql: no rows in result set. Using default theme."
::1 -  [] "GET /lemc/app/thumbnail/download/5e97dd0feca5244982cd7affb6af1bd0 HTTP/1.1" 200 178135 "http://localhost:15374/lemc/apps" "Mozilla/5.0 (Macintosh; Intel Mac OS X 10_15_7) AppleWebKit/537.36 (KHTML, like Gecko) HeadlessChrome/136.0.0.0 Safari/537.36"
time=2025-05-31T10:47:54.816-07:00 level=INFO msg="No settings found for account 1, defaulting to disabled"
time=2025-05-31T10:47:54.816-07:00 level=INFO msg="Warning: Error getting account settings for account 1 in themeMiddleware: sql: no rows in result set. Using default theme."
time=2025-05-31T10:47:54.816-07:00 level=INFO msg="No settings found for account 1, defaulting to disabled"
time=2025-05-31T10:47:54.816-07:00 level=INFO msg="Warning: Error getting account settings for account 1 in themeMiddleware: sql: no rows in result set. Using default theme."
time=2025-05-31T10:47:54.816-07:00 level=INFO msg="User 1 (Account 1) attempting action requiring ONE OF permissions: [view_app] on path /lemc/app/thumbnail/download/:uuid"
time=2025-05-31T10:47:54.816-07:00 level=INFO msg="Permission GRANTED for user 1 (Account 1) via permission 'view_app' (required one of: [view_app]) on path /lemc/app/thumbnail/download/:uuid"
time=2025-05-31T10:47:54.816-07:00 level=INFO msg="Attempting to fetch thumbnail for app UUID: c357f04236bcce5d5951fa308ddc22c7, Account ID: 1"
time=2025-05-31T10:47:54.816-07:00 level=INFO msg="Thumbnail data is empty in app YAML (AppID: 16). Serving default thumbnail."
time=2025-05-31T10:47:54.817-07:00 level=INFO msg="User 1 (Account 1) attempting action requiring ONE OF permissions: [view_app] on path /lemc/app/thumbnail/download/:uuid"
::1 -  [] "GET /lemc/app/thumbnail/download/c357f04236bcce5d5951fa308ddc22c7 HTTP/1.1" 200 178135 "http://localhost:15374/lemc/apps" "Mozilla/5.0 (Macintosh; Intel Mac OS X 10_15_7) AppleWebKit/537.36 (KHTML, like Gecko) HeadlessChrome/136.0.0.0 Safari/537.36"
time=2025-05-31T10:47:54.817-07:00 level=INFO msg="Thumbnail data is empty in app YAML (AppID: 14). Serving default thumbnail."
time=2025-05-31T10:47:54.817-07:00 level=INFO msg="Permission GRANTED for user 1 (Account 1) via permission 'view_app' (required one of: [view_app]) on path /lemc/app/thumbnail/download/:uuid"
time=2025-05-31T10:47:54.817-07:00 level=INFO msg="Attempting to fetch thumbnail for app UUID: b9ce5f2b6e110418e76e1830c09cb9d1, Account ID: 1"
::1 -  [] "GET /lemc/app/thumbnail/download/b7eca43b4bc47975741a7c1485602a62 HTTP/1.1" 200 178135 "http://localhost:15374/lemc/apps" "Mozilla/5.0 (Macintosh; Intel Mac OS X 10_15_7) AppleWebKit/537.36 (KHTML, like Gecko) HeadlessChrome/136.0.0.0 Safari/537.36"
time=2025-05-31T10:47:54.817-07:00 level=INFO msg="Thumbnail data is empty in app YAML (AppID: 7). Serving default thumbnail."
::1 -  [] "GET /lemc/app/thumbnail/download/b9ce5f2b6e110418e76e1830c09cb9d1 HTTP/1.1" 200 178135 "http://localhost:15374/lemc/apps" "Mozilla/5.0 (Macintosh; Intel Mac OS X 10_15_7) AppleWebKit/537.36 (KHTML, like Gecko) HeadlessChrome/136.0.0.0 Safari/537.36"
time=2025-05-31T10:47:54.818-07:00 level=INFO msg="User 1 (Account 1) attempting action requiring ONE OF permissions: [view_app] on path /lemc/app/thumbnail/download/:uuid"
time=2025-05-31T10:47:54.818-07:00 level=INFO msg="Permission GRANTED for user 1 (Account 1) via permission 'view_app' (required one of: [view_app]) on path /lemc/app/thumbnail/download/:uuid"
time=2025-05-31T10:47:54.818-07:00 level=INFO msg="Attempting to fetch thumbnail for app UUID: bde80648a504cc40876eea9e6b4a7961, Account ID: 1"
time=2025-05-31T10:47:54.819-07:00 level=INFO msg="Thumbnail data is empty in app YAML (AppID: 3). Serving default thumbnail."
time=2025-05-31T10:47:54.819-07:00 level=INFO msg="No settings found for account 1, defaulting to disabled"
time=2025-05-31T10:47:54.819-07:00 level=INFO msg="Warning: Error getting account settings for account 1 in themeMiddleware: sql: no rows in result set. Using default theme."
time=2025-05-31T10:47:54.819-07:00 level=INFO msg="No settings found for account 1, defaulting to disabled"
time=2025-05-31T10:47:54.819-07:00 level=INFO msg="Warning: Error getting account settings for account 1 in themeMiddleware: sql: no rows in result set. Using default theme."
::1 -  [] "GET /lemc/app/thumbnail/download/bde80648a504cc40876eea9e6b4a7961 HTTP/1.1" 200 178135 "http://localhost:15374/lemc/apps" "Mozilla/5.0 (Macintosh; Intel Mac OS X 10_15_7) AppleWebKit/537.36 (KHTML, like Gecko) HeadlessChrome/136.0.0.0 Safari/537.36"
time=2025-05-31T10:47:54.820-07:00 level=INFO msg="User 1 (Account 1) attempting action requiring ONE OF permissions: [view_app] on path /lemc/app/thumbnail/download/:uuid"
time=2025-05-31T10:47:54.821-07:00 level=INFO msg="Permission GRANTED for user 1 (Account 1) via permission 'view_app' (required one of: [view_app]) on path /lemc/app/thumbnail/download/:uuid"
time=2025-05-31T10:47:54.821-07:00 level=INFO msg="Attempting to fetch thumbnail for app UUID: 1bd315761d6a5c77a5e9d299d56c047b, Account ID: 1"
time=2025-05-31T10:47:54.821-07:00 level=INFO msg="Creating websocket client for user 1"
time=2025-05-31T10:47:54.822-07:00 level=INFO msg="Thumbnail data is empty in app YAML (AppID: 6). Serving default thumbnail."
::1 -  [] "GET /ws HTTP/1.1" 200 0 "" "Mozilla/5.0 (Macintosh; Intel Mac OS X 10_15_7) AppleWebKit/537.36 (KHTML, like Gecko) HeadlessChrome/136.0.0.0 Safari/537.36"
::1 -  [] "GET /lemc/app/thumbnail/download/1bd315761d6a5c77a5e9d299d56c047b HTTP/1.1" 200 178135 "http://localhost:15374/lemc/apps" "Mozilla/5.0 (Macintosh; Intel Mac OS X 10_15_7) AppleWebKit/537.36 (KHTML, like Gecko) HeadlessChrome/136.0.0.0 Safari/537.36"
time=2025-05-31T10:47:54.824-07:00 level=INFO msg="No settings found for account 1, defaulting to disabled"
time=2025-05-31T10:47:54.824-07:00 level=INFO msg="Warning: Error getting account settings for account 1 in themeMiddleware: sql: no rows in result set. Using default theme."
time=2025-05-31T10:47:54.824-07:00 level=INFO msg="User 1 (Account 1) attempting action requiring ONE OF permissions: [view_app] on path /lemc/app/thumbnail/download/:uuid"
time=2025-05-31T10:47:54.824-07:00 level=INFO msg="Permission GRANTED for user 1 (Account 1) via permission 'view_app' (required one of: [view_app]) on path /lemc/app/thumbnail/download/:uuid"
time=2025-05-31T10:47:54.824-07:00 level=INFO msg="Attempting to fetch thumbnail for app UUID: 054d7bf3729d8d5b120d6b04b4c3c2aa, Account ID: 1"
time=2025-05-31T10:47:54.824-07:00 level=INFO msg="Thumbnail data is empty in app YAML (AppID: 8). Serving default thumbnail."
time=2025-05-31T10:47:54.825-07:00 level=INFO msg="No settings found for account 1, defaulting to disabled"
time=2025-05-31T10:47:54.825-07:00 level=INFO msg="Warning: Error getting account settings for account 1 in themeMiddleware: sql: no rows in result set. Using default theme."
::1 -  [] "GET /lemc/app/thumbnail/download/054d7bf3729d8d5b120d6b04b4c3c2aa HTTP/1.1" 200 178135 "http://localhost:15374/lemc/apps" "Mozilla/5.0 (Macintosh; Intel Mac OS X 10_15_7) AppleWebKit/537.36 (KHTML, like Gecko) HeadlessChrome/136.0.0.0 Safari/537.36"
time=2025-05-31T10:47:54.825-07:00 level=INFO msg="User 1 (Account 1) attempting action requiring ONE OF permissions: [view_app] on path /lemc/app/thumbnail/download/:uuid"
time=2025-05-31T10:47:54.825-07:00 level=INFO msg="Permission GRANTED for user 1 (Account 1) via permission 'view_app' (required one of: [view_app]) on path /lemc/app/thumbnail/download/:uuid"
time=2025-05-31T10:47:54.825-07:00 level=INFO msg="Attempting to fetch thumbnail for app UUID: 7e940a3e9a5e0b371bc9ed079ba854cf, Account ID: 1"
time=2025-05-31T10:47:54.825-07:00 level=INFO msg="Thumbnail data is empty in app YAML (AppID: 9). Serving default thumbnail."
::1 -  [] "GET /lemc/app/thumbnail/download/7e940a3e9a5e0b371bc9ed079ba854cf HTTP/1.1" 200 178135 "http://localhost:15374/lemc/apps" "Mozilla/5.0 (Macintosh; Intel Mac OS X 10_15_7) AppleWebKit/537.36 (KHTML, like Gecko) HeadlessChrome/136.0.0.0 Safari/537.36"
time=2025-05-31T10:47:54.828-07:00 level=INFO msg="No settings found for account 1, defaulting to disabled"
time=2025-05-31T10:47:54.828-07:00 level=INFO msg="Warning: Error getting account settings for account 1 in themeMiddleware: sql: no rows in result set. Using default theme."
time=2025-05-31T10:47:54.828-07:00 level=INFO msg="No settings found for account 1, defaulting to disabled"
time=2025-05-31T10:47:54.828-07:00 level=INFO msg="Warning: Error getting account settings for account 1 in themeMiddleware: sql: no rows in result set. Using default theme."
time=2025-05-31T10:47:54.828-07:00 level=INFO msg="No settings found for account 1, defaulting to disabled"
time=2025-05-31T10:47:54.828-07:00 level=INFO msg="Warning: Error getting account settings for account 1 in themeMiddleware: sql: no rows in result set. Using default theme."
::1 -  [] "GET /themes/default/public/imgs/logo-normal.png HTTP/1.1" 304 0 "http://localhost:15374/themes/default/public/css/compiled.css?v=ts" "Mozilla/5.0 (Macintosh; Intel Mac OS X 10_15_7) AppleWebKit/537.36 (KHTML, like Gecko) HeadlessChrome/136.0.0.0 Safari/537.36"
::1 -  [] "GET /themes/default/public/imgs/bg-nav.svg HTTP/1.1" 304 0 "http://localhost:15374/themes/default/public/css/compiled.css?v=ts" "Mozilla/5.0 (Macintosh; Intel Mac OS X 10_15_7) AppleWebKit/537.36 (KHTML, like Gecko) HeadlessChrome/136.0.0.0 Safari/537.36"
::1 -  [] "GET /themes/default/public/imgs/bg.png HTTP/1.1" 304 0 "http://localhost:15374/themes/default/public/css/compiled.css?v=ts" "Mozilla/5.0 (Macintosh; Intel Mac OS X 10_15_7) AppleWebKit/537.36 (KHTML, like Gecko) HeadlessChrome/136.0.0.0 Safari/537.36"
time=2025-05-31T10:47:54.954-07:00 level=INFO msg="No settings found for account 1, defaulting to disabled"
time=2025-05-31T10:47:54.954-07:00 level=INFO msg="Warning: Error getting account settings for account 1 in themeMiddleware: sql: no rows in result set. Using default theme."
time=2025-05-31T10:47:54.954-07:00 level=INFO msg="User 1 (Account 1) attempting action requiring ONE OF permissions: [view_app, admin_account, admin_system] on path /lemc/apps"
time=2025-05-31T10:47:54.954-07:00 level=INFO msg="Permission GRANTED for user 1 (Account 1) via permission 'view_app' (required one of: [view_app, admin_account, admin_system]) on path /lemc/apps"
time=2025-05-31T10:47:54.954-07:00 level=INFO msg="lemon squid alphabet abcdefghijklmnopqrstuvwxyz0123456789"
time=2025-05-31T10:47:54.957-07:00 level=INFO msg="lemon squid sid 52up"
time=2025-05-31T10:47:54.960-07:00 level=INFO msg="No account settings found for account_id 1, defaulting registration to disabled."
::1 -  [] "GET /lemc/apps HTTP/1.1" 200 60387 "" "Mozilla/5.0 (Macintosh; Intel Mac OS X 10_15_7) AppleWebKit/537.36 (KHTML, like Gecko) HeadlessChrome/136.0.0.0 Safari/537.36"
time=2025-05-31T10:47:54.967-07:00 level=INFO msg="No settings found for account 1, defaulting to disabled"
time=2025-05-31T10:47:54.967-07:00 level=INFO msg="Warning: Error getting account settings for account 1 in themeMiddleware: sql: no rows in result set. Using default theme."
time=2025-05-31T10:47:54.968-07:00 level=INFO msg="No settings found for account 1, defaulting to disabled"
time=2025-05-31T10:47:54.968-07:00 level=INFO msg="Warning: Error getting account settings for account 1 in themeMiddleware: sql: no rows in result set. Using default theme."
time=2025-05-31T10:47:54.968-07:00 level=INFO msg="No settings found for account 1, defaulting to disabled"
time=2025-05-31T10:47:54.968-07:00 level=INFO msg="Warning: Error getting account settings for account 1 in themeMiddleware: sql: no rows in result set. Using default theme."
time=2025-05-31T10:47:54.971-07:00 level=INFO msg="User 1 (Account 1) attempting action requiring ONE OF permissions: [view_app] on path /lemc/app/thumbnail/download/:uuid"
time=2025-05-31T10:47:54.971-07:00 level=INFO msg="Permission GRANTED for user 1 (Account 1) via permission 'view_app' (required one of: [view_app]) on path /lemc/app/thumbnail/download/:uuid"
time=2025-05-31T10:47:54.971-07:00 level=INFO msg="Attempting to fetch thumbnail for app UUID: 49ae6e204283782a0e0a8a3848088755, Account ID: 1"
time=2025-05-31T10:47:54.971-07:00 level=INFO msg="User 1 (Account 1) attempting action requiring ONE OF permissions: [view_app] on path /lemc/app/thumbnail/download/:uuid"
time=2025-05-31T10:47:54.971-07:00 level=INFO msg="Thumbnail data is empty in app YAML (AppID: 13). Serving default thumbnail."
time=2025-05-31T10:47:54.971-07:00 level=INFO msg="Permission GRANTED for user 1 (Account 1) via permission 'view_app' (required one of: [view_app]) on path /lemc/app/thumbnail/download/:uuid"
time=2025-05-31T10:47:54.971-07:00 level=INFO msg="Attempting to fetch thumbnail for app UUID: 9b9e53fd63bd87716da23ce5bf2db365, Account ID: 1"
::1 -  [] "GET /lemc/app/thumbnail/download/49ae6e204283782a0e0a8a3848088755 HTTP/1.1" 200 178135 "http://localhost:15374/lemc/apps" "Mozilla/5.0 (Macintosh; Intel Mac OS X 10_15_7) AppleWebKit/537.36 (KHTML, like Gecko) HeadlessChrome/136.0.0.0 Safari/537.36"
::1 -  [] "GET /themes/default/public/css/compiled.css?v=ts HTTP/1.1" 304 0 "http://localhost:15374/lemc/apps" "Mozilla/5.0 (Macintosh; Intel Mac OS X 10_15_7) AppleWebKit/537.36 (KHTML, like Gecko) HeadlessChrome/136.0.0.0 Safari/537.36"
time=2025-05-31T10:47:54.972-07:00 level=INFO msg="Thumbnail data is empty in app YAML (AppID: 1). Serving default thumbnail."
::1 -  [] "GET /lemc/app/thumbnail/download/9b9e53fd63bd87716da23ce5bf2db365 HTTP/1.1" 200 178135 "http://localhost:15374/lemc/apps" "Mozilla/5.0 (Macintosh; Intel Mac OS X 10_15_7) AppleWebKit/537.36 (KHTML, like Gecko) HeadlessChrome/136.0.0.0 Safari/537.36"
time=2025-05-31T10:47:54.976-07:00 level=INFO msg="No settings found for account 1, defaulting to disabled"
time=2025-05-31T10:47:54.976-07:00 level=INFO msg="Warning: Error getting account settings for account 1 in themeMiddleware: sql: no rows in result set. Using default theme."
time=2025-05-31T10:47:54.976-07:00 level=INFO msg="No settings found for account 1, defaulting to disabled"
time=2025-05-31T10:47:54.976-07:00 level=INFO msg="Warning: Error getting account settings for account 1 in themeMiddleware: sql: no rows in result set. Using default theme."
time=2025-05-31T10:47:54.977-07:00 level=INFO msg="User 1 (Account 1) attempting action requiring ONE OF permissions: [view_app] on path /lemc/app/thumbnail/download/:uuid"
time=2025-05-31T10:47:54.977-07:00 level=INFO msg="Permission GRANTED for user 1 (Account 1) via permission 'view_app' (required one of: [view_app]) on path /lemc/app/thumbnail/download/:uuid"
time=2025-05-31T10:47:54.977-07:00 level=INFO msg="Attempting to fetch thumbnail for app UUID: b7eca43b4bc47975741a7c1485602a62, Account ID: 1"
time=2025-05-31T10:47:54.977-07:00 level=INFO msg="User 1 (Account 1) attempting action requiring ONE OF permissions: [view_app] on path /lemc/app/thumbnail/download/:uuid"
time=2025-05-31T10:47:54.977-07:00 level=INFO msg="Thumbnail data is empty in app YAML (AppID: 14). Serving default thumbnail."
time=2025-05-31T10:47:54.977-07:00 level=INFO msg="Permission GRANTED for user 1 (Account 1) via permission 'view_app' (required one of: [view_app]) on path /lemc/app/thumbnail/download/:uuid"
time=2025-05-31T10:47:54.977-07:00 level=INFO msg="Attempting to fetch thumbnail for app UUID: 5e97dd0feca5244982cd7affb6af1bd0, Account ID: 1"
::1 -  [] "GET /lemc/app/thumbnail/download/b7eca43b4bc47975741a7c1485602a62 HTTP/1.1" 200 178135 "http://localhost:15374/lemc/apps" "Mozilla/5.0 (Macintosh; Intel Mac OS X 10_15_7) AppleWebKit/537.36 (KHTML, like Gecko) HeadlessChrome/136.0.0.0 Safari/537.36"
time=2025-05-31T10:47:54.978-07:00 level=INFO msg="Thumbnail data is empty in app YAML (AppID: 15). Serving default thumbnail."
::1 -  [] "GET /lemc/app/thumbnail/download/5e97dd0feca5244982cd7affb6af1bd0 HTTP/1.1" 200 178135 "http://localhost:15374/lemc/apps" "Mozilla/5.0 (Macintosh; Intel Mac OS X 10_15_7) AppleWebKit/537.36 (KHTML, like Gecko) HeadlessChrome/136.0.0.0 Safari/537.36"
time=2025-05-31T10:47:54.979-07:00 level=INFO msg="No settings found for account 1, defaulting to disabled"
time=2025-05-31T10:47:54.979-07:00 level=INFO msg="Warning: Error getting account settings for account 1 in themeMiddleware: sql: no rows in result set. Using default theme."
time=2025-05-31T10:47:54.980-07:00 level=INFO msg="User 1 (Account 1) attempting action requiring ONE OF permissions: [view_app] on path /lemc/app/thumbnail/download/:uuid"
time=2025-05-31T10:47:54.980-07:00 level=INFO msg="No settings found for account 1, defaulting to disabled"
time=2025-05-31T10:47:54.980-07:00 level=INFO msg="Warning: Error getting account settings for account 1 in themeMiddleware: sql: no rows in result set. Using default theme."
time=2025-05-31T10:47:54.980-07:00 level=INFO msg="Permission GRANTED for user 1 (Account 1) via permission 'view_app' (required one of: [view_app]) on path /lemc/app/thumbnail/download/:uuid"
time=2025-05-31T10:47:54.980-07:00 level=INFO msg="Attempting to fetch thumbnail for app UUID: c357f04236bcce5d5951fa308ddc22c7, Account ID: 1"
time=2025-05-31T10:47:54.980-07:00 level=INFO msg="Thumbnail data is empty in app YAML (AppID: 16). Serving default thumbnail."
time=2025-05-31T10:47:54.980-07:00 level=INFO msg="No settings found for account 1, defaulting to disabled"
time=2025-05-31T10:47:54.980-07:00 level=INFO msg="Warning: Error getting account settings for account 1 in themeMiddleware: sql: no rows in result set. Using default theme."
time=2025-05-31T10:47:54.980-07:00 level=INFO msg="No settings found for account 1, defaulting to disabled"
time=2025-05-31T10:47:54.980-07:00 level=INFO msg="Warning: Error getting account settings for account 1 in themeMiddleware: sql: no rows in result set. Using default theme."
::1 -  [] "GET /lemc/app/thumbnail/download/c357f04236bcce5d5951fa308ddc22c7 HTTP/1.1" 200 178135 "http://localhost:15374/lemc/apps" "Mozilla/5.0 (Macintosh; Intel Mac OS X 10_15_7) AppleWebKit/537.36 (KHTML, like Gecko) HeadlessChrome/136.0.0.0 Safari/537.36"
time=2025-05-31T10:47:54.980-07:00 level=INFO msg="User 1 (Account 1) attempting action requiring ONE OF permissions: [view_app] on path /lemc/app/thumbnail/download/:uuid"
time=2025-05-31T10:47:54.980-07:00 level=INFO msg="Permission GRANTED for user 1 (Account 1) via permission 'view_app' (required one of: [view_app]) on path /lemc/app/thumbnail/download/:uuid"
time=2025-05-31T10:47:54.980-07:00 level=INFO msg="Attempting to fetch thumbnail for app UUID: bde80648a504cc40876eea9e6b4a7961, Account ID: 1"
time=2025-05-31T10:47:54.980-07:00 level=INFO msg="User 1 (Account 1) attempting action requiring ONE OF permissions: [view_app] on path /lemc/app/thumbnail/download/:uuid"
time=2025-05-31T10:47:54.981-07:00 level=INFO msg="Permission GRANTED for user 1 (Account 1) via permission 'view_app' (required one of: [view_app]) on path /lemc/app/thumbnail/download/:uuid"
time=2025-05-31T10:47:54.981-07:00 level=INFO msg="Attempting to fetch thumbnail for app UUID: 1bd315761d6a5c77a5e9d299d56c047b, Account ID: 1"
time=2025-05-31T10:47:54.981-07:00 level=INFO msg="Thumbnail data is empty in app YAML (AppID: 3). Serving default thumbnail."
time=2025-05-31T10:47:54.981-07:00 level=INFO msg="Thumbnail data is empty in app YAML (AppID: 6). Serving default thumbnail."
::1 -  [] "GET /lemc/app/thumbnail/download/bde80648a504cc40876eea9e6b4a7961 HTTP/1.1" 200 178135 "http://localhost:15374/lemc/apps" "Mozilla/5.0 (Macintosh; Intel Mac OS X 10_15_7) AppleWebKit/537.36 (KHTML, like Gecko) HeadlessChrome/136.0.0.0 Safari/537.36"
time=2025-05-31T10:47:54.981-07:00 level=INFO msg="User 1 (Account 1) attempting action requiring ONE OF permissions: [view_app] on path /lemc/app/thumbnail/download/:uuid"
::1 -  [] "GET /lemc/app/thumbnail/download/1bd315761d6a5c77a5e9d299d56c047b HTTP/1.1" 200 178135 "http://localhost:15374/lemc/apps" "Mozilla/5.0 (Macintosh; Intel Mac OS X 10_15_7) AppleWebKit/537.36 (KHTML, like Gecko) HeadlessChrome/136.0.0.0 Safari/537.36"
time=2025-05-31T10:47:54.981-07:00 level=INFO msg="Permission GRANTED for user 1 (Account 1) via permission 'view_app' (required one of: [view_app]) on path /lemc/app/thumbnail/download/:uuid"
time=2025-05-31T10:47:54.981-07:00 level=INFO msg="Attempting to fetch thumbnail for app UUID: b9ce5f2b6e110418e76e1830c09cb9d1, Account ID: 1"
time=2025-05-31T10:47:54.981-07:00 level=INFO msg="Thumbnail data is empty in app YAML (AppID: 7). Serving default thumbnail."
::1 -  [] "GET /lemc/app/thumbnail/download/b9ce5f2b6e110418e76e1830c09cb9d1 HTTP/1.1" 200 178135 "http://localhost:15374/lemc/apps" "Mozilla/5.0 (Macintosh; Intel Mac OS X 10_15_7) AppleWebKit/537.36 (KHTML, like Gecko) HeadlessChrome/136.0.0.0 Safari/537.36"
time=2025-05-31T10:47:54.983-07:00 level=INFO msg="No settings found for account 1, defaulting to disabled"
time=2025-05-31T10:47:54.984-07:00 level=INFO msg="Warning: Error getting account settings for account 1 in themeMiddleware: sql: no rows in result set. Using default theme."
time=2025-05-31T10:47:54.984-07:00 level=INFO msg="No settings found for account 1, defaulting to disabled"
time=2025-05-31T10:47:54.984-07:00 level=INFO msg="Warning: Error getting account settings for account 1 in themeMiddleware: sql: no rows in result set. Using default theme."
time=2025-05-31T10:47:54.984-07:00 level=INFO msg="Creating websocket client for user 1"
::1 -  [] "GET /ws HTTP/1.1" 200 0 "" "Mozilla/5.0 (Macintosh; Intel Mac OS X 10_15_7) AppleWebKit/537.36 (KHTML, like Gecko) HeadlessChrome/136.0.0.0 Safari/537.36"
time=2025-05-31T10:47:54.984-07:00 level=INFO msg="User 1 (Account 1) attempting action requiring ONE OF permissions: [view_app] on path /lemc/app/thumbnail/download/:uuid"
time=2025-05-31T10:47:54.984-07:00 level=INFO msg="Permission GRANTED for user 1 (Account 1) via permission 'view_app' (required one of: [view_app]) on path /lemc/app/thumbnail/download/:uuid"
time=2025-05-31T10:47:54.984-07:00 level=INFO msg="Attempting to fetch thumbnail for app UUID: 054d7bf3729d8d5b120d6b04b4c3c2aa, Account ID: 1"
time=2025-05-31T10:47:54.985-07:00 level=INFO msg="Thumbnail data is empty in app YAML (AppID: 8). Serving default thumbnail."
time=2025-05-31T10:47:54.985-07:00 level=INFO msg="No settings found for account 1, defaulting to disabled"
time=2025-05-31T10:47:54.985-07:00 level=INFO msg="Warning: Error getting account settings for account 1 in themeMiddleware: sql: no rows in result set. Using default theme."
::1 -  [] "GET /lemc/app/thumbnail/download/054d7bf3729d8d5b120d6b04b4c3c2aa HTTP/1.1" 200 178135 "http://localhost:15374/lemc/apps" "Mozilla/5.0 (Macintosh; Intel Mac OS X 10_15_7) AppleWebKit/537.36 (KHTML, like Gecko) HeadlessChrome/136.0.0.0 Safari/537.36"
time=2025-05-31T10:47:54.985-07:00 level=INFO msg="User 1 (Account 1) attempting action requiring ONE OF permissions: [view_app] on path /lemc/app/thumbnail/download/:uuid"
time=2025-05-31T10:47:54.985-07:00 level=INFO msg="Permission GRANTED for user 1 (Account 1) via permission 'view_app' (required one of: [view_app]) on path /lemc/app/thumbnail/download/:uuid"
time=2025-05-31T10:47:54.985-07:00 level=INFO msg="Attempting to fetch thumbnail for app UUID: 7e940a3e9a5e0b371bc9ed079ba854cf, Account ID: 1"
time=2025-05-31T10:47:54.985-07:00 level=INFO msg="Thumbnail data is empty in app YAML (AppID: 9). Serving default thumbnail."
::1 -  [] "GET /lemc/app/thumbnail/download/7e940a3e9a5e0b371bc9ed079ba854cf HTTP/1.1" 200 178135 "http://localhost:15374/lemc/apps" "Mozilla/5.0 (Macintosh; Intel Mac OS X 10_15_7) AppleWebKit/537.36 (KHTML, like Gecko) HeadlessChrome/136.0.0.0 Safari/537.36"
time=2025-05-31T10:47:54.989-07:00 level=INFO msg="No settings found for account 1, defaulting to disabled"
time=2025-05-31T10:47:54.989-07:00 level=INFO msg="Warning: Error getting account settings for account 1 in themeMiddleware: sql: no rows in result set. Using default theme."
time=2025-05-31T10:47:54.989-07:00 level=INFO msg="No settings found for account 1, defaulting to disabled"
time=2025-05-31T10:47:54.989-07:00 level=INFO msg="Warning: Error getting account settings for account 1 in themeMiddleware: sql: no rows in result set. Using default theme."
::1 -  [] "GET /themes/default/public/imgs/bg-nav.svg HTTP/1.1" 304 0 "http://localhost:15374/themes/default/public/css/compiled.css?v=ts" "Mozilla/5.0 (Macintosh; Intel Mac OS X 10_15_7) AppleWebKit/537.36 (KHTML, like Gecko) HeadlessChrome/136.0.0.0 Safari/537.36"
::1 -  [] "GET /themes/default/public/imgs/logo-normal.png HTTP/1.1" 304 0 "http://localhost:15374/themes/default/public/css/compiled.css?v=ts" "Mozilla/5.0 (Macintosh; Intel Mac OS X 10_15_7) AppleWebKit/537.36 (KHTML, like Gecko) HeadlessChrome/136.0.0.0 Safari/537.36"
time=2025-05-31T10:47:54.990-07:00 level=INFO msg="No settings found for account 1, defaulting to disabled"
time=2025-05-31T10:47:54.990-07:00 level=INFO msg="Warning: Error getting account settings for account 1 in themeMiddleware: sql: no rows in result set. Using default theme."
::1 -  [] "GET /themes/default/public/imgs/bg.png HTTP/1.1" 304 0 "http://localhost:15374/themes/default/public/css/compiled.css?v=ts" "Mozilla/5.0 (Macintosh; Intel Mac OS X 10_15_7) AppleWebKit/537.36 (KHTML, like Gecko) HeadlessChrome/136.0.0.0 Safari/537.36"
time=2025-05-31T10:47:55.013-07:00 level=INFO msg="No settings found for account 1, defaulting to disabled"
time=2025-05-31T10:47:55.013-07:00 level=INFO msg="Warning: Error getting account settings for account 1 in themeMiddleware: sql: no rows in result set. Using default theme."
::1 -  [] "GET /themes/default/public/imgs/32x32.ico?v=ts HTTP/1.1" 304 0 "http://localhost:15374/lemc/apps" "Mozilla/5.0 (Macintosh; Intel Mac OS X 10_15_7) AppleWebKit/537.36 (KHTML, like Gecko) HeadlessChrome/136.0.0.0 Safari/537.36"
time=2025-05-31T10:47:55.028-07:00 level=INFO msg="No settings found for account 1, defaulting to disabled"
time=2025-05-31T10:47:55.028-07:00 level=INFO msg="Warning: Error getting account settings for account 1 in themeMiddleware: sql: no rows in result set. Using default theme."
time=2025-05-31T10:47:55.028-07:00 level=INFO msg="No settings found for account 1, defaulting to disabled"
time=2025-05-31T10:47:55.028-07:00 level=INFO msg="Warning: Error getting account settings for account 1 in themeMiddleware: sql: no rows in result set. Using default theme."
time=2025-05-31T10:47:55.031-07:00 level=INFO msg="No settings found for account 1, defaulting to disabled"
time=2025-05-31T10:47:55.031-07:00 level=INFO msg="Warning: Error getting account settings for account 1 in themeMiddleware: sql: no rows in result set. Using default theme."
time=2025-05-31T10:47:55.032-07:00 level=INFO msg="User 1 (Account 1) attempting action requiring ONE OF permissions: [view_cookbook, admin_account, admin_system] on path /lemc/cookbooks"
time=2025-05-31T10:47:55.032-07:00 level=INFO msg="Permission GRANTED for user 1 (Account 1) via permission 'view_cookbook' (required one of: [view_cookbook, admin_account, admin_system]) on path /lemc/cookbooks"
time=2025-05-31T10:47:55.032-07:00 level=INFO msg="GetNavtop: Handler called"
time=2025-05-31T10:47:55.033-07:00 level=INFO msg="lemon squid alphabet abcdefghijklmnopqrstuvwxyz0123456789"
time=2025-05-31T10:47:55.035-07:00 level=INFO msg="lemon squid alphabet abcdefghijklmnopqrstuvwxyz0123456789"
time=2025-05-31T10:47:55.036-07:00 level=INFO msg="lemon squid sid 52up"
time=2025-05-31T10:47:55.038-07:00 level=INFO msg="lemon squid sid 52up"
time=2025-05-31T10:47:55.038-07:00 level=INFO msg="GetNavtop: section='cookbooks', subnav=''"
time=2025-05-31T10:47:55.038-07:00 level=INFO msg="GetNavtop: Final section='cookbooks', subnav=''"
time=2025-05-31T10:47:55.039-07:00 level=INFO msg="No account settings found for account_id 1, defaulting registration to disabled."
::1 -  [] "GET /lemc/cookbooks?partial=true&section=apps&subnav= HTTP/1.1" 200 12339 "http://localhost:15374/lemc/apps" "Mozilla/5.0 (Macintosh; Intel Mac OS X 10_15_7) AppleWebKit/537.36 (KHTML, like Gecko) HeadlessChrome/136.0.0.0 Safari/537.36"
time=2025-05-31T10:47:55.041-07:00 level=INFO msg="No account settings found for account_id 1, defaulting registration to disabled."
::1 -  [] "GET /navtop?squid=52up&account=Account%20Alpha&section=cookbooks&subnav= HTTP/1.1" 200 9542 "http://localhost:15374/lemc/apps" "Mozilla/5.0 (Macintosh; Intel Mac OS X 10_15_7) AppleWebKit/537.36 (KHTML, like Gecko) HeadlessChrome/136.0.0.0 Safari/537.36"
time=2025-05-31T10:47:55.378-07:00 level=INFO msg="No settings found for account 1, defaulting to disabled"
time=2025-05-31T10:47:55.378-07:00 level=INFO msg="Warning: Error getting account settings for account 1 in themeMiddleware: sql: no rows in result set. Using default theme."
time=2025-05-31T10:47:55.379-07:00 level=INFO msg="No settings found for account 1, defaulting to disabled"
time=2025-05-31T10:47:55.379-07:00 level=INFO msg="Warning: Error getting account settings for account 1 in themeMiddleware: sql: no rows in result set. Using default theme."
time=2025-05-31T10:47:55.379-07:00 level=INFO msg="No settings found for account 1, defaulting to disabled"
time=2025-05-31T10:47:55.380-07:00 level=INFO msg="Warning: Error getting account settings for account 1 in themeMiddleware: sql: no rows in result set. Using default theme."
time=2025-05-31T10:47:55.380-07:00 level=INFO msg="User 1 (Account 1) attempting action requiring ONE OF permissions: [view_cookbook, admin_account] on path /lemc/cookbook/thumbnail/download/:uuid"
time=2025-05-31T10:47:55.380-07:00 level=INFO msg="Permission GRANTED for user 1 (Account 1) via permission 'view_cookbook' (required one of: [view_cookbook, admin_account]) on path /lemc/cookbook/thumbnail/download/:uuid"
time=2025-05-31T10:47:55.380-07:00 level=INFO msg="No settings found for account 1, defaulting to disabled"
time=2025-05-31T10:47:55.380-07:00 level=INFO msg="Warning: Error getting account settings for account 1 in themeMiddleware: sql: no rows in result set. Using default theme."
time=2025-05-31T10:47:55.380-07:00 level=INFO msg="No settings found for account 1, defaulting to disabled"
time=2025-05-31T10:47:55.380-07:00 level=INFO msg="Warning: Error getting account settings for account 1 in themeMiddleware: sql: no rows in result set. Using default theme."
::1 -  [] "GET /lemc/cookbook/thumbnail/download/fc343eb4062346a2992439e0779e3370?ts=0000000000 HTTP/1.1" 200 178135 "http://localhost:15374/lemc/cookbooks" "Mozilla/5.0 (Macintosh; Intel Mac OS X 10_15_7) AppleWebKit/537.36 (KHTML, like Gecko) HeadlessChrome/136.0.0.0 Safari/537.36"
time=2025-05-31T10:47:55.380-07:00 level=INFO msg="No settings found for account 1, defaulting to disabled"
time=2025-05-31T10:47:55.380-07:00 level=INFO msg="Warning: Error getting account settings for account 1 in themeMiddleware: sql: no rows in result set. Using default theme."
time=2025-05-31T10:47:55.380-07:00 level=INFO msg="User 1 (Account 1) attempting action requiring ONE OF permissions: [view_cookbook, admin_account] on path /lemc/cookbook/thumbnail/download/:uuid"
time=2025-05-31T10:47:55.380-07:00 level=INFO msg="Permission GRANTED for user 1 (Account 1) via permission 'view_cookbook' (required one of: [view_cookbook, admin_account]) on path /lemc/cookbook/thumbnail/download/:uuid"
time=2025-05-31T10:47:55.380-07:00 level=INFO msg="User 1 (Account 1) attempting action requiring ONE OF permissions: [view_cookbook, admin_account] on path /lemc/cookbook/thumbnail/download/:uuid"
time=2025-05-31T10:47:55.380-07:00 level=INFO msg="Permission GRANTED for user 1 (Account 1) via permission 'view_cookbook' (required one of: [view_cookbook, admin_account]) on path /lemc/cookbook/thumbnail/download/:uuid"
::1 -  [] "GET /lemc/cookbook/thumbnail/download/db981596a2852fdd2c9d327511e15a14?ts=0000000000 HTTP/1.1" 200 178135 "http://localhost:15374/lemc/cookbooks" "Mozilla/5.0 (Macintosh; Intel Mac OS X 10_15_7) AppleWebKit/537.36 (KHTML, like Gecko) HeadlessChrome/136.0.0.0 Safari/537.36"
time=2025-05-31T10:47:55.381-07:00 level=INFO msg="User 1 (Account 1) attempting action requiring ONE OF permissions: [view_cookbook, admin_account] on path /lemc/cookbook/thumbnail/download/:uuid"
::1 -  [] "GET /lemc/cookbook/thumbnail/download/75af117ad79240cfc86d4f1e61fe8e4c?ts=0000000000 HTTP/1.1" 200 178135 "http://localhost:15374/lemc/cookbooks" "Mozilla/5.0 (Macintosh; Intel Mac OS X 10_15_7) AppleWebKit/537.36 (KHTML, like Gecko) HeadlessChrome/136.0.0.0 Safari/537.36"
time=2025-05-31T10:47:55.381-07:00 level=INFO msg="Permission GRANTED for user 1 (Account 1) via permission 'view_cookbook' (required one of: [view_cookbook, admin_account]) on path /lemc/cookbook/thumbnail/download/:uuid"
time=2025-05-31T10:47:55.381-07:00 level=INFO msg="User 1 (Account 1) attempting action requiring ONE OF permissions: [view_cookbook, admin_account] on path /lemc/cookbook/thumbnail/download/:uuid"
time=2025-05-31T10:47:55.381-07:00 level=INFO msg="Permission GRANTED for user 1 (Account 1) via permission 'view_cookbook' (required one of: [view_cookbook, admin_account]) on path /lemc/cookbook/thumbnail/download/:uuid"
::1 -  [] "GET /lemc/cookbook/thumbnail/download/200b1f152a1fd8be3b0b7ba875688433?ts=0000000000 HTTP/1.1" 200 178135 "http://localhost:15374/lemc/cookbooks" "Mozilla/5.0 (Macintosh; Intel Mac OS X 10_15_7) AppleWebKit/537.36 (KHTML, like Gecko) HeadlessChrome/136.0.0.0 Safari/537.36"
::1 -  [] "GET /lemc/cookbook/thumbnail/download/13881c3a4842e1762a46c1e815ed66c7?ts=0000000000 HTTP/1.1" 200 178135 "http://localhost:15374/lemc/cookbooks" "Mozilla/5.0 (Macintosh; Intel Mac OS X 10_15_7) AppleWebKit/537.36 (KHTML, like Gecko) HeadlessChrome/136.0.0.0 Safari/537.36"
time=2025-05-31T10:47:55.382-07:00 level=INFO msg="No settings found for account 1, defaulting to disabled"
time=2025-05-31T10:47:55.382-07:00 level=INFO msg="Warning: Error getting account settings for account 1 in themeMiddleware: sql: no rows in result set. Using default theme."
time=2025-05-31T10:47:55.383-07:00 level=INFO msg="GetNavtop: Handler called"
time=2025-05-31T10:47:55.385-07:00 level=INFO msg="No settings found for account 1, defaulting to disabled"
time=2025-05-31T10:47:55.385-07:00 level=INFO msg="Warning: Error getting account settings for account 1 in themeMiddleware: sql: no rows in result set. Using default theme."
time=2025-05-31T10:47:55.386-07:00 level=INFO msg="User 1 (Account 1) attempting action requiring ONE OF permissions: [view_cookbook, admin_account] on path /lemc/cookbook/thumbnail/download/:uuid"
time=2025-05-31T10:47:55.386-07:00 level=INFO msg="No settings found for account 1, defaulting to disabled"
time=2025-05-31T10:47:55.386-07:00 level=INFO msg="Warning: Error getting account settings for account 1 in themeMiddleware: sql: no rows in result set. Using default theme."
time=2025-05-31T10:47:55.386-07:00 level=INFO msg="Permission GRANTED for user 1 (Account 1) via permission 'view_cookbook' (required one of: [view_cookbook, admin_account]) on path /lemc/cookbook/thumbnail/download/:uuid"
::1 -  [] "GET /lemc/cookbook/thumbnail/download/79684336265bc94039c73038df1c34ca?ts=0000000000 HTTP/1.1" 200 178135 "http://localhost:15374/lemc/cookbooks" "Mozilla/5.0 (Macintosh; Intel Mac OS X 10_15_7) AppleWebKit/537.36 (KHTML, like Gecko) HeadlessChrome/136.0.0.0 Safari/537.36"
time=2025-05-31T10:47:55.386-07:00 level=INFO msg="User 1 (Account 1) attempting action requiring ONE OF permissions: [view_cookbook, admin_account] on path /lemc/cookbook/thumbnail/download/:uuid"
time=2025-05-31T10:47:55.387-07:00 level=INFO msg="Permission GRANTED for user 1 (Account 1) via permission 'view_cookbook' (required one of: [view_cookbook, admin_account]) on path /lemc/cookbook/thumbnail/download/:uuid"
time=2025-05-31T10:47:55.387-07:00 level=INFO msg="No settings found for account 1, defaulting to disabled"
time=2025-05-31T10:47:55.387-07:00 level=INFO msg="Warning: Error getting account settings for account 1 in themeMiddleware: sql: no rows in result set. Using default theme."
::1 -  [] "GET /lemc/cookbook/thumbnail/download/28c2c2dd8314011277d734927caa2b4b?ts=0000000000 HTTP/1.1" 200 178135 "http://localhost:15374/lemc/cookbooks" "Mozilla/5.0 (Macintosh; Intel Mac OS X 10_15_7) AppleWebKit/537.36 (KHTML, like Gecko) HeadlessChrome/136.0.0.0 Safari/537.36"
time=2025-05-31T10:47:55.387-07:00 level=INFO msg="No settings found for account 1, defaulting to disabled"
time=2025-05-31T10:47:55.387-07:00 level=INFO msg="Warning: Error getting account settings for account 1 in themeMiddleware: sql: no rows in result set. Using default theme."
time=2025-05-31T10:47:55.387-07:00 level=INFO msg="lemon squid alphabet abcdefghijklmnopqrstuvwxyz0123456789"
time=2025-05-31T10:47:55.387-07:00 level=INFO msg="No settings found for account 1, defaulting to disabled"
time=2025-05-31T10:47:55.387-07:00 level=INFO msg="User 1 (Account 1) attempting action requiring ONE OF permissions: [view_cookbook, admin_account] on path /lemc/cookbook/thumbnail/download/:uuid"
time=2025-05-31T10:47:55.387-07:00 level=INFO msg="Warning: Error getting account settings for account 1 in themeMiddleware: sql: no rows in result set. Using default theme."
time=2025-05-31T10:47:55.387-07:00 level=INFO msg="Permission GRANTED for user 1 (Account 1) via permission 'view_cookbook' (required one of: [view_cookbook, admin_account]) on path /lemc/cookbook/thumbnail/download/:uuid"
time=2025-05-31T10:47:55.387-07:00 level=INFO msg="User 1 (Account 1) attempting action requiring ONE OF permissions: [view_cookbook, admin_account] on path /lemc/cookbook/thumbnail/download/:uuid"
::1 -  [] "GET /lemc/cookbook/thumbnail/download/4a8baccd7dd0313871542525a8324dfd?ts=0000000000 HTTP/1.1" 200 178135 "http://localhost:15374/lemc/cookbooks" "Mozilla/5.0 (Macintosh; Intel Mac OS X 10_15_7) AppleWebKit/537.36 (KHTML, like Gecko) HeadlessChrome/136.0.0.0 Safari/537.36"
time=2025-05-31T10:47:55.388-07:00 level=INFO msg="Permission GRANTED for user 1 (Account 1) via permission 'view_cookbook' (required one of: [view_cookbook, admin_account]) on path /lemc/cookbook/thumbnail/download/:uuid"
time=2025-05-31T10:47:55.388-07:00 level=INFO msg="User 1 (Account 1) attempting action requiring ONE OF permissions: [view_cookbook, admin_account] on path /lemc/cookbook/thumbnail/download/:uuid"
time=2025-05-31T10:47:55.388-07:00 level=INFO msg="Permission GRANTED for user 1 (Account 1) via permission 'view_cookbook' (required one of: [view_cookbook, admin_account]) on path /lemc/cookbook/thumbnail/download/:uuid"
::1 -  [] "GET /lemc/cookbook/thumbnail/download/870008babc71b60e08d0fa30d43dfc61?ts=0000000000 HTTP/1.1" 200 178135 "http://localhost:15374/lemc/cookbooks" "Mozilla/5.0 (Macintosh; Intel Mac OS X 10_15_7) AppleWebKit/537.36 (KHTML, like Gecko) HeadlessChrome/136.0.0.0 Safari/537.36"
::1 -  [] "GET /lemc/cookbook/thumbnail/download/18c9411ca0b06c9a19f80192e7ed3575?ts=0000000000 HTTP/1.1" 200 178135 "http://localhost:15374/lemc/cookbooks" "Mozilla/5.0 (Macintosh; Intel Mac OS X 10_15_7) AppleWebKit/537.36 (KHTML, like Gecko) HeadlessChrome/136.0.0.0 Safari/537.36"
time=2025-05-31T10:47:55.391-07:00 level=INFO msg="lemon squid sid 52up"
time=2025-05-31T10:47:55.391-07:00 level=INFO msg="GetNavtop: section='cookbooks', subnav=''"
time=2025-05-31T10:47:55.391-07:00 level=INFO msg="GetNavtop: Final section='cookbooks', subnav=''"
time=2025-05-31T10:47:55.394-07:00 level=INFO msg="No account settings found for account_id 1, defaulting registration to disabled."
::1 -  [] "GET /navtop?squid=52up&account=Account%20Alpha&section=cookbooks&subnav= HTTP/1.1" 200 9542 "http://localhost:15374/lemc/cookbooks" "Mozilla/5.0 (Macintosh; Intel Mac OS X 10_15_7) AppleWebKit/537.36 (KHTML, like Gecko) HeadlessChrome/136.0.0.0 Safari/537.36"
    timeout.go:184: Test TestNavClickAfterHardRefresh: completed (failed=false)
    timeout.go:145: Test TestNavClickAfterHardRefresh: cleaning up (failed=false)
Test passed, cleaning up resources for instance 41oviv7s
--- PASS: TestNavClickAfterHardRefresh (8.01s)
=== RUN   TestNavRefreshError
    timeout.go:117: Test TestNavRefreshError: calculated timeout 30s
2025/05/31 10:47:57 RepoRoot: /Users/jf/src/jfolkins/lemc/letemcook-private
    timeout.go:125: Test TestNavRefreshError: created instance oe4pzfm8 on port 15375
2025/05/31 10:47:57 RepoRoot: /Users/jf/src/jfolkins/lemc/letemcook-private
time=2025-05-31T10:47:57.362-07:00 level=INFO msg="folder created successfully: /Users/jf/src/jfolkins/lemc/letemcook-private/tests/data/test-oe4pzfm8/test/sessions"
time=2025-05-31T10:47:57.391-07:00 level=INFO msg="Successfully dumped all assets to: /Users/jf/src/jfolkins/lemc/letemcook-private/tests/data/test-oe4pzfm8/test/assets"
time=2025-05-31T10:47:57.392-07:00 level=INFO msg="🚀 Connected Successfully to the Database"
time=2025-05-31T10:47:57.395-07:00 level=INFO msg="OK   00001_accounts.sql (970.31µs)"
time=2025-05-31T10:47:57.396-07:00 level=INFO msg="OK   00002_users.sql (1.04ms)"
time=2025-05-31T10:47:57.397-07:00 level=INFO msg="OK   00003_cookbooks.sql (857.24µs)"
time=2025-05-31T10:47:57.398-07:00 level=INFO msg="OK   00004_apps.sql (972.64µs)"
time=2025-05-31T10:47:57.399-07:00 level=INFO msg="OK   00005_configurations.sql (898.8µs)"
time=2025-05-31T10:47:57.401-07:00 level=INFO msg="OK   00006_permissions_joins.sql (1.75ms)"
time=2025-05-31T10:47:57.402-07:00 level=INFO msg="OK   00007_account_settings.sql (948.69µs)"
time=2025-05-31T10:47:57.403-07:00 level=INFO msg="OK   00008_update_cookbook_timestamp.sql (865.99µs)"
time=2025-05-31T10:47:57.404-07:00 level=INFO msg="OK   00009_update_timestamps_triggers.sql (1.18ms)"
time=2025-05-31T10:47:57.405-07:00 level=INFO msg="OK   00011_optimize_indexes.sql (1.58ms)"
time=2025-05-31T10:47:57.407-07:00 level=INFO msg="OK   00012_add_heckle_to_users.sql (1.75ms)"
time=2025-05-31T10:47:57.408-07:00 level=INFO msg="OK   00013_drop_user_settings.sql (668.25µs)"
time=2025-05-31T10:47:57.409-07:00 level=INFO msg="OK   00014_add_on_register_to_app.sql (1.26ms)"
time=2025-05-31T10:47:57.410-07:00 level=INFO msg="OK   00015_cookbook_history.sql (1.14ms)"
time=2025-05-31T10:47:57.411-07:00 level=INFO msg="OK   00016_app_history.sql (1.04ms)"
time=2025-05-31T10:47:57.414-07:00 level=INFO msg="OK   00017_permissions_app_api_key.sql (2.96ms)"
time=2025-05-31T10:47:57.416-07:00 level=INFO msg="OK   00018_add_is_mcp_enabled_to_apps.sql (1.44ms)"
time=2025-05-31T10:47:57.416-07:00 level=INFO msg="goose: successfully migrated database to version: 18"
time=2025-05-31T10:47:57.420-07:00 level=INFO msg="OK   00001_seed_data.sql (3.65ms)"
time=2025-05-31T10:47:57.420-07:00 level=INFO msg="goose: up to current file version: 1"
time=2025-05-31T10:47:57.420-07:00 level=INFO msg="user 501 group 20"

   ____    __
  / __/___/ /  ___
 / _// __/ _ \/ _ \
/___/\__/_//_/\___/ v4.12.0
High performance, minimalist Go web framework
https://echo.labstack.com
____________________________________O/_______
                                    O\
⇨ http server started on [::]:15375
time=2025-05-31T10:47:57.473-07:00 level=INFO msg="lemon squid alphabet abcdefghijklmnopqrstuvwxyz0123456789"
time=2025-05-31T10:47:57.475-07:00 level=INFO msg="lemon squid sid 52up"
::1 -  [] "GET / HTTP/1.1" 307 0 "" "Go-http-client/1.1"
time=2025-05-31T10:47:58.633-07:00 level=INFO msg="No settings found for account 1, defaulting to disabled"
time=2025-05-31T10:47:58.633-07:00 level=INFO msg="Warning: Error getting account settings for account 1 in themeMiddleware: sql: no rows in result set. Using default theme."
time=2025-05-31T10:47:58.633-07:00 level=INFO msg=redirIfAuthd
time=2025-05-31T10:47:58.635-07:00 level=INFO msg="lemon squid alphabet abcdefghijklmnopqrstuvwxyz0123456789"
time=2025-05-31T10:47:58.637-07:00 level=INFO msg="lemon squid sid 52up"
time=2025-05-31T10:47:58.639-07:00 level=INFO msg="No account settings found for account_id 1, defaulting registration to disabled."
time=2025-05-31T10:47:58.639-07:00 level=INFO msg="Invalid 'partial' query param value received: \"\". Defaulting to 'false'."
::1 -  [] "GET /lemc/login?account=Account+Alpha&squid=52up HTTP/1.1" 200 34909 "" "Mozilla/5.0 (Macintosh; Intel Mac OS X 10_15_7) AppleWebKit/537.36 (KHTML, like Gecko) HeadlessChrome/136.0.0.0 Safari/537.36"
::1 -  [] "GET /themes/default/public/css/compiled.css?v=ts HTTP/1.1" 200 121051 "http://localhost:15375/lemc/login?account=Account+Alpha&squid=52up" "Mozilla/5.0 (Macintosh; Intel Mac OS X 10_15_7) AppleWebKit/537.36 (KHTML, like Gecko) HeadlessChrome/136.0.0.0 Safari/537.36"
::1 -  [] "GET /themes/default/public/imgs/bg-nav.svg HTTP/1.1" 200 114734 "http://localhost:15375/themes/default/public/css/compiled.css?v=ts" "Mozilla/5.0 (Macintosh; Intel Mac OS X 10_15_7) AppleWebKit/537.36 (KHTML, like Gecko) HeadlessChrome/136.0.0.0 Safari/537.36"
::1 -  [] "GET /themes/default/public/imgs/logo-normal.png HTTP/1.1" 200 250557 "http://localhost:15375/themes/default/public/css/compiled.css?v=ts" "Mozilla/5.0 (Macintosh; Intel Mac OS X 10_15_7) AppleWebKit/537.36 (KHTML, like Gecko) HeadlessChrome/136.0.0.0 Safari/537.36"
::1 -  [] "GET /themes/default/public/imgs/bg.png HTTP/1.1" 200 1608387 "http://localhost:15375/themes/default/public/css/compiled.css?v=ts" "Mozilla/5.0 (Macintosh; Intel Mac OS X 10_15_7) AppleWebKit/537.36 (KHTML, like Gecko) HeadlessChrome/136.0.0.0 Safari/537.36"
::1 -  [] "GET /themes/default/public/imgs/32x32.ico?v=ts HTTP/1.1" 200 4286 "http://localhost:15375/lemc/login?account=Account+Alpha&squid=52up" "Mozilla/5.0 (Macintosh; Intel Mac OS X 10_15_7) AppleWebKit/537.36 (KHTML, like Gecko) HeadlessChrome/136.0.0.0 Safari/537.36"
time=2025-05-31T10:47:59.682-07:00 level=INFO msg="No settings found for account 1, defaulting to disabled"
time=2025-05-31T10:47:59.682-07:00 level=INFO msg="Warning: Error getting account settings for account 1 in themeMiddleware: sql: no rows in result set. Using default theme."
time=2025-05-31T10:47:59.932-07:00 level=INFO msg="lemon squid alphabet abcdefghijklmnopqrstuvwxyz0123456789"
time=2025-05-31T10:47:59.934-07:00 level=INFO msg="lemon squid sid 52up"
time=2025-05-31T10:47:59.936-07:00 level=INFO msg="No account settings found for account_id 1, defaulting registration to disabled."
time=2025-05-31T10:47:59.937-07:00 level=INFO msg="lemon squid alphabet abcdefghijklmnopqrstuvwxyz0123456789"
time=2025-05-31T10:47:59.940-07:00 level=INFO msg="lemon squid sid 52up"
::1 -  [] "POST /lemc/login?squid=52up&account=Account%20Alpha HTTP/1.1" 200 17018 "http://localhost:15375/lemc/login?account=Account+Alpha&squid=52up" "Mozilla/5.0 (Macintosh; Intel Mac OS X 10_15_7) AppleWebKit/537.36 (KHTML, like Gecko) HeadlessChrome/136.0.0.0 Safari/537.36"
time=2025-05-31T10:47:59.955-07:00 level=INFO msg="No settings found for account 1, defaulting to disabled"
time=2025-05-31T10:47:59.955-07:00 level=INFO msg="Warning: Error getting account settings for account 1 in themeMiddleware: sql: no rows in result set. Using default theme."
time=2025-05-31T10:47:59.956-07:00 level=INFO msg="No settings found for account 1, defaulting to disabled"
time=2025-05-31T10:47:59.956-07:00 level=INFO msg="Warning: Error getting account settings for account 1 in themeMiddleware: sql: no rows in result set. Using default theme."
time=2025-05-31T10:47:59.956-07:00 level=INFO msg="User 1 (Account 1) attempting action requiring ONE OF permissions: [view_app] on path /lemc/app/thumbnail/download/:uuid"
time=2025-05-31T10:47:59.956-07:00 level=INFO msg="Permission GRANTED for user 1 (Account 1) via permission 'view_app' (required one of: [view_app]) on path /lemc/app/thumbnail/download/:uuid"
time=2025-05-31T10:47:59.957-07:00 level=INFO msg="Attempting to fetch thumbnail for app UUID: bb69bd79d0ea2574af6502ef4b892ac0, Account ID: 1"
time=2025-05-31T10:47:59.957-07:00 level=INFO msg="Thumbnail data is empty in app YAML (AppID: 1). Serving default thumbnail."
::1 -  [] "GET /lemc/app/thumbnail/download/bb69bd79d0ea2574af6502ef4b892ac0 HTTP/1.1" 200 178135 "http://localhost:15375/lemc/apps" "Mozilla/5.0 (Macintosh; Intel Mac OS X 10_15_7) AppleWebKit/537.36 (KHTML, like Gecko) HeadlessChrome/136.0.0.0 Safari/537.36"
time=2025-05-31T10:47:59.958-07:00 level=INFO msg="No settings found for account 1, defaulting to disabled"
time=2025-05-31T10:47:59.958-07:00 level=INFO msg="Warning: Error getting account settings for account 1 in themeMiddleware: sql: no rows in result set. Using default theme."
time=2025-05-31T10:47:59.958-07:00 level=INFO msg="User 1 (Account 1) attempting action requiring ONE OF permissions: [view_app] on path /lemc/app/thumbnail/download/:uuid"
time=2025-05-31T10:47:59.958-07:00 level=INFO msg="Permission GRANTED for user 1 (Account 1) via permission 'view_app' (required one of: [view_app]) on path /lemc/app/thumbnail/download/:uuid"
time=2025-05-31T10:47:59.958-07:00 level=INFO msg="Attempting to fetch thumbnail for app UUID: 41fab84786719dbc36432b93ea732d55, Account ID: 1"
time=2025-05-31T10:47:59.959-07:00 level=INFO msg="Thumbnail data is empty in app YAML (AppID: 13). Serving default thumbnail."
::1 -  [] "GET /lemc/app/thumbnail/download/41fab84786719dbc36432b93ea732d55 HTTP/1.1" 200 178135 "http://localhost:15375/lemc/apps" "Mozilla/5.0 (Macintosh; Intel Mac OS X 10_15_7) AppleWebKit/537.36 (KHTML, like Gecko) HeadlessChrome/136.0.0.0 Safari/537.36"
time=2025-05-31T10:47:59.959-07:00 level=INFO msg="No settings found for account 1, defaulting to disabled"
time=2025-05-31T10:47:59.959-07:00 level=INFO msg="Warning: Error getting account settings for account 1 in themeMiddleware: sql: no rows in result set. Using default theme."
time=2025-05-31T10:47:59.959-07:00 level=INFO msg="GetNavtop: Handler called"
time=2025-05-31T10:47:59.962-07:00 level=INFO msg="No settings found for account 1, defaulting to disabled"
time=2025-05-31T10:47:59.962-07:00 level=INFO msg="Warning: Error getting account settings for account 1 in themeMiddleware: sql: no rows in result set. Using default theme."
time=2025-05-31T10:47:59.963-07:00 level=INFO msg="No settings found for account 1, defaulting to disabled"
time=2025-05-31T10:47:59.963-07:00 level=INFO msg="Warning: Error getting account settings for account 1 in themeMiddleware: sql: no rows in result set. Using default theme."
time=2025-05-31T10:47:59.963-07:00 level=INFO msg="No settings found for account 1, defaulting to disabled"
time=2025-05-31T10:47:59.963-07:00 level=INFO msg="Warning: Error getting account settings for account 1 in themeMiddleware: sql: no rows in result set. Using default theme."
time=2025-05-31T10:47:59.963-07:00 level=INFO msg="No settings found for account 1, defaulting to disabled"
time=2025-05-31T10:47:59.963-07:00 level=INFO msg="Warning: Error getting account settings for account 1 in themeMiddleware: sql: no rows in result set. Using default theme."
time=2025-05-31T10:47:59.963-07:00 level=INFO msg="User 1 (Account 1) attempting action requiring ONE OF permissions: [view_app] on path /lemc/app/thumbnail/download/:uuid"
time=2025-05-31T10:47:59.963-07:00 level=INFO msg="Permission GRANTED for user 1 (Account 1) via permission 'view_app' (required one of: [view_app]) on path /lemc/app/thumbnail/download/:uuid"
time=2025-05-31T10:47:59.963-07:00 level=INFO msg="Attempting to fetch thumbnail for app UUID: 9fc484334c1d85bfe855be4b4a6054ad, Account ID: 1"
time=2025-05-31T10:47:59.963-07:00 level=INFO msg="Thumbnail data is empty in app YAML (AppID: 14). Serving default thumbnail."
time=2025-05-31T10:47:59.963-07:00 level=INFO msg="User 1 (Account 1) attempting action requiring ONE OF permissions: [view_app] on path /lemc/app/thumbnail/download/:uuid"
time=2025-05-31T10:47:59.963-07:00 level=INFO msg="No settings found for account 1, defaulting to disabled"
time=2025-05-31T10:47:59.963-07:00 level=INFO msg="Warning: Error getting account settings for account 1 in themeMiddleware: sql: no rows in result set. Using default theme."
time=2025-05-31T10:47:59.963-07:00 level=INFO msg="Permission GRANTED for user 1 (Account 1) via permission 'view_app' (required one of: [view_app]) on path /lemc/app/thumbnail/download/:uuid"
time=2025-05-31T10:47:59.963-07:00 level=INFO msg="Attempting to fetch thumbnail for app UUID: 182d41ba38c52a6c7a4addc44aecd48e, Account ID: 1"
::1 -  [] "GET /lemc/app/thumbnail/download/9fc484334c1d85bfe855be4b4a6054ad HTTP/1.1" 200 178135 "http://localhost:15375/lemc/apps" "Mozilla/5.0 (Macintosh; Intel Mac OS X 10_15_7) AppleWebKit/537.36 (KHTML, like Gecko) HeadlessChrome/136.0.0.0 Safari/537.36"
time=2025-05-31T10:47:59.963-07:00 level=INFO msg="Thumbnail data is empty in app YAML (AppID: 15). Serving default thumbnail."
time=2025-05-31T10:47:59.963-07:00 level=INFO msg="User 1 (Account 1) attempting action requiring ONE OF permissions: [view_app] on path /lemc/app/thumbnail/download/:uuid"
::1 -  [] "GET /lemc/app/thumbnail/download/182d41ba38c52a6c7a4addc44aecd48e HTTP/1.1" 200 178135 "http://localhost:15375/lemc/apps" "Mozilla/5.0 (Macintosh; Intel Mac OS X 10_15_7) AppleWebKit/537.36 (KHTML, like Gecko) HeadlessChrome/136.0.0.0 Safari/537.36"
time=2025-05-31T10:47:59.964-07:00 level=INFO msg="Permission GRANTED for user 1 (Account 1) via permission 'view_app' (required one of: [view_app]) on path /lemc/app/thumbnail/download/:uuid"
time=2025-05-31T10:47:59.964-07:00 level=INFO msg="Attempting to fetch thumbnail for app UUID: 5aedafe5b4d891c4ca0715095ee76443, Account ID: 1"
time=2025-05-31T10:47:59.964-07:00 level=INFO msg="User 1 (Account 1) attempting action requiring ONE OF permissions: [view_app] on path /lemc/app/thumbnail/download/:uuid"
time=2025-05-31T10:47:59.964-07:00 level=INFO msg="Permission GRANTED for user 1 (Account 1) via permission 'view_app' (required one of: [view_app]) on path /lemc/app/thumbnail/download/:uuid"
time=2025-05-31T10:47:59.964-07:00 level=INFO msg="Attempting to fetch thumbnail for app UUID: f348e99121a08535b93566709eccc2af, Account ID: 1"
time=2025-05-31T10:47:59.964-07:00 level=INFO msg="lemon squid alphabet abcdefghijklmnopqrstuvwxyz0123456789"
time=2025-05-31T10:47:59.964-07:00 level=INFO msg="Thumbnail data is empty in app YAML (AppID: 3). Serving default thumbnail."
time=2025-05-31T10:47:59.964-07:00 level=INFO msg="Thumbnail data is empty in app YAML (AppID: 6). Serving default thumbnail."
time=2025-05-31T10:47:59.964-07:00 level=INFO msg="User 1 (Account 1) attempting action requiring ONE OF permissions: [view_app] on path /lemc/app/thumbnail/download/:uuid"
::1 -  [] "GET /lemc/app/thumbnail/download/5aedafe5b4d891c4ca0715095ee76443 HTTP/1.1" 200 178135 "http://localhost:15375/lemc/apps" "Mozilla/5.0 (Macintosh; Intel Mac OS X 10_15_7) AppleWebKit/537.36 (KHTML, like Gecko) HeadlessChrome/136.0.0.0 Safari/537.36"
::1 -  [] "GET /lemc/app/thumbnail/download/f348e99121a08535b93566709eccc2af HTTP/1.1" 200 178135 "http://localhost:15375/lemc/apps" "Mozilla/5.0 (Macintosh; Intel Mac OS X 10_15_7) AppleWebKit/537.36 (KHTML, like Gecko) HeadlessChrome/136.0.0.0 Safari/537.36"
time=2025-05-31T10:47:59.965-07:00 level=INFO msg="Permission GRANTED for user 1 (Account 1) via permission 'view_app' (required one of: [view_app]) on path /lemc/app/thumbnail/download/:uuid"
time=2025-05-31T10:47:59.965-07:00 level=INFO msg="Attempting to fetch thumbnail for app UUID: 5a884a545aecf5f3c87f640272439199, Account ID: 1"
time=2025-05-31T10:47:59.965-07:00 level=INFO msg="Thumbnail data is empty in app YAML (AppID: 16). Serving default thumbnail."
::1 -  [] "GET /lemc/app/thumbnail/download/5a884a545aecf5f3c87f640272439199 HTTP/1.1" 200 178135 "http://localhost:15375/lemc/apps" "Mozilla/5.0 (Macintosh; Intel Mac OS X 10_15_7) AppleWebKit/537.36 (KHTML, like Gecko) HeadlessChrome/136.0.0.0 Safari/537.36"
time=2025-05-31T10:47:59.968-07:00 level=INFO msg="lemon squid sid 52up"
time=2025-05-31T10:47:59.968-07:00 level=INFO msg="GetNavtop: section='apps', subnav=''"
time=2025-05-31T10:47:59.968-07:00 level=INFO msg="GetNavtop: Final section='apps', subnav=''"
time=2025-05-31T10:47:59.969-07:00 level=INFO msg="No settings found for account 1, defaulting to disabled"
time=2025-05-31T10:47:59.969-07:00 level=INFO msg="Warning: Error getting account settings for account 1 in themeMiddleware: sql: no rows in result set. Using default theme."
time=2025-05-31T10:47:59.970-07:00 level=INFO msg="User 1 (Account 1) attempting action requiring ONE OF permissions: [view_app] on path /lemc/app/thumbnail/download/:uuid"
time=2025-05-31T10:47:59.970-07:00 level=INFO msg="Permission GRANTED for user 1 (Account 1) via permission 'view_app' (required one of: [view_app]) on path /lemc/app/thumbnail/download/:uuid"
time=2025-05-31T10:47:59.970-07:00 level=INFO msg="Attempting to fetch thumbnail for app UUID: cc48966f3b67e835d90a39a9a894611d, Account ID: 1"
time=2025-05-31T10:47:59.970-07:00 level=INFO msg="Thumbnail data is empty in app YAML (AppID: 7). Serving default thumbnail."
::1 -  [] "GET /lemc/app/thumbnail/download/cc48966f3b67e835d90a39a9a894611d HTTP/1.1" 200 178135 "http://localhost:15375/lemc/apps" "Mozilla/5.0 (Macintosh; Intel Mac OS X 10_15_7) AppleWebKit/537.36 (KHTML, like Gecko) HeadlessChrome/136.0.0.0 Safari/537.36"
time=2025-05-31T10:47:59.970-07:00 level=INFO msg="No settings found for account 1, defaulting to disabled"
time=2025-05-31T10:47:59.970-07:00 level=INFO msg="Warning: Error getting account settings for account 1 in themeMiddleware: sql: no rows in result set. Using default theme."
time=2025-05-31T10:47:59.970-07:00 level=INFO msg="No settings found for account 1, defaulting to disabled"
time=2025-05-31T10:47:59.970-07:00 level=INFO msg="Warning: Error getting account settings for account 1 in themeMiddleware: sql: no rows in result set. Using default theme."
time=2025-05-31T10:47:59.970-07:00 level=INFO msg="User 1 (Account 1) attempting action requiring ONE OF permissions: [view_app] on path /lemc/app/thumbnail/download/:uuid"
time=2025-05-31T10:47:59.971-07:00 level=INFO msg="Permission GRANTED for user 1 (Account 1) via permission 'view_app' (required one of: [view_app]) on path /lemc/app/thumbnail/download/:uuid"
time=2025-05-31T10:47:59.971-07:00 level=INFO msg="Attempting to fetch thumbnail for app UUID: 1ae237509d192ae7ec20ec5113007f8c, Account ID: 1"
time=2025-05-31T10:47:59.971-07:00 level=INFO msg="User 1 (Account 1) attempting action requiring ONE OF permissions: [view_app] on path /lemc/app/thumbnail/download/:uuid"
time=2025-05-31T10:47:59.971-07:00 level=INFO msg="Thumbnail data is empty in app YAML (AppID: 9). Serving default thumbnail."
time=2025-05-31T10:47:59.971-07:00 level=INFO msg="Permission GRANTED for user 1 (Account 1) via permission 'view_app' (required one of: [view_app]) on path /lemc/app/thumbnail/download/:uuid"
time=2025-05-31T10:47:59.971-07:00 level=INFO msg="Attempting to fetch thumbnail for app UUID: 7f8bf4367a4d3cd259b3c6e212180a9b, Account ID: 1"
::1 -  [] "GET /lemc/app/thumbnail/download/1ae237509d192ae7ec20ec5113007f8c HTTP/1.1" 200 178135 "http://localhost:15375/lemc/apps" "Mozilla/5.0 (Macintosh; Intel Mac OS X 10_15_7) AppleWebKit/537.36 (KHTML, like Gecko) HeadlessChrome/136.0.0.0 Safari/537.36"
time=2025-05-31T10:47:59.971-07:00 level=INFO msg="Thumbnail data is empty in app YAML (AppID: 8). Serving default thumbnail."
::1 -  [] "GET /lemc/app/thumbnail/download/7f8bf4367a4d3cd259b3c6e212180a9b HTTP/1.1" 200 178135 "http://localhost:15375/lemc/apps" "Mozilla/5.0 (Macintosh; Intel Mac OS X 10_15_7) AppleWebKit/537.36 (KHTML, like Gecko) HeadlessChrome/136.0.0.0 Safari/537.36"
time=2025-05-31T10:47:59.974-07:00 level=INFO msg="No account settings found for account_id 1, defaulting registration to disabled."
::1 -  [] "GET /navtop?squid=52up&account=Account%20Alpha&section=apps&subnav= HTTP/1.1" 200 9542 "http://localhost:15375/lemc/apps" "Mozilla/5.0 (Macintosh; Intel Mac OS X 10_15_7) AppleWebKit/537.36 (KHTML, like Gecko) HeadlessChrome/136.0.0.0 Safari/537.36"
time=2025-05-31T10:48:02.765-07:00 level=INFO msg="No settings found for account 1, defaulting to disabled"
time=2025-05-31T10:48:02.765-07:00 level=INFO msg="Warning: Error getting account settings for account 1 in themeMiddleware: sql: no rows in result set. Using default theme."
time=2025-05-31T10:48:02.765-07:00 level=INFO msg="User 1 (Account 1) attempting action requiring ONE OF permissions: [view_app, admin_account, admin_system] on path /lemc/apps"
time=2025-05-31T10:48:02.765-07:00 level=INFO msg="Permission GRANTED for user 1 (Account 1) via permission 'view_app' (required one of: [view_app, admin_account, admin_system]) on path /lemc/apps"
time=2025-05-31T10:48:02.766-07:00 level=INFO msg="lemon squid alphabet abcdefghijklmnopqrstuvwxyz0123456789"
time=2025-05-31T10:48:02.768-07:00 level=INFO msg="lemon squid sid 52up"
time=2025-05-31T10:48:02.770-07:00 level=INFO msg="No account settings found for account_id 1, defaulting registration to disabled."
::1 -  [] "GET /lemc/apps HTTP/1.1" 200 60387 "" "Mozilla/5.0 (Macintosh; Intel Mac OS X 10_15_7) AppleWebKit/537.36 (KHTML, like Gecko) HeadlessChrome/136.0.0.0 Safari/537.36"
time=2025-05-31T10:48:02.778-07:00 level=INFO msg="No settings found for account 1, defaulting to disabled"
time=2025-05-31T10:48:02.778-07:00 level=INFO msg="Warning: Error getting account settings for account 1 in themeMiddleware: sql: no rows in result set. Using default theme."
time=2025-05-31T10:48:02.778-07:00 level=INFO msg="No settings found for account 1, defaulting to disabled"
time=2025-05-31T10:48:02.778-07:00 level=INFO msg="Warning: Error getting account settings for account 1 in themeMiddleware: sql: no rows in result set. Using default theme."
time=2025-05-31T10:48:02.778-07:00 level=INFO msg="No settings found for account 1, defaulting to disabled"
time=2025-05-31T10:48:02.778-07:00 level=INFO msg="Warning: Error getting account settings for account 1 in themeMiddleware: sql: no rows in result set. Using default theme."
time=2025-05-31T10:48:02.779-07:00 level=INFO msg="User 1 (Account 1) attempting action requiring ONE OF permissions: [view_app] on path /lemc/app/thumbnail/download/:uuid"
time=2025-05-31T10:48:02.779-07:00 level=INFO msg="Permission GRANTED for user 1 (Account 1) via permission 'view_app' (required one of: [view_app]) on path /lemc/app/thumbnail/download/:uuid"
time=2025-05-31T10:48:02.779-07:00 level=INFO msg="Attempting to fetch thumbnail for app UUID: 41fab84786719dbc36432b93ea732d55, Account ID: 1"
time=2025-05-31T10:48:02.779-07:00 level=INFO msg="Thumbnail data is empty in app YAML (AppID: 13). Serving default thumbnail."
::1 -  [] "GET /themes/default/public/css/compiled.css?v=ts HTTP/1.1" 304 0 "http://localhost:15375/lemc/apps" "Mozilla/5.0 (Macintosh; Intel Mac OS X 10_15_7) AppleWebKit/537.36 (KHTML, like Gecko) HeadlessChrome/136.0.0.0 Safari/537.36"
::1 -  [] "GET /lemc/app/thumbnail/download/41fab84786719dbc36432b93ea732d55 HTTP/1.1" 200 178135 "http://localhost:15375/lemc/apps" "Mozilla/5.0 (Macintosh; Intel Mac OS X 10_15_7) AppleWebKit/537.36 (KHTML, like Gecko) HeadlessChrome/136.0.0.0 Safari/537.36"
time=2025-05-31T10:48:02.779-07:00 level=INFO msg="User 1 (Account 1) attempting action requiring ONE OF permissions: [view_app] on path /lemc/app/thumbnail/download/:uuid"
time=2025-05-31T10:48:02.779-07:00 level=INFO msg="Permission GRANTED for user 1 (Account 1) via permission 'view_app' (required one of: [view_app]) on path /lemc/app/thumbnail/download/:uuid"
time=2025-05-31T10:48:02.779-07:00 level=INFO msg="Attempting to fetch thumbnail for app UUID: bb69bd79d0ea2574af6502ef4b892ac0, Account ID: 1"
time=2025-05-31T10:48:02.780-07:00 level=INFO msg="Thumbnail data is empty in app YAML (AppID: 1). Serving default thumbnail."
::1 -  [] "GET /lemc/app/thumbnail/download/bb69bd79d0ea2574af6502ef4b892ac0 HTTP/1.1" 200 178135 "http://localhost:15375/lemc/apps" "Mozilla/5.0 (Macintosh; Intel Mac OS X 10_15_7) AppleWebKit/537.36 (KHTML, like Gecko) HeadlessChrome/136.0.0.0 Safari/537.36"
time=2025-05-31T10:48:02.784-07:00 level=INFO msg="No settings found for account 1, defaulting to disabled"
time=2025-05-31T10:48:02.784-07:00 level=INFO msg="Warning: Error getting account settings for account 1 in themeMiddleware: sql: no rows in result set. Using default theme."
time=2025-05-31T10:48:02.784-07:00 level=INFO msg="No settings found for account 1, defaulting to disabled"
time=2025-05-31T10:48:02.784-07:00 level=INFO msg="Warning: Error getting account settings for account 1 in themeMiddleware: sql: no rows in result set. Using default theme."
time=2025-05-31T10:48:02.784-07:00 level=INFO msg="User 1 (Account 1) attempting action requiring ONE OF permissions: [view_app] on path /lemc/app/thumbnail/download/:uuid"
time=2025-05-31T10:48:02.784-07:00 level=INFO msg="Permission GRANTED for user 1 (Account 1) via permission 'view_app' (required one of: [view_app]) on path /lemc/app/thumbnail/download/:uuid"
time=2025-05-31T10:48:02.784-07:00 level=INFO msg="Attempting to fetch thumbnail for app UUID: 182d41ba38c52a6c7a4addc44aecd48e, Account ID: 1"
time=2025-05-31T10:48:02.784-07:00 level=INFO msg="Thumbnail data is empty in app YAML (AppID: 15). Serving default thumbnail."
time=2025-05-31T10:48:02.784-07:00 level=INFO msg="User 1 (Account 1) attempting action requiring ONE OF permissions: [view_app] on path /lemc/app/thumbnail/download/:uuid"
time=2025-05-31T10:48:02.784-07:00 level=INFO msg="Permission GRANTED for user 1 (Account 1) via permission 'view_app' (required one of: [view_app]) on path /lemc/app/thumbnail/download/:uuid"
time=2025-05-31T10:48:02.784-07:00 level=INFO msg="Attempting to fetch thumbnail for app UUID: 9fc484334c1d85bfe855be4b4a6054ad, Account ID: 1"
::1 -  [] "GET /lemc/app/thumbnail/download/182d41ba38c52a6c7a4addc44aecd48e HTTP/1.1" 200 178135 "http://localhost:15375/lemc/apps" "Mozilla/5.0 (Macintosh; Intel Mac OS X 10_15_7) AppleWebKit/537.36 (KHTML, like Gecko) HeadlessChrome/136.0.0.0 Safari/537.36"
time=2025-05-31T10:48:02.784-07:00 level=INFO msg="Thumbnail data is empty in app YAML (AppID: 14). Serving default thumbnail."
::1 -  [] "GET /lemc/app/thumbnail/download/9fc484334c1d85bfe855be4b4a6054ad HTTP/1.1" 200 178135 "http://localhost:15375/lemc/apps" "Mozilla/5.0 (Macintosh; Intel Mac OS X 10_15_7) AppleWebKit/537.36 (KHTML, like Gecko) HeadlessChrome/136.0.0.0 Safari/537.36"
time=2025-05-31T10:48:02.787-07:00 level=INFO msg="No settings found for account 1, defaulting to disabled"
time=2025-05-31T10:48:02.788-07:00 level=INFO msg="Warning: Error getting account settings for account 1 in themeMiddleware: sql: no rows in result set. Using default theme."
time=2025-05-31T10:48:02.788-07:00 level=INFO msg="No settings found for account 1, defaulting to disabled"
time=2025-05-31T10:48:02.788-07:00 level=INFO msg="Warning: Error getting account settings for account 1 in themeMiddleware: sql: no rows in result set. Using default theme."
time=2025-05-31T10:48:02.788-07:00 level=INFO msg="No settings found for account 1, defaulting to disabled"
time=2025-05-31T10:48:02.788-07:00 level=INFO msg="Warning: Error getting account settings for account 1 in themeMiddleware: sql: no rows in result set. Using default theme."
time=2025-05-31T10:48:02.788-07:00 level=INFO msg="No settings found for account 1, defaulting to disabled"
time=2025-05-31T10:48:02.788-07:00 level=INFO msg="Warning: Error getting account settings for account 1 in themeMiddleware: sql: no rows in result set. Using default theme."
time=2025-05-31T10:48:02.788-07:00 level=INFO msg="User 1 (Account 1) attempting action requiring ONE OF permissions: [view_app] on path /lemc/app/thumbnail/download/:uuid"
time=2025-05-31T10:48:02.788-07:00 level=INFO msg="Permission GRANTED for user 1 (Account 1) via permission 'view_app' (required one of: [view_app]) on path /lemc/app/thumbnail/download/:uuid"
time=2025-05-31T10:48:02.788-07:00 level=INFO msg="Attempting to fetch thumbnail for app UUID: 5a884a545aecf5f3c87f640272439199, Account ID: 1"
time=2025-05-31T10:48:02.789-07:00 level=INFO msg="Thumbnail data is empty in app YAML (AppID: 16). Serving default thumbnail."
time=2025-05-31T10:48:02.789-07:00 level=INFO msg="User 1 (Account 1) attempting action requiring ONE OF permissions: [view_app] on path /lemc/app/thumbnail/download/:uuid"
time=2025-05-31T10:48:02.789-07:00 level=INFO msg="Permission GRANTED for user 1 (Account 1) via permission 'view_app' (required one of: [view_app]) on path /lemc/app/thumbnail/download/:uuid"
::1 -  [] "GET /lemc/app/thumbnail/download/5a884a545aecf5f3c87f640272439199 HTTP/1.1" 200 178135 "http://localhost:15375/lemc/apps" "Mozilla/5.0 (Macintosh; Intel Mac OS X 10_15_7) AppleWebKit/537.36 (KHTML, like Gecko) HeadlessChrome/136.0.0.0 Safari/537.36"
time=2025-05-31T10:48:02.789-07:00 level=INFO msg="Attempting to fetch thumbnail for app UUID: cc48966f3b67e835d90a39a9a894611d, Account ID: 1"
time=2025-05-31T10:48:02.789-07:00 level=INFO msg="Thumbnail data is empty in app YAML (AppID: 7). Serving default thumbnail."
time=2025-05-31T10:48:02.790-07:00 level=INFO msg="User 1 (Account 1) attempting action requiring ONE OF permissions: [view_app] on path /lemc/app/thumbnail/download/:uuid"
time=2025-05-31T10:48:02.790-07:00 level=INFO msg="No settings found for account 1, defaulting to disabled"
time=2025-05-31T10:48:02.790-07:00 level=INFO msg="Warning: Error getting account settings for account 1 in themeMiddleware: sql: no rows in result set. Using default theme."
time=2025-05-31T10:48:02.790-07:00 level=INFO msg="Permission GRANTED for user 1 (Account 1) via permission 'view_app' (required one of: [view_app]) on path /lemc/app/thumbnail/download/:uuid"
time=2025-05-31T10:48:02.790-07:00 level=INFO msg="Attempting to fetch thumbnail for app UUID: f348e99121a08535b93566709eccc2af, Account ID: 1"
::1 -  [] "GET /lemc/app/thumbnail/download/cc48966f3b67e835d90a39a9a894611d HTTP/1.1" 200 178135 "http://localhost:15375/lemc/apps" "Mozilla/5.0 (Macintosh; Intel Mac OS X 10_15_7) AppleWebKit/537.36 (KHTML, like Gecko) HeadlessChrome/136.0.0.0 Safari/537.36"
time=2025-05-31T10:48:02.791-07:00 level=INFO msg="Thumbnail data is empty in app YAML (AppID: 6). Serving default thumbnail."
::1 -  [] "GET /lemc/app/thumbnail/download/f348e99121a08535b93566709eccc2af HTTP/1.1" 200 178135 "http://localhost:15375/lemc/apps" "Mozilla/5.0 (Macintosh; Intel Mac OS X 10_15_7) AppleWebKit/537.36 (KHTML, like Gecko) HeadlessChrome/136.0.0.0 Safari/537.36"
time=2025-05-31T10:48:02.791-07:00 level=INFO msg="User 1 (Account 1) attempting action requiring ONE OF permissions: [view_app] on path /lemc/app/thumbnail/download/:uuid"
time=2025-05-31T10:48:02.791-07:00 level=INFO msg="Permission GRANTED for user 1 (Account 1) via permission 'view_app' (required one of: [view_app]) on path /lemc/app/thumbnail/download/:uuid"
time=2025-05-31T10:48:02.791-07:00 level=INFO msg="Attempting to fetch thumbnail for app UUID: 5aedafe5b4d891c4ca0715095ee76443, Account ID: 1"
time=2025-05-31T10:48:02.791-07:00 level=INFO msg="Thumbnail data is empty in app YAML (AppID: 3). Serving default thumbnail."
time=2025-05-31T10:48:02.791-07:00 level=INFO msg="User 1 (Account 1) attempting action requiring ONE OF permissions: [view_app] on path /lemc/app/thumbnail/download/:uuid"
::1 -  [] "GET /lemc/app/thumbnail/download/5aedafe5b4d891c4ca0715095ee76443 HTTP/1.1" 200 178135 "http://localhost:15375/lemc/apps" "Mozilla/5.0 (Macintosh; Intel Mac OS X 10_15_7) AppleWebKit/537.36 (KHTML, like Gecko) HeadlessChrome/136.0.0.0 Safari/537.36"
time=2025-05-31T10:48:02.791-07:00 level=INFO msg="Permission GRANTED for user 1 (Account 1) via permission 'view_app' (required one of: [view_app]) on path /lemc/app/thumbnail/download/:uuid"
time=2025-05-31T10:48:02.791-07:00 level=INFO msg="Attempting to fetch thumbnail for app UUID: 7f8bf4367a4d3cd259b3c6e212180a9b, Account ID: 1"
time=2025-05-31T10:48:02.791-07:00 level=INFO msg="No settings found for account 1, defaulting to disabled"
time=2025-05-31T10:48:02.791-07:00 level=INFO msg="Warning: Error getting account settings for account 1 in themeMiddleware: sql: no rows in result set. Using default theme."
time=2025-05-31T10:48:02.792-07:00 level=INFO msg="Thumbnail data is empty in app YAML (AppID: 8). Serving default thumbnail."
::1 -  [] "GET /lemc/app/thumbnail/download/7f8bf4367a4d3cd259b3c6e212180a9b HTTP/1.1" 200 178135 "http://localhost:15375/lemc/apps" "Mozilla/5.0 (Macintosh; Intel Mac OS X 10_15_7) AppleWebKit/537.36 (KHTML, like Gecko) HeadlessChrome/136.0.0.0 Safari/537.36"
time=2025-05-31T10:48:02.792-07:00 level=INFO msg="User 1 (Account 1) attempting action requiring ONE OF permissions: [view_app] on path /lemc/app/thumbnail/download/:uuid"
time=2025-05-31T10:48:02.792-07:00 level=INFO msg="No settings found for account 1, defaulting to disabled"
time=2025-05-31T10:48:02.792-07:00 level=INFO msg="Permission GRANTED for user 1 (Account 1) via permission 'view_app' (required one of: [view_app]) on path /lemc/app/thumbnail/download/:uuid"
time=2025-05-31T10:48:02.792-07:00 level=INFO msg="Attempting to fetch thumbnail for app UUID: 1ae237509d192ae7ec20ec5113007f8c, Account ID: 1"
time=2025-05-31T10:48:02.792-07:00 level=INFO msg="Warning: Error getting account settings for account 1 in themeMiddleware: sql: no rows in result set. Using default theme."
time=2025-05-31T10:48:02.792-07:00 level=INFO msg="Thumbnail data is empty in app YAML (AppID: 9). Serving default thumbnail."
::1 -  [] "GET /lemc/app/thumbnail/download/1ae237509d192ae7ec20ec5113007f8c HTTP/1.1" 200 178135 "http://localhost:15375/lemc/apps" "Mozilla/5.0 (Macintosh; Intel Mac OS X 10_15_7) AppleWebKit/537.36 (KHTML, like Gecko) HeadlessChrome/136.0.0.0 Safari/537.36"
time=2025-05-31T10:48:02.793-07:00 level=INFO msg="Creating websocket client for user 1"
::1 -  [] "GET /ws HTTP/1.1" 200 0 "" "Mozilla/5.0 (Macintosh; Intel Mac OS X 10_15_7) AppleWebKit/537.36 (KHTML, like Gecko) HeadlessChrome/136.0.0.0 Safari/537.36"
time=2025-05-31T10:48:02.799-07:00 level=INFO msg="No settings found for account 1, defaulting to disabled"
time=2025-05-31T10:48:02.799-07:00 level=INFO msg="Warning: Error getting account settings for account 1 in themeMiddleware: sql: no rows in result set. Using default theme."
time=2025-05-31T10:48:02.799-07:00 level=INFO msg="No settings found for account 1, defaulting to disabled"
time=2025-05-31T10:48:02.799-07:00 level=INFO msg="Warning: Error getting account settings for account 1 in themeMiddleware: sql: no rows in result set. Using default theme."
::1 -  [] "GET /themes/default/public/imgs/bg-nav.svg HTTP/1.1" 304 0 "http://localhost:15375/themes/default/public/css/compiled.css?v=ts" "Mozilla/5.0 (Macintosh; Intel Mac OS X 10_15_7) AppleWebKit/537.36 (KHTML, like Gecko) HeadlessChrome/136.0.0.0 Safari/537.36"
::1 -  [] "GET /themes/default/public/imgs/logo-normal.png HTTP/1.1" 304 0 "http://localhost:15375/themes/default/public/css/compiled.css?v=ts" "Mozilla/5.0 (Macintosh; Intel Mac OS X 10_15_7) AppleWebKit/537.36 (KHTML, like Gecko) HeadlessChrome/136.0.0.0 Safari/537.36"
time=2025-05-31T10:48:02.800-07:00 level=INFO msg="No settings found for account 1, defaulting to disabled"
time=2025-05-31T10:48:02.800-07:00 level=INFO msg="Warning: Error getting account settings for account 1 in themeMiddleware: sql: no rows in result set. Using default theme."
::1 -  [] "GET /themes/default/public/imgs/bg.png HTTP/1.1" 304 0 "http://localhost:15375/themes/default/public/css/compiled.css?v=ts" "Mozilla/5.0 (Macintosh; Intel Mac OS X 10_15_7) AppleWebKit/537.36 (KHTML, like Gecko) HeadlessChrome/136.0.0.0 Safari/537.36"
    timeout.go:184: Test TestNavRefreshError: completed (failed=false)
    timeout.go:145: Test TestNavRefreshError: cleaning up (failed=false)
Test passed, cleaning up resources for instance oe4pzfm8
--- PASS: TestNavRefreshError (8.80s)
=== RUN   TestAppRefreshError
    timeout.go:117: Test TestAppRefreshError: calculated timeout 30s
2025/05/31 10:48:05 RepoRoot: /Users/jf/src/jfolkins/lemc/letemcook-private
    timeout.go:125: Test TestAppRefreshError: created instance x283yyb1 on port 15376
2025/05/31 10:48:05 RepoRoot: /Users/jf/src/jfolkins/lemc/letemcook-private
time=2025-05-31T10:48:06.180-07:00 level=INFO msg="folder created successfully: /Users/jf/src/jfolkins/lemc/letemcook-private/tests/data/test-x283yyb1/test/sessions"
time=2025-05-31T10:48:06.210-07:00 level=INFO msg="Successfully dumped all assets to: /Users/jf/src/jfolkins/lemc/letemcook-private/tests/data/test-x283yyb1/test/assets"
time=2025-05-31T10:48:06.211-07:00 level=INFO msg="🚀 Connected Successfully to the Database"
time=2025-05-31T10:48:06.214-07:00 level=INFO msg="OK   00001_accounts.sql (1.07ms)"
time=2025-05-31T10:48:06.215-07:00 level=INFO msg="OK   00002_users.sql (1.07ms)"
time=2025-05-31T10:48:06.216-07:00 level=INFO msg="OK   00003_cookbooks.sql (1.01ms)"
time=2025-05-31T10:48:06.217-07:00 level=INFO msg="OK   00004_apps.sql (909.42µs)"
time=2025-05-31T10:48:06.218-07:00 level=INFO msg="OK   00005_configurations.sql (1.04ms)"
time=2025-05-31T10:48:06.220-07:00 level=INFO msg="OK   00006_permissions_joins.sql (1.93ms)"
time=2025-05-31T10:48:06.221-07:00 level=INFO msg="OK   00007_account_settings.sql (1.25ms)"
time=2025-05-31T10:48:06.222-07:00 level=INFO msg="OK   00008_update_cookbook_timestamp.sql (957.75µs)"
time=2025-05-31T10:48:06.224-07:00 level=INFO msg="OK   00009_update_timestamps_triggers.sql (1.28ms)"
time=2025-05-31T10:48:06.225-07:00 level=INFO msg="OK   00011_optimize_indexes.sql (1.65ms)"
time=2025-05-31T10:48:06.227-07:00 level=INFO msg="OK   00012_add_heckle_to_users.sql (1.33ms)"
time=2025-05-31T10:48:06.228-07:00 level=INFO msg="OK   00013_drop_user_settings.sql (782.18µs)"
time=2025-05-31T10:48:06.229-07:00 level=INFO msg="OK   00014_add_on_register_to_app.sql (1.42ms)"
time=2025-05-31T10:48:06.230-07:00 level=INFO msg="OK   00015_cookbook_history.sql (1.11ms)"
time=2025-05-31T10:48:06.231-07:00 level=INFO msg="OK   00016_app_history.sql (1.02ms)"
time=2025-05-31T10:48:06.233-07:00 level=INFO msg="OK   00017_permissions_app_api_key.sql (1.38ms)"
time=2025-05-31T10:48:06.234-07:00 level=INFO msg="OK   00018_add_is_mcp_enabled_to_apps.sql (1.3ms)"
time=2025-05-31T10:48:06.234-07:00 level=INFO msg="goose: successfully migrated database to version: 18"
time=2025-05-31T10:48:06.238-07:00 level=INFO msg="OK   00001_seed_data.sql (3.77ms)"
time=2025-05-31T10:48:06.238-07:00 level=INFO msg="goose: up to current file version: 1"
time=2025-05-31T10:48:06.238-07:00 level=INFO msg="user 501 group 20"

   ____    __
  / __/___/ /  ___
 / _// __/ _ \/ _ \
/___/\__/_//_/\___/ v4.12.0
High performance, minimalist Go web framework
https://echo.labstack.com
____________________________________O/_______
                                    O\
⇨ http server started on [::]:15376
time=2025-05-31T10:48:06.270-07:00 level=INFO msg="lemon squid alphabet abcdefghijklmnopqrstuvwxyz0123456789"
time=2025-05-31T10:48:06.273-07:00 level=INFO msg="lemon squid sid 52up"
::1 -  [] "GET / HTTP/1.1" 307 0 "" "Go-http-client/1.1"
time=2025-05-31T10:48:07.426-07:00 level=INFO msg="No settings found for account 1, defaulting to disabled"
time=2025-05-31T10:48:07.426-07:00 level=INFO msg="Warning: Error getting account settings for account 1 in themeMiddleware: sql: no rows in result set. Using default theme."
time=2025-05-31T10:48:07.427-07:00 level=INFO msg=redirIfAuthd
time=2025-05-31T10:48:07.429-07:00 level=INFO msg="lemon squid alphabet abcdefghijklmnopqrstuvwxyz0123456789"
time=2025-05-31T10:48:07.432-07:00 level=INFO msg="lemon squid sid 52up"
time=2025-05-31T10:48:07.435-07:00 level=INFO msg="No account settings found for account_id 1, defaulting registration to disabled."
time=2025-05-31T10:48:07.435-07:00 level=INFO msg="Invalid 'partial' query param value received: \"\". Defaulting to 'false'."
::1 -  [] "GET /lemc/login?account=Account+Alpha&squid=52up HTTP/1.1" 200 34909 "" "Mozilla/5.0 (Macintosh; Intel Mac OS X 10_15_7) AppleWebKit/537.36 (KHTML, like Gecko) HeadlessChrome/136.0.0.0 Safari/537.36"
::1 -  [] "GET /themes/default/public/css/compiled.css?v=ts HTTP/1.1" 200 121051 "http://localhost:15376/lemc/login?account=Account+Alpha&squid=52up" "Mozilla/5.0 (Macintosh; Intel Mac OS X 10_15_7) AppleWebKit/537.36 (KHTML, like Gecko) HeadlessChrome/136.0.0.0 Safari/537.36"
::1 -  [] "GET /themes/default/public/imgs/bg-nav.svg HTTP/1.1" 200 114734 "http://localhost:15376/themes/default/public/css/compiled.css?v=ts" "Mozilla/5.0 (Macintosh; Intel Mac OS X 10_15_7) AppleWebKit/537.36 (KHTML, like Gecko) HeadlessChrome/136.0.0.0 Safari/537.36"
::1 -  [] "GET /themes/default/public/imgs/logo-normal.png HTTP/1.1" 200 250557 "http://localhost:15376/themes/default/public/css/compiled.css?v=ts" "Mozilla/5.0 (Macintosh; Intel Mac OS X 10_15_7) AppleWebKit/537.36 (KHTML, like Gecko) HeadlessChrome/136.0.0.0 Safari/537.36"
::1 -  [] "GET /themes/default/public/imgs/bg.png HTTP/1.1" 200 1608387 "http://localhost:15376/themes/default/public/css/compiled.css?v=ts" "Mozilla/5.0 (Macintosh; Intel Mac OS X 10_15_7) AppleWebKit/537.36 (KHTML, like Gecko) HeadlessChrome/136.0.0.0 Safari/537.36"
::1 -  [] "GET /themes/default/public/imgs/32x32.ico?v=ts HTTP/1.1" 200 4286 "http://localhost:15376/lemc/login?account=Account+Alpha&squid=52up" "Mozilla/5.0 (Macintosh; Intel Mac OS X 10_15_7) AppleWebKit/537.36 (KHTML, like Gecko) HeadlessChrome/136.0.0.0 Safari/537.36"
time=2025-05-31T10:48:08.520-07:00 level=INFO msg="No settings found for account 1, defaulting to disabled"
time=2025-05-31T10:48:08.520-07:00 level=INFO msg="Warning: Error getting account settings for account 1 in themeMiddleware: sql: no rows in result set. Using default theme."
time=2025-05-31T10:48:08.772-07:00 level=INFO msg="lemon squid alphabet abcdefghijklmnopqrstuvwxyz0123456789"
time=2025-05-31T10:48:08.774-07:00 level=INFO msg="lemon squid sid 52up"
time=2025-05-31T10:48:08.776-07:00 level=INFO msg="No account settings found for account_id 1, defaulting registration to disabled."
time=2025-05-31T10:48:08.777-07:00 level=INFO msg="lemon squid alphabet abcdefghijklmnopqrstuvwxyz0123456789"
time=2025-05-31T10:48:08.779-07:00 level=INFO msg="lemon squid sid 52up"
::1 -  [] "POST /lemc/login?squid=52up&account=Account%20Alpha HTTP/1.1" 200 17018 "http://localhost:15376/lemc/login?account=Account+Alpha&squid=52up" "Mozilla/5.0 (Macintosh; Intel Mac OS X 10_15_7) AppleWebKit/537.36 (KHTML, like Gecko) HeadlessChrome/136.0.0.0 Safari/537.36"
time=2025-05-31T10:48:08.794-07:00 level=INFO msg="No settings found for account 1, defaulting to disabled"
time=2025-05-31T10:48:08.794-07:00 level=INFO msg="Warning: Error getting account settings for account 1 in themeMiddleware: sql: no rows in result set. Using default theme."
time=2025-05-31T10:48:08.796-07:00 level=INFO msg="No settings found for account 1, defaulting to disabled"
time=2025-05-31T10:48:08.796-07:00 level=INFO msg="Warning: Error getting account settings for account 1 in themeMiddleware: sql: no rows in result set. Using default theme."
time=2025-05-31T10:48:08.796-07:00 level=INFO msg="User 1 (Account 1) attempting action requiring ONE OF permissions: [view_app] on path /lemc/app/thumbnail/download/:uuid"
time=2025-05-31T10:48:08.796-07:00 level=INFO msg="No settings found for account 1, defaulting to disabled"
time=2025-05-31T10:48:08.796-07:00 level=INFO msg="Warning: Error getting account settings for account 1 in themeMiddleware: sql: no rows in result set. Using default theme."
time=2025-05-31T10:48:08.797-07:00 level=INFO msg="Permission GRANTED for user 1 (Account 1) via permission 'view_app' (required one of: [view_app]) on path /lemc/app/thumbnail/download/:uuid"
time=2025-05-31T10:48:08.797-07:00 level=INFO msg="Attempting to fetch thumbnail for app UUID: ff801ad533886ab88a360cbf5339ef70, Account ID: 1"
time=2025-05-31T10:48:08.797-07:00 level=INFO msg="User 1 (Account 1) attempting action requiring ONE OF permissions: [view_app] on path /lemc/app/thumbnail/download/:uuid"
time=2025-05-31T10:48:08.797-07:00 level=INFO msg="Thumbnail data is empty in app YAML (AppID: 13). Serving default thumbnail."
time=2025-05-31T10:48:08.797-07:00 level=INFO msg="Permission GRANTED for user 1 (Account 1) via permission 'view_app' (required one of: [view_app]) on path /lemc/app/thumbnail/download/:uuid"
time=2025-05-31T10:48:08.797-07:00 level=INFO msg="Attempting to fetch thumbnail for app UUID: 46061835a056946235aa7f481818a1c1, Account ID: 1"
time=2025-05-31T10:48:08.797-07:00 level=INFO msg="Thumbnail data is empty in app YAML (AppID: 1). Serving default thumbnail."
::1 -  [] "GET /lemc/app/thumbnail/download/ff801ad533886ab88a360cbf5339ef70 HTTP/1.1" 200 178135 "http://localhost:15376/lemc/apps" "Mozilla/5.0 (Macintosh; Intel Mac OS X 10_15_7) AppleWebKit/537.36 (KHTML, like Gecko) HeadlessChrome/136.0.0.0 Safari/537.36"
::1 -  [] "GET /lemc/app/thumbnail/download/46061835a056946235aa7f481818a1c1 HTTP/1.1" 200 178135 "http://localhost:15376/lemc/apps" "Mozilla/5.0 (Macintosh; Intel Mac OS X 10_15_7) AppleWebKit/537.36 (KHTML, like Gecko) HeadlessChrome/136.0.0.0 Safari/537.36"
time=2025-05-31T10:48:08.798-07:00 level=INFO msg="No settings found for account 1, defaulting to disabled"
time=2025-05-31T10:48:08.798-07:00 level=INFO msg="Warning: Error getting account settings for account 1 in themeMiddleware: sql: no rows in result set. Using default theme."
time=2025-05-31T10:48:08.798-07:00 level=INFO msg="GetNavtop: Handler called"
time=2025-05-31T10:48:08.801-07:00 level=INFO msg="No settings found for account 1, defaulting to disabled"
time=2025-05-31T10:48:08.801-07:00 level=INFO msg="Warning: Error getting account settings for account 1 in themeMiddleware: sql: no rows in result set. Using default theme."
time=2025-05-31T10:48:08.802-07:00 level=INFO msg="No settings found for account 1, defaulting to disabled"
time=2025-05-31T10:48:08.802-07:00 level=INFO msg="Warning: Error getting account settings for account 1 in themeMiddleware: sql: no rows in result set. Using default theme."
time=2025-05-31T10:48:08.802-07:00 level=INFO msg="No settings found for account 1, defaulting to disabled"
time=2025-05-31T10:48:08.802-07:00 level=INFO msg="Warning: Error getting account settings for account 1 in themeMiddleware: sql: no rows in result set. Using default theme."
time=2025-05-31T10:48:08.802-07:00 level=INFO msg="User 1 (Account 1) attempting action requiring ONE OF permissions: [view_app] on path /lemc/app/thumbnail/download/:uuid"
time=2025-05-31T10:48:08.802-07:00 level=INFO msg="Permission GRANTED for user 1 (Account 1) via permission 'view_app' (required one of: [view_app]) on path /lemc/app/thumbnail/download/:uuid"
time=2025-05-31T10:48:08.802-07:00 level=INFO msg="Attempting to fetch thumbnail for app UUID: 0ac83e433ca2bc08eb39e9636838a147, Account ID: 1"
time=2025-05-31T10:48:08.802-07:00 level=INFO msg="User 1 (Account 1) attempting action requiring ONE OF permissions: [view_app] on path /lemc/app/thumbnail/download/:uuid"
time=2025-05-31T10:48:08.802-07:00 level=INFO msg="Thumbnail data is empty in app YAML (AppID: 16). Serving default thumbnail."
time=2025-05-31T10:48:08.802-07:00 level=INFO msg="Permission GRANTED for user 1 (Account 1) via permission 'view_app' (required one of: [view_app]) on path /lemc/app/thumbnail/download/:uuid"
time=2025-05-31T10:48:08.802-07:00 level=INFO msg="Attempting to fetch thumbnail for app UUID: a939b8d83ac9b894172c5345369c7269, Account ID: 1"
::1 -  [] "GET /lemc/app/thumbnail/download/0ac83e433ca2bc08eb39e9636838a147 HTTP/1.1" 200 178135 "http://localhost:15376/lemc/apps" "Mozilla/5.0 (Macintosh; Intel Mac OS X 10_15_7) AppleWebKit/537.36 (KHTML, like Gecko) HeadlessChrome/136.0.0.0 Safari/537.36"
time=2025-05-31T10:48:08.803-07:00 level=INFO msg="User 1 (Account 1) attempting action requiring ONE OF permissions: [view_app] on path /lemc/app/thumbnail/download/:uuid"
time=2025-05-31T10:48:08.803-07:00 level=INFO msg="Thumbnail data is empty in app YAML (AppID: 3). Serving default thumbnail."
time=2025-05-31T10:48:08.803-07:00 level=INFO msg="Permission GRANTED for user 1 (Account 1) via permission 'view_app' (required one of: [view_app]) on path /lemc/app/thumbnail/download/:uuid"
time=2025-05-31T10:48:08.803-07:00 level=INFO msg="Attempting to fetch thumbnail for app UUID: 74b4087fec4cfd59b1ec3ec9778f334f, Account ID: 1"
::1 -  [] "GET /lemc/app/thumbnail/download/a939b8d83ac9b894172c5345369c7269 HTTP/1.1" 200 178135 "http://localhost:15376/lemc/apps" "Mozilla/5.0 (Macintosh; Intel Mac OS X 10_15_7) AppleWebKit/537.36 (KHTML, like Gecko) HeadlessChrome/136.0.0.0 Safari/537.36"
time=2025-05-31T10:48:08.803-07:00 level=INFO msg="lemon squid alphabet abcdefghijklmnopqrstuvwxyz0123456789"
time=2025-05-31T10:48:08.803-07:00 level=INFO msg="No settings found for account 1, defaulting to disabled"
time=2025-05-31T10:48:08.803-07:00 level=INFO msg="Warning: Error getting account settings for account 1 in themeMiddleware: sql: no rows in result set. Using default theme."
time=2025-05-31T10:48:08.803-07:00 level=INFO msg="Thumbnail data is empty in app YAML (AppID: 6). Serving default thumbnail."
time=2025-05-31T10:48:08.803-07:00 level=INFO msg="No settings found for account 1, defaulting to disabled"
time=2025-05-31T10:48:08.803-07:00 level=INFO msg="Warning: Error getting account settings for account 1 in themeMiddleware: sql: no rows in result set. Using default theme."
::1 -  [] "GET /lemc/app/thumbnail/download/74b4087fec4cfd59b1ec3ec9778f334f HTTP/1.1" 200 178135 "http://localhost:15376/lemc/apps" "Mozilla/5.0 (Macintosh; Intel Mac OS X 10_15_7) AppleWebKit/537.36 (KHTML, like Gecko) HeadlessChrome/136.0.0.0 Safari/537.36"
time=2025-05-31T10:48:08.804-07:00 level=INFO msg="User 1 (Account 1) attempting action requiring ONE OF permissions: [view_app] on path /lemc/app/thumbnail/download/:uuid"
time=2025-05-31T10:48:08.804-07:00 level=INFO msg="Permission GRANTED for user 1 (Account 1) via permission 'view_app' (required one of: [view_app]) on path /lemc/app/thumbnail/download/:uuid"
time=2025-05-31T10:48:08.804-07:00 level=INFO msg="Attempting to fetch thumbnail for app UUID: b9078a4b2f46a591a764ce74e52123da, Account ID: 1"
time=2025-05-31T10:48:08.805-07:00 level=INFO msg="User 1 (Account 1) attempting action requiring ONE OF permissions: [view_app] on path /lemc/app/thumbnail/download/:uuid"
time=2025-05-31T10:48:08.805-07:00 level=INFO msg="Thumbnail data is empty in app YAML (AppID: 14). Serving default thumbnail."
time=2025-05-31T10:48:08.805-07:00 level=INFO msg="Permission GRANTED for user 1 (Account 1) via permission 'view_app' (required one of: [view_app]) on path /lemc/app/thumbnail/download/:uuid"
time=2025-05-31T10:48:08.805-07:00 level=INFO msg="Attempting to fetch thumbnail for app UUID: e9599d076a06b6f5d58009c0bdc9b9ae, Account ID: 1"
::1 -  [] "GET /lemc/app/thumbnail/download/b9078a4b2f46a591a764ce74e52123da HTTP/1.1" 200 178135 "http://localhost:15376/lemc/apps" "Mozilla/5.0 (Macintosh; Intel Mac OS X 10_15_7) AppleWebKit/537.36 (KHTML, like Gecko) HeadlessChrome/136.0.0.0 Safari/537.36"
time=2025-05-31T10:48:08.805-07:00 level=INFO msg="Thumbnail data is empty in app YAML (AppID: 15). Serving default thumbnail."
::1 -  [] "GET /lemc/app/thumbnail/download/e9599d076a06b6f5d58009c0bdc9b9ae HTTP/1.1" 200 178135 "http://localhost:15376/lemc/apps" "Mozilla/5.0 (Macintosh; Intel Mac OS X 10_15_7) AppleWebKit/537.36 (KHTML, like Gecko) HeadlessChrome/136.0.0.0 Safari/537.36"
time=2025-05-31T10:48:08.809-07:00 level=INFO msg="No settings found for account 1, defaulting to disabled"
time=2025-05-31T10:48:08.809-07:00 level=INFO msg="Warning: Error getting account settings for account 1 in themeMiddleware: sql: no rows in result set. Using default theme."
time=2025-05-31T10:48:08.809-07:00 level=INFO msg="No settings found for account 1, defaulting to disabled"
time=2025-05-31T10:48:08.809-07:00 level=INFO msg="Warning: Error getting account settings for account 1 in themeMiddleware: sql: no rows in result set. Using default theme."
time=2025-05-31T10:48:08.809-07:00 level=INFO msg="No settings found for account 1, defaulting to disabled"
time=2025-05-31T10:48:08.810-07:00 level=INFO msg="Warning: Error getting account settings for account 1 in themeMiddleware: sql: no rows in result set. Using default theme."
time=2025-05-31T10:48:08.810-07:00 level=INFO msg="User 1 (Account 1) attempting action requiring ONE OF permissions: [view_app] on path /lemc/app/thumbnail/download/:uuid"
time=2025-05-31T10:48:08.810-07:00 level=INFO msg="lemon squid sid 52up"
time=2025-05-31T10:48:08.810-07:00 level=INFO msg="GetNavtop: section='apps', subnav=''"
time=2025-05-31T10:48:08.810-07:00 level=INFO msg="GetNavtop: Final section='apps', subnav=''"
time=2025-05-31T10:48:08.810-07:00 level=INFO msg="Permission GRANTED for user 1 (Account 1) via permission 'view_app' (required one of: [view_app]) on path /lemc/app/thumbnail/download/:uuid"
time=2025-05-31T10:48:08.810-07:00 level=INFO msg="Attempting to fetch thumbnail for app UUID: c69be38cf324df33c2b8294068b01f6f, Account ID: 1"
time=2025-05-31T10:48:08.810-07:00 level=INFO msg="Thumbnail data is empty in app YAML (AppID: 7). Serving default thumbnail."
time=2025-05-31T10:48:08.810-07:00 level=INFO msg="User 1 (Account 1) attempting action requiring ONE OF permissions: [view_app] on path /lemc/app/thumbnail/download/:uuid"
::1 -  [] "GET /lemc/app/thumbnail/download/c69be38cf324df33c2b8294068b01f6f HTTP/1.1" 200 178135 "http://localhost:15376/lemc/apps" "Mozilla/5.0 (Macintosh; Intel Mac OS X 10_15_7) AppleWebKit/537.36 (KHTML, like Gecko) HeadlessChrome/136.0.0.0 Safari/537.36"
time=2025-05-31T10:48:08.810-07:00 level=INFO msg="Permission GRANTED for user 1 (Account 1) via permission 'view_app' (required one of: [view_app]) on path /lemc/app/thumbnail/download/:uuid"
time=2025-05-31T10:48:08.810-07:00 level=INFO msg="Attempting to fetch thumbnail for app UUID: 71bd60dc7f93f61fda22af81d171a125, Account ID: 1"
time=2025-05-31T10:48:08.811-07:00 level=INFO msg="Thumbnail data is empty in app YAML (AppID: 9). Serving default thumbnail."
time=2025-05-31T10:48:08.811-07:00 level=INFO msg="User 1 (Account 1) attempting action requiring ONE OF permissions: [view_app] on path /lemc/app/thumbnail/download/:uuid"
::1 -  [] "GET /lemc/app/thumbnail/download/71bd60dc7f93f61fda22af81d171a125 HTTP/1.1" 200 178135 "http://localhost:15376/lemc/apps" "Mozilla/5.0 (Macintosh; Intel Mac OS X 10_15_7) AppleWebKit/537.36 (KHTML, like Gecko) HeadlessChrome/136.0.0.0 Safari/537.36"
time=2025-05-31T10:48:08.811-07:00 level=INFO msg="Permission GRANTED for user 1 (Account 1) via permission 'view_app' (required one of: [view_app]) on path /lemc/app/thumbnail/download/:uuid"
time=2025-05-31T10:48:08.811-07:00 level=INFO msg="Attempting to fetch thumbnail for app UUID: 01de7aec585c20c8dc00b6c38b3c3604, Account ID: 1"
time=2025-05-31T10:48:08.811-07:00 level=INFO msg="Thumbnail data is empty in app YAML (AppID: 8). Serving default thumbnail."
::1 -  [] "GET /lemc/app/thumbnail/download/01de7aec585c20c8dc00b6c38b3c3604 HTTP/1.1" 200 178135 "http://localhost:15376/lemc/apps" "Mozilla/5.0 (Macintosh; Intel Mac OS X 10_15_7) AppleWebKit/537.36 (KHTML, like Gecko) HeadlessChrome/136.0.0.0 Safari/537.36"
time=2025-05-31T10:48:08.815-07:00 level=INFO msg="No account settings found for account_id 1, defaulting registration to disabled."
::1 -  [] "GET /navtop?squid=52up&account=Account%20Alpha&section=apps&subnav= HTTP/1.1" 200 9542 "http://localhost:15376/lemc/apps" "Mozilla/5.0 (Macintosh; Intel Mac OS X 10_15_7) AppleWebKit/537.36 (KHTML, like Gecko) HeadlessChrome/136.0.0.0 Safari/537.36"
time=2025-05-31T10:48:11.599-07:00 level=INFO msg="No settings found for account 1, defaulting to disabled"
time=2025-05-31T10:48:11.599-07:00 level=INFO msg="Warning: Error getting account settings for account 1 in themeMiddleware: sql: no rows in result set. Using default theme."
time=2025-05-31T10:48:11.600-07:00 level=INFO msg="User 1 (Account 1) attempting action requiring ONE OF permissions: [view_cookbook, admin_account, admin_system] on path /lemc/cookbooks"
time=2025-05-31T10:48:11.600-07:00 level=INFO msg="Permission GRANTED for user 1 (Account 1) via permission 'view_cookbook' (required one of: [view_cookbook, admin_account, admin_system]) on path /lemc/cookbooks"
time=2025-05-31T10:48:11.600-07:00 level=INFO msg="lemon squid alphabet abcdefghijklmnopqrstuvwxyz0123456789"
time=2025-05-31T10:48:11.603-07:00 level=INFO msg="lemon squid sid 52up"
time=2025-05-31T10:48:11.605-07:00 level=INFO msg="No account settings found for account_id 1, defaulting registration to disabled."
::1 -  [] "GET /lemc/cookbooks HTTP/1.1" 200 55713 "" "Mozilla/5.0 (Macintosh; Intel Mac OS X 10_15_7) AppleWebKit/537.36 (KHTML, like Gecko) HeadlessChrome/136.0.0.0 Safari/537.36"
time=2025-05-31T10:48:11.612-07:00 level=INFO msg="No settings found for account 1, defaulting to disabled"
time=2025-05-31T10:48:11.612-07:00 level=INFO msg="Warning: Error getting account settings for account 1 in themeMiddleware: sql: no rows in result set. Using default theme."
time=2025-05-31T10:48:11.612-07:00 level=INFO msg="No settings found for account 1, defaulting to disabled"
time=2025-05-31T10:48:11.612-07:00 level=INFO msg="Warning: Error getting account settings for account 1 in themeMiddleware: sql: no rows in result set. Using default theme."
time=2025-05-31T10:48:11.612-07:00 level=INFO msg="No settings found for account 1, defaulting to disabled"
time=2025-05-31T10:48:11.612-07:00 level=INFO msg="Warning: Error getting account settings for account 1 in themeMiddleware: sql: no rows in result set. Using default theme."
time=2025-05-31T10:48:11.613-07:00 level=INFO msg="User 1 (Account 1) attempting action requiring ONE OF permissions: [view_cookbook, admin_account] on path /lemc/cookbook/thumbnail/download/:uuid"
time=2025-05-31T10:48:11.613-07:00 level=INFO msg="Permission GRANTED for user 1 (Account 1) via permission 'view_cookbook' (required one of: [view_cookbook, admin_account]) on path /lemc/cookbook/thumbnail/download/:uuid"
time=2025-05-31T10:48:11.613-07:00 level=INFO msg="User 1 (Account 1) attempting action requiring ONE OF permissions: [view_cookbook, admin_account] on path /lemc/cookbook/thumbnail/download/:uuid"
time=2025-05-31T10:48:11.613-07:00 level=INFO msg="Permission GRANTED for user 1 (Account 1) via permission 'view_cookbook' (required one of: [view_cookbook, admin_account]) on path /lemc/cookbook/thumbnail/download/:uuid"
::1 -  [] "GET /lemc/cookbook/thumbnail/download/5947f3a0231b43048e7e8c99d078f37c?ts=0000000000 HTTP/1.1" 200 178135 "http://localhost:15376/lemc/cookbooks" "Mozilla/5.0 (Macintosh; Intel Mac OS X 10_15_7) AppleWebKit/537.36 (KHTML, like Gecko) HeadlessChrome/136.0.0.0 Safari/537.36"
::1 -  [] "GET /themes/default/public/css/compiled.css?v=ts HTTP/1.1" 304 0 "http://localhost:15376/lemc/cookbooks" "Mozilla/5.0 (Macintosh; Intel Mac OS X 10_15_7) AppleWebKit/537.36 (KHTML, like Gecko) HeadlessChrome/136.0.0.0 Safari/537.36"
::1 -  [] "GET /lemc/cookbook/thumbnail/download/c52ba38580264e431678c6500bb3f5ed?ts=0000000000 HTTP/1.1" 200 178135 "http://localhost:15376/lemc/cookbooks" "Mozilla/5.0 (Macintosh; Intel Mac OS X 10_15_7) AppleWebKit/537.36 (KHTML, like Gecko) HeadlessChrome/136.0.0.0 Safari/537.36"
time=2025-05-31T10:48:11.618-07:00 level=INFO msg="No settings found for account 1, defaulting to disabled"
time=2025-05-31T10:48:11.618-07:00 level=INFO msg="Warning: Error getting account settings for account 1 in themeMiddleware: sql: no rows in result set. Using default theme."
time=2025-05-31T10:48:11.619-07:00 level=INFO msg="User 1 (Account 1) attempting action requiring ONE OF permissions: [view_cookbook, admin_account] on path /lemc/cookbook/thumbnail/download/:uuid"
time=2025-05-31T10:48:11.619-07:00 level=INFO msg="Permission GRANTED for user 1 (Account 1) via permission 'view_cookbook' (required one of: [view_cookbook, admin_account]) on path /lemc/cookbook/thumbnail/download/:uuid"
time=2025-05-31T10:48:11.619-07:00 level=INFO msg="No settings found for account 1, defaulting to disabled"
time=2025-05-31T10:48:11.619-07:00 level=INFO msg="Warning: Error getting account settings for account 1 in themeMiddleware: sql: no rows in result set. Using default theme."
::1 -  [] "GET /lemc/cookbook/thumbnail/download/053cb84c4e00a3eb14e43851f20e28ff?ts=0000000000 HTTP/1.1" 200 178135 "http://localhost:15376/lemc/cookbooks" "Mozilla/5.0 (Macintosh; Intel Mac OS X 10_15_7) AppleWebKit/537.36 (KHTML, like Gecko) HeadlessChrome/136.0.0.0 Safari/537.36"
time=2025-05-31T10:48:11.620-07:00 level=INFO msg="User 1 (Account 1) attempting action requiring ONE OF permissions: [view_cookbook, admin_account] on path /lemc/cookbook/thumbnail/download/:uuid"
time=2025-05-31T10:48:11.620-07:00 level=INFO msg="Permission GRANTED for user 1 (Account 1) via permission 'view_cookbook' (required one of: [view_cookbook, admin_account]) on path /lemc/cookbook/thumbnail/download/:uuid"
::1 -  [] "GET /lemc/cookbook/thumbnail/download/cfe4fb6e91bfa7bb534b3d89dc161640?ts=0000000000 HTTP/1.1" 200 178135 "http://localhost:15376/lemc/cookbooks" "Mozilla/5.0 (Macintosh; Intel Mac OS X 10_15_7) AppleWebKit/537.36 (KHTML, like Gecko) HeadlessChrome/136.0.0.0 Safari/537.36"
time=2025-05-31T10:48:11.623-07:00 level=INFO msg="No settings found for account 1, defaulting to disabled"
time=2025-05-31T10:48:11.623-07:00 level=INFO msg="Warning: Error getting account settings for account 1 in themeMiddleware: sql: no rows in result set. Using default theme."
time=2025-05-31T10:48:11.623-07:00 level=INFO msg="No settings found for account 1, defaulting to disabled"
time=2025-05-31T10:48:11.623-07:00 level=INFO msg="Warning: Error getting account settings for account 1 in themeMiddleware: sql: no rows in result set. Using default theme."
time=2025-05-31T10:48:11.623-07:00 level=INFO msg="No settings found for account 1, defaulting to disabled"
time=2025-05-31T10:48:11.623-07:00 level=INFO msg="Warning: Error getting account settings for account 1 in themeMiddleware: sql: no rows in result set. Using default theme."
time=2025-05-31T10:48:11.624-07:00 level=INFO msg="No settings found for account 1, defaulting to disabled"
time=2025-05-31T10:48:11.624-07:00 level=INFO msg="Warning: Error getting account settings for account 1 in themeMiddleware: sql: no rows in result set. Using default theme."
time=2025-05-31T10:48:11.624-07:00 level=INFO msg="User 1 (Account 1) attempting action requiring ONE OF permissions: [view_cookbook, admin_account] on path /lemc/cookbook/thumbnail/download/:uuid"
time=2025-05-31T10:48:11.624-07:00 level=INFO msg="Permission GRANTED for user 1 (Account 1) via permission 'view_cookbook' (required one of: [view_cookbook, admin_account]) on path /lemc/cookbook/thumbnail/download/:uuid"
time=2025-05-31T10:48:11.624-07:00 level=INFO msg="User 1 (Account 1) attempting action requiring ONE OF permissions: [view_cookbook, admin_account] on path /lemc/cookbook/thumbnail/download/:uuid"
time=2025-05-31T10:48:11.624-07:00 level=INFO msg="Permission GRANTED for user 1 (Account 1) via permission 'view_cookbook' (required one of: [view_cookbook, admin_account]) on path /lemc/cookbook/thumbnail/download/:uuid"
::1 -  [] "GET /lemc/cookbook/thumbnail/download/333509406ecd8fd60ebd19172dd4f8e7?ts=0000000000 HTTP/1.1" 200 178135 "http://localhost:15376/lemc/cookbooks" "Mozilla/5.0 (Macintosh; Intel Mac OS X 10_15_7) AppleWebKit/537.36 (KHTML, like Gecko) HeadlessChrome/136.0.0.0 Safari/537.36"
time=2025-05-31T10:48:11.624-07:00 level=INFO msg="User 1 (Account 1) attempting action requiring ONE OF permissions: [view_cookbook, admin_account] on path /lemc/cookbook/thumbnail/download/:uuid"
::1 -  [] "GET /lemc/cookbook/thumbnail/download/8064c8d5fe29dec9540ff8291d141c1e?ts=0000000000 HTTP/1.1" 200 178135 "http://localhost:15376/lemc/cookbooks" "Mozilla/5.0 (Macintosh; Intel Mac OS X 10_15_7) AppleWebKit/537.36 (KHTML, like Gecko) HeadlessChrome/136.0.0.0 Safari/537.36"
time=2025-05-31T10:48:11.624-07:00 level=INFO msg="Permission GRANTED for user 1 (Account 1) via permission 'view_cookbook' (required one of: [view_cookbook, admin_account]) on path /lemc/cookbook/thumbnail/download/:uuid"
time=2025-05-31T10:48:11.624-07:00 level=INFO msg="User 1 (Account 1) attempting action requiring ONE OF permissions: [view_cookbook, admin_account] on path /lemc/cookbook/thumbnail/download/:uuid"
time=2025-05-31T10:48:11.625-07:00 level=INFO msg="Permission GRANTED for user 1 (Account 1) via permission 'view_cookbook' (required one of: [view_cookbook, admin_account]) on path /lemc/cookbook/thumbnail/download/:uuid"
::1 -  [] "GET /lemc/cookbook/thumbnail/download/5d5ba87d3b8c3e9e7cc9761dca463892?ts=0000000000 HTTP/1.1" 200 178135 "http://localhost:15376/lemc/cookbooks" "Mozilla/5.0 (Macintosh; Intel Mac OS X 10_15_7) AppleWebKit/537.36 (KHTML, like Gecko) HeadlessChrome/136.0.0.0 Safari/537.36"
::1 -  [] "GET /lemc/cookbook/thumbnail/download/ce8c458393157391c5a6109277970eee?ts=0000000000 HTTP/1.1" 200 178135 "http://localhost:15376/lemc/cookbooks" "Mozilla/5.0 (Macintosh; Intel Mac OS X 10_15_7) AppleWebKit/537.36 (KHTML, like Gecko) HeadlessChrome/136.0.0.0 Safari/537.36"
time=2025-05-31T10:48:11.627-07:00 level=INFO msg="No settings found for account 1, defaulting to disabled"
time=2025-05-31T10:48:11.627-07:00 level=INFO msg="Warning: Error getting account settings for account 1 in themeMiddleware: sql: no rows in result set. Using default theme."
time=2025-05-31T10:48:11.628-07:00 level=INFO msg="No settings found for account 1, defaulting to disabled"
time=2025-05-31T10:48:11.628-07:00 level=INFO msg="Warning: Error getting account settings for account 1 in themeMiddleware: sql: no rows in result set. Using default theme."
time=2025-05-31T10:48:11.628-07:00 level=INFO msg="User 1 (Account 1) attempting action requiring ONE OF permissions: [view_cookbook, admin_account] on path /lemc/cookbook/thumbnail/download/:uuid"
time=2025-05-31T10:48:11.628-07:00 level=INFO msg="Permission GRANTED for user 1 (Account 1) via permission 'view_cookbook' (required one of: [view_cookbook, admin_account]) on path /lemc/cookbook/thumbnail/download/:uuid"
time=2025-05-31T10:48:11.628-07:00 level=INFO msg="User 1 (Account 1) attempting action requiring ONE OF permissions: [view_cookbook, admin_account] on path /lemc/cookbook/thumbnail/download/:uuid"
time=2025-05-31T10:48:11.629-07:00 level=INFO msg="Permission GRANTED for user 1 (Account 1) via permission 'view_cookbook' (required one of: [view_cookbook, admin_account]) on path /lemc/cookbook/thumbnail/download/:uuid"
::1 -  [] "GET /lemc/cookbook/thumbnail/download/1a41c7c346a5da076c42ff45f4a9375a?ts=0000000000 HTTP/1.1" 200 178135 "http://localhost:15376/lemc/cookbooks" "Mozilla/5.0 (Macintosh; Intel Mac OS X 10_15_7) AppleWebKit/537.36 (KHTML, like Gecko) HeadlessChrome/136.0.0.0 Safari/537.36"
time=2025-05-31T10:48:11.629-07:00 level=INFO msg="No settings found for account 1, defaulting to disabled"
time=2025-05-31T10:48:11.629-07:00 level=INFO msg="Warning: Error getting account settings for account 1 in themeMiddleware: sql: no rows in result set. Using default theme."
::1 -  [] "GET /lemc/cookbook/thumbnail/download/5f75a3cf344856d0db1c083ad966def6?ts=0000000000 HTTP/1.1" 200 178135 "http://localhost:15376/lemc/cookbooks" "Mozilla/5.0 (Macintosh; Intel Mac OS X 10_15_7) AppleWebKit/537.36 (KHTML, like Gecko) HeadlessChrome/136.0.0.0 Safari/537.36"
time=2025-05-31T10:48:11.629-07:00 level=INFO msg="Creating websocket client for user 1"
::1 -  [] "GET /ws HTTP/1.1" 200 0 "" "Mozilla/5.0 (Macintosh; Intel Mac OS X 10_15_7) AppleWebKit/537.36 (KHTML, like Gecko) HeadlessChrome/136.0.0.0 Safari/537.36"
time=2025-05-31T10:48:11.633-07:00 level=INFO msg="No settings found for account 1, defaulting to disabled"
time=2025-05-31T10:48:11.633-07:00 level=INFO msg="Warning: Error getting account settings for account 1 in themeMiddleware: sql: no rows in result set. Using default theme."
time=2025-05-31T10:48:11.633-07:00 level=INFO msg="No settings found for account 1, defaulting to disabled"
time=2025-05-31T10:48:11.633-07:00 level=INFO msg="Warning: Error getting account settings for account 1 in themeMiddleware: sql: no rows in result set. Using default theme."
::1 -  [] "GET /themes/default/public/imgs/bg-nav.svg HTTP/1.1" 304 0 "http://localhost:15376/themes/default/public/css/compiled.css?v=ts" "Mozilla/5.0 (Macintosh; Intel Mac OS X 10_15_7) AppleWebKit/537.36 (KHTML, like Gecko) HeadlessChrome/136.0.0.0 Safari/537.36"
::1 -  [] "GET /themes/default/public/imgs/logo-normal.png HTTP/1.1" 304 0 "http://localhost:15376/themes/default/public/css/compiled.css?v=ts" "Mozilla/5.0 (Macintosh; Intel Mac OS X 10_15_7) AppleWebKit/537.36 (KHTML, like Gecko) HeadlessChrome/136.0.0.0 Safari/537.36"
time=2025-05-31T10:48:11.635-07:00 level=INFO msg="No settings found for account 1, defaulting to disabled"
time=2025-05-31T10:48:11.635-07:00 level=INFO msg="Warning: Error getting account settings for account 1 in themeMiddleware: sql: no rows in result set. Using default theme."
::1 -  [] "GET /themes/default/public/imgs/bg.png HTTP/1.1" 304 0 "http://localhost:15376/themes/default/public/css/compiled.css?v=ts" "Mozilla/5.0 (Macintosh; Intel Mac OS X 10_15_7) AppleWebKit/537.36 (KHTML, like Gecko) HeadlessChrome/136.0.0.0 Safari/537.36"
    timeout.go:184: Test TestAppRefreshError: completed (failed=false)
    timeout.go:145: Test TestAppRefreshError: cleaning up (failed=false)
Test passed, cleaning up resources for instance x283yyb1
--- PASS: TestAppRefreshError (8.83s)
FAIL
2025/05/31 10:48:16 Integration test cleanup completed: 1
FAIL	github.com/jaredfolkins/letemcook/tests/integration	149.054s
FAIL
